******************************************************************************
               TMS320C6x Linker Unix v8.3.3                    
******************************************************************************
>> Linked Fri Oct  2 10:06:19 2020

OUTPUT FILE NAME:   <xwr18xx_mmw_aop_demo_dss.xe674>
ENTRY POINT SYMBOL: "_c_int00"  address: 007ff0c0


MEMORY CONFIGURATION

         name            origin    length      used     unused   attr    fill
----------------------  --------  ---------  --------  --------  ----  --------
PAGE 0:
  L2SRAM_UMAP1          007e0000   00020000  00020000  00000000  RWIX
  L2SRAM_UMAP0          00800000   00020000  0001f456  00000baa  RWIX
  L1PSRAM               00e00000   00004000  00000000  00004000  RWIX
  L1DSRAM               00f00000   00004000  00000000  00004000  RWIX
  L3SRAM                20000000   00100000  00100000  00000000  RWIX
  HWA_RAM               21030000   00010000  00000000  00010000  RWIX
  HSRAM                 21080000   00008000  00008000  00000000  RWIX

PAGE 1:
  L3SRAM                20000000   00100000  00000000  00100000  RWIX


SEGMENT ALLOCATION MAP

run origin  load origin   length   init length attrs members
----------  ----------- ---------- ----------- ----- -------
007e0000    007e0000    00025000   00025000    r-x
  007e0000    007e0000    00000200   00000200    r-x .vecs
  007e0200    007e0200    0001fe00   0001fe00    r-x .text.1
  00800000    00800000    00004520   00004520    r-x .text.2
  00804520    00804520    00000ae0   00000ae0    r-- .const.1
00805000    00805000    00014400   00000000    rw-
  00805000    00805000    0000c400   00000000    rw- .dpc_l2Heap
  00811400    00811400    00008000   00000000    rw- systemHeap
00819400    00819400    0000244a   0000244a    r--
  00819400    00819400    0000244a   0000244a    r-- .const.2
0081b84c    0081b84c    00000004   00000000    rw-
  0081b84c    0081b84c    00000004   00000000    rw- .bss
0081b850    0081b850    00002344   00000000    rw-
  0081b850    0081b850    00002344   00000000    rw- .far
0081db98    0081db98    000017f0   00000ecc    rw-
  0081db98    0081db98    00000ecc   00000ecc    rw- .fardata
  0081ea68    0081ea68    00000800   00000000    rw- .stack
  0081f268    0081f268    00000120   00000000    rw- .cio
0081f388    0081f388    000000cc   000000cc    r--
  0081f388    0081f388    000000cc   000000cc    r-- .switch
0081f454    0081f454    0000000c   0000000c    rw-
  0081f454    0081f454    0000000c   0000000c    rw- .neardata
20000000    20000000    00100000   00000000    rw-
  20000000    20000000    00100000   00000000    rw- .l3ram
21080000    21080000    00008000   00000000    rw-
  21080000    21080000    00008000   00000000    rw- .demoSharedMem


SECTION ALLOCATION MAP

 output                                  attributes/
section   page    origin      length       input sections
--------  ----  ----------  ----------   ----------------
xdc.meta   0    00000000    00000108     COPY SECTION
                  00000000    00000108     mmw_dss_pe674.oe674 (xdc.meta)

.vecs      0    007e0000    00000200     
                  007e0000    00000200     mmw_dss_pe674.oe674 (.vecs)

.bss       0    0081b84c    00000004     UNINITIALIZED
                  0081b84c    00000004     (.common:gObjDetObj)

.stack     0    0081ea68    00000800     UNINITIALIZED
                  0081ea68    00000008     boot.ae674 : boot.oe674 (.stack)
                  0081ea70    000007f8     --HOLE--

.neardata 
*          0    0081f454    0000000c     
                  0081f454    00000004     dss_main.oe674 (.neardata)
                  0081f458    00000004     libdpm_xwr18xx.ae674 : dpm_mailbox.oe674 (.neardata)
                  0081f45c    00000004     libedma_xwr18xx.ae674 : edma_low_level.oe674 (.neardata)

.cinit     0    00800000    00000000     UNINITIALIZED

.far       0    0081b850    00002344     UNINITIALIZED
                  0081b850    00001900     (.common:xdc_runtime_LoggerBuf_Instance_State_0_entryArr__A)
                  0081d150    000004d8     libedma_xwr18xx.ae674 : edma.oe674 (.far:EDMA_object)
                  0081d628    00000320     mmw_dss_pe674.oe674 (.far:taskStackSection)
                  0081d948    00000140     (.common:__TI_tmpnams)
                  0081da88    000000d8     (.common:gMmwDssMCB)
                  0081db60    00000018     (.common:resultBuffer)
                  0081db78    00000010     (.common:edmaDbg)
                  0081db88    00000008     (.common:parmbuf)
                  0081db90    00000004     (.common:ti_sysbios_knl_Task_Instance_State_0_hookEnv__A)

.text.1    0    007e0200    0001fe00     
                  007e0200    00000ba0     sysbios.ae674 : BIOS.obj (.text:xdc_runtime_System_doPrint__I)
                  007e0da0    00000b40     libdopplerproc_hwa_xwr18xx.ae674 : dopplerprochwa.oe674 (.text:DPU_DopplerProcHWA_config)
                  007e18e0    00000aa0     libhwa_xwr18xx.ae674 : hwa.oe674 (.text:HWA_configParamSet)
                  007e2380    000009e0     librangeproc_hwa_xwr18xx.ae674 : rangeprochwa.oe674 (.text:DPU_RangeProcHWA_process)
                  007e2d60    00000960     libaoa2dproc_hwa_xwr18xx.ae674 : aoa2dprochwa.oe674 (.text:AoAProcHWA_config_EDMA)
                  007e36c0    00000900                                    : aoa2dprochwa.oe674 (.text:AoAProcHWA_config_HWA)
                  007e3fc0    000008c0     objectdetection.oe674 (.text:DPC_ObjectDetection_ioctl)
                  007e4880    00000800     librangeproc_hwa_xwr18xx.ae674 : rangeprochwa.oe674 (.text:DPU_RangeProcHWA_config)
                  007e5080    000007a0     libaoa2dproc_hwa_xwr18xx.ae674 : aoa2dprochwa.oe674 (.text:DPU_AoAProcHWA_process)
                  007e5820    00000780     sysbios.ae674 : BIOS.obj (.text:ti_sysbios_family_c64p_Exception_handler__I)
                  007e5fa0    00000740     objectdetection.oe674 (.text:DPC_ObjDet_rangeBiasRxChPhaseMeasure)
                  007e66e0    000006a0     sysbios.ae674 : BIOS.obj (.text:ti_sysbios_knl_Semaphore_pend__E)
                  007e6d80    00000680                   : BIOS.obj (.text:ti_sysbios_heaps_HeapMem_allocUnprotected__E)
                  007e7400    00000660                   : BIOS.obj (.text:ti_sysbios_heaps_HeapMem_freeUnprotected__E)
                  007e7a60    00000600     rts6740_elf.lib : divd.c.obj (.text:__c6xabi_divd)
                  007e8060    00000580     sysbios.ae674 : BIOS.obj (.text:ti_sysbios_knl_Task_Instance_finalize__E)
                  007e85e0    000004c0     objectdetection.oe674 (.text:DPC_ObjDet_AoAconfig)
                  007e8aa0    000004c0     librangeproc_hwa_xwr18xx.ae674 : rangeprochwa.oe674 (.text:rangeProcHWA_ConfigEDMA_DataOut_nonInterleave)
                  007e8f60    00000480     dss_main.oe674 (.text:MmwDemo_DPC_ObjectDetection_dpmTask)
                  007e93e0    00000460     libhwa_xwr18xx.ae674 : hwa.oe674 (.text:HWA_configCommon)
                  007e9840    00000440     sysbios.ae674 : BIOS.obj (.text:ti_sysbios_knl_Task_Instance_init__E)
                  007e9c80    00000420     libaoa2dproc_hwa_xwr18xx.ae674 : aoa2dprochwa.oe674 (.text:AoAProcHWA_dopplerCompensation)
                  007ea0a0    00000420     libmailbox_xwr18xx.ae674 : mailbox.oe674 (.text:Mailbox_open)
                  007ea4c0    00000400     libaoa2dproc_hwa_xwr18xx.ae674 : aoa2dprochwa.oe674 (.text:AoAProcHWA_peakGrouping)
                  007ea8c0    00000400     objectdetection.oe674 (.text:DPC_ObjDet_preStartConfig)
                  007eacc0    000003e0     libaoa2dproc_hwa_xwr18xx.ae674 : aoa2dprochwa.oe674 (.text:DPU_AoAProcHWA_config)
                  007eb0a0    000003e0     sysbios.ae674 : BIOS.obj (.text:ti_sysbios_knl_Task_sleep__E)
                  007eb480    000003e0                   : BIOS.obj (.text:ti_sysbios_utils_Load_updateThreadContexts__E)
                  007eb860    000003a0     librangeproc_hwa_xwr18xx.ae674 : rangeprochwa.oe674 (.text:rangeProcHWA_ConfigHWA)
                  007ebc00    00000380     objectdetection.oe674 (.text:DPC_ObjectDetection_execute)
                  007ebf80    00000360     objectdetection.oe674 (.text:DPC_ObjDet_rangeConfig)
                  007ec2e0    00000360     libdpm_xwr18xx.ae674 : dpm_core.oe674 (.text:DPM_init)
                  007ec640    00000360                          : dpm_msg.oe674 (.text:DPM_msgRecv)
                  007ec9a0    00000340     libstaticclutterproc_xwr18xx.ae674 : staticclutterproc.oe674 (.text:DPU_StaticClutterProc_process)
                  007ecce0    00000320     rts6740_elf.lib : cos.c.obj (.text:cos)
                  007ed000    00000300     libaoa2dproc_hwa_xwr18xx.ae674 : aoa2dprochwa.oe674 (.text:AoAProcHWA_config_azimuthHeatMap_HWA)
                  007ed300    00000300                                    : aoa2dprochwa.oe674 (.text:AoAProc_configLUT)
                  007ed600    00000300     sysbios.ae674 : BIOS.obj (.text:xdc_runtime_LoggerBuf_write8__E)
                  007ed900    000002e0     objectdetection.oe674 (.text:DPC_ObjDet_dopplerConfig)
                  007edbe0    000002e0     rts6740_elf.lib : sin.c.obj (.text:sin)
                  007edec0    000002e0     sysbios.ae674 : BIOS.obj (.text:ti_sysbios_heaps_HeapMem_Instance_init__E)
                  007ee1a0    000002e0                   : BIOS.obj (.text:xdc_runtime_Core_createObject__I)
                  007ee480    000002c0     libedma_xwr18xx.ae674 : edma.oe674 (.text:EDMA_configChannel)
                  007ee740    000002c0                           : edma.oe674 (.text:EDMA_configErrorMonitoring)
                  007eea00    000002c0     sysbios.ae674 : BIOS.obj (.text:ti_sysbios_knl_Task_postInit__I)
                  007eecc0    000002c0                   : BIOS.obj (.text:ti_sysbios_timers_rti_Timer_Module_startup__E)
                  007eef80    000002a0     objectdetection.oe674 (.text:DPC_ObjectDetection_init)
                  007ef220    000002a0     libcfarcaproc_hwa_xwr18xx.ae674 : cfarcaprochwa.oe674 (.text:DPU_CFARCAProcHWA_process)
                  007ef4c0    000002a0     libedma_xwr18xx.ae674 : edma.oe674 (.text:EDMA_open)
                  007ef760    000002a0     libhwa_xwr18xx.ae674 : hwa.oe674 (.text:HWA_open)
                  007efa00    000002a0     rts6740_elf.lib : divf.c.obj (.text:__c6xabi_divf)
                  007efca0    000002a0     sysbios.ae674 : BIOS.obj (.text:ti_sysbios_family_c64p_EventCombiner_dispatch__E)
                  007eff40    000002a0                   : BIOS.obj (.text:ti_sysbios_timers_rti_Timer_getFreq__E)
                  007f01e0    00000280                   : BIOS.obj (.text:ti_sysbios_family_c64p_Cache_Module_startup__E)
                  007f0460    00000280                   : BIOS.obj (.text:xdc_runtime_Startup_startMods__I)
                  007f06e0    00000260     libaoa2dproc_hwa_xwr18xx.ae674 : aoa2dprochwa.oe674 (.text:AoAProcHWA_XYZestimationAoA2D)
                  007f0940    00000260                                    : aoa2dprochwa.oe674 (.text:AoAProcHWA_config_azimuthHeatMap_EDMA)
                  007f0ba0    00000260     rts6740_elf.lib : imath64.c.obj (.text:__c6xabi_divull)
                  007f0e00    00000260     sysbios.ae674 : BIOS.obj (.text:ti_sysbios_gates_GateMutex_enter__E)
                  007f1060    00000240     dss_main.oe674 (.text:MmwDemo_dssInitTask)
                  007f12a0    00000240     sysbios.ae674 : BIOS.obj (.text:ti_sysbios_family_c64p_Exception_internalHandler__I)
                  007f14e0    00000240                   : BIOS.obj (.text:xdc_runtime_Error_policyDefault__E)
                  007f1720    00000240     mmw_dss_pe674.oe674 (.text:xdc_runtime_System_printfExtend__I)
                  007f1960    00000220     libaoa2dproc_hwa_xwr18xx.ae674 : aoa2dprochwa.oe674 (.text:AoAProcHWA_PrepareRangeAzimuthHeatmap)
                  007f1b80    00000220     objectdetection.oe674 (.text:DPC_ObjDet_CFARCAconfig)
                  007f1da0    00000220     libcfarcaproc_hwa_xwr18xx.ae674 : cfarcaprochwa.oe674 (.text:DPU_CFARCAProcHWA_config)
                  007f1fc0    00000220     libedma_xwr18xx.ae674 : edma.oe674 (.text:EDMA_transferComplete_isr)
                  007f21e0    00000220     libmailbox_xwr18xx.ae674 : mailbox.oe674 (.text:Mailbox_write)
                  007f2400    00000220     sysbios.ae674 : BIOS.obj (.text:ti_sysbios_family_c64p_EventCombiner_dispatchPlug__E)
                  007f2620    00000220                   : BIOS.obj (.text:ti_sysbios_family_c64p_EventCombiner_enableEvent__E)
                  007f2840    00000220                   : BIOS.obj (.text:xdc_runtime_LoggerBuf_write4__E)
                  007f2a60    00000200     libdpm_xwr18xx.ae674 : dpm_msg.oe674 (.text:DPM_msgResultHandler)
                  007f2c60    00000200     sysbios.ae674 : c64p_Hwi_disp_always.obj (.text:_ti_sysbios_family_c64p_Hwi_dispatchAlways)
                  007f2e60    00000200     libmathutils.ae674 : mathutils.oe674 (.text:mathUtils_genWindow)
                  007f3060    00000200     sysbios.ae674 : BIOS.obj (.text:ti_sysbios_family_c64p_EventCombiner_disableEvent__E)
                  007f3260    00000200                   : BIOS.obj (.text:ti_sysbios_utils_Load_idleFxn__E)
                  007f3460    00000200                   : BIOS.obj (.text:xdc_runtime_Core_constructObject__I)
                  007f3660    000001e0     libaoa2dproc_hwa_xwr18xx.ae674 : aoa2dprochwa.oe674 (.text:AoAProcHWA_SelectMaxPeaks)
                  007f3840    000001e0                                    : aoa2dprochwa.oe674 (.text:DPU_AoAProcHWA_init)
                  007f3a20    000001e0     libedma_xwr18xx.ae674 : edma.oe674 (.text:EDMA_init)
                  007f3c00    000001e0     sysbios.ae674 : BIOS.obj (.text:ti_sysbios_knl_Semaphore_post__E)
                  007f3de0    000001c0     libdpedma_hwa_xwr18xx.ae674 : dpedma.oe674 (.text:DPEDMA_configSyncAB)
                  007f3fa0    000001c0                                 : dpedma.oe674 (.text:DPEDMA_configSyncA_singleFrame)
                  007f4160    000001c0     librangeproc_hwa_xwr18xx.ae674 : rangeprochwa.oe674 (.text:DPU_RangeProcHWA_control)
                  007f4320    000001c0     libstaticclutterproc_xwr18xx.ae674 : staticclutterproc.oe674 (.text:DPU_StaticClutterProc_configEdma)
                  007f44e0    000001c0     libcfarcaproc_hwa_xwr18xx.ae674 : cfarcaprochwa.oe674 (.text:HWAutil_configCFAR)
                  007f46a0    000001c0     libmailbox_xwr18xx.ae674 : mailbox.oe674 (.text:Mailbox_read)
                  007f4860    000001c0     libsoc_xwr18xx.ae674 : soc.oe674 (.text:SOC_deregisterSysIntListener)
                  007f4a20    000001c0     rts6740_elf.lib : fputc.c.obj (.text:fputc)
                  007f4be0    000001c0     librangeproc_hwa_xwr18xx.ae674 : rangeprochwa.oe674 (.text:rangeProcHWA_ConfigEDMADummyThreeLinks)
                  007f4da0    000001c0     rts6740_elf.lib : setvbuf.c.obj (.text:setvbuf)
                  007f4f60    000001c0     sysbios.ae674 : BIOS.obj (.text:ti_sysbios_knl_Swi_restoreHwi__E)
                  007f5120    000001c0                   : BIOS.obj (.text:ti_sysbios_knl_Task_checkStacks__E)
                  007f52e0    000001c0                   : BIOS.obj (.text:xdc_runtime_Text_putSite__E)
                  007f54a0    000001a0     libcfarcaproc_hwa_xwr18xx.ae674 : cfarcaprochwa.oe674 (.text:CFARHWA_cfarRange_AND_cfarDoppler)
                  007f5640    000001a0                                     : cfarcaprochwa.oe674 (.text:DPU_CFARCAProcHWA_control)
                  007f57e0    000001a0     libdopplerproc_hwa_xwr18xx.ae674 : dopplerprochwa.oe674 (.text:DPU_DopplerProcHWA_init)
                  007f5980    000001a0                                      : dopplerprochwa.oe674 (.text:DPU_DopplerProcHWA_process)
                  007f5b20    000001a0     librangeproc_hwa_xwr18xx.ae674 : rangeprochwa.oe674 (.text:DPU_RangeProcHWA_init)
                  007f5cc0    000001a0     libedma_xwr18xx.ae674 : edma.oe674 (.text:EDMA_paramConfig_assist)
                  007f5e60    000001a0     rts6740_elf.lib : hostrename.c.obj (.text:HOSTrename)
                  007f6000    000001a0     sysbios.ae674 : BIOS.obj (.text:ti_sysbios_family_c64p_Cache_getL2InitSize__I)
                  007f61a0    000001a0                   : BIOS.obj (.text:ti_sysbios_heaps_HeapBuf_Module_startup__E)
                  007f6340    000001a0                   : BIOS.obj (.text:ti_sysbios_knl_Swi_runLoop__I)
                  007f64e0    000001a0                   : BIOS.obj (.text:ti_sysbios_knl_Task_exit__E)
                  007f6680    000001a0                   : BIOS.obj (.text:ti_sysbios_timers_rti_Timer_startup__E)
                  007f6820    00000180     libdpm_xwr18xx.ae674 : dpm_core.oe674 (.text:DPM_deinit)
                  007f69a0    00000180                          : dpm_core.oe674 (.text:DPM_ioctl)
                  007f6b20    00000180     libhwa_xwr18xx.ae674 : hwa.oe674 (.text:HWA_enableParamSetInterrupt)
                  007f6ca0    00000180     dss_main.oe674 (.text:MmwDemo_sensorStopEpilog)
                  007f6e20    00000180     sysbios.ae674 : c64p_Exception_asm.obj (.text)
                  007f6fa0    00000180                   : BIOS.obj (.text:ti_sysbios_knl_Task_schedule__I)
                  007f7120    00000180                   : BIOS.obj (.text:ti_sysbios_utils_Load_startup__E)
                  007f72a0    00000160     objectdetection.oe674 (.text:DPC_ObjDet_staticClutterConfig)
                  007f7400    00000160     libdpm_xwr18xx.ae674 : dpm_msg.oe674 (.text:DPM_msgResponseHandler)
                  007f7560    00000160     libaoa2dproc_hwa_xwr18xx.ae674 : aoa2dprochwa.oe674 (.text:DPU_AoAProcHWA_control)
                  007f76c0    00000160     libedma_xwr18xx.ae674 : edma.oe674 (.text:EDMA_getErrorStatusInfo)
                  007f7820    00000160     libhwa_xwr18xx.ae674 : hwa.oe674 (.text:HWA_paramDoneISR)
                  007f7980    00000160     libmailbox_xwr18xx.ae674 : mailbox.oe674 (.text:Mailbox_close)
                  007f7ae0    00000160     libsoc_xwr18xx.ae674 : soc.oe674 (.text:SOC_registerSysIntListener)
                  007f7c40    00000160     rts6740_elf.lib : sqrt.c.obj (.text:sqrt)
                  007f7da0    00000160     sysbios.ae674 : BIOS.obj (.text:ti_sysbios_family_c64p_Cache_getL1DInitSize__I)
                  007f7f00    00000160                   : BIOS.obj (.text:ti_sysbios_family_c64p_Cache_getL1PInitSize__I)
                  007f8060    00000160                   : BIOS.obj (.text:ti_sysbios_family_c64p_Hwi_Module_startup__E)
                  007f81c0    00000160                   : BIOS.obj (.text:xdc_runtime_Core_deleteObject__I)
                  007f8320    00000160                   : BIOS.obj (.text:xdc_runtime_LoggerBuf_getFilterLevel__E)
                  007f8480    00000160                   : BIOS.obj (.text:xdc_runtime_LoggerBuf_setFilterLevel__E)
                  007f85e0    00000140     libaoa2dproc_hwa_xwr18xx.ae674 : aoa2dprochwa.oe674 (.text:AoAProcHWA_ConvertFov)
                  007f8720    00000140     libdpedma_hwa_xwr18xx.ae674 : dpedmahwa.oe674 (.text:DPEDMAHWA_configTwoHotSignature)
                  007f8860    00000140     libedma_xwr18xx.ae674 : edma_low_level.oe674 (.text:EDMA3Init)
                  007f89a0    00000140                           : edma.oe674 (.text:EDMA_clearErrors)
                  007f8ae0    00000140                           : edma.oe674 (.text:EDMA_startTransfer)
                  007f8c20    00000140     libhwa_xwr18xx.ae674 : hwa.oe674 (.text:HWA_configRam)
                  007f8d60    00000140     dss_main.oe674 (.text:MmwDemo_DPC_ObjectDetection_reportFxn)
                  007f8ea0    00000140     libsoc_xwr18xx.ae674 : soc.oe674 (.text:SOC_init)
                  007f8fe0    00000140     librangeproc_hwa_xwr18xx.ae674 : rangeprochwa.oe674 (.text:rangeProcHWA_ConfigEDMA_DataIn)
                  007f9120    00000140     sysbios.ae674 : BIOS.obj (.text:ti_sysbios_knl_Semaphore_Instance_init__E)
                  007f9260    00000140                   : BIOS.obj (.text:ti_sysbios_knl_Task_Module_startup__E)
                  007f93a0    00000140                   : BIOS.obj (.text:ti_sysbios_knl_Task_startCore__E)
                  007f94e0    00000140                   : BIOS.obj (.text:ti_sysbios_timers_rti_Timer_initDevice__I)
                  007f9620    00000140                   : BIOS.obj (.text:ti_sysbios_utils_Load_addTask__E)
                  007f9760    00000140                   : BIOS.obj (.text:ti_sysbios_utils_Load_updateLoads__E)
                  007f98a0    00000140                   : BIOS.obj (.text:xdc_runtime_Memory_alloc__E)
                  007f99e0    00000140                   : BIOS.obj (.text:xdc_runtime_Text_putLab__E)
                  007f9b20    00000140                   : BIOS.obj (.text:xdc_runtime_Text_putMod__E)
                  007f9c60    00000140                   : BIOS.obj (.text:xdc_runtime_Text_visitRope2__I)
                  007f9da0    00000120     objectdetection.oe674 (.text:DPC_ObjDet_GetRxChPhaseComp)
                  007f9ec0    00000120     objectdetection.oe674 (.text:DPC_ObjectDetection_start)
                  007f9fe0    00000120     libdpedma_hwa_xwr18xx.ae674 : dpedmahwa.oe674 (.text:DPEDMAHWA_configOneHotSignature)
                  007fa100    00000120     libdpm_xwr18xx.ae674 : dpm_msg.oe674 (.text:DPM_msgDPCCfgHandler)
                  007fa220    00000120     libedma_xwr18xx.ae674 : edma.oe674 (.text:EDMA_configParamSet)
                  007fa340    00000120     boot.ae674 : autoinit.oe674 (.text:_auto_init_elf)
                  007fa460    00000120     rts6740_elf.lib : getdevice.c.obj (.text:getdevice)
                  007fa580    00000120     sysbios.ae674 : BIOS.obj (.text:ti_sysbios_knl_Clock_workFunc__E)
                  007fa6a0    00000120                   : BIOS.obj (.text:ti_sysbios_timers_rti_Timer_setPeriodMicroSecs__E)
                  007fa7c0    00000120                   : BIOS.obj (.text:ti_sysbios_utils_Load_taskCreateHook__E)
                  007fa8e0    00000120                   : BIOS.obj (.text:ti_sysbios_utils_Load_taskDeleteHook__E)
                  007faa00    00000100     libaoa2dproc_hwa_xwr18xx.ae674 : aoa2dprochwa.oe674 (.text:AoAProcHWA_cfgAndTrigger_EDMA_2DFFT)
                  007fab00    00000100     objectdetection.oe674 (.text:DPC_ObjDet_reconfigSubFrame)
                  007fac00    00000100     libcfarcaproc_hwa_xwr18xx.ae674 : cfarcaprochwa.oe674 (.text:DPU_CFARCAProcHWA_init)
                  007fad00    00000100     libstaticclutterproc_xwr18xx.ae674 : staticclutterproc.oe674 (.text:DPU_StaticClutterProc_config)
                  007fae00    00000100     libhwa_xwr18xx.ae674 : hwa.oe674 (.text:HWA_disableParamSetInterrupt)
                  007faf00    00000100     libmailbox_xwr18xx.ae674 : mailbox.oe674 (.text:Mailbox_readFlush)
                  007fb000    00000100     libsoc_xwr18xx.ae674 : soc_xwr18xx_dss.oe674 (.text:SOC_deviceInit)
                  007fb100    00000100                          : soc_xwr18xx.oe674 (.text:SOC_translateAddress)
                  007fb200    00000100     rts6740_elf.lib : fclose.c.obj (.text:__TI_closefile)
                  007fb300    00000100                     : fflush.c.obj (.text:fflush)
                  007fb400    00000100                     : fseek.c.obj (.text:fseek)
                  007fb500    00000100     dss_main.oe674 (.text:main)
                  007fb600    00000100     sysbios.ae674 : BIOS.obj (.text:xdc_runtime_Error_print__E)
                  007fb700    00000100                   : BIOS.obj (.text:xdc_runtime_Startup_exec__E)
                  007fb800    000000e0     libaoa2dproc_hwa_xwr18xx.ae674 : aoa2dprochwa.oe674 (.text:AoAProcHWA_rxChanPhaseBiasCompensation)
                  007fb8e0    000000e0     objectdetection.oe674 (.text:DPC_ObjectDetection_deinit)
                  007fb9c0    000000e0     objectdetection.oe674 (.text:DPC_ObjectDetection_frameStart)
                  007fbaa0    000000e0     libdpm_xwr18xx.ae674 : dpm_core.oe674 (.text:DPM_execute)
                  007fbb80    000000e0                          : dpm_pipe.oe674 (.text:DPM_pipeSend)
                  007fbc60    000000e0     libedma_xwr18xx.ae674 : edma.oe674 (.text:EDMA_isTransferComplete)
                  007fbd40    000000e0                           : edma.oe674 (.text:EDMA_transferController_error_isr)
                  007fbe20    000000e0     rts6740_elf.lib : hostlseek.c.obj (.text:HOSTlseek)
                  007fbf00    000000e0                     : hostopen.c.obj (.text:HOSTopen)
                  007fbfe0    000000e0                     : hostwrite.c.obj (.text:HOSTwrite)
                  007fc0c0    000000e0     libmailbox_xwr18xx.ae674 : mailbox.oe674 (.text:Mailbox_boxFullISRMssDss)
                  007fc1a0    000000e0                              : mailbox.oe674 (.text:Mailbox_init)
                  007fc280    000000e0     rts6740_elf.lib : _io_perm.c.obj (.text:__TI_wrt_ok)
                  007fc360    000000e0                     : divi.asm.obj (.text:__divi)
                  007fc440    000000e0                     : close.c.obj (.text:close)
                  007fc520    000000e0                     : exit.c.obj (.text:exit)
                  007fc600    000000e0                     : memset.c.obj (.text:memset)
                  007fc6e0    000000e0     sysbios.ae674 : BIOS.obj (.text:ti_sysbios_utils_Load_updateCurrentThreadTime__E)
                  007fc7c0    000000c0     libcfarcaproc_hwa_xwr18xx.ae674 : cfarcaprochwa.oe674 (.text:CFARCAHWA_config_EDMA)
                  007fc880    000000c0                                     : cfarcaprochwa.oe674 (.text:CFARHWA_prepareHwaRunTime)
                  007fc940    000000c0     libdpm_xwr18xx.ae674 : dpm_mailbox.oe674 (.text:DPM_mboxRemoteMailboxCallbackFxn)
                  007fca00    000000c0                          : dpm_core.oe674 (.text:DPM_sendResult)
                  007fcac0    000000c0     libosal_xwr18xx.ae674 : DebugP_tirtos.oe674 (.text:DebugP_log0)
                  007fcb80    000000c0                           : DebugP_tirtos.oe674 (.text:DebugP_log1)
                  007fcc40    000000c0                           : DebugP_tirtos.oe674 (.text:DebugP_log2)
                  007fcd00    000000c0     libedma_xwr18xx.ae674 : edma.oe674 (.text:EDMA_error_isr)
                  007fcdc0    000000c0                           : edma.oe674 (.text:EDMA_startDmaTransfer)
                  007fce80    000000c0     rts6740_elf.lib : hostread.c.obj (.text:HOSTread)
                  007fcf40    000000c0                     : hostunlink.c.obj (.text:HOSTunlink)
                  007fd000    000000c0     libhwa_xwr18xx.ae674 : hwa.oe674 (.text:HWA_getDMAChanIndex)
                  007fd0c0    000000c0                          : hwa.oe674 (.text:HWA_getDMAconfig)
                  007fd180    000000c0                          : hwa.oe674 (.text:HWA_getDriverAccess)
                  007fd240    000000c0                          : hwa.oe674 (.text:HWA_getHWAMemInfo)
                  007fd300    000000c0     libmailbox_xwr18xx.ae674 : mailbox.oe674 (.text:Mailbox_boxFullISRProcessing)
                  007fd3c0    000000c0     data_path.oe674 (.text:MmwDemo_edmaOpen)
                  007fd480    000000c0     objectdetection.oe674 (.text:_DPC_Objdet_Assert)
                  007fd540    000000c0     rts6740_elf.lib : divu.asm.obj (.text:__divu)
                  007fd600    000000c0                     : modf.c.obj (.text:modf)
                  007fd6c0    000000c0     librangeproc_hwa_xwr18xx.ae674 : rangeprochwa.oe674 (.text:rangeProcHWA_ConfigHWACommon)
                  007fd780    000000c0     sysbios.ae674 : BIOS.obj (.text:ti_sysbios_family_c64p_Hwi_dispatchCore__I)
                  007fd840    000000c0                   : BIOS.obj (.text:ti_sysbios_heaps_HeapMem_alloc__E)
                  007fd900    000000c0                   : BIOS.obj (.text:ti_sysbios_heaps_HeapMem_getStats__E)
                  007fd9c0    000000c0                   : BIOS.obj (.text:ti_sysbios_knl_Swi_schedule__I)
                  007fda80    000000c0                   : BIOS.obj (.text:ti_sysbios_knl_Task_allBlockedFunction__I)
                  007fdb40    000000c0     mmw_dss_pe674.oe674 (.text:ti_sysbios_knl_Task_create)
                  007fdc00    000000c0     sysbios.ae674 : BIOS.obj (.text:ti_sysbios_knl_Task_stat__E)
                  007fdcc0    000000c0                   : BIOS.obj (.text:ti_sysbios_utils_Load_taskSwitchHook__E)
                  007fdd80    000000c0     rts6740_elf.lib : tls.c.obj (.text:tls:init:__TI_tls_init)
                  007fde40    000000c0     sysbios.ae674 : BIOS.obj (.text:xdc_runtime_Assert_raise__I)
                  007fdf00    000000c0                   : BIOS.obj (.text:xdc_runtime_LoggerBuf_Instance_init__E)
                  007fdfc0    000000c0     mmw_dss_pe674.oe674 (.text:xdc_runtime_LoggerBuf_Object__create__S)
                  007fe080    000000a0     libcfarcaproc_hwa_xwr18xx.ae674 : cfarcaprochwa.oe674 (.text:CFARHWA_fovConvertDoppler)
                  007fe120    000000a0                                     : cfarcaprochwa.oe674 (.text:CFARHWA_saveConfiguration)
                  007fe1c0    000000a0     objectdetection.oe674 (.text:DPC_ObjectDetection_stop)
                  007fe260    000000a0     libdpedma_hwa_xwr18xx.ae674 : dpedma.oe674 (.text:DPEDMA_setup_shadow_link)
                  007fe300    000000a0     libdpm_xwr18xx.ae674 : dpm_mailbox.oe674 (.text:DPM_mboxInit)
                  007fe3a0    000000a0                          : dpm_msg.oe674 (.text:DPM_msgStartHandler)
                  007fe440    000000a0                          : dpm_msg.oe674 (.text:DPM_msgStopHandler)
                  007fe4e0    000000a0                          : dpm_core.oe674 (.text:DPM_notifyExecute)
                  007fe580    000000a0                          : dpm_pipe.oe674 (.text:DPM_pipeRecv)
                  007fe620    000000a0     libedma_xwr18xx.ae674 : edma_low_level.oe674 (.text:EDMA3EnableChInShadowReg)
                  007fe6c0    000000a0                           : edma.oe674 (.text:EDMA_disableChannel)
                  007fe760    000000a0                           : edma.oe674 (.text:EDMA_enableChannel)
                  007fe800    000000a0     rts6740_elf.lib : hostclose.c.obj (.text:HOSTclose)
                  007fe8a0    000000a0     libhwa_xwr18xx.ae674 : hwa.oe674 (.text:HWA_deleteInstance)
                  007fe940    000000a0                          : hwa.oe674 (.text:HWA_disableDoneInterrupt)
                  007fe9e0    000000a0                          : hwa.oe674 (.text:HWA_enable)
                  007fea80    000000a0                          : hwa.oe674 (.text:HWA_enableDoneInterrupt)
                  007feb20    000000a0                          : hwa.oe674 (.text:HWA_getCfarPeakCntRegAddress)
                  007febc0    000000a0                          : hwa.oe674 (.text:HWA_readCFARPeakCountReg)
                  007fec60    000000a0     libmailbox_xwr18xx.ae674 : mailbox.oe674 (.text:Mailbox_boxEmptyISRProcessing)
                  007fed00    000000a0     libsoc_xwr18xx.ae674 : soc.oe674 (.text:SOC_SystemISR)
                  007feda0    000000a0     rts6740_elf.lib : fopen.c.obj (.text:__TI_cleanup)
                  007fee40    000000a0                     : fflush.c.obj (.text:__TI_doflush)
                  007feee0    000000a0                     : fixfu.c.obj (.text:__c6xabi_fixfu)
                  007fef80    000000a0                     : round.c.obj (.text:__c6xabi_nround)
                  007ff020    000000a0                     : remu.asm.obj (.text:__remu)
                  007ff0c0    000000a0     boot.ae674 : boot.oe674 (.text:_c_int00)
                  007ff160    000000a0     rts6740_elf.lib : getdevice.c.obj (.text:finddevice)
                  007ff200    000000a0                     : memcpy64.asm.obj (.text:memcpy)
                  007ff2a0    000000a0     libmmwavealg_xwr18xx.ae674 : mmwavelib_vecsum.oe674 (.text:mmwavelib_vecsum)
                  007ff340    000000a0     mathlib.ae674 : sqrtsp.oe674 (.text:optasm)
                  007ff3e0    000000a0     sysbios.ae674 : BIOS.obj (.text:ti_sysbios_family_c64p_Exception_Module_startup__E)
                  007ff480    000000a0                   : BIOS.obj (.text:ti_sysbios_family_c64p_Hwi_dispatchC__I)
                  007ff520    000000a0                   : BIOS.obj (.text:ti_sysbios_family_c64p_Hwi_getStackInfo__E)
                  007ff5c0    000000a0                   : BIOS.obj (.text:ti_sysbios_hal_Hwi_checkStack)
                  007ff660    000000a0                   : BIOS.obj (.text:ti_sysbios_knl_Semaphore_pendTimeout__I)
                  007ff700    000000a0                   : BIOS.obj (.text:xdc_runtime_Core_assignLabel__I)
                  007ff7a0    000000a0                   : BIOS.obj (.text:xdc_runtime_Core_assignParams__I)
                  007ff840    000000a0                   : BIOS.obj (.text:xdc_runtime_LoggerBuf_Module_startup__E)
                  007ff8e0    000000a0                   : BIOS.obj (.text:xdc_runtime_System_atexit__E)
                  007ff980    000000a0                   : BIOS.obj (.text:xdc_runtime_System_exit__E)
                  007ffa20    000000a0                   : BIOS.obj (.text:xdc_runtime_Text_printVisFxn__I)
                  007ffac0    000000a0                   : BIOS.obj (.text:xdc_runtime_Text_xprintf__I)
                  007ffb60    00000080     libaoa2dproc_hwa_xwr18xx.ae674 : aoa2dprochwa.oe674 (.text:AoAProcHWA_config_HWA_common)
                  007ffbe0    00000080     libcfarcaproc_hwa_xwr18xx.ae674 : cfarcaprochwa.oe674 (.text:CFARHWA_convHwaCfarDetListToDetMask)
                  007ffc60    00000080                                     : cfarcaprochwa.oe674 (.text:CFARHWA_fovConvertRange)
                  007ffce0    00000080     objectdetection.oe674 (.text:DPC_ObjDet_GetAntGeometryDef)
                  007ffd60    00000080     libdpm_xwr18xx.ae674 : dpm_mailbox.oe674 (.text:DPM_mboxSendResult)
                  007ffde0    00000080                          : dpm_pipe.oe674 (.text:DPM_pipeDeinit)
                  007ffe60    00000080                          : dpm_pipe.oe674 (.text:DPM_pipeInit)
                  007ffee0    00000080                          : dpm_core.oe674 (.text:DPM_synch)
                  007fff60    00000080     librangeproc_hwa_xwr18xx.ae674 : rangeprochwa.oe674 (.text:DPU_RangeProcHWA_deinit)
                  007fffe0    00000020     libaoa2dproc_hwa_xwr18xx.ae674 : aoa2dprochwa.oe674 (.text:AOAProcHWADoneIsrCallback)

.text.2    0    00800000    00004520     
                  00800000    00000080     libstaticclutterproc_xwr18xx.ae674 : staticclutterproc.oe674 (.text:DPU_StaticClutterProc_init)
                  00800080    00000080                                        : staticclutterproc.oe674 (.text:DPU_StaticClutterProc_waitInData)
                  00800100    00000080                                        : staticclutterproc.oe674 (.text:DPU_StaticClutterProc_waitOutData)
                  00800180    00000080     libedma_xwr18xx.ae674 : edma_low_level.oe674 (.text:EDMA3MapChToEvtQ)
                  00800200    00000080                           : edma.oe674 (.text:EDMA_getTransferControllerErrorStatusInfo)
                  00800280    00000080                           : edma.oe674 (.text:EDMA_linkParamSets)
                  00800300    00000080     libhwa_xwr18xx.ae674 : hwa.oe674 (.text:HWA_reset)
                  00800380    00000080                          : hwa.oe674 (.text:HWA_setDMA2ACCManualTrig)
                  00800400    00000080     data_path.oe674 (.text:MmwDemo_dataPathInit)
                  00800480    00000080     libosal_xwr18xx.ae674 : SemaphoreP_tirtos.oe674 (.text:SemaphoreP_create)
                  00800500    00000080     rts6740_elf.lib : trgmsg.c.obj (.text:__TI_readmsg)
                  00800580    00000080                     : fixdu.c.obj (.text:__c6xabi_fixdu)
                  00800600    00000080                     : llshift.c.obj (.text:__c6xabi_llshl)
                  00800680    00000080     sysbios.ae674 : c62_TaskSupport_asm.obj (.text:_ti_sysbios_family_c62_TaskSupport_swap__E)
                  00800700    00000080     librangeproc_hwa_xwr18xx.ae674 : rangeprochwa.oe674 (.text:rangeProcHWA_ConfigEDMATranspose)
                  00800780    00000080     mmw_dss_pe674.oe674 (.text:ti_sysbios_BIOS_atExitFunc__I)
                  00800800    00000080     mmw_dss_pe674.oe674 (.text:ti_sysbios_BIOS_registerRTSLock__I)
                  00800880    00000080     mmw_dss_pe674.oe674 (.text:ti_sysbios_gates_GateHwi_Object__create__S)
                  00800900    00000080     mmw_dss_pe674.oe674 (.text:ti_sysbios_gates_GateMutex_Object__create__S)
                  00800980    00000080     mmw_dss_pe674.oe674 (.text:ti_sysbios_heaps_HeapMem_Object__create__S)
                  00800a00    00000080     sysbios.ae674 : BIOS.obj (.text:ti_sysbios_heaps_HeapMem_init__I)
                  00800a80    00000080     mmw_dss_pe674.oe674 (.text:ti_sysbios_knl_Clock_doTick__I)
                  00800b00    00000080     sysbios.ae674 : BIOS.obj (.text:ti_sysbios_knl_Idle_run__E)
                  00800b80    00000080     mmw_dss_pe674.oe674 (.text:ti_sysbios_knl_Semaphore_create)
                  00800c00    00000080     sysbios.ae674 : BIOS.obj (.text:ti_sysbios_knl_Swi_post__E)
                  00800c80    00000080                   : BIOS.obj (.text:ti_sysbios_knl_Swi_startup__E)
                  00800d00    00000080                   : BIOS.obj (.text:ti_sysbios_knl_Task_processVitalTaskFlag__I)
                  00800d80    00000080                   : BIOS.obj (.text:ti_sysbios_knl_Task_restore__E)
                  00800e00    00000080                   : BIOS.obj (.text:ti_sysbios_knl_Task_sleepTimeout__I)
                  00800e80    00000080     mmw_dss_pe674.oe674 (.text:ti_sysbios_rts_MemAlloc_alloc)
                  00800f00    00000080     sysbios.ae674 : BIOS.obj (.text:ti_sysbios_timers_rti_Timer_setPeriod__E)
                  00800f80    00000080                   : BIOS.obj (.text:ti_sysbios_timers_rti_Timer_stop__E)
                  00801000    00000080     rts6740_elf.lib : unlink.c.obj (.text:unlink)
                  00801080    00000080     sysbios.ae674 : BIOS.obj (.text:xdc_runtime_System_avprintf__E)
                  00801100    00000080                   : BIOS.obj (.text:xdc_runtime_System_vprintf__E)
                  00801180    00000060     libaoa2dproc_hwa_xwr18xx.ae674 : aoa2dprochwa.oe674 (.text:AoAProcHWA_waitEdma)
                  008011e0    00000060     libcfarcaproc_hwa_xwr18xx.ae674 : cfarcaprochwa.oe674 (.text:CFARHWA_triggerCFAR)
                  00801240    00000060     objectdetection.oe674 (.text:DPC_ObjDet_GenDopplerWindow)
                  008012a0    00000060     objectdetection.oe674 (.text:DPC_ObjDet_MemPoolAlloc)
                  00801300    00000060     libdpm_xwr18xx.ae674 : dpm_listlib.oe674 (.text:DPM_listCat)
                  00801360    00000060                          : dpm_mailbox.oe674 (.text:DPM_mboxDeinit)
                  008013c0    00000060                          : dpm_msg.oe674 (.text:DPM_msgInitHeader)
                  00801420    00000060     libaoa2dproc_hwa_xwr18xx.ae674 : aoa2dprochwa.oe674 (.text:DPU_AoAProcHWA_deinit)
                  00801480    00000060     libcfarcaproc_hwa_xwr18xx.ae674 : cfarcaprochwa.oe674 (.text:DPU_CFARCAProcHWA_deinit)
                  008014e0    00000060     libdopplerproc_hwa_xwr18xx.ae674 : dopplerprochwa.oe674 (.text:DPU_DopplerProcHWA_deinit)
                  00801540    00000060     libstaticclutterproc_xwr18xx.ae674 : staticclutterproc.oe674 (.text:DPU_StaticClutterProc_deinit)
                  008015a0    00000060     libedma_xwr18xx.ae674 : edma_low_level.oe674 (.text:EDMA3ClrEvt)
                  00801600    00000060                           : edma_low_level.oe674 (.text:EDMA3ClrIntr)
                  00801660    00000060                           : edma_low_level.oe674 (.text:EDMA3ClrMissEvt)
                  008016c0    00000060                           : edma_low_level.oe674 (.text:EDMA3DisableDmaEvt)
                  00801720    00000060                           : edma_low_level.oe674 (.text:EDMA3DisableEvtIntr)
                  00801780    00000060                           : edma_low_level.oe674 (.text:EDMA3EnableDmaEvt)
                  008017e0    00000060                           : edma_low_level.oe674 (.text:EDMA3EnableEvtIntr)
                  00801840    00000060                           : edma_low_level.oe674 (.text:EDMA3SetEvt)
                  008018a0    00000060                           : edma.oe674 (.text:EDMA_configTransferControllerError)
                  00801900    00000060                           : edma.oe674 (.text:EDMA_isError)
                  00801960    00000060                           : edma.oe674 (.text:EDMA_setDestinationAddress)
                  008019c0    00000060                           : edma.oe674 (.text:EDMA_setSourceAddress)
                  00801a20    00000060                           : edma.oe674 (.text:EDMA_validate_channelIdchannelType)
                  00801a80    00000060     libhwa_xwr18xx.ae674 : hwa.oe674 (.text:HWA_allParamDoneISR)
                  00801ae0    00000060     libmailbox_xwr18xx.ae674 : mailbox.oe674 (.text:Mailbox_Config_init)
                  00801b40    00000060     data_path.oe674 (.text:MmwDemo_dataPathOpen)
                  00801ba0    00000060     libsoc_xwr18xx.ae674 : soc_xwr18xx.oe674 (.text:SOC_enableHWA)
                  00801c00    00000060                          : soc_xwr18xx.oe674 (.text:SOC_setDSSLinkState)
                  00801c60    00000060                          : soc.oe674 (.text:SOC_unhaltBSS)
                  00801cc0    00000060     rts6740_elf.lib : trgmsg.c.obj (.text:__TI_writemsg)
                  00801d20    00000060                     : llshift.c.obj (.text:__c6xabi_llshru)
                  00801d80    00000060                     : imath64.c.obj (.text:_subcull)
                  00801de0    00000060     sysbios.ae674 : c64p_Hwi_asm_switch.obj (.text:_ti_sysbios_family_c64p_Hwi_switchAndDispatch__I)
                  00801e40    00000060                   : c64p_Hwi_asm_switch.obj (.text:_ti_sysbios_family_xxx_Hwi_switchAndRunFunc)
                  00801ea0    00000060     rts6740_elf.lib : lseek.c.obj (.text:lseek)
                  00801f00    00000060     libmmwavealg_xwr18xx.ae674 : mmwavelib_vecsubc.oe674 (.text:mmwavelib_vecsubc)
                  00801f60    00000060     mmw_dss_pe674.oe674 (.text:ti_sysbios_BIOS_errorRaiseHook__I)
                  00801fc0    00000060     mmw_dss_pe674.oe674 (.text:ti_sysbios_BIOS_removeRTSLock__I)
                  00802020    00000060     mmw_dss_pe674.oe674 (.text:ti_sysbios_BIOS_startFunc__I)
                  00802080    00000060     sysbios.ae674 : BIOS.obj (.text:ti_sysbios_family_c62_TaskSupport_stackUsed__E)
                  008020e0    00000060                   : BIOS.obj (.text:ti_sysbios_family_c62_TaskSupport_start__E)
                  00802140    00000060                   : BIOS.obj (.text:ti_sysbios_family_c64p_Cache_setMar__E)
                  008021a0    00000060                   : BIOS.obj (.text:ti_sysbios_family_c64p_EventCombiner_Module_startup__E)
                  00802200    00000060                   : BIOS.obj (.text:ti_sysbios_family_c64p_EventCombiner_unused__E)
                  00802260    00000060     mmw_dss_pe674.oe674 (.text:ti_sysbios_gates_GateMutex_Object__delete__S)
                  008022c0    00000060     sysbios.ae674 : BIOS.obj (.text:ti_sysbios_hal_Hwi_initStack)
                  00802320    00000060                   : BIOS.obj (.text:ti_sysbios_heaps_HeapMem_free__E)
                  00802380    00000060                   : BIOS.obj (.text:ti_sysbios_knl_Clock_Module_startup__E)
                  008023e0    00000060     mmw_dss_pe674.oe674 (.text:ti_sysbios_knl_Queue_construct)
                  00802440    00000060     mmw_dss_pe674.oe674 (.text:ti_sysbios_knl_Semaphore_Object__delete__S)
                  008024a0    00000060     mmw_dss_pe674.oe674 (.text:ti_sysbios_knl_Semaphore_construct)
                  00802500    00000060     sysbios.ae674 : BIOS.obj (.text:ti_sysbios_knl_Swi_Module_startup__E)
                  00802560    00000060                   : BIOS.obj (.text:ti_sysbios_knl_Task_enter__I)
                  008025c0    00000060     rts6740_elf.lib : write.c.obj (.text:write)
                  00802620    00000060     mmw_dss_pe674.oe674 (.text:xdc_runtime_LoggerBuf_Object__delete__S)
                  00802680    00000060     sysbios.ae674 : BIOS.obj (.text:xdc_runtime_SysStd_abort__E)
                  008026e0    00000040     libhwa_xwr18xx.ae674 : hwa.oe674 (.text:CSL_FEXTR)
                  00802720    00000040     libsoc_xwr18xx.ae674 : soc.oe674 (.text:CSL_FEXTR)
                  00802760    00000040                          : soc_xwr18xx.oe674 (.text:CSL_FEXTR)
                  008027a0    00000040     libhwa_xwr18xx.ae674 : hwa.oe674 (.text:CSL_FINSR)
                  008027e0    00000040     libmailbox_xwr18xx.ae674 : mailbox.oe674 (.text:CSL_FINSR)
                  00802820    00000040     libsoc_xwr18xx.ae674 : soc.oe674 (.text:CSL_FINSR)
                  00802860    00000040                          : soc_xwr18xx.oe674 (.text:CSL_FINSR)
                  008028a0    00000040                          : soc_xwr18xx_dss.oe674 (.text:CSL_FINSR)
                  008028e0    00000040     objectdetection.oe674 (.text:DPC_ObjDet_GenRangeWindow)
                  00802920    00000040     libdpm_xwr18xx.ae674 : dpm_listlib.oe674 (.text:DPM_listAdd)
                  00802960    00000040                          : dpm_listlib.oe674 (.text:DPM_listRemove)
                  008029a0    00000040                          : dpm_mailbox.oe674 (.text:DPM_mboxMsgSend)
                  008029e0    00000040                          : dpm_msg.oe674 (.text:DPM_msgAssertHandler)
                  00802a20    00000040                          : dpm_msg.oe674 (.text:DPM_msgBSSFaultHandler)
                  00802a60    00000040                          : dpm_msg.oe674 (.text:DPM_msgDPCInfoHandler)
                  00802aa0    00000040                          : dpm_pipe.oe674 (.text:DPM_pipeDequeue)
                  00802ae0    00000040     libedma_xwr18xx.ae674 : edma_low_level.oe674 (.text:EDMA3MapQdmaChToPaRAM)
                  00802b20    00000040                           : edma_low_level.oe674 (.text:EDMA3SetPaRAM)
                  00802b60    00000040                           : edma_low_level.oe674 (.text:EDMA3SetQdmaTrigWord)
                  00802ba0    00000040     libosal_xwr18xx.ae674 : HwiP_tirtos.oe674 (.text:HwiP_create)
                  00802be0    00000040                           : HwiP_tirtos.oe674 (.text:HwiP_delete)
                  00802c20    00000040     libmailbox_xwr18xx.ae674 : mailbox.oe674 (.text:Mailbox_boxEmptyISRBss)
                  00802c60    00000040                              : mailbox.oe674 (.text:Mailbox_boxEmptyISRMssDss)
                  00802ca0    00000040                              : mailbox.oe674 (.text:Mailbox_boxFullISRBss)
                  00802ce0    00000040     dss_main.oe674 (.text:MmwDemo_DPC_ObjectDetection_processFrameBeginCallBackFxn)
                  00802d20    00000040     dss_main.oe674 (.text:MmwDemo_DPC_ObjectDetection_processInterFrameBeginCallBackFxn)
                  00802d60    00000040     data_path.oe674 (.text:MmwDemo_EDMA_errorCallbackFxn)
                  00802da0    00000040     data_path.oe674 (.text:MmwDemo_EDMA_transferControllerErrorCallbackFxn)
                  00802de0    00000040     libsoc_xwr18xx.ae674 : soc_xwr18xx_dss.oe674 (.text:SOC_getInAddr_LUTType)
                  00802e20    00000040                          : soc_xwr18xx_dss.oe674 (.text:SOC_getOutAddr_LUTType)
                  00802e60    00000040                          : soc_xwr18xx.oe674 (.text:SOC_isMSSOperational)
                  00802ea0    00000040     rts6740_elf.lib : frcmpyd_div.c.obj (.text:__TI_frcmpyd_div)
                  00802ee0    00000040                     : strasg.asm.obj (.text:__strasgi_64plus)
                  00802f20    00000040                     : args_main.c.obj (.text:_args_main)
                  00802f60    00000040     sysbios.ae674 : c62_TaskSupport_asm.obj (.text:_ti_sysbios_family_c62_TaskSupport_buildTaskStack)
                  00802fa0    00000040     mmw_dss_pe674.oe674 (.text:free)
                  00802fe0    00000040     libmathutils.ae674 : mathutils.oe674 (.text:mathUtils_floorLog2)
                  00803020    00000040     librangeproc_hwa_xwr18xx.ae674 : rangeprochwa.oe674 (.text:rangeProcHWA_EDMA_transferCompletionCallbackFxn)
                  00803060    00000040     mmw_dss_pe674.oe674 (.text:ti_sysbios_BIOS_exitFunc__I)
                  008030a0    00000040     mmw_dss_pe674.oe674 (.text:ti_sysbios_BIOS_rtsLock__I)
                  008030e0    00000040     mmw_dss_pe674.oe674 (.text:ti_sysbios_BIOS_rtsUnlock__I)
                  00803120    00000040     sysbios.ae674 : BIOS.obj (.text:ti_sysbios_family_c64p_Hwi_disableInterrupt__E)
                  00803160    00000040                   : BIOS.obj (.text:ti_sysbios_family_c64p_Hwi_enableInterrupt__E)
                  008031a0    00000040     mmw_dss_pe674.oe674 (.text:ti_sysbios_gates_GateHwi_Handle__label__S)
                  008031e0    00000040     mmw_dss_pe674.oe674 (.text:ti_sysbios_gates_GateHwi_Object__delete__S)
                  00803220    00000040     mmw_dss_pe674.oe674 (.text:ti_sysbios_gates_GateMutex_Handle__label__S)
                  00803260    00000040     sysbios.ae674 : BIOS.obj (.text:ti_sysbios_gates_GateMutex_Instance_init__E)
                  008032a0    00000040                   : BIOS.obj (.text:ti_sysbios_gates_GateMutex_leave__E)
                  008032e0    00000040     mmw_dss_pe674.oe674 (.text:ti_sysbios_heaps_HeapMem_Handle__label__S)
                  00803320    00000040     mmw_dss_pe674.oe674 (.text:ti_sysbios_heaps_HeapMem_Object__delete__S)
                  00803360    00000040     mmw_dss_pe674.oe674 (.text:ti_sysbios_heaps_HeapMem_Object__get__S)
                  008033a0    00000040     mmw_dss_pe674.oe674 (.text:ti_sysbios_knl_Semaphore_destruct)
                  008033e0    00000040     mmw_dss_pe674.oe674 (.text:ti_sysbios_knl_Swi_Object__get__S)
                  00803420    00000040     mmw_dss_pe674.oe674 (.text:ti_sysbios_knl_Task_Object__get__S)
                  00803460    00000040     sysbios.ae674 : BIOS.obj (.text:ti_sysbios_timers_rti_Timer_periodicStub__E)
                  008034a0    00000040                   : BIOS.obj (.text:xdc_runtime_Error_init__E)
                  008034e0    00000040     mmw_dss_pe674.oe674 (.text:xdc_runtime_LoggerBuf_Handle__label__S)
                  00803520    00000040     sysbios.ae674 : BIOS.obj (.text:xdc_runtime_LoggerBuf_Instance_finalize__E)
                  00803560    00000040     mmw_dss_pe674.oe674 (.text:xdc_runtime_LoggerBuf_Object__get__S)
                  008035a0    00000040     sysbios.ae674 : BIOS.obj (.text:xdc_runtime_LoggerBuf_write0__E)
                  008035e0    00000040                   : BIOS.obj (.text:xdc_runtime_LoggerBuf_write1__E)
                  00803620    00000040                   : BIOS.obj (.text:xdc_runtime_LoggerBuf_write2__E)
                  00803660    00000040     mmw_dss_pe674.oe674 (.text:xdc_runtime_System_aprintf__E)
                  008036a0    00000040     mmw_dss_pe674.oe674 (.text:xdc_runtime_System_printf__E)
                  008036e0    00000020     libcfarcaproc_hwa_xwr18xx.ae674 : cfarcaprochwa.oe674 (.text:CFARCAHWADoneIsrCallback)
                  00803700    00000020     objectdetection.oe674 (.text:DPC_ObjDet_GetRangeWinGenLen)
                  00803720    00000020     objectdetection.oe674 (.text:DPC_ObjDet_MemPoolReset)
                  00803740    00000020     libdpm_xwr18xx.ae674 : dpm_core.oe674 (.text:DPM_chirpISR)
                  00803760    00000020                          : dpm_core.oe674 (.text:DPM_frameStartISR)
                  00803780    00000020                          : dpm_mailbox.oe674 (.text:DPM_mboxSynch)
                  008037a0    00000020     libaoa2dproc_hwa_xwr18xx.ae674 : aoa2dprochwa.oe674 (.text:DPU_AoAProcHWA_getNumHwaParamSets)
                  008037c0    00000020     libdopplerproc_hwa_xwr18xx.ae674 : dopplerprochwa.oe674 (.text:DPU_DopplerProcHWA_edmaDoneIsrCallback)
                  008037e0    00000020                                      : dopplerprochwa.oe674 (.text:DPU_DopplerProcHWA_hwaDoneIsrCallback)
                  00803800    00000020     libedma_xwr18xx.ae674 : edma_low_level.oe674 (.text:EDMA3ChannelToParamMap)
                  00803820    00000020                           : edma_low_level.oe674 (.text:EDMA3ClrCCErr)
                  00803840    00000020                           : edma_low_level.oe674 (.text:EDMA3DisableQdmaEvt)
                  00803860    00000020                           : edma_low_level.oe674 (.text:EDMA3EnableQdmaEvt)
                  00803880    00000020                           : edma_low_level.oe674 (.text:EDMA3ErrIntrHighStatusGet)
                  008038a0    00000020                           : edma_low_level.oe674 (.text:EDMA3GetCCErrStatus)
                  008038c0    00000020                           : edma_low_level.oe674 (.text:EDMA3GetErrIntrStatus)
                  008038e0    00000020                           : edma_low_level.oe674 (.text:EDMA3GetIntrStatus)
                  00803900    00000020                           : edma_low_level.oe674 (.text:EDMA3IntrStatusHighGet)
                  00803920    00000020                           : edma_low_level.oe674 (.text:EDMA3QdmaClrMissEvt)
                  00803940    00000020                           : edma_low_level.oe674 (.text:EDMA3QdmaGetErrIntrStatus)
                  00803960    00000020                           : edma_low_level.oe674 (.text:EDMAsetRegion)
                  00803980    00000020     libhwa_xwr18xx.ae674 : hwa.oe674 (.text:HWA_init)
                  008039a0    00000020     libosal_xwr18xx.ae674 : HwiP_tirtos.oe674 (.text:HwiP_Params_init)
                  008039c0    00000020                           : HwiP_tirtos.oe674 (.text:HwiP_disable)
                  008039e0    00000020                           : HwiP_tirtos.oe674 (.text:HwiP_disableInterrupt)
                  00803a00    00000020                           : HwiP_tirtos.oe674 (.text:HwiP_enableInterrupt)
                  00803a20    00000020                           : HwiP_tirtos.oe674 (.text:HwiP_restore)
                  00803a40    00000020                           : MemoryP_tirtos.oe674 (.text:MemoryP_ctrlAlloc)
                  00803a60    00000020                           : MemoryP_tirtos.oe674 (.text:MemoryP_ctrlFree)
                  00803a80    00000020                           : MemoryP_tirtos.oe674 (.text:MemoryP_getStats)
                  00803aa0    00000020     dss_main.oe674 (.text:MmwDemo_sleep)
                  00803ac0    00000020     libsoc_xwr18xx.ae674 : soc_xwr18xx.oe674 (.text:SOC_ungateClock)
                  00803ae0    00000020     libosal_xwr18xx.ae674 : SemaphoreP_tirtos.oe674 (.text:SemaphoreP_Params_init)
                  00803b00    00000020                           : SemaphoreP_tirtos.oe674 (.text:SemaphoreP_delete)
                  00803b20    00000020                           : SemaphoreP_tirtos.oe674 (.text:SemaphoreP_pend)
                  00803b40    00000020                           : SemaphoreP_tirtos.oe674 (.text:SemaphoreP_post)
                  00803b60    00000020                           : DebugP_tirtos.oe674 (.text:_DebugP_assert)
                  00803b80    00000020     rts6740_elf.lib : errno.c.obj (.text:__c6xabi_errno_addr)
                  00803ba0    00000020                     : trunc.c.obj (.text:__c6xabi_trunc)
                  00803bc0    00000020                     : push.asm.obj (.text:__pop_rts)
                  00803be0    00000020                     : push.asm.obj (.text:__push_rts)
                  00803c00    00000020                     : _lock.c.obj (.text:_nop)
                  00803c20    00000020                     : _lock.c.obj (.text:_register_lock)
                  00803c40    00000020                     : _lock.c.obj (.text:_register_unlock)
                  00803c60    00000020     sysbios.ae674 : c62_TaskSupport_asm.obj (.text:_ti_sysbios_family_c62_TaskSupport_glue)
                  00803c80    00000020     rts6740_elf.lib : exit.c.obj (.text:abort)
                  00803ca0    00000020     libmathutils.ae674 : mathutils.oe674 (.text:mathUtils_ceilLog2)
                  00803cc0    00000020     rts6740_elf.lib : fputc.c.obj (.text:putchar)
                  00803ce0    00000020     librangeproc_hwa_xwr18xx.ae674 : rangeprochwa.oe674 (.text:rangeProcHWADoneIsrCallback)
                  00803d00    00000020     mmw_dss_pe674.oe674 (.text:ti_sysbios_BIOS_RtsGateProxy_enter__E)
                  00803d20    00000020     mmw_dss_pe674.oe674 (.text:ti_sysbios_BIOS_RtsGateProxy_leave__E)
                  00803d40    00000020     sysbios.ae674 : BIOS.obj (.text:ti_sysbios_BIOS_getCpuFreq__E)
                  00803d60    00000020                   : BIOS.obj (.text:ti_sysbios_BIOS_linkedWithIncorrectBootLibrary__E)
                  00803d80    00000020     mmw_dss_pe674.oe674 (.text:ti_sysbios_BIOS_nullFunc__I)
                  00803da0    00000020     sysbios.ae674 : BIOS.obj (.text:ti_sysbios_BIOS_setThreadType__E)
                  00803dc0    00000020                   : BIOS.obj (.text:ti_sysbios_BIOS_start__E)
                  00803de0    00000020     mmw_dss_pe674.oe674 (.text:ti_sysbios_family_c62_TaskSupport_Module__startupDone__S)
                  00803e00    00000020     sysbios.ae674 : BIOS.obj (.text:ti_sysbios_family_c62_TaskSupport_checkStack__E)
                  00803e20    00000020                   : BIOS.obj (.text:ti_sysbios_family_c62_TaskSupport_getStackAlignment__E)
                  00803e40    00000020     mmw_dss_pe674.oe674 (.text:ti_sysbios_family_c64p_Hwi_Module__startupDone__F)
                  00803e60    00000020     sysbios.ae674 : BIOS.obj (.text:ti_sysbios_family_c64p_Hwi_clearInterrupt__E)
                  00803e80    00000020                   : BIOS.obj (.text:ti_sysbios_family_c64p_Hwi_startup__E)
                  00803ea0    00000020                   : BIOS.obj (.text:ti_sysbios_family_c64p_Hwi_switchFromBootStack__E)
                  00803ec0    00000020                   : BIOS.obj (.text:ti_sysbios_family_c64p_TimestampProvider_Module_startup__E)
                  00803ee0    00000020                   : BIOS.obj (.text:ti_sysbios_family_c64p_TimestampProvider_get32__E)
                  00803f00    00000020                   : BIOS.obj (.text:ti_sysbios_family_c64p_TimestampProvider_get64__E)
                  00803f20    00000020                   : BIOS.obj (.text:ti_sysbios_gates_GateHwi_Instance_init__E)
                  00803f40    00000020                   : BIOS.obj (.text:ti_sysbios_gates_GateHwi_enter__E)
                  00803f60    00000020                   : BIOS.obj (.text:ti_sysbios_gates_GateHwi_leave__E)
                  00803f80    00000020                   : BIOS.obj (.text:ti_sysbios_gates_GateHwi_query__E)
                  00803fa0    00000020                   : BIOS.obj (.text:ti_sysbios_gates_GateMutex_Instance_finalize__E)
                  00803fc0    00000020                   : BIOS.obj (.text:ti_sysbios_gates_GateMutex_query__E)
                  00803fe0    00000020                   : BIOS.obj (.text:ti_sysbios_hal_Hwi_Module_startup__E)
                  00804000    00000020     mmw_dss_pe674.oe674 (.text:ti_sysbios_heaps_HeapBuf_Object__get__S)
                  00804020    00000020     mmw_dss_pe674.oe674 (.text:ti_sysbios_heaps_HeapMem_Module_GateProxy_enter__E)
                  00804040    00000020     mmw_dss_pe674.oe674 (.text:ti_sysbios_heaps_HeapMem_Module_GateProxy_leave__E)
                  00804060    00000020     sysbios.ae674 : BIOS.obj (.text:ti_sysbios_heaps_HeapMem_isBlocking__E)
                  00804080    00000020     mmw_dss_pe674.oe674 (.text:ti_sysbios_knl_Clock_TimerProxy_getMaxTicks__E)
                  008040a0    00000020     sysbios.ae674 : BIOS.obj (.text:ti_sysbios_knl_Clock_logTick__E)
                  008040c0    00000020                   : BIOS.obj (.text:ti_sysbios_knl_Idle_loop__E)
                  008040e0    00000020                   : BIOS.obj (.text:ti_sysbios_knl_Queue_Instance_init__E)
                  00804100    00000020     mmw_dss_pe674.oe674 (.text:ti_sysbios_knl_Queue_Object__get__S)
                  00804120    00000020     mmw_dss_pe674.oe674 (.text:ti_sysbios_knl_Queue_destruct)
                  00804140    00000020     sysbios.ae674 : BIOS.obj (.text:ti_sysbios_knl_Queue_empty__E)
                  00804160    00000020                   : BIOS.obj (.text:ti_sysbios_knl_Semaphore_Instance_finalize__E)
                  00804180    00000020     mmw_dss_pe674.oe674 (.text:ti_sysbios_knl_Semaphore_Params__init__S)
                  008041a0    00000020     mmw_dss_pe674.oe674 (.text:ti_sysbios_knl_Semaphore_delete)
                  008041c0    00000020     sysbios.ae674 : BIOS.obj (.text:ti_sysbios_knl_Swi_disable__E)
                  008041e0    00000020     mmw_dss_pe674.oe674 (.text:ti_sysbios_knl_Task_Params__init__S)
                  00804200    00000020     sysbios.ae674 : BIOS.obj (.text:ti_sysbios_knl_Task_disable__E)
                  00804220    00000020                   : BIOS.obj (.text:ti_sysbios_knl_Task_startup__E)
                  00804240    00000020     mmw_dss_pe674.oe674 (.text:ti_sysbios_timers_rti_Timer_Module__startupDone__F)
                  00804260    00000020     sysbios.ae674 : BIOS.obj (.text:ti_sysbios_timers_rti_Timer_getMaxTicks__E)
                  00804280    00000020                   : BIOS.obj (.text:ti_sysbios_utils_Load_getCPULoad__E)
                  008042a0    00000020                   : BIOS.obj (.text:ti_sysbios_utils_Load_taskRegHook__E)
                  008042c0    00000020     mmw_dss_pe674.oe674 (.text:xdc_runtime_IHeap_alloc)
                  008042e0    00000020     mmw_dss_pe674.oe674 (.text:xdc_runtime_IHeap_free)
                  00804300    00000020     mmw_dss_pe674.oe674 (.text:xdc_runtime_IHeap_getStats)
                  00804320    00000020     mmw_dss_pe674.oe674 (.text:xdc_runtime_LoggerBuf_Module_GateProxy_enter__E)
                  00804340    00000020     mmw_dss_pe674.oe674 (.text:xdc_runtime_LoggerBuf_Module_GateProxy_leave__E)
                  00804360    00000020     sysbios.ae674 : BIOS.obj (.text:xdc_runtime_LoggerBuf_disable__E)
                  00804380    00000020                   : BIOS.obj (.text:xdc_runtime_LoggerBuf_enable__E)
                  008043a0    00000020                   : BIOS.obj (.text:xdc_runtime_Memory_free__E)
                  008043c0    00000020                   : BIOS.obj (.text:xdc_runtime_Memory_getStats__E)
                  008043e0    00000020     mmw_dss_pe674.oe674 (.text:xdc_runtime_Startup_exec__I)
                  00804400    00000020     mmw_dss_pe674.oe674 (.text:xdc_runtime_Startup_reset__I)
                  00804420    00000020     sysbios.ae674 : BIOS.obj (.text:xdc_runtime_Startup_rtsDone__E)
                  00804440    00000020                   : BIOS.obj (.text:xdc_runtime_SysStd_exit__E)
                  00804460    00000020                   : BIOS.obj (.text:xdc_runtime_SysStd_putch__E)
                  00804480    00000020                   : BIOS.obj (.text:xdc_runtime_SysStd_ready__E)
                  008044a0    00000020     mmw_dss_pe674.oe674 (.text:xdc_runtime_System_Module_GateProxy_enter__E)
                  008044c0    00000020     mmw_dss_pe674.oe674 (.text:xdc_runtime_System_Module_GateProxy_leave__E)
                  008044e0    00000020     sysbios.ae674 : BIOS.obj (.text:xdc_runtime_System_Module_startup__E)
                  00804500    00000020     mmw_dss_pe674.oe674 (.text:xdc_runtime_Text_visitRope__I)

.const.1   0    00804520    00000ae0     
                  00804520    00000630     sysbios.ae674 : BIOS.obj (.const:.string)
                  00804b50    00000340     dss_main.oe674 (.const:.string)
                  00804e90    000000e0     mmw_dss_pe674.oe674 (.const:xdc_runtime_Text_nodeTab__A)
                  00804f70    00000074     mmw_dss_pe674.oe674 (.const:.string)
                  00804fe4    0000001c     libosal_xwr18xx.ae674 : HwiP_tirtos.oe674 (.const:.string)

.dpc_l2Heap 
*          0    00805000    0000c400     UNINITIALIZED
                  00805000    0000c400     dss_main.oe674 (.dpc_l2Heap)

systemHeap 
*          0    00811400    00008000     UNINITIALIZED
                  00811400    00008000     mmw_dss_pe674.oe674 (systemHeap)

.const.2   0    00819400    0000244a     
                  00819400    00001a59     mmw_dss_pe674.oe674 (.const:xdc_runtime_Text_charTab__A)
                  0081ae59    00000001     --HOLE-- [fill = 0]
                  0081ae5a    00000002     mmw_dss_pe674.oe674 (.const:ti_sysbios_family_c64p_Cache_Module__id__C)
                  0081ae5c    00000230     objectdetection.oe674 (.const:.string)
                  0081b08c    00000058     libedma_xwr18xx.ae674 : edma.oe674 (.const:.string)
                  0081b0e4    0000004c     libmailbox_xwr18xx.ae674 : mailbox.oe674 (.const:.string)
                  0081b130    00000044     mmw_dss_pe674.oe674 (.const:ti_sysbios_knl_Task_Object__PARAMS__C)
                  0081b174    00000004     mmw_dss_pe674.oe674 (.const:ti_sysbios_family_c62_TaskSupport_stackAlignment__C)
                  0081b178    00000040     libhwa_xwr18xx.ae674 : hwa.oe674 (.const:gHwaTrigSignatures)
                  0081b1b8    0000003c     libsoc_xwr18xx.ae674 : soc_xwr18xx_dss.oe674 (.const:.string)
                  0081b1f4    0000003c     mmw_dss_pe674.oe674 (.const:xdc_runtime_LoggerBuf_Module__FXNS__C)
                  0081b230    00000038     libedma_xwr18xx.ae674 : edma_xwr1xxx.oe674 (.const:gEdmaHwAttrs)
                  0081b268    00000034     mmw_dss_pe674.oe674 (.const:xdc_runtime_Startup_sfxnTab__A)
                  0081b29c    00000004     mmw_dss_pe674.oe674 (.const:ti_sysbios_family_c64p_Cache_E_invalidL1CacheSize__C)
                  0081b2a0    00000028     libdpm_xwr18xx.ae674 : dpm_msg.oe674 (.const:gDPMMessageFxnTable)
                  0081b2c8    00000028     mmw_dss_pe674.oe674 (.const:ti_sysbios_heaps_HeapMem_Module__FXNS__C)
                  0081b2f0    00000028     mmw_dss_pe674.oe674 (.const:xdc_runtime_LoggerBuf_Object__PARAMS__C)
                  0081b318    00000024     libmailbox_xwr18xx.ae674 : mailbox.oe674 (.const:Mailbox_defaultCfg)
                  0081b33c    00000024     mmw_dss_pe674.oe674 (.const:ti_sysbios_gates_GateHwi_Module__FXNS__C)
                  0081b360    00000024     mmw_dss_pe674.oe674 (.const:ti_sysbios_gates_GateMutex_Module__FXNS__C)
                  0081b384    00000024     mmw_dss_pe674.oe674 (.const:ti_sysbios_heaps_HeapMem_Object__PARAMS__C)
                  0081b3a8    00000024     mmw_dss_pe674.oe674 (.const:ti_sysbios_knl_Semaphore_Object__PARAMS__C)
                  0081b3cc    00000020     libhwa_xwr18xx.ae674 : hwa.oe674 (.const:$P$T0$1)
                  0081b3ec    00000020                          : hwa.oe674 (.const:.string)
                  0081b40c    00000020     libosal_xwr18xx.ae674 : SemaphoreP_tirtos.oe674 (.const:.string)
                  0081b42c    00000020     mmw_dss_pe674.oe674 (.const:ti_sysbios_gates_GateHwi_Object__DESC__C)
                  0081b44c    00000020     mmw_dss_pe674.oe674 (.const:ti_sysbios_gates_GateMutex_Object__DESC__C)
                  0081b46c    00000020     mmw_dss_pe674.oe674 (.const:ti_sysbios_heaps_HeapMem_Object__DESC__C)
                  0081b48c    00000020     mmw_dss_pe674.oe674 (.const:ti_sysbios_knl_Queue_Object__DESC__C)
                  0081b4ac    00000020     mmw_dss_pe674.oe674 (.const:ti_sysbios_knl_Semaphore_Object__DESC__C)
                  0081b4cc    00000020     mmw_dss_pe674.oe674 (.const:ti_sysbios_knl_Task_Object__DESC__C)
                  0081b4ec    00000020     mmw_dss_pe674.oe674 (.const:xdc_runtime_LoggerBuf_Object__DESC__C)
                  0081b50c    00000004     mmw_dss_pe674.oe674 (.const:ti_sysbios_family_c64p_Cache_E_invalidL2CacheSize__C)
                  0081b510    0000001a     mmw_dss_pe674.oe674 (.const:xdc_runtime_Startup_sfxnRts__A)
                  0081b52a    00000002     mmw_dss_pe674.oe674 (.const:ti_sysbios_family_c64p_EventCombiner_Module__id__C)
                  0081b52c    00000018     mmw_dss_pe674.oe674 (.const:ti_sysbios_gates_GateHwi_Object__PARAMS__C)
                  0081b544    00000018     mmw_dss_pe674.oe674 (.const:ti_sysbios_gates_GateMutex_Object__PARAMS__C)
                  0081b55c    00000018     mmw_dss_pe674.oe674 (.const:ti_sysbios_knl_Queue_Object__PARAMS__C)
                  0081b574    00000004     mmw_dss_pe674.oe674 (.const:ti_sysbios_family_c64p_Cache_MAR0_31__C)
                  0081b578    00000018     mmw_dss_pe674.oe674 (.const:ti_sysbios_knl_Task_hooks__A)
                  0081b590    00000014     data_path.oe674 (.const:.string)
                  0081b5a4    00000014     libdpm_xwr18xx.ae674 : dpm_mailbox.oe674 (.const:.string)
                  0081b5b8    00000010                          : dpm_core.oe674 (.const:.string)
                  0081b5c8    00000010                          : dpm_msg.oe674 (.const:.string)
                  0081b5d8    00000010                          : dpm_pipe.oe674 (.const:.string)
                  0081b5e8    00000010     libedma_xwr18xx.ae674 : edma.oe674 (.const:EDMA_config$1)
                  0081b5f8    00000010     mmw_dss_pe674.oe674 (.const:ti_sysbios_family_c64p_EventCombiner_EVTMASK__C)
                  0081b608    0000000c     mmw_dss_pe674.oe674 (.const:ti_sysbios_knl_Idle_funcList__A)
                  0081b614    00000008     mmw_dss_pe674.oe674 (.const:ti_sysbios_knl_Idle_funcList__C)
                  0081b61c    00000008     mmw_dss_pe674.oe674 (.const:ti_sysbios_knl_Task_hooks__C)
                  0081b624    00000004     mmw_dss_pe674.oe674 (.const:ti_sysbios_family_c64p_Cache_MAR128_159__C)
                  0081b628    00000008     mmw_dss_pe674.oe674 (.const:xdc_runtime_Startup_firstFxns__A)
                  0081b630    00000008     mmw_dss_pe674.oe674 (.const:xdc_runtime_Startup_firstFxns__C)
                  0081b638    00000008     mmw_dss_pe674.oe674 (.const:xdc_runtime_Startup_lastFxns__C)
                  0081b640    00000004     mmw_dss_pe674.oe674 (.const:ti_sysbios_family_c64p_Cache_MAR160_191__C)
                  0081b644    00000004     mmw_dss_pe674.oe674 (.const:ti_sysbios_family_c64p_Cache_MAR192_223__C)
                  0081b648    00000004     mmw_dss_pe674.oe674 (.const:ti_sysbios_family_c64p_Cache_MAR224_255__C)
                  0081b64c    00000004     mmw_dss_pe674.oe674 (.const:ti_sysbios_family_c64p_Cache_MAR32_63__C)
                  0081b650    00000004     mmw_dss_pe674.oe674 (.const:ti_sysbios_family_c64p_Cache_MAR64_95__C)
                  0081b654    00000004     mmw_dss_pe674.oe674 (.const:ti_sysbios_family_c64p_Cache_MAR96_127__C)
                  0081b658    00000004     mmw_dss_pe674.oe674 (.const:ti_sysbios_family_c64p_EventCombiner_A_invalidEventId__C)
                  0081b65c    00000004     mmw_dss_pe674.oe674 (.const:ti_sysbios_family_c64p_EventCombiner_EVTRegs__C)
                  0081b660    00000004     mmw_dss_pe674.oe674 (.const:ti_sysbios_family_c64p_EventCombiner_E_unpluggedEvent__C)
                  0081b664    00000004     mmw_dss_pe674.oe674 (.const:ti_sysbios_family_c64p_EventCombiner_Module__diagsEnabled__C)
                  0081b668    00000004     mmw_dss_pe674.oe674 (.const:ti_sysbios_family_c64p_EventCombiner_Module__diagsIncluded__C)
                  0081b66c    00000004     mmw_dss_pe674.oe674 (.const:ti_sysbios_family_c64p_EventCombiner_Module__diagsMask__C)
                  0081b670    00000004     mmw_dss_pe674.oe674 (.const:ti_sysbios_family_c64p_Exception_E_exceptionMax__C)
                  0081b674    00000004     mmw_dss_pe674.oe674 (.const:ti_sysbios_family_c64p_Exception_exceptionHook__C)
                  0081b678    00000004     mmw_dss_pe674.oe674 (.const:ti_sysbios_family_c64p_Exception_externalHook__C)
                  0081b67c    00000004     mmw_dss_pe674.oe674 (.const:ti_sysbios_family_c64p_Exception_internalHook__C)
                  0081b680    00000004     mmw_dss_pe674.oe674 (.const:ti_sysbios_family_c64p_Exception_nmiHook__C)
                  0081b684    00000004     mmw_dss_pe674.oe674 (.const:ti_sysbios_family_c64p_Hwi_INTRMUX1Address__C)
                  0081b688    00000004     mmw_dss_pe674.oe674 (.const:ti_sysbios_gates_GateMutex_A_badContext__C)
                  0081b68c    00000004     mmw_dss_pe674.oe674 (.const:ti_sysbios_gates_GateMutex_Instance_State_sem__O)
                  0081b690    00000004     mmw_dss_pe674.oe674 (.const:ti_sysbios_gates_GateMutex_Module__diagsEnabled__C)
                  0081b694    00000004     mmw_dss_pe674.oe674 (.const:ti_sysbios_gates_GateMutex_Module__diagsIncluded__C)
                  0081b698    00000004     mmw_dss_pe674.oe674 (.const:ti_sysbios_gates_GateMutex_Module__diagsMask__C)
                  0081b69c    00000004     mmw_dss_pe674.oe674 (.const:ti_sysbios_hal_Hwi_E_stackOverflow__C)
                  0081b6a0    00000004     mmw_dss_pe674.oe674 (.const:ti_sysbios_heaps_HeapBuf_Instance_State_freeList__O)
                  0081b6a4    00000004     mmw_dss_pe674.oe674 (.const:ti_sysbios_heaps_HeapBuf_Object__count__C)
                  0081b6a8    00000004     mmw_dss_pe674.oe674 (.const:ti_sysbios_heaps_HeapBuf_numConstructedHeaps__C)
                  0081b6ac    00000004     mmw_dss_pe674.oe674 (.const:ti_sysbios_heaps_HeapMem_A_align__C)
                  0081b6b0    00000004     mmw_dss_pe674.oe674 (.const:ti_sysbios_heaps_HeapMem_A_heapSize__C)
                  0081b6b4    00000004     mmw_dss_pe674.oe674 (.const:ti_sysbios_heaps_HeapMem_A_invalidFree__C)
                  0081b6b8    00000004     mmw_dss_pe674.oe674 (.const:ti_sysbios_heaps_HeapMem_A_zeroBlock__C)
                  0081b6bc    00000004     mmw_dss_pe674.oe674 (.const:ti_sysbios_heaps_HeapMem_E_memory__C)
                  0081b6c0    00000004     mmw_dss_pe674.oe674 (.const:ti_sysbios_heaps_HeapMem_Module__diagsEnabled__C)
                  0081b6c4    00000004     mmw_dss_pe674.oe674 (.const:ti_sysbios_heaps_HeapMem_Module__diagsIncluded__C)
                  0081b6c8    00000004     mmw_dss_pe674.oe674 (.const:ti_sysbios_heaps_HeapMem_Module__diagsMask__C)
                  0081b6cc    00000004     mmw_dss_pe674.oe674 (.const:ti_sysbios_heaps_HeapMem_Module__gateObj__C)
                  0081b6d0    00000004     mmw_dss_pe674.oe674 (.const:ti_sysbios_heaps_HeapMem_Object__count__C)
                  0081b6d4    00000004     mmw_dss_pe674.oe674 (.const:ti_sysbios_heaps_HeapMem_reqAlign__C)
                  0081b6d8    00000004     mmw_dss_pe674.oe674 (.const:ti_sysbios_knl_Clock_Module_State_clockQ__O)
                  0081b6dc    00000004     mmw_dss_pe674.oe674 (.const:ti_sysbios_knl_Semaphore_A_badContext__C)
                  0081b6e0    00000004     mmw_dss_pe674.oe674 (.const:ti_sysbios_knl_Semaphore_A_noEvents__C)
                  0081b6e4    00000004     mmw_dss_pe674.oe674 (.const:ti_sysbios_knl_Semaphore_A_overflow__C)
                  0081b6e8    00000004     mmw_dss_pe674.oe674 (.const:ti_sysbios_knl_Semaphore_A_pendTaskDisabled__C)
                  0081b6ec    00000004     mmw_dss_pe674.oe674 (.const:ti_sysbios_knl_Semaphore_Instance_State_pendQ__O)
                  0081b6f0    00000004     mmw_dss_pe674.oe674 (.const:ti_sysbios_knl_Semaphore_Module__diagsEnabled__C)
                  0081b6f4    00000004     mmw_dss_pe674.oe674 (.const:ti_sysbios_knl_Semaphore_Module__diagsIncluded__C)
                  0081b6f8    00000004     mmw_dss_pe674.oe674 (.const:ti_sysbios_knl_Semaphore_Module__diagsMask__C)
                  0081b6fc    00000004     mmw_dss_pe674.oe674 (.const:ti_sysbios_knl_Swi_Object__count__C)
                  0081b700    00000004     mmw_dss_pe674.oe674 (.const:ti_sysbios_knl_Task_A_badPriority__C)
                  0081b704    00000004     mmw_dss_pe674.oe674 (.const:ti_sysbios_knl_Task_A_badTaskState__C)
                  0081b708    00000004     mmw_dss_pe674.oe674 (.const:ti_sysbios_knl_Task_A_badThreadType__C)
                  0081b70c    00000004     mmw_dss_pe674.oe674 (.const:ti_sysbios_knl_Task_A_badTimeout__C)
                  0081b710    00000004     mmw_dss_pe674.oe674 (.const:ti_sysbios_knl_Task_A_noPendElem__C)
                  0081b714    00000004     mmw_dss_pe674.oe674 (.const:ti_sysbios_knl_Task_A_sleepTaskDisabled__C)
                  0081b718    00000004     mmw_dss_pe674.oe674 (.const:ti_sysbios_knl_Task_E_spOutOfBounds__C)
                  0081b71c    00000004     mmw_dss_pe674.oe674 (.const:ti_sysbios_knl_Task_E_stackOverflow__C)
                  0081b720    00000004     mmw_dss_pe674.oe674 (.const:ti_sysbios_knl_Task_Module_State_inactiveQ__O)
                  0081b724    00000004     mmw_dss_pe674.oe674 (.const:ti_sysbios_knl_Task_Module__diagsEnabled__C)
                  0081b728    00000004     mmw_dss_pe674.oe674 (.const:ti_sysbios_knl_Task_Module__diagsIncluded__C)
                  0081b72c    00000004     mmw_dss_pe674.oe674 (.const:ti_sysbios_knl_Task_Module__diagsMask__C)
                  0081b730    00000004     mmw_dss_pe674.oe674 (.const:ti_sysbios_knl_Task_Object__count__C)
                  0081b734    00000004     mmw_dss_pe674.oe674 (.const:ti_sysbios_knl_Task_Object__heap__C)
                  0081b738    00000004     mmw_dss_pe674.oe674 (.const:ti_sysbios_knl_Task_allBlockedFunc__C)
                  0081b73c    00000004     mmw_dss_pe674.oe674 (.const:ti_sysbios_knl_Task_defaultStackHeap__C)
                  0081b740    00000004     mmw_dss_pe674.oe674 (.const:ti_sysbios_knl_Task_defaultStackSize__C)
                  0081b744    00000004     mmw_dss_pe674.oe674 (.const:ti_sysbios_knl_Task_numConstructedTasks__C)
                  0081b748    00000004     mmw_dss_pe674.oe674 (.const:ti_sysbios_timers_rti_Timer_E_cannotSupport__C)
                  0081b74c    00000004     mmw_dss_pe674.oe674 (.const:ti_sysbios_timers_rti_Timer_Module__diagsEnabled__C)
                  0081b750    00000004     mmw_dss_pe674.oe674 (.const:ti_sysbios_timers_rti_Timer_Module__diagsIncluded__C)
                  0081b754    00000004     mmw_dss_pe674.oe674 (.const:ti_sysbios_timers_rti_Timer_Module__diagsMask__C)
                  0081b758    00000004     mmw_dss_pe674.oe674 (.const:ti_sysbios_timers_rti_Timer_numTimerDevices__C)
[...]
0081b130  ti_sysbios_knl_Task_Object__PARAMS__C                        
0081b174  ti_sysbios_family_c62_TaskSupport_stackAlignment__C          
0081b1f4  xdc_runtime_LoggerBuf_Module__FXNS__C                        
0081b230  gEdmaHwAttrs                                                 
0081b268  xdc_runtime_Startup_sfxnTab__A                               
0081b29c  ti_sysbios_family_c64p_Cache_E_invalidL1CacheSize__C         
0081b2a0  gDPMMessageFxnTable                                          
0081b2c8  ti_sysbios_heaps_HeapMem_Module__FXNS__C                     
0081b2f0  xdc_runtime_LoggerBuf_Object__PARAMS__C                      
0081b318  Mailbox_defaultCfg                                           
0081b33c  ti_sysbios_gates_GateHwi_Module__FXNS__C                     
0081b360  ti_sysbios_gates_GateMutex_Module__FXNS__C                   
0081b384  ti_sysbios_heaps_HeapMem_Object__PARAMS__C                   
0081b3a8  ti_sysbios_knl_Semaphore_Object__PARAMS__C                   
0081b42c  ti_sysbios_gates_GateHwi_Object__DESC__C                     
0081b44c  ti_sysbios_gates_GateMutex_Object__DESC__C                   
0081b46c  ti_sysbios_heaps_HeapMem_Object__DESC__C                     
0081b48c  ti_sysbios_knl_Queue_Object__DESC__C                         
0081b4ac  ti_sysbios_knl_Semaphore_Object__DESC__C                     
0081b4cc  ti_sysbios_knl_Task_Object__DESC__C                          
0081b4ec  xdc_runtime_LoggerBuf_Object__DESC__C                        
0081b50c  ti_sysbios_family_c64p_Cache_E_invalidL2CacheSize__C         
0081b510  xdc_runtime_Startup_sfxnRts__A                               
0081b52a  ti_sysbios_family_c64p_EventCombiner_Module__id__C           
0081b52c  ti_sysbios_gates_GateHwi_Object__PARAMS__C                   
0081b544  ti_sysbios_gates_GateMutex_Object__PARAMS__C                 
0081b55c  ti_sysbios_knl_Queue_Object__PARAMS__C                       
0081b574  ti_sysbios_family_c64p_Cache_MAR0_31__C                      
0081b578  ti_sysbios_knl_Task_hooks__A                                 
0081b5f8  ti_sysbios_family_c64p_EventCombiner_EVTMASK__C              
0081b608  ti_sysbios_knl_Idle_funcList__A                              
0081b614  ti_sysbios_knl_Idle_funcList__C                              
0081b61c  ti_sysbios_knl_Task_hooks__C                                 
0081b624  ti_sysbios_family_c64p_Cache_MAR128_159__C                   
0081b628  xdc_runtime_Startup_firstFxns__A                             
0081b630  xdc_runtime_Startup_firstFxns__C                             
0081b638  xdc_runtime_Startup_lastFxns__C                              
0081b640  ti_sysbios_family_c64p_Cache_MAR160_191__C                   
0081b644  ti_sysbios_family_c64p_Cache_MAR192_223__C                   
0081b648  ti_sysbios_family_c64p_Cache_MAR224_255__C                   
0081b64c  ti_sysbios_family_c64p_Cache_MAR32_63__C                     
0081b650  ti_sysbios_family_c64p_Cache_MAR64_95__C                     
0081b654  ti_sysbios_family_c64p_Cache_MAR96_127__C                    
0081b658  ti_sysbios_family_c64p_EventCombiner_A_invalidEventId__C     
0081b65c  ti_sysbios_family_c64p_EventCombiner_EVTRegs__C              
0081b660  ti_sysbios_family_c64p_EventCombiner_E_unpluggedEvent__C     
0081b664  ti_sysbios_family_c64p_EventCombiner_Module__diagsEnabled__C 
0081b668  ti_sysbios_family_c64p_EventCombiner_Module__diagsIncluded__C
0081b66c  ti_sysbios_family_c64p_EventCombiner_Module__diagsMask__C    
0081b670  ti_sysbios_family_c64p_Exception_E_exceptionMax__C           
0081b674  ti_sysbios_family_c64p_Exception_exceptionHook__C            
0081b678  ti_sysbios_family_c64p_Exception_externalHook__C             
0081b67c  ti_sysbios_family_c64p_Exception_internalHook__C             
0081b680  ti_sysbios_family_c64p_Exception_nmiHook__C                  
0081b684  ti_sysbios_family_c64p_Hwi_INTRMUX1Address__C                
0081b688  ti_sysbios_gates_GateMutex_A_badContext__C                   
0081b68c  ti_sysbios_gates_GateMutex_Instance_State_sem__O             
0081b690  ti_sysbios_gates_GateMutex_Module__diagsEnabled__C           
0081b694  ti_sysbios_gates_GateMutex_Module__diagsIncluded__C          
0081b698  ti_sysbios_gates_GateMutex_Module__diagsMask__C              
0081b69c  ti_sysbios_hal_Hwi_E_stackOverflow__C                        
0081b6a0  ti_sysbios_heaps_HeapBuf_Instance_State_freeList__O          
0081b6a4  ti_sysbios_heaps_HeapBuf_Object__count__C                    
0081b6a8  ti_sysbios_heaps_HeapBuf_numConstructedHeaps__C              
0081b6ac  ti_sysbios_heaps_HeapMem_A_align__C                          
0081b6b0  ti_sysbios_heaps_HeapMem_A_heapSize__C                       
0081b6b4  ti_sysbios_heaps_HeapMem_A_invalidFree__C                    
0081b6b8  ti_sysbios_heaps_HeapMem_A_zeroBlock__C                      
0081b6bc  ti_sysbios_heaps_HeapMem_E_memory__C                         
0081b6c0  ti_sysbios_heaps_HeapMem_Module__diagsEnabled__C             
0081b6c4  ti_sysbios_heaps_HeapMem_Module__diagsIncluded__C            
0081b6c8  ti_sysbios_heaps_HeapMem_Module__diagsMask__C                
0081b6cc  ti_sysbios_heaps_HeapMem_Module__gateObj__C                  
0081b6d0  ti_sysbios_heaps_HeapMem_Object__count__C                    
0081b6d4  ti_sysbios_heaps_HeapMem_reqAlign__C                         
0081b6d8  ti_sysbios_knl_Clock_Module_State_clockQ__O                  
0081b6dc  ti_sysbios_knl_Semaphore_A_badContext__C                     
0081b6e0  ti_sysbios_knl_Semaphore_A_noEvents__C                       
0081b6e4  ti_sysbios_knl_Semaphore_A_overflow__C                       
0081b6e8  ti_sysbios_knl_Semaphore_A_pendTaskDisabled__C               
0081b6ec  ti_sysbios_knl_Semaphore_Instance_State_pendQ__O             
0081b6f0  ti_sysbios_knl_Semaphore_Module__diagsEnabled__C             
0081b6f4  ti_sysbios_knl_Semaphore_Module__diagsIncluded__C            
0081b6f8  ti_sysbios_knl_Semaphore_Module__diagsMask__C                
0081b6fc  ti_sysbios_knl_Swi_Object__count__C                          
0081b700  ti_sysbios_knl_Task_A_badPriority__C                         
0081b704  ti_sysbios_knl_Task_A_badTaskState__C                        
0081b708  ti_sysbios_knl_Task_A_badThreadType__C                       
0081b70c  ti_sysbios_knl_Task_A_badTimeout__C                          
0081b710  ti_sysbios_knl_Task_A_noPendElem__C                          
0081b714  ti_sysbios_knl_Task_A_sleepTaskDisabled__C                   
0081b718  ti_sysbios_knl_Task_E_spOutOfBounds__C                       
0081b71c  ti_sysbios_knl_Task_E_stackOverflow__C                       
0081b720  ti_sysbios_knl_Task_Module_State_inactiveQ__O                
0081b724  ti_sysbios_knl_Task_Module__diagsEnabled__C                  
0081b728  ti_sysbios_knl_Task_Module__diagsIncluded__C                 
0081b72c  ti_sysbios_knl_Task_Module__diagsMask__C                     
0081b730  ti_sysbios_knl_Task_Object__count__C                         
0081b734  ti_sysbios_knl_Task_Object__heap__C                          
0081b738  ti_sysbios_knl_Task_allBlockedFunc__C                        
0081b73c  ti_sysbios_knl_Task_defaultStackHeap__C                      
0081b740  ti_sysbios_knl_Task_defaultStackSize__C                      
0081b744  ti_sysbios_knl_Task_numConstructedTasks__C                   
0081b748  ti_sysbios_timers_rti_Timer_E_cannotSupport__C               
0081b74c  ti_sysbios_timers_rti_Timer_Module__diagsEnabled__C          
0081b750  ti_sysbios_timers_rti_Timer_Module__diagsIncluded__C         
0081b754  ti_sysbios_timers_rti_Timer_Module__diagsMask__C             
0081b758  ti_sysbios_timers_rti_Timer_numTimerDevices__C               
0081b75c  ti_sysbios_timers_rti_Timer_startupNeeded__C                 
0081b760  ti_sysbios_utils_Load_Module_State_taskList__O               
0081b764  ti_sysbios_utils_Load_Module__diagsEnabled__C                
0081b768  ti_sysbios_utils_Load_Module__diagsIncluded__C               
0081b76c  ti_sysbios_utils_Load_Module__diagsMask__C                   
0081b770  ti_sysbios_utils_Load_postUpdate__C                          
0081b774  ti_sysbios_utils_Load_windowInMs__C                          
0081b778  xdc_runtime_Assert_E_assertFailed__C                         
0081b77c  xdc_runtime_Core_A_initializedParams__C                      
0081b780  xdc_runtime_Core_Module__diagsEnabled__C                     
0081b784  xdc_runtime_Core_Module__diagsIncluded__C                    
0081b788  xdc_runtime_Core_Module__diagsMask__C                        
0081b78c  xdc_runtime_Error_E_memory__C                                
0081b790  xdc_runtime_Error_policyFxn__C                               
0081b794  xdc_runtime_Error_policy__C                                  
0081b798  xdc_runtime_Error_raiseHook__C                               
0081b79c  xdc_runtime_IFilterLogger_Interface__BASE__C                 
0081b7a0  xdc_runtime_IGateProvider_Interface__BASE__C                 
0081b7a4  xdc_runtime_IHeap_Interface__BASE__C                         
0081b7a8  xdc_runtime_ILogger_Interface__BASE__C                       
0081b7ac  xdc_runtime_IModule_Interface__BASE__C                       
0081b7b0  xdc_runtime_LoggerBuf_E_badLevel__C                          
0081b7b4  xdc_runtime_LoggerBuf_Module__gateObj__C                     
0081b7b8  xdc_runtime_LoggerBuf_Object__count__C                       
0081b7bc  xdc_runtime_LoggerBuf_statusLogger__C                        
0081b7c0  xdc_runtime_Main_Module__diagsEnabled__C                     
0081b7c4  xdc_runtime_Main_Module__diagsIncluded__C                    
0081b7c8  xdc_runtime_Main_Module__diagsMask__C                        
0081b7cc  xdc_runtime_Main_Module__loggerFxn1__C                       
0081b7d0  xdc_runtime_Main_Module__loggerFxn2__C                       
0081b7d4  xdc_runtime_Main_Module__loggerFxn4__C                       
0081b7d8  xdc_runtime_Main_Module__loggerObj__C                        
0081b7dc  xdc_runtime_Memory_defaultHeapInstance__C                    
0081b7e0  xdc_runtime_Startup_execImpl__C                              
0081b7e4  xdc_runtime_Startup_maxPasses__C                             
0081b7e8  xdc_runtime_Startup_sfxnRts__C                               
0081b7ec  xdc_runtime_Startup_sfxnTab__C                               
0081b7f0  xdc_runtime_System_Module__gateObj__C                        
0081b7f4  xdc_runtime_System_abortFxn__C                               
0081b7f8  xdc_runtime_System_exitFxn__C                                
0081b7fc  xdc_runtime_System_extendFxn__C                              
0081b800  xdc_runtime_System_maxAtexitHandlers__C                      
0081b804  xdc_runtime_Text_charTab__C                                  
0081b808  xdc_runtime_Text_nameEmpty__C                                
0081b80c  xdc_runtime_Text_nameStatic__C                               
0081b810  xdc_runtime_Text_nameUnknown__C                              
0081b814  xdc_runtime_Text_nodeTab__C                                  
0081b818  xdc_runtime_Text_visitRopeFxn__C                             
0081b81c  ti_sysbios_family_c64p_Exception_Module__id__C               
0081b81e  ti_sysbios_family_c64p_Exception_useInternalBuffer__C        
0081b820  ti_sysbios_gates_GateMutex_Module__id__C                     
0081b822  ti_sysbios_hal_Hwi_Module__id__C                             
0081b824  ti_sysbios_heaps_HeapMem_Module__id__C                       
0081b826  ti_sysbios_knl_Semaphore_Module__id__C                       
0081b828  ti_sysbios_knl_Task_Module__id__C                            
0081b82a  ti_sysbios_timers_rti_Timer_Module__id__C                    
0081b82c  ti_sysbios_timers_rti_Timer_continueOnSuspend__C             
0081b82e  ti_sysbios_utils_Load_Module__id__C                          
0081b830  ti_sysbios_utils_Load_autoAddTasks__C                        
0081b832  ti_sysbios_utils_Load_updateInIdle__C                        
0081b834  xdc_runtime_Core_Module__id__C                               
0081b836  xdc_runtime_Error_maxDepth__C                                
0081b838  xdc_runtime_LoggerBuf_Module__id__C                          
0081b83a  xdc_runtime_LoggerBuf_filterByLevel__C                       
0081b83c  xdc_runtime_Main_Module__id__C                               
0081b83e  xdc_runtime_Main_Module__loggerDefined__C                    
0081b840  xdc_runtime_Memory_Module__id__C                             
0081b842  xdc_runtime_Text_charCnt__C                                  
0081b844  xdc_runtime_Text_isLoaded__C                                 
0081b846  xdc_runtime_Text_registryModsLastId__C                       
0081b848  xdc_runtime_Text_unnamedModsLastId__C                        
0081b84c  __TI_STATIC_BASE                                             
0081b84c  gObjDetObj                                                   
0081b850  xdc_runtime_LoggerBuf_Instance_State_0_entryArr__A           
0081d628  ti_sysbios_knl_Task_Instance_State_0_stack__A                
0081d948  __TI_tmpnams                                                 
0081da88  gMmwDssMCB                                                   
0081db60  resultBuffer                                                 
0081db78  edmaDbg                                                      
0081db88  parmbuf                                                      
0081db90  ti_sysbios_knl_Task_Instance_State_0_hookEnv__A              
0081db98  ti_sysbios_family_c64p_EventCombiner_Module__state__V        
0081df98  _ftable                                                      
0081e178  _stream                                                      
0081e218  ti_sysbios_utils_Load_Module__state__V                       
0081e2b0  ti_sysbios_knl_Swi_Module_State_0_readyQ__A                  
0081e330  ti_sysbios_knl_Task_Module_State_0_readyQ__A                 
0081e3b0  _device                                                      
0081e428  ti_sysbios_family_c64p_Hwi_Object__table__V                  
0081e4a0  ti_sysbios_family_c64p_Hwi_Module__state__V                  
0081e50c  _lock                                                        
0081e510  ti_sysbios_knl_Task_Object__table__V                         
0081e56c  gMailboxMCB                                                  
0081e5bc  ti_sysbios_knl_Task_Module__state__V                         
0081e604  _unlock                                                      
0081e688  SOC_TranslateAddr_LUT                                        
0081e6c8  ti_sysbios_gates_GateMutex_Object__table__V                  
0081e708  ti_sysbios_timers_rti_Timer_Object__table__V                 
0081e744  __TI_ft_end                                                  
0081e748  gHWAHwCfg                                                    
0081e778  ti_sysbios_family_c64p_Exception_Module__state__V            
0081e7a8  ti_sysbios_knl_Swi_Object__table__V                          
0081e7d8  ti_sysbios_knl_Clock_Module__state__V                        
0081e804  gDPC_ObjectDetectionCfg                                      
0081e828  ti_sysbios_BIOS_Module__state__V                             
0081e84c  __errno                                                      
0081e84c  errno                                                        
0081e850  xdc_runtime_LoggerBuf_Object__table__V                       
0081e874  ti_sysbios_family_c64p_Cache_Module__state__V                
0081e878  gSOCHwAttrib                                                 
0081e898  xdc_runtime_Error_IgnoreBlock                                
0081e8b8  xdc_runtime_System_Module_State_0_atexitHandlers__A          
0081e8d8  ti_sysbios_knl_Swi_Module__state__V                          
0081e8f4  ti_sysbios_heaps_HeapBuf_Module__state__V                    
0081e8f8  ti_sysbios_utils_Load_Module_State_0_taskEnv__A              
0081e914  gMailboxDssBssHwCfg                                          
0081e92c  gMailboxDssMssHwCfg                                          
0081e944  xdc_runtime_Memory_Module__state__V                          
0081e948  ti_sysbios_heaps_HeapMem_Object__table__V                    
0081e960  ti_sysbios_timers_rti_Timer_Module_State_0_device__A         
0081e978  gDPMRemoteTable                                              
0081e98c  xdc_runtime_Error_Module__state__V                           
0081e98e  xdc_runtime_Main_Module__root__V                             
0081e990  gHwaEDMAChanMapping                                          
0081e9a0  ti_sysbios_timers_rti_Timer_Module_State_0_intFreqs__A       
0081e9b0  ti_sysbios_timers_rti_Timer_Module__state__V                 
0081e9c0  __TI_cleanup_ptr                                             
0081e9c4  __TI_dtors_ptr                                               
0081e9c8  __TI_enable_exit_profile_output                              
0081e9cc  ti_sysbios_knl_Task_Module__root__V                          
0081e9d8  gDPMHwAttrib                                                 
0081e9e0  ti_sysbios_gates_GateHwi_Module__root__V                     
0081e9e8  ti_sysbios_gates_GateMutex_Module__root__V                   
0081e9f0  ti_sysbios_hal_Hwi_Object__table__V                          
0081e9f8  ti_sysbios_heaps_HeapMem_Module__root__V                     
0081ea00  ti_sysbios_knl_Queue_Module__root__V                         
0081ea08  ti_sysbios_knl_Semaphore_Module__root__V                     
0081ea10  ti_sysbios_timers_rti_Timer_Module_State_0_handles__A        
0081ea18  xdc_runtime_LoggerBuf_Module__root__V                        
0081ea20  xdc_runtime_Registry_Module__state__V                        
0081ea28  xdc_runtime_Startup_Module__state__V                         
0081ea30  xdc_runtime_System_Module__state__V                          
0081ea38  xdc_runtime_LoggerBuf_Module__state__V                       
0081ea40  gHWADriverPtr                                                
0081ea48  ti_sysbios_gates_GateHwi_Object__table__V                    
0081ea50  ti_sysbios_knl_Task_Module_State_0_idleTask__A               
0081ea58  ti_sysbios_utils_Load_Module_State_0_runningTask__A          
0081ea60  ti_sysbios_utils_Load_Module_State_0_taskStartTime__A        
0081ea68  _stack                                                       
0081f268  __CIOBUF_                                                    
0081f268  __TI_STACK_END                                               
0081f458  gDPM                                                         
0081f45c  regionId                                                     
20000000  gMmwL3                                                       
21080000  gHSRAM                                                       
ffffffff  __TI_pprof_out_hndl                                          
ffffffff  __TI_prof_data_size                                          
ffffffff  __TI_prof_data_start                                         
ffffffff  __binit__                                                    
ffffffff  __c_args__                                                   
ffffffff  binit                                                        
UNDEFED   __TI_CINIT_Base                                              
UNDEFED   __TI_CINIT_Limit                                             
UNDEFED   __TI_Handler_Table_Base                                      
UNDEFED   __TI_Handler_Table_Limit                                     
UNDEFED   __TI_INITARRAY_Base                                          
UNDEFED   __TI_INITARRAY_Limit                                         
UNDEFED   __TI_TLS_INIT_Base                                           
UNDEFED   __TI_TLS_INIT_Limit                                          

[834 symbols]
