******************************************************************************
                  TI ARM Linker Unix v16.9.6                   
******************************************************************************
>> Linked Fri Oct  2 10:24:57 2020

OUTPUT FILE NAME:   <xwr68xx_sbl_mss.xer4f>
ENTRY POINT SYMBOL: "_c_int00"  address: 0000f1fc


MEMORY CONFIGURATION

         name            origin    length      used     unused   attr    fill
----------------------  --------  ---------  --------  --------  ----  --------
  VECTORS               00000000   00000100  0000003c  000000c4     X
  PROG_RAM              00000100   0003ff00  0000f4be  00030a42  RW X
  DATA_RAM              08000000   00030000  0001de6a  00012196  RW X


SEGMENT ALLOCATION MAP

run origin  load origin   length   init length attrs members
----------  ----------- ---------- ----------- ----- -------
00000000    00000000    0000003c   0000003c    r--
  00000000    00000000    0000003c   0000003c    r-- .vecs
0000f1a0    0000f1a0    00000428   00000428    r-x
  0000f1a0    0000f1a0    000000e8   000000e8    r-x tcmalibs
  0000f288    0000f288    00000340   00000340    r-- .cinit
08000000    00000100    0000cbb2   0000cbb2    r-x
  08000000    00000100    0000cbb2   0000cbb2    r-x .text
0800cbb8    0800cbb8    00008000   00000000    rw-
  0800cbb8    0800cbb8    00008000   00000000    rw- systemHeap
08014bc0    08014bc0    00004b80   00000000    rw-
  08014bc0    08014bc0    00004b80   00000000    rw- .bss
08019740    0000ccb8    000024e4   000024e4    r--
  08019740    0000ccb8    000024e4   000024e4    r-- .const
0801bc40    0801bc40    00002258   00000000    rw-
  0801bc40    0801bc40    00001000   00000000    rw- .stack
  0801cc40    0801cc40    00000a54   00000000    rw- .data
  0801d698    0801d698    00000800   00000000    rw- .myFiqStack


SECTION ALLOCATION MAP

 output                                  attributes/
section   page    origin      length       input sections
--------  ----  ----------  ----------   ----------------
.vecs      0    00000000    0000003c     
                  00000000    0000003c     sbl_per4ft.oer4ft (.vecs)

.myFiqStack 
*          0    0801d698    00000800     UNINITIALIZED
                  0801d698    00000800     sbl_per4ft.oer4ft (.myFiqStack)

xdc.meta   0    00000000    000000f5     COPY SECTION
                  00000000    000000f5     sbl_per4ft.oer4ft (xdc.meta)

.text      0    00000100    0000cbb2     RUN ADDR = 08000000
                  00000100    0000107a     rtsv7R4_T_le_v3D16_eabi.lib : _printfi.obj (.text)
                  0000117a    00000002     libqspiflash_xwr68xx.aer4f : qspiflash.oer4f (.text:QSPIFlash_init)
                  0000117c    00000547     image_validity.oer4f (.text:SBL_imageAuthentication)
                  000016c3    00000001     --HOLE-- [fill = 0]
                  000016c4    00000544     sbl.oer4f (.text:SBL_initTask)
                  00001c08    00000008     libosal_xwr68xx.aer4f : HwiP_tirtos.oer4f (.text:HwiP_disable)
                  00001c10    000004e1     sysbios.aer4ft : BIOS.obj (.text:xdc_runtime_System_doPrint__I)
                  000020f1    00000001     --HOLE-- [fill = 0]
                  000020f2    00000002     libqspi_xwr68xx.aer4f : qspi.oer4f (.text:QSPI_init)
                  000020f4    000003fc     image_parser.oer4f (.text:SBL_imageParser)
                  000024f0    000003c4     metaheader_parser.oer4f (.text:SBL_metaHeaderParser)
                  000028b4    00000380     transport.oer4f (.text:SBL_transportDownloadFile)
                  00002c34    00000314     libsoc_xwr68xx.aer4f : soc_xwr68xx_mss.oer4f (.text:SOC_deviceInit)
                  00002f48    00000008     libosal_xwr68xx.aer4f : SemaphoreP_tirtos.oer4f (.text:SemaphoreP_Params_init)
                  00002f50    000002e4     sysbios.aer4ft : BIOS.obj (.text:ti_sysbios_knl_Semaphore_pend__E)
                  00003234    000002cc     sbl.oer4f (.text:SBL_imageLoader)
                  00003500    000002b8     rtsv7R4_T_le_v3D16_eabi.lib : ull_div32.obj (.text)
                  000037b8    000002b0     libdma_xwr68xx.aer4f : dma.oer4f (.text:DMA_open)
                  00003a68    00000006     libosal_xwr68xx.aer4f : HwiP_tirtos.oer4f (.text:HwiP_restore)
                  00003a6e    00000002     libuart_xwr68xx.aer4f : uartsci.oer4f (.text:UartSci_init)
                  00003a70    000002a4     sysbios.aer4ft : BIOS.obj (.text:ti_sysbios_heaps_HeapMem_freeUnprotected__E)
                  00003d14    0000000c     transport.oer4f (.text:SBL_transportDeinit)
                  00003d20    00000280     sysbios.aer4ft : BIOS.obj (.text:ti_sysbios_family_arm_exc_Exception_excDumpContext__I)
                  00003fa0    0000026c     libqspiflash_xwr68xx.aer4f : qspiflash.oer4f (.text:QSPIFlash_open)
                  0000420c    00000004     libosal_xwr68xx.aer4f : HwiP_tirtos.oer4f (.text:HwiP_disableInterrupt)
                  00004210    0000022c     sysbios.aer4ft : BIOS.obj (.text:ti_sysbios_knl_Task_Instance_finalize__E)
                  0000443c    00000004     sbl_per4ft.oer4ft (.text:ti_sysbios_BIOS_RtsGateProxy_enter__E)
                  00004440    00000228     sysbios.aer4ft : BIOS.obj (.text:ti_sysbios_heaps_HeapMem_allocUnprotected__E)
                  00004668    00000214     libuart_xwr68xx.aer4f : uartsci.oer4f (.text:UartSci_open)
                  0000487c    00000200     libcrc_xwr68xx.aer4f : crc.oer4f (.text:CRC_open)
                  00004a7c    000001f0     libdma_xwr68xx.aer4f : dma.oer4f (.text:DMA_setChannelParams)
                  00004c6c    00000004     sbl_per4ft.oer4ft (.text:ti_sysbios_BIOS_RtsGateProxy_leave__E)
                  00004c70    000001d8     sysbios.aer4ft : BIOS.obj (.text:ti_sysbios_knl_Task_Module_startup__E)
                  00004e48    000001d4     multicoreimage_parser.oer4f (.text:SBL_multicoreImageParser)
                  0000501c    000001c8     rtsv7R4_T_le_v3D16_eabi.lib : fopen.obj (.text)
                  000051e4    0000000c     libuart_xwr68xx.aer4f : UART.oer4f (.text:UART_Params_init)
                  000051f0    000001c8     sysbios.aer4ft : BIOS.obj (.text:ti_sysbios_knl_Task_Instance_init__E)
                  000053b8    00000004     sbl_per4ft.oer4ft (.text:ti_sysbios_family_arm_TaskSupport_Module__startupDone__S)
                  000053bc    00000004     sbl_per4ft.oer4ft (.text:ti_sysbios_family_arm_v7r_vim_Hwi_delete)
                  000053c0    0000017c     sysbios.aer4ft : BIOS.obj (.text:ti_sysbios_family_arm_exc_Exception_excHandler__I)
                  0000553c    00000160     libqspi_xwr68xx.aer4f : qspi.oer4f (.text:QSPI_open)
                  0000569c    00000004     sbl_per4ft.oer4ft (.text:ti_sysbios_heaps_HeapMem_Module_GateProxy_enter__E)
                  000056a0    00000160     sysbios.aer4ft : BIOS.obj (.text:ti_sysbios_family_arm_v7r_vim_Hwi_reconfig__E)
                  00005800    0000014a     libuart_xwr68xx.aer4f : uartsci.oer4f (.text:UartSci_ISR)
                  0000594a    00000002     rtsv7R4_T_le_v3D16_eabi.lib : i_div0.obj (.text)
                  0000594c    00000144     libqspiflash_xwr68xx.aer4f : qspiflash.oer4f (.text:QSPIFlash_sysDmaRead)
                  00005a90    00000144     sysbios.aer4ft : BIOS.obj (.text:ti_sysbios_timers_rti_Timer_Module_startup__E)
                  00005bd4    00000140     sbl_xwr68xx.oer4f (.text:SBL_calculateImageOffset)
                  00005d14    0000000c     libuart_xwr68xx.aer4f : uartsci_dma.oer4f (.text:UartSci_isDMAEnabled)
                  00005d20    00000140     sysbios.aer4ft : BIOS.obj (.text:ti_sysbios_heaps_HeapMem_Instance_init__E)
                  00005e60    00000140                    : BIOS.obj (.text:xdc_runtime_Core_createObject__I)
                  00005fa0    0000013c                    : BIOS.obj (.text:ti_sysbios_family_arm_v7r_vim_Hwi_dispatchIRQC__I)
                  000060dc    00000138     rtsv7R4_T_le_v3D16_eabi.lib : fputs.obj (.text)
                  00006214    0000000c     sysbios.aer4ft : arm_IntrinsicsSupport_asm.obj (.text:_ti_sysbios_family_arm_IntrinsicsSupport_maxbitA)
                  00006220    00000134                    : BIOS.obj (.text:xdc_runtime_Startup_startMods__I)
                  00006354    0000000c     rtsv7R4_T_le_v3D16_eabi.lib : copy_zero_init.obj (.text:decompress:ZI)
                  00006360    00000130     sysbios.aer4ft : BIOS.obj (.text:xdc_runtime_Error_policyDefault__E)
                  00006490    00000128     image_validity.oer4f (.text:SBL_decryptImage)
                  000065b8    00000128     image_validity.oer4f (.text:SBL_imageValidationCheck)
                  000066e0    00000114     libsoc_xwr68xx.aer4f : soc_xwr68xx_mss.oer4f (.text:SOC_setPeripheralClock)
                  000067f4    0000000c     sbl_per4ft.oer4ft (.text:ti_sysbios_knl_Queue_Object__get__S)
                  00006800    0000010c     sysbios.aer4ft : BIOS.obj (.text:xdc_runtime_Core_constructObject__I)
                  0000690c    00000108     libdma_xwr68xx.aer4f : dma.oer4f (.text:DMA_disableInterrupt)
                  00006a14    00000104     sbl_xwr68xx.oer4f (.text:SBL_mpuConfigDefault)
                  00006b18    00000004     sbl_per4ft.oer4ft (.text:ti_sysbios_heaps_HeapMem_Module_GateProxy_leave__E)
                  00006b1c    00000004     sbl_per4ft.oer4ft (.text:ti_sysbios_knl_Clock_TimerProxy_getMaxTicks__E)
                  00006b20    00000104     sysbios.aer4ft : BIOS.obj (.text:ti_sysbios_timers_rti_Timer_getFreq__E)
                  00006c24    00000100     libdma_xwr68xx.aer4f : dma.oer4f (.text:DMA_clearChannelInterruptFlag)
                  00006d24    000000fc     libcrc_xwr68xx.aer4f : crc.oer4f (.text:CRC_computeSignature)
                  00006e20    000000f8     sbl_per4ft.oer4ft (.text:xdc_runtime_System_printfExtend__I)
                  00006f18    000000ec     rtsv7R4_T_le_v3D16_eabi.lib : s_scalbn.obj (.text)
                  00007004    0000000a     libosal_xwr68xx.aer4f : MemoryP_tirtos.oer4f (.text:MemoryP_ctrlFree)
                  0000700e    00000002     sbl_per4ft.oer4ft (.text:ti_sysbios_BIOS_nullFunc__I)
                  00007010    000000ec     sysbios.aer4ft : BIOS.obj (.text:ti_sysbios_heaps_HeapBuf_Module_startup__E)
                  000070fc    00000004     sbl_per4ft.oer4ft (.text:ti_sysbios_knl_Semaphore_delete)
                  00007100    000000e8     sysbios.aer4ft : BIOS.obj (.text:ti_sysbios_family_arm_v7r_vim_Hwi_Instance_init__E)
                  000071e8    000000e0     libdma_xwr68xx.aer4f : dma.oer4f (.text:DMA_enableInterrupt)
                  000072c8    000000de     sbl.oer4f (.text:SBL_imageFlasher)
                  000073a6    00000002     --HOLE-- [fill = 0]
                  000073a8    000000dc     rtsv7R4_T_le_v3D16_eabi.lib : setvbuf.obj (.text)
                  00007484    0000000a     libosal_xwr68xx.aer4f : SemaphoreP_tirtos.oer4f (.text:SemaphoreP_post)
                  0000748e    00000002     --HOLE-- [fill = 0]
                  00007490    000000dc     sysbios.aer4ft : BIOS.obj (.text:ti_sysbios_knl_Semaphore_post__E)
                  0000756c    000000d4     libqspiflash_xwr68xx.aer4f : qspiflash.oer4f (.text:QSPIFlash_singleWrite)
                  00007640    000000d0     sysbios.aer4ft : exc_Exception_asm.obj (.text:ti_sysbios_family_arm_exc_Exception_excHandlerAsm__I)
                  00007710    000000cc     rtsv7R4_T_le_v3D16_eabi.lib : fflush.obj (.text)
                  000077dc    00000004     sbl_per4ft.oer4ft (.text:xdc_runtime_System_Module_GateProxy_enter__E)
                  000077e0    000000cc     sysbios.aer4ft : BIOS.obj (.text:ti_sysbios_knl_Task_checkStacks__E)
                  000078ac    000000c8     libsoc_xwr68xx.aer4f : soc_xwr68xx.oer4f (.text:SOC_ungateClock)
                  00007974    0000000a     libuart_xwr68xx.aer4f : UART.oer4f (.text:UART_close)
                  0000797e    00000002     --HOLE-- [fill = 0]
                  00007980    000000c4     sysbios.aer4ft : BIOS.obj (.text:ti_sysbios_family_arm_v7r_vim_Hwi_Module_startup__E)
                  00007a44    0000000a     libuart_xwr68xx.aer4f : UART.oer4f (.text:UART_read)
                  00007a4e    00000002     --HOLE-- [fill = 0]
                  00007a50    000000c4     sysbios.aer4ft : BIOS.obj (.text:ti_sysbios_knl_Task_postInit__I)
                  00007b14    0000000a     libuart_xwr68xx.aer4f : UART.oer4f (.text:UART_writePolling)
                  00007b1e    00000002     --HOLE-- [fill = 0]
                  00007b20    000000c0     sysbios.aer4ft : BIOS.obj (.text:ti_sysbios_timers_rti_Timer_startup__E)
                  00007be0    000000bc     buffer_mgmt.oer4f (.text:SBL_bufferMgmt)
                  00007c9c    000000bc     rtsv7R4_T_le_v3D16_eabi.lib : open.obj (.text)
                  00007d58    000000b8     libdma_xwr68xx.aer4f : dma.oer4f (.text:DMA_getChannelInterruptFlag)
                  00007e10    000000b6     libsoc_xwr68xx.aer4f : soc_mpu.o (.text)
                  00007ec6    0000000a     sbl_per4ft.oer4ft (.text:xdc_runtime_IHeap_alloc)
                  00007ed0    000000b4     sysbios.aer4ft : BIOS.obj (.text:ti_sysbios_gates_GateMutex_enter__E)
                  00007f84    000000b2     libuart_xwr68xx.aer4f : uartsci_dma.oer4f (.text:UartSci_openDMA)
                  00008036    0000000a     sbl_per4ft.oer4ft (.text:xdc_runtime_IHeap_free)
                  00008040    000000b0     sysbios.aer4ft : BIOS.obj (.text:ti_sysbios_knl_Swi_restoreHwi__E)
                  000080f0    000000b0                    : BIOS.obj (.text:xdc_runtime_Text_putMod__E)
                  000081a0    000000ae     rtsv7R4_T_le_v3D16_eabi.lib : _io_perm.obj (.text)
                  0000824e    00000002     --HOLE-- [fill = 0]
                  00008250    000000a8     libpinmux_xwr68xx.aer4f : pinmux.oer4f (.text:Pinmux_Set_OverrideCtrl)
                  000082f8    000000a4     libdma_xwr68xx.aer4f : dma.oer4f (.text:DMA_assignChannel)
                  0000839c    000000a4     libsoc_xwr68xx.aer4f : soc_xwr68xx_mss.oer4f (.text:SOC_unhaltDSS)
                  00008440    000000a2     sysbios.aer4ft : BIOS.obj (.text:xdc_runtime_Text_putSite__E)
                  000084e2    00000002     --HOLE-- [fill = 0]
                  000084e4    000000a0     libqspiflash_xwr68xx.aer4f : qspiflash.oer4f (.text:QSPIFlash_configMmapRead)
                  00008584    000000a0                                : qspiflash_device_macronix.oer4f (.text:QSPIFlash_macronix_progQuadRead)
                  00008624    000000a0     auto_init.aer4ft : auto_init.oer4ft (.text)
                  000086c4    0000009c     libqspiflash_xwr68xx.aer4f : qspiflash_device_spansion.oer4f (.text:QSPIFlash_spansion_progQuadRead)
                  00008760    0000009c     libuart_xwr68xx.aer4f : uartsci.oer4f (.text:UartSci_write)
                  000087fc    0000009c     rtsv7R4_T_le_v3D16_eabi.lib : memcpy_t2.obj (.text)
                  00008898    00000004     sbl_per4ft.oer4ft (.text:xdc_runtime_System_Module_GateProxy_leave__E)
                  0000889c    00000004     --HOLE-- [fill = 0]
                  000088a0    0000009c     sysbios.aer4ft : BIOS.obj (.text:ti_sysbios_family_arm_v7r_vim_Hwi_initIntController__I)
                  0000893c    00000004     --HOLE-- [fill = 0]
                  00008940    0000009c                    : BIOS.obj (.text:ti_sysbios_family_arm_v7r_vim_Hwi_mapChannel__I)
                  000089dc    00000004     --HOLE-- [fill = 0]
                  000089e0    0000009c                    : BIOS.obj (.text:ti_sysbios_knl_Semaphore_Instance_init__E)
                  00008a7c    00000004     --HOLE-- [fill = 0]
                  00008a80    0000009c                    : BIOS.obj (.text:ti_sysbios_knl_Swi_runLoop__I)
                  00008b1c    00000098     rtsv7R4_T_le_v3D16_eabi.lib : fclose.obj (.text)
                  00008bb4    00000098                                 : fputc.obj (.text)
                  00008c4c    00000098     sysbios.aer4ft : vim_Hwi_asm_switch.obj (.text)
                  00008ce4    00000096     libuart_xwr68xx.aer4f : uartsci.oer4f (.text:UartSci_readChar)
                  00008d7a    00000094     sbl_xwr68xx.oer4f (.text:SBL_platformInit)
                  00008e0e    00000002     --HOLE-- [fill = 0]
                  00008e10    00000094     libsoc_xwr68xx.aer4f : soc_xwr68xx.oer4f (.text:SOC_gateClock)
                  00008ea4    00000094     sysbios.aer4ft : vim_Hwi_asm.obj (.text:ti_sysbios_family_arm_v7r_vim_Hwi_dispatchIRQ__I)
                  00008f38    00000090     libuart_xwr68xx.aer4f : uartsci_dma.oer4f (.text:UartSci_initiateTxDMA)
                  00008fc8    00000090                           : uartsci.oer4f (.text:UartSci_read)
                  00009058    0000008c     libdma_xwr68xx.aer4f : dma.oer4f (.text:DMA_deleteInstance)
                  000090e4    0000008c     libsoc_xwr68xx.aer4f : soc.oer4f (.text:SOC_init)
                  00009170    0000008c     libuart_xwr68xx.aer4f : uartsci_dma.oer4f (.text:UartSci_initiateRxDMA)
                  000091fc    00000004     --HOLE-- [fill = 0]
                  00009200    0000008c     sysbios.aer4ft : BIOS.obj (.text:ti_sysbios_family_arm_v7r_vim_Hwi_Instance_finalize__E)
                  0000928c    00000004     --HOLE-- [fill = 0]
                  00009290    0000008c                    : BIOS.obj (.text:xdc_runtime_Memory_alloc__E)
                  0000931c    00000088     sbl.oer4f (.text:SBL_init)
                  000093a4    00000088     rtsv7R4_T_le_v3D16_eabi.lib : vsnprintf.obj (.text)
                  0000942c    00000084     sbl_xwr68xx.oer4f (.text:SBL_mpuConfigBSS)
                  000094b0    00000080     libuart_xwr68xx.aer4f : uartsci.oer4f (.text:UartSci_writePolling)
                  00009530    00000080     sysbios.aer4ft : BIOS.obj (.text:ti_sysbios_timers_rti_Timer_initDevice__I)
                  000095b0    0000007e     libosal_xwr68xx.aer4f : HwiP_tirtos.oer4f (.text:HwiP_create)
                  0000962e    00000002     --HOLE-- [fill = 0]
                  00009630    0000007c     libuart_xwr68xx.aer4f : uartsci.oer4f (.text:UartSci_readPolling)
                  000096ac    0000007c     sysbios.aer4ft : arm_TaskSupport_asm.obj (.text:_ti_sysbios_family_arm_TaskSupport_buildTaskStack)
                  00009728    00000008     main.oer4f (.tramp.main.1)
                  00009730    0000007c     sysbios.aer4ft : BIOS.obj (.text:ti_sysbios_knl_Clock_workFunc__E)
                  000097ac    00000004     --HOLE-- [fill = 0]
                  000097b0    0000007c                    : BIOS.obj (.text:xdc_runtime_Core_deleteObject__I)
                  0000982c    0000007a     rtsv7R4_T_le_v3D16_eabi.lib : memset_t2.obj (.text)
                  000098a6    00000002     --HOLE-- [fill = 0]
                  000098a8    00000078     libqspiflash_xwr68xx.aer4f : qspiflash.oer4f (.text:QSPIFlash_mmapRead)
                  00009920    00000078                                : qspiflash.oer4f (.text:QSPIFlash_sectorErase)
                  00009998    00000078     libqspi_xwr68xx.aer4f : qspi.oer4f (.text:QSPI_cfgRead)
                  00009a10    00000077                           : qspi.oer4f (.text:QSPI_memAccessCfg)
                  00009a87    00000001     --HOLE-- [fill = 0]
                  00009a88    00000074     rtsv7R4_T_le_v3D16_eabi.lib : getdevice.obj (.text)
                  00009afc    00000074                                 : s_frexp.obj (.text)
                  00009b70    00000070                                 : printf.obj (.text)
                  00009be0    00000070     sysbios.aer4ft : BIOS.obj (.text:ti_sysbios_knl_Task_exit__E)
                  00009c50    00000070                    : BIOS.obj (.text:xdc_runtime_Error_print__E)
                  00009cc0    00000070                    : BIOS.obj (.text:xdc_runtime_Text_visitRope2__I)
                  00009d30    0000006e     libdma_xwr68xx.aer4f : dma.oer4f (.text:DMA_btcISR)
                  00009d9e    00000002     --HOLE-- [fill = 0]
                  00009da0    0000006c                          : dma.oer4f (.text:DMA_disableChannel)
                  00009e0c    0000006c                          : dma.oer4f (.text:DMA_enableChannel)
                  00009e78    0000006c     libpinmux_xwr68xx.aer4f : pinmux.oer4f (.text:Pinmux_Set_FuncSel)
                  00009ee4    0000006c     libqspiflash_xwr68xx.aer4f : qspiflash.oer4f (.text:QSPIFlashReadSFDP)
                  00009f50    0000006c     libqspi_xwr68xx.aer4f : qspi.oer4f (.text:QSPI_cfgWrite)
                  00009fbc    0000006c     rtsv7R4_T_le_v3D16_eabi.lib : copy_decompress_lzss.obj (.text:decompress:lzss)
                  0000a028    0000006c                                 : trgmsg.obj (.text)
                  0000a094    0000006a     libdma_xwr68xx.aer4f : dma.oer4f (.text:DMA_berISR)
                  0000a0fe    00000002     --HOLE-- [fill = 0]
                  0000a100    0000006a                          : dma.oer4f (.text:DMA_ftcISR)
                  0000a16a    00000002     --HOLE-- [fill = 0]
                  0000a16c    0000006a                          : dma.oer4f (.text:DMA_hbcISR)
                  0000a1d6    00000002     --HOLE-- [fill = 0]
                  0000a1d8    0000006a                          : dma.oer4f (.text:DMA_lfsISR)
                  0000a242    0000006a     libuart_xwr68xx.aer4f : uartsci.oer4f (.text:UartSci_control)
                  0000a2ac    00000068     rtsv7R4_T_le_v3D16_eabi.lib : hostlseek.obj (.text)
                  0000a314    00000068                                 : hostrename.obj (.text)
                  0000a37c    00000064     libqspi_xwr68xx.aer4f : qspi.oer4f (.text:QSPI_close)
                  0000a3e0    00000064     image_parser.oer4f (.text:SBL_parserInitialization)
                  0000a444    00000064     libosal_xwr68xx.aer4f : SemaphoreP_tirtos.oer4f (.text:SemaphoreP_create)
                  0000a4a8    00000064     rtsv7R4_T_le_v3D16_eabi.lib : fseek.obj (.text)
                  0000a50c    00000064     sysbios.aer4ft : exc_Exception_asm.obj (.text:ti_sysbios_family_arm_exc_Exception_initCore0__I)
                  0000a570    00000064                    : BIOS.obj (.text:ti_sysbios_family_arm_v7r_vim_Hwi_phantomIntHandler__I)
                  0000a5d4    0000000a                    : tms570_Core_asm.obj (.text:ti_sysbios_family_arm_v7r_tms570_Core_getId__E)
                  0000a5de    00000002     --HOLE-- [fill = 0]
                  0000a5e0    00000064                    : BIOS.obj (.text:ti_sysbios_knl_Task_schedule__I)
                  0000a644    0000000c     --HOLE-- [fill = 0]
                  0000a650    00000064                    : BIOS.obj (.text:xdc_runtime_Startup_exec__E)
                  0000a6b4    0000000c     --HOLE-- [fill = 0]
                  0000a6c0    00000060                    : BIOS.obj (.text:ti_sysbios_heaps_HeapMem_alloc__E)
                  0000a720    00000060                    : BIOS.obj (.text:xdc_runtime_Assert_raise__I)
                  0000a780    0000005f                    : BIOS.obj (.text:xdc_runtime_Text_putLab__E)
                  0000a7df    00000001     --HOLE-- [fill = 0]
                  0000a7e0    0000005e     libuart_xwr68xx.aer4f : uartsci.oer4f (.text:UartSci_writeChar)
                  0000a83e    0000005c     libqspiflash_xwr68xx.aer4f : qspiflash.oer4f (.text:QSPIFlashGetDeviceID)
                  0000a89a    00000002     --HOLE-- [fill = 0]
                  0000a89c    0000005c     rtsv7R4_T_le_v3D16_eabi.lib : hostopen.obj (.text)
                  0000a8f8    0000005c                                 : hostread.obj (.text)
                  0000a954    0000000c     --HOLE-- [fill = 0]
                  0000a960    0000005c     sysbios.aer4ft : BIOS.obj (.text:ti_sysbios_knl_Swi_schedule__I)
                  0000a9bc    0000005a     libuart_xwr68xx.aer4f : uartsci.oer4f (.text:UartSci_readCancel)
                  0000aa16    00000058                           : uartsci_dma.oer4f (.text:UartSci_closeDMA)
                  0000aa6e    00000002     --HOLE-- [fill = 0]
                  0000aa70    00000058     rtsv7R4_T_le_v3D16_eabi.lib : close.obj (.text)
                  0000aac8    00000058                                 : hostwrite.obj (.text)
                  0000ab20    00000054     libcrc_xwr68xx.aer4f : crc.oer4f (.text:CRC_getTransactionId)
                  0000ab74    00000054     libdma_xwr68xx.aer4f : dma.oer4f (.text:DMA_freeChannel)
                  0000abc8    00000054     libqspiflash_xwr68xx.aer4f : qspiflash.oer4f (.text:QSPIFlash_writeEnable)
                  0000ac1c    00000054     transport.oer4f (.text:SBL_transportConfig)
                  0000ac70    00000054     rtsv7R4_T_le_v3D16_eabi.lib : ltoa.obj (.text)
                  0000acc4    00000054     sbl_per4ft.oer4ft (.text:ti_sysbios_family_arm_v7r_vim_Hwi_create)
                  0000ad18    00000008     --HOLE-- [fill = 0]
                  0000ad20    00000054     sysbios.aer4ft : BIOS.obj (.text:ti_sysbios_heaps_HeapMem_getStats__E)
                  0000ad74    0000000c     --HOLE-- [fill = 0]
                  0000ad80    00000054                    : BIOS.obj (.text:ti_sysbios_knl_Task_startCore__E)
                  0000add4    0000000c     --HOLE-- [fill = 0]
                  0000ade0    00000054                    : BIOS.obj (.text:xdc_runtime_Core_assignLabel__I)
                  0000ae34    00000050     libcrc_xwr68xx.aer4f : crc.oer4f (.text:CRC_getSignature)
                  0000ae84    00000050     rtsv7R4_T_le_v3D16_eabi.lib : atoi.obj (.text)
                  0000aed4    00000050                                 : exit.obj (.text)
                  0000af24    00000050                                 : u_div32.obj (.text)
                  0000af74    0000000c     --HOLE-- [fill = 0]
                  0000af80    00000050     sysbios.aer4ft : BIOS.obj (.text:ti_sysbios_timers_rti_Timer_setPeriodMicroSecs__E)
                  0000afd0    00000050                    : BIOS.obj (.text:xdc_runtime_System_exit__E)
                  0000b020    0000004c     libqspiflash_xwr68xx.aer4f : qspiflash.oer4f (.text:QSPIFlashSysDmaIntHandler)
                  0000b06c    0000004c                                : qspiflash_device_macronix.oer4f (.text:QSPIFlash_macronix_init)
                  0000b0b8    0000004c     libuart_xwr68xx.aer4f : uartsci.oer4f (.text:UartSci_writeCancel)
                  0000b104    0000004c     rtsv7R4_T_le_v3D16_eabi.lib : cpy_tbl.obj (.text)
                  0000b150    0000004c     sysbios.aer4ft : BIOS.obj (.text:ti_sysbios_family_arm_v7r_vim_Hwi_getStackInfo__E)
                  0000b19c    0000004c     sbl_per4ft.oer4ft (.text:ti_sysbios_knl_Task_create)
                  0000b1e8    00000008     --HOLE-- [fill = 0]
                  0000b1f0    0000004a     sysbios.aer4ft : BIOS.obj (.text:xdc_runtime_Core_assignParams__I)
                  0000b23a    00000006     --HOLE-- [fill = 0]
                  0000b240    0000004a                    : BIOS.obj (.text:xdc_runtime_Text_xprintf__I)
                  0000b28a    00000044     libcrc_xwr68xx.aer4f : crc.oer4f (.text:CRC_resetSignature)
                  0000b2ce    00000002     --HOLE-- [fill = 0]
                  0000b2d0    00000044     libsoc_xwr68xx.aer4f : soc_xwr68xx_mss.oer4f (.text:SOC_resetDMA)
                  0000b314    00000044     rtsv7R4_T_le_v3D16_eabi.lib : hostclose.obj (.text)
                  0000b358    00000044                                 : hostunlink.obj (.text)
                  0000b39c    00000004     --HOLE-- [fill = 0]
                  0000b3a0    00000044     sysbios.aer4ft : BIOS.obj (.text:ti_sysbios_family_arm_v7r_tms570_Core_Module_startup__E)
                  0000b3e4    0000000c     --HOLE-- [fill = 0]
                  0000b3f0    00000044                    : BIOS.obj (.text:ti_sysbios_knl_Task_allBlockedFunction__I)
                  0000b434    0000000c     --HOLE-- [fill = 0]
                  0000b440    00000044                    : BIOS.obj (.text:xdc_runtime_System_atexit__E)
                  0000b484    00000040     libqspiflash_xwr68xx.aer4f : qspiflash.oer4f (.text:QSPIFlash_progQuadRead)
                  0000b4c4    00000040                                : qspiflash_device_spansion.oer4f (.text:QSPIFlash_spansion_init)
                  0000b504    0000000c     --HOLE-- [fill = 0]
                  0000b510    00000040     sysbios.aer4ft : BIOS.obj (.text:ti_sysbios_family_arm_v7r_vim_Hwi_setType__E)
                  0000b550    00000040                    : BIOS.obj (.text:ti_sysbios_knl_Swi_post__E)
                  0000b590    00000040                    : BIOS.obj (.text:ti_sysbios_timers_rti_Timer_stop__E)
                  0000b5d0    0000003e     libcrc_xwr68xx.aer4f : crc.oer4f (.text:CSL_FINSR)
                  0000b60e    0000003e     libdma_xwr68xx.aer4f : dma.oer4f (.text:CSL_FINSR)
                  0000b64c    0000003e     libpinmux_xwr68xx.aer4f : pinmux.oer4f (.text:CSL_FINSR)
                  0000b68a    0000003e     libqspi_xwr68xx.aer4f : qspi.oer4f (.text:CSL_FINSR)
                  0000b6c8    0000003e     libsoc_xwr68xx.aer4f : soc.oer4f (.text:CSL_FINSR)
                  0000b706    0000003e                          : soc_xwr68xx.oer4f (.text:CSL_FINSR)
                  0000b744    0000003e                          : soc_xwr68xx_mss.oer4f (.text:CSL_FINSR)
                  0000b782    0000003e     libuart_xwr68xx.aer4f : uartsci.oer4f (.text:CSL_FINSR)
                  0000b7c0    0000003e                           : uartsci.oer4f (.text:UartSci_close)
                  0000b7fe    00000002     --HOLE-- [fill = 0]
                  0000b800    0000003c     libqspiflash_xwr68xx.aer4f : qspiflash.oer4f (.text:QSPIFlash_close)
                  0000b83c    0000003c     transport.oer4f (.text:SBL_printf)
                  0000b878    0000003c     buffer_mgmt.oer4f (.text:SBL_resetBuffers)
                  0000b8b4    0000003c     libsoc_xwr68xx.aer4f : soc.oer4f (.text:SOC_unhaltBSS)
                  0000b8f0    0000003c     sysbios.aer4ft : vim_Hwi_asm.obj (.text:ti_sysbios_family_arm_v7r_vim_Hwi_init__I)
                  0000b92c    00000004     --HOLE-- [fill = 0]
                  0000b930    0000003c                    : BIOS.obj (.text:ti_sysbios_hal_Hwi_checkStack)
                  0000b96c    00000004     --HOLE-- [fill = 0]
                  0000b970    0000003c                    : BIOS.obj (.text:ti_sysbios_heaps_HeapMem_init__I)
                  0000b9ac    00000004     --HOLE-- [fill = 0]
                  0000b9b0    0000003c                    : BIOS.obj (.text:ti_sysbios_knl_Swi_startup__E)
                  0000b9ec    00000004     --HOLE-- [fill = 0]
                  0000b9f0    0000003c                    : BIOS.obj (.text:ti_sysbios_timers_rti_Timer_setPeriod__E)
                  0000ba2c    0000003a     libosal_xwr68xx.aer4f : HwiP_tirtos.oer4f (.text:HwiP_delete)
                  0000ba66    00000002     --HOLE-- [fill = 0]
                  0000ba68    00000038     libsoc_xwr68xx.aer4f : soc_xwr68xx_mss.oer4f (.text:SOC_getMSSVCLKFrequency)
                  0000baa0    00000038     libuart_xwr68xx.aer4f : UART.oer4f (.text:UART_init)
                  0000bad8    00000036     rtsv7R4_T_le_v3D16_eabi.lib : strncpy.obj (.text)
                  0000bb0e    00000002     --HOLE-- [fill = 0]
                  0000bb10    00000034     sbl.oer4f (.text:SBL_bufferMgmtTask)
                  0000bb44    00000034     libsoc_xwr68xx.aer4f : soc_xwr68xx_mss.oer4f (.text:SOC_hasDSPCore)
                  0000bb78    00000034     libuart_xwr68xx.aer4f : UART.oer4f (.text:UART_open)
                  0000bbac    00000034     sbl_per4ft.oer4ft (.text:ti_sysbios_knl_Semaphore_create)
                  0000bbe0    00000034     sysbios.aer4ft : BIOS.obj (.text:ti_sysbios_knl_Task_processVitalTaskFlag__I)
                  0000bc14    00000032     libcrc_xwr68xx.aer4f : crc.oer4f (.text:CRC_getCRCDataSelectBitValue)
                  0000bc46    00000002     --HOLE-- [fill = 0]
                  0000bc48    00000032                          : crc.oer4f (.text:CRC_getCRCTypeBitValue)
                  0000bc7a    00000006     --HOLE-- [fill = 0]
                  0000bc80    00000032     sysbios.aer4ft : BIOS.obj (.text:ti_sysbios_hal_Hwi_initStack)
                  0000bcb2    00000002     --HOLE-- [fill = 0]
                  0000bcb4    00000030     libqspiflash_xwr68xx.aer4f : qspiflash.oer4f (.text:QSPIFlash_getDeviceID)
                  0000bce4    00000030     libsoc_xwr68xx.aer4f : soc.oer4f (.text:SOC_softReset)
                  0000bd14    00000030     sbl_per4ft.oer4ft (.text:ti_sysbios_BIOS_atExitFunc__I)
                  0000bd44    00000030     sbl_per4ft.oer4ft (.text:ti_sysbios_BIOS_startFunc__I)
                  0000bd74    0000000c     --HOLE-- [fill = 0]
                  0000bd80    00000030     sysbios.aer4ft : BIOS.obj (.text:ti_sysbios_family_arm_TaskSupport_start__E)
                  0000bdb0    00000030     sbl_per4ft.oer4ft (.text:ti_sysbios_gates_GateHwi_Object__create__S)
                  0000bde0    00000030     sbl_per4ft.oer4ft (.text:ti_sysbios_gates_GateMutex_Object__create__S)
                  0000be10    00000030     sbl_per4ft.oer4ft (.text:ti_sysbios_heaps_HeapMem_Object__create__S)
                  0000be40    00000030     sysbios.aer4ft : BIOS.obj (.text:ti_sysbios_heaps_HeapMem_free__E)
                  0000be70    00000030     sbl_per4ft.oer4ft (.text:ti_sysbios_knl_Semaphore_construct)
                  0000bea0    0000002f     sysbios.aer4ft : BIOS.obj (.text:xdc_runtime_Text_printVisFxn__I)
                  0000becf    00000001     --HOLE-- [fill = 0]
                  0000bed0    0000002e     sbl_per4ft.oer4ft (.text:ti_sysbios_rts_MemAlloc_alloc)
                  0000befe    00000002     --HOLE-- [fill = 0]
                  0000bf00    0000002c     libcrc_xwr68xx.aer4f : crc.oer4f (.text:CRC_close)
                  0000bf2c    0000002c     crc16.oer4f (.text:crc16_ccitt)
                  0000bf58    0000002c     rtsv7R4_T_le_v3D16_eabi.lib : unlink.obj (.text)
                  0000bf84    0000002c     sbl_per4ft.oer4ft (.text:ti_sysbios_knl_Clock_doTick__I)
                  0000bfb0    0000002c     sbl_per4ft.oer4ft (.text:ti_sysbios_knl_Queue_construct)
                  0000bfdc    00000004     --HOLE-- [fill = 0]
                  0000bfe0    0000002c     sysbios.aer4ft : BIOS.obj (.text:ti_sysbios_knl_Semaphore_pendTimeout__I)
                  0000c00c    00000004     --HOLE-- [fill = 0]
                  0000c010    0000002c                    : BIOS.obj (.text:ti_sysbios_knl_Swi_Module_startup__E)
                  0000c03c    00000004     --HOLE-- [fill = 0]
                  0000c040    0000002c                    : BIOS.obj (.text:ti_sysbios_knl_Task_unblockI__E)
                  0000c06c    00000004     --HOLE-- [fill = 0]
                  0000c070    0000002c                    : BIOS.obj (.text:ti_sysbios_timers_rti_Timer_periodicStub__E)
                  0000c09c    0000002a     libsoc_xwr68xx.aer4f : soc.oer4f (.text:SOC_SystemISR)
                  0000c0c6    00000002     --HOLE-- [fill = 0]
                  0000c0c8    00000028     libqspiflash_xwr68xx.aer4f : qspiflash.oer4f (.text:QSPIFlash_getExtFlashAddr)
                  0000c0f0    00000028     image_validity.oer4f (.text:SBL_imageAuthParamsInit)
                  0000c118    00000028     libuart_xwr68xx.aer4f : uartsci_dma.oer4f (.text:UartSci_RxDMACallbackFxn)
                  0000c140    00000028                           : uartsci_dma.oer4f (.text:UartSci_TxDMACallbackFxn)
                  0000c168    00000028     rtsv7R4_T_le_v3D16_eabi.lib : lseek.obj (.text)
                  0000c190    00000028                                 : write.obj (.text)
                  0000c1b8    00000008     --HOLE-- [fill = 0]
                  0000c1c0    00000028     sysbios.aer4ft : BIOS.obj (.text:ti_sysbios_knl_Idle_run__E)
                  0000c1e8    00000008     --HOLE-- [fill = 0]
                  0000c1f0    00000028                    : BIOS.obj (.text:ti_sysbios_knl_Task_restore__E)
                  0000c218    00000008     --HOLE-- [fill = 0]
                  0000c220    00000028                    : BIOS.obj (.text:xdc_runtime_SysStd_abort__E)
                  0000c248    00000008     --HOLE-- [fill = 0]
                  0000c250    00000028                    : BIOS.obj (.text:xdc_runtime_System_aprintf_va__F)
                  0000c278    00000008     --HOLE-- [fill = 0]
                  0000c280    00000026                    : BIOS.obj (.text:xdc_runtime_System_printf_va__F)
                  0000c2a6    00000024     libcrc_xwr68xx.aer4f : crc.oer4f (.text:CRC_isTransactionIdValid)
                  0000c2ca    00000002     --HOLE-- [fill = 0]
                  0000c2cc    00000024     image_validity.oer4f (.text:SBL_imageDecryptParamsInit)
                  0000c2f0    00000024     sbl_per4ft.oer4ft (.text:ti_sysbios_BIOS_errorRaiseHook__I)
                  0000c314    00000024     sbl_per4ft.oer4ft (.text:ti_sysbios_BIOS_registerRTSLock__I)
                  0000c338    00000024     sbl_per4ft.oer4ft (.text:ti_sysbios_BIOS_removeRTSLock__I)
                  0000c35c    00000024     sbl_per4ft.oer4ft (.text:ti_sysbios_gates_GateMutex_Object__delete__S)
                  0000c380    00000024     sysbios.aer4ft : BIOS.obj (.text:ti_sysbios_knl_Clock_Module_startup__E)
                  0000c3a4    00000024     sbl_per4ft.oer4ft (.text:ti_sysbios_knl_Semaphore_Object__delete__S)
                  0000c3c8    00000008     --HOLE-- [fill = 0]
                  0000c3d0    00000024     sysbios.aer4ft : BIOS.obj (.text:ti_sysbios_knl_Task_restoreHwi__E)
                  0000c3f4    00000022     libqspiflash_xwr68xx.aer4f : qspiflash.oer4f (.text:QSPIFlashReadCmd)
                  0000c416    00000022     libuart_xwr68xx.aer4f : uartsci.oer4f (.text:UartSci_disableRxDMA)
                  0000c438    00000022                           : uartsci.oer4f (.text:UartSci_enableRxDMA)
                  0000c45a    00000002     --HOLE-- [fill = 0]
                  0000c45c    00000020     libpinmux_xwr68xx.aer4f : pinmux.oer4f (.text:Pinmux_Unlock)
                  0000c47c    00000020     rtsv7R4_T_le_v3D16_eabi.lib : memchr.obj (.text)
                  0000c49c    00000020     sbl_per4ft.oer4ft (.text:ti_sysbios_family_arm_v7r_vim_Hwi_Object__delete__S)
                  0000c4bc    00000004     --HOLE-- [fill = 0]
                  0000c4c0    00000020     sysbios.aer4ft : BIOS.obj (.text:ti_sysbios_family_arm_v7r_vim_Hwi_disableInterrupt__E)
                  0000c4e0    00000020                    : BIOS.obj (.text:ti_sysbios_family_arm_v7r_vim_Hwi_enableInterrupt__E)
                  0000c500    00000020     sbl_per4ft.oer4ft (.text:ti_sysbios_gates_GateHwi_Object__delete__S)
                  0000c520    00000020     sbl_per4ft.oer4ft (.text:ti_sysbios_heaps_HeapMem_Object__delete__S)
                  0000c540    00000020     sbl_per4ft.oer4ft (.text:ti_sysbios_knl_Semaphore_destruct)
                  0000c560    0000001c     libcrc_xwr68xx.aer4f : crc.oer4f (.text:CRC_releaseTransactionId)
                  0000c57c    0000001c     libdma_xwr68xx.aer4f : dma.oer4f (.text:CSL_FEXTR)
                  0000c598    0000001c     libsoc_xwr68xx.aer4f : soc.oer4f (.text:CSL_FEXTR)
                  0000c5b4    0000001c                          : soc_xwr68xx.oer4f (.text:CSL_FEXTR)
                  0000c5d0    0000001c                          : soc_xwr68xx_mss.oer4f (.text:CSL_FEXTR)
                  0000c5ec    0000001c     libuart_xwr68xx.aer4f : uartsci.oer4f (.text:CSL_FEXTR)
                  0000c608    0000001c     sysbios.aer4ft : arm_TaskSupport_asm.obj (.text:_ti_sysbios_family_arm_TaskSupport_glue)
                  0000c624    0000001c                    : arm_TaskSupport_asm.obj (.text:_ti_sysbios_family_arm_TaskSupport_swap__E)
                  0000c640    0000001c     rtsv7R4_T_le_v3D16_eabi.lib : memccpy.obj (.text)
                  0000c65c    0000001c     sbl_per4ft.oer4ft (.text:ti_sysbios_BIOS_rtsLock__I)
                  0000c678    00000008     --HOLE-- [fill = 0]
                  0000c680    0000001c     sysbios.aer4ft : BIOS.obj (.text:ti_sysbios_gates_GateMutex_Instance_init__E)
                  0000c69c    00000004     --HOLE-- [fill = 0]
                  0000c6a0    0000001c                    : BIOS.obj (.text:ti_sysbios_gates_GateMutex_leave__E)
                  0000c6bc    0000001c     sbl_per4ft.oer4ft (.text:ti_sysbios_knl_Queue_destruct)
                  0000c6d8    0000001a     sbl_per4ft.oer4ft (.text:free)
                  0000c6f2    0000001a     rtsv7R4_T_le_v3D16_eabi.lib : s_copysign.obj (.text)
                  0000c70c    0000001a     sbl_per4ft.oer4ft (.text:ti_sysbios_gates_GateHwi_Handle__label__S)
                  0000c726    0000001a     sbl_per4ft.oer4ft (.text:ti_sysbios_gates_GateMutex_Handle__label__S)
                  0000c740    0000001a     sbl_per4ft.oer4ft (.text:ti_sysbios_heaps_HeapMem_Handle__label__S)
                  0000c75a    0000001a     sbl_per4ft.oer4ft (.text:xdc_runtime_System_aprintf__E)
                  0000c774    0000001a     sbl_per4ft.oer4ft (.text:xdc_runtime_System_printf__E)
                  0000c78e    00000002     --HOLE-- [fill = 0]
                  0000c790    00000018     rtsv7R4_T_le_v3D16_eabi.lib : args_main.obj (.text)
                  0000c7a8    00000018                                 : strcmp.obj (.text)
                  0000c7c0    00000018     sbl_per4ft.oer4ft (.text:ti_sysbios_BIOS_rtsUnlock__I)
                  0000c7d8    00000018     sbl_per4ft.oer4ft (.text:ti_sysbios_family_arm_v7r_vim_Hwi_Module__startupDone__F)
                  0000c7f0    00000018     sbl_per4ft.oer4ft (.text:ti_sysbios_family_arm_v7r_vim_Hwi_Params__init__S)
                  0000c808    00000008     --HOLE-- [fill = 0]
                  0000c810    00000018     sysbios.aer4ft : BIOS.obj (.text:ti_sysbios_family_arm_v7r_vim_Hwi_clearInterrupt__E)
                  0000c828    00000018     sbl_per4ft.oer4ft (.text:ti_sysbios_knl_Semaphore_Params__init__S)
                  0000c840    00000018     sbl_per4ft.oer4ft (.text:ti_sysbios_knl_Task_Params__init__S)
                  0000c858    00000008     --HOLE-- [fill = 0]
                  0000c860    00000018     sysbios.aer4ft : BIOS.obj (.text:ti_sysbios_knl_Task_enter__I)
                  0000c878    00000018     sbl_per4ft.oer4ft (.text:ti_sysbios_timers_rti_Timer_Module__startupDone__F)
                  0000c890    00000018     sysbios.aer4ft : BIOS.obj (.text:xdc_runtime_Error_init__E)
                  0000c8a8    00000016     rtsv7R4_T_le_v3D16_eabi.lib : strchr.obj (.text)
                  0000c8be    00000016                                 : strlen.obj (.text)
                  0000c8d4    00000016     sbl_per4ft.oer4ft (.text:ti_sysbios_BIOS_exitFunc__I)
                  0000c8ea    00000006     --HOLE-- [fill = 0]
                  0000c8f0    00000016     sysbios.aer4ft : BIOS.obj (.text:ti_sysbios_knl_Idle_loop__E)
                  0000c906    00000014     libosal_xwr68xx.aer4f : HwiP_tirtos.oer4f (.text:HwiP_Params_init)
                  0000c91a    00000002     --HOLE-- [fill = 0]
                  0000c91c    00000014     libpinmux_xwr68xx.aer4f : pinmux.oer4f (.text:Pinmux_Lock)
                  0000c930    00000014     transport.oer4f (.text:SBL_discardInput)
                  0000c944    00000014     libuart_xwr68xx.aer4f : uartsci.oer4f (.text:UartSci_disableTxDMA)
                  0000c958    00000014                           : uartsci.oer4f (.text:UartSci_enableTxDMA)
                  0000c96c    00000014     libosal_xwr68xx.aer4f : DebugP_tirtos.oer4f (.text:_DebugP_assert)
                  0000c980    00000014     rtsv7R4_T_le_v3D16_eabi.lib : _lock.obj (.text)
                  0000c994    00000014                                 : strcpy.obj (.text)
                  0000c9a8    00000014     sbl_per4ft.oer4ft (.text:ti_sysbios_heaps_HeapMem_Object__get__S)
                  0000c9bc    00000014     sbl_per4ft.oer4ft (.text:ti_sysbios_knl_Swi_Object__get__S)
                  0000c9d0    00000012     libcrc_xwr68xx.aer4f : crc.oer4f (.text:CRC_initConfigParams)
                  0000c9e2    00000012     libosal_xwr68xx.aer4f : MemoryP_tirtos.oer4f (.text:MemoryP_ctrlAlloc)
                  0000c9f4    00000012                           : SemaphoreP_tirtos.oer4f (.text:SemaphoreP_pend)
                  0000ca06    0000000a     --HOLE-- [fill = 0]
                  0000ca10    00000012     sysbios.aer4ft : BIOS.obj (.text:ti_sysbios_hal_Hwi_Module_startup__E)
                  0000ca22    00000012     sbl_per4ft.oer4ft (.text:xdc_runtime_Startup_exec__I)
                  0000ca34    00000010     libcrc_xwr68xx.aer4f : crc.oer4f (.text:CRC_getSignatureRegister)
                  0000ca44    00000010     libdma_xwr68xx.aer4f : dma.oer4f (.text:DMA_Params_init)
                  0000ca54    00000010     libqspiflash_xwr68xx.aer4f : qspiflash.oer4f (.text:QSPIFlashWriteCmd)
                  0000ca64    00000010     libqspi_xwr68xx.aer4f : qspi.oer4f (.text:QSPI_Params_init)
                  0000ca74    00000010     transport.oer4f (.text:SBL_transportRead)
                  0000ca84    0000000c     --HOLE-- [fill = 0]
                  0000ca90    00000010     sysbios.aer4ft : BIOS.obj (.text:ti_sysbios_BIOS_exit__E)
                  0000caa0    00000010                    : BIOS.obj (.text:ti_sysbios_BIOS_setThreadType__E)
                  0000cab0    00000010                    : BIOS.obj (.text:ti_sysbios_BIOS_start__E)
                  0000cac0    00000010                    : BIOS.obj (.text:ti_sysbios_gates_GateMutex_Instance_finalize__E)
                  0000cad0    00000010     sbl_per4ft.oer4ft (.text:ti_sysbios_heaps_HeapBuf_Object__get__S)
                  0000cae0    00000010     sysbios.aer4ft : BIOS.obj (.text:ti_sysbios_knl_Semaphore_Instance_finalize__E)
                  0000caf0    00000010                    : BIOS.obj (.text:ti_sysbios_knl_Swi_disable__E)
                  0000cb00    00000010     sbl_per4ft.oer4ft (.text:ti_sysbios_knl_Task_Object__get__S)
                  0000cb10    00000010     sysbios.aer4ft : BIOS.obj (.text:ti_sysbios_knl_Task_disable__E)
                  0000cb20    00000010                    : BIOS.obj (.text:xdc_runtime_Memory_free__E)
                  0000cb30    00000010     sbl_per4ft.oer4ft (.text:xdc_runtime_Text_visitRope__I)
                  0000cb40    0000000e     libosal_xwr68xx.aer4f : SemaphoreP_tirtos.oer4f (.text:SemaphoreP_delete)
                  0000cb4e    0000000e     rtsv7R4_T_le_v3D16_eabi.lib : copy_decompress_none.obj (.text:decompress:none)
                  0000cb5c    00000004     --HOLE-- [fill = 0]
                  0000cb60    0000000e     sysbios.aer4ft : BIOS.obj (.text:ti_sysbios_knl_Queue_empty__E)
                  0000cb6e    00000002     --HOLE-- [fill = 0]
                  0000cb70    0000000c                    : BIOS.obj (.text:ti_sysbios_family_arm_TaskSupport_checkStack__E)
                  0000cb7c    00000004     --HOLE-- [fill = 0]
                  0000cb80    0000000c                    : BIOS.obj (.text:ti_sysbios_family_arm_TaskSupport_getStackAlignment__E)
                  0000cb8c    00000004     --HOLE-- [fill = 0]
                  0000cb90    0000000c                    : BIOS.obj (.text:ti_sysbios_family_arm_exc_Exception_Module_startup__E)
                  0000cb9c    00000004     --HOLE-- [fill = 0]
                  0000cba0    0000000c                    : BIOS.obj (.text:ti_sysbios_family_arm_v7r_vim_Hwi_switchFromBootStack__E)
                  0000cbac    00000004     --HOLE-- [fill = 0]
                  0000cbb0    0000000c                    : BIOS.obj (.text:xdc_runtime_Startup_rtsDone__E)
                  0000cbbc    00000004     --HOLE-- [fill = 0]
                  0000cbc0    0000000c                    : BIOS.obj (.text:xdc_runtime_SysStd_exit__E)
                  0000cbcc    00000004     --HOLE-- [fill = 0]
                  0000cbd0    00000008                    : BIOS.obj (.text:ti_sysbios_gates_GateHwi_enter__E)
                  0000cbd8    00000008     --HOLE-- [fill = 0]
                  0000cbe0    00000006                    : BIOS.obj (.text:ti_sysbios_family_arm_v7r_vim_Hwi_startup__E)
                  0000cbe6    0000000a     --HOLE-- [fill = 0]
                  0000cbf0    00000006                    : BIOS.obj (.text:ti_sysbios_gates_GateHwi_leave__E)
                  0000cbf6    0000000a     --HOLE-- [fill = 0]
                  0000cc00    00000006                    : BIOS.obj (.text:ti_sysbios_heaps_HeapMem_isBlocking__E)
                  0000cc06    0000000a     --HOLE-- [fill = 0]
                  0000cc10    00000006                    : BIOS.obj (.text:ti_sysbios_knl_Queue_Instance_init__E)
                  0000cc16    0000000a     --HOLE-- [fill = 0]
                  0000cc20    00000006                    : BIOS.obj (.text:xdc_runtime_System_Module_startup__E)
                  0000cc26    0000000a     --HOLE-- [fill = 0]
                  0000cc30    00000004                    : BIOS.obj (.text:ti_sysbios_gates_GateHwi_query__E)
                  0000cc34    0000000c     --HOLE-- [fill = 0]
                  0000cc40    00000004                    : BIOS.obj (.text:ti_sysbios_gates_GateMutex_query__E)
                  0000cc44    0000000c     --HOLE-- [fill = 0]
                  0000cc50    00000004                    : BIOS.obj (.text:ti_sysbios_knl_Task_startup__E)
                  0000cc54    0000000c     --HOLE-- [fill = 0]
                  0000cc60    00000004                    : BIOS.obj (.text:ti_sysbios_timers_rti_Timer_getMaxTicks__E)
                  0000cc64    0000000c     --HOLE-- [fill = 0]
                  0000cc70    00000004                    : BIOS.obj (.text:xdc_runtime_SysStd_putch__E)
                  0000cc74    0000000c     --HOLE-- [fill = 0]
                  0000cc80    00000004                    : BIOS.obj (.text:xdc_runtime_SysStd_ready__E)
                  0000cc84    0000000c     --HOLE-- [fill = 0]
                  0000cc90    00000002                    : BIOS.obj (.text:ti_sysbios_BIOS_linkedWithIncorrectBootLibrary__E)
                  0000cc92    0000000e     --HOLE-- [fill = 0]
                  0000cca0    00000002                    : BIOS.obj (.text:ti_sysbios_gates_GateHwi_Instance_init__E)
                  0000cca2    0000000e     --HOLE-- [fill = 0]
                  0000ccb0    00000002                    : BIOS.obj (.text:ti_sysbios_knl_Clock_logTick__E)

.const     0    0000ccb8    000024e4     RUN ADDR = 08019740
                  0000ccb8    00001aee     sbl_per4ft.oer4ft (.const:xdc_runtime_Text_charTab__A)
                  0000e7a6    00000200     crc16.oer4f (.const:crc16tab)
                  0000e9a6    00000101     rtsv7R4_T_le_v3D16_eabi.lib : ctype.obj (.const:.string:_ctypes_)
                  0000eaa7    00000001     --HOLE-- [fill = 0]
                  0000eaa8    000000d0     sbl_per4ft.oer4ft (.const:xdc_runtime_Text_nodeTab__A)
                  0000eb78    00000080     sbl_per4ft.oer4ft (.const:ti_sysbios_family_arm_v7r_vim_Hwi_channelMap__A)
                  0000ebf8    00000060     libqspiflash_xwr68xx.aer4f : qspiflash.oer4f (.const:$O1$$)
                  0000ec58    00000058     sbl_per4ft.oer4ft (.const:.string)
                  0000ecb0    00000044     sbl_per4ft.oer4ft (.const:ti_sysbios_knl_Task_Object__PARAMS__C)
                  0000ecf4    0000003c     libuart_xwr68xx.aer4f : UART.oer4f (.const:UART_defaultParams)
                  0000ed30    00000030     sbl_per4ft.oer4ft (.const:ti_sysbios_family_arm_v7r_vim_Hwi_Object__PARAMS__C)
                  0000ed60    00000028     sbl_per4ft.oer4ft (.const:ti_sysbios_heaps_HeapMem_Module__FXNS__C)
                  0000ed88    00000028     sbl_per4ft.oer4ft (.const:xdc_runtime_Startup_sfxnTab__A)
                  0000edb0    00000024     sbl_per4ft.oer4ft (.const:ti_sysbios_gates_GateHwi_Module__FXNS__C)
                  0000edd4    00000024     sbl_per4ft.oer4ft (.const:ti_sysbios_gates_GateMutex_Module__FXNS__C)
                  0000edf8    00000024     sbl_per4ft.oer4ft (.const:ti_sysbios_heaps_HeapMem_Object__PARAMS__C)
                  0000ee1c    00000024     sbl_per4ft.oer4ft (.const:ti_sysbios_knl_Semaphore_Object__PARAMS__C)
                  0000ee40    00000020     sbl_per4ft.oer4ft (.const:ti_sysbios_family_arm_v7r_vim_Hwi_Object__DESC__C)
                  0000ee60    00000020     sbl_per4ft.oer4ft (.const:ti_sysbios_gates_GateHwi_Object__DESC__C)
                  0000ee80    00000020     sbl_per4ft.oer4ft (.const:ti_sysbios_gates_GateMutex_Object__DESC__C)
                  0000eea0    00000020     sbl_per4ft.oer4ft (.const:ti_sysbios_heaps_HeapMem_Object__DESC__C)
                  0000eec0    00000020     sbl_per4ft.oer4ft (.const:ti_sysbios_knl_Queue_Object__DESC__C)
                  0000eee0    00000020     sbl_per4ft.oer4ft (.const:ti_sysbios_knl_Semaphore_Object__DESC__C)
                  0000ef00    00000020     sbl_per4ft.oer4ft (.const:ti_sysbios_knl_Task_Object__DESC__C)
                  0000ef20    00000018     sbl_per4ft.oer4ft (.const:ti_sysbios_gates_GateHwi_Object__PARAMS__C)
                  0000ef38    00000018     sbl_per4ft.oer4ft (.const:ti_sysbios_gates_GateMutex_Object__PARAMS__C)
                  0000ef50    00000018     sbl_per4ft.oer4ft (.const:ti_sysbios_knl_Queue_Object__PARAMS__C)
                  0000ef68    00000014     sbl_per4ft.oer4ft (.const:xdc_runtime_Startup_sfxnRts__A)
                  0000ef7c    00000010     libqspi_xwr68xx.aer4f : qspi.oer4f (.const:QSPI_defaultParams)
                  0000ef8c    00000010     sbl_per4ft.oer4ft (.const:ti_sysbios_family_arm_v7r_vim_Hwi_intReqEnaSet__A)
                  0000ef9c    00000010     sbl_per4ft.oer4ft (.const:ti_sysbios_family_arm_v7r_vim_Hwi_wakeEnaSet__A)
                  0000efac    00000008     sbl_per4ft.oer4ft (.const:ti_sysbios_knl_Idle_funcList__C)
                  0000efb4    00000008     sbl_per4ft.oer4ft (.const:xdc_runtime_Startup_firstFxns__A)
                  0000efbc    00000008     sbl_per4ft.oer4ft (.const:xdc_runtime_Startup_firstFxns__C)
                  0000efc4    00000008     sbl_per4ft.oer4ft (.const:xdc_runtime_Startup_lastFxns__C)
                  0000efcc    00000004     sbl_per4ft.oer4ft (.const:ti_sysbios_family_arm_TaskSupport_stackAlignment__C)
                  0000efd0    00000004     sbl_per4ft.oer4ft (.const:ti_sysbios_family_arm_exc_Exception_E_dataAbort__C)
                  0000efd4    00000004     sbl_per4ft.oer4ft (.const:ti_sysbios_family_arm_exc_Exception_E_prefetchAbort__C)
                  0000efd8    00000004     sbl_per4ft.oer4ft (.const:ti_sysbios_family_arm_exc_Exception_E_swi__C)
                  0000efdc    00000004     sbl_per4ft.oer4ft (.const:ti_sysbios_family_arm_exc_Exception_E_undefinedInstruction__C)
                  0000efe0    00000004     sbl_per4ft.oer4ft (.const:ti_sysbios_family_arm_exc_Exception_excHookFuncs__A)
                  0000efe4    00000004     sbl_per4ft.oer4ft (.const:ti_sysbios_family_arm_exc_Exception_excHookFuncs__C)
                  0000efe8    00000004     sbl_per4ft.oer4ft (.const:ti_sysbios_family_arm_v7r_tms570_Core_E_mismatchedIds__C)
                  0000efec    00000004     sbl_per4ft.oer4ft (.const:ti_sysbios_family_arm_v7r_tms570_Core_id__C)
                  0000eff0    00000004     sbl_per4ft.oer4ft (.const:ti_sysbios_family_arm_v7r_vim_Hwi_A_badChannelId__C)
                  0000eff4    00000004     sbl_per4ft.oer4ft (.const:ti_sysbios_family_arm_v7r_vim_Hwi_E_alreadyDefined__C)
                  0000eff8    00000004     sbl_per4ft.oer4ft (.const:ti_sysbios_family_arm_v7r_vim_Hwi_E_badIntNum__C)
                  0000effc    00000004     sbl_per4ft.oer4ft (.const:ti_sysbios_family_arm_v7r_vim_Hwi_E_phantomInterrupt__C)
                  0000f000    00000004     sbl_per4ft.oer4ft (.const:ti_sysbios_family_arm_v7r_vim_Hwi_E_undefined__C)
                  0000f004    00000004     sbl_per4ft.oer4ft (.const:ti_sysbios_family_arm_v7r_vim_Hwi_E_unsupportedMaskingOption__C)
                  0000f008    00000004     sbl_per4ft.oer4ft (.const:ti_sysbios_family_arm_v7r_vim_Hwi_Module__diagsEnabled__C)
                  0000f00c    00000004     sbl_per4ft.oer4ft (.const:ti_sysbios_family_arm_v7r_vim_Hwi_Module__diagsIncluded__C)
                  0000f010    00000004     sbl_per4ft.oer4ft (.const:ti_sysbios_family_arm_v7r_vim_Hwi_Module__diagsMask__C)
                  0000f014    00000004     sbl_per4ft.oer4ft (.const:ti_sysbios_family_arm_v7r_vim_Hwi_NUM_INTERRUPTS__C)
                  0000f018    00000004     sbl_per4ft.oer4ft (.const:ti_sysbios_family_arm_v7r_vim_Hwi_channelMap__C)
                  0000f01c    00000004     sbl_per4ft.oer4ft (.const:ti_sysbios_family_arm_v7r_vim_Hwi_intReqEnaSet__C)
                  0000f020    00000004     sbl_per4ft.oer4ft (.const:ti_sysbios_family_arm_v7r_vim_Hwi_phantomFunc__C)
                  0000f024    00000004     sbl_per4ft.oer4ft (.const:ti_sysbios_family_arm_v7r_vim_Hwi_swiDisable__C)
                  0000f028    00000004     sbl_per4ft.oer4ft (.const:ti_sysbios_family_arm_v7r_vim_Hwi_swiRestoreHwi__C)
                  0000f02c    00000004     sbl_per4ft.oer4ft (.const:ti_sysbios_family_arm_v7r_vim_Hwi_taskDisable__C)
                  0000f030    00000004     sbl_per4ft.oer4ft (.const:ti_sysbios_family_arm_v7r_vim_Hwi_taskRestoreHwi__C)
                  0000f034    00000004     sbl_per4ft.oer4ft (.const:ti_sysbios_family_arm_v7r_vim_Hwi_wakeEnaSet__C)
                  0000f038    00000004     sbl_per4ft.oer4ft (.const:ti_sysbios_gates_GateMutex_A_badContext__C)
                  0000f03c    00000004     sbl_per4ft.oer4ft (.const:ti_sysbios_gates_GateMutex_Instance_State_sem__O)
                  0000f040    00000004     sbl_per4ft.oer4ft (.const:ti_sysbios_gates_GateMutex_Module__diagsEnabled__C)
                  0000f044    00000004     sbl_per4ft.oer4ft (.const:ti_sysbios_gates_GateMutex_Module__diagsIncluded__C)
                  0000f048    00000004     sbl_per4ft.oer4ft (.const:ti_sysbios_gates_GateMutex_Module__diagsMask__C)
                  0000f04c    00000004     sbl_per4ft.oer4ft (.const:ti_sysbios_hal_Hwi_E_stackOverflow__C)
                  0000f050    00000004     sbl_per4ft.oer4ft (.const:ti_sysbios_heaps_HeapBuf_Instance_State_freeList__O)
                  0000f054    00000004     sbl_per4ft.oer4ft (.const:ti_sysbios_heaps_HeapBuf_Object__count__C)
                  0000f058    00000004     sbl_per4ft.oer4ft (.const:ti_sysbios_heaps_HeapBuf_numConstructedHeaps__C)
                  0000f05c    00000004     sbl_per4ft.oer4ft (.const:ti_sysbios_heaps_HeapMem_A_align__C)
                  0000f060    00000004     sbl_per4ft.oer4ft (.const:ti_sysbios_heaps_HeapMem_A_heapSize__C)
                  0000f064    00000004     sbl_per4ft.oer4ft (.const:ti_sysbios_heaps_HeapMem_A_invalidFree__C)
                  0000f068    00000004     sbl_per4ft.oer4ft (.const:ti_sysbios_heaps_HeapMem_A_zeroBlock__C)
                  0000f06c    00000004     sbl_per4ft.oer4ft (.const:ti_sysbios_heaps_HeapMem_E_memory__C)
                  0000f070    00000004     sbl_per4ft.oer4ft (.const:ti_sysbios_heaps_HeapMem_Module__diagsEnabled__C)
                  0000f074    00000004     sbl_per4ft.oer4ft (.const:ti_sysbios_heaps_HeapMem_Module__diagsIncluded__C)
                  0000f078    00000004     sbl_per4ft.oer4ft (.const:ti_sysbios_heaps_HeapMem_Module__diagsMask__C)
                  0000f07c    00000004     sbl_per4ft.oer4ft (.const:ti_sysbios_heaps_HeapMem_Module__gateObj__C)
                  0000f080    00000004     sbl_per4ft.oer4ft (.const:ti_sysbios_heaps_HeapMem_Object__count__C)
                  0000f084    00000004     sbl_per4ft.oer4ft (.const:ti_sysbios_heaps_HeapMem_reqAlign__C)
                  0000f088    00000004     sbl_per4ft.oer4ft (.const:ti_sysbios_knl_Clock_Module_State_clockQ__O)
                  0000f08c    00000004     sbl_per4ft.oer4ft (.const:ti_sysbios_knl_Idle_funcList__A)
                  0000f090    00000004     sbl_per4ft.oer4ft (.const:ti_sysbios_knl_Semaphore_A_badContext__C)
                  0000f094    00000004     sbl_per4ft.oer4ft (.const:ti_sysbios_knl_Semaphore_A_noEvents__C)
                  0000f098    00000004     sbl_per4ft.oer4ft (.const:ti_sysbios_knl_Semaphore_A_overflow__C)
                  0000f09c    00000004     sbl_per4ft.oer4ft (.const:ti_sysbios_knl_Semaphore_A_pendTaskDisabled__C)
                  0000f0a0    00000004     sbl_per4ft.oer4ft (.const:ti_sysbios_knl_Semaphore_Instance_State_pendQ__O)
                  0000f0a4    00000004     sbl_per4ft.oer4ft (.const:ti_sysbios_knl_Semaphore_Module__diagsEnabled__C)
                  0000f0a8    00000004     sbl_per4ft.oer4ft (.const:ti_sysbios_knl_Semaphore_Module__diagsIncluded__C)
                  0000f0ac    00000004     sbl_per4ft.oer4ft (.const:ti_sysbios_knl_Semaphore_Module__diagsMask__C)
                  0000f0b0    00000004     sbl_per4ft.oer4ft (.const:ti_sysbios_knl_Swi_Object__count__C)
                  0000f0b4    00000004     sbl_per4ft.oer4ft (.const:ti_sysbios_knl_Task_A_badPriority__C)
                  0000f0b8    00000004     sbl_per4ft.oer4ft (.const:ti_sysbios_knl_Task_A_badTaskState__C)
                  0000f0bc    00000004     sbl_per4ft.oer4ft (.const:ti_sysbios_knl_Task_A_badThreadType__C)
                  0000f0c0    00000004     sbl_per4ft.oer4ft (.const:ti_sysbios_knl_Task_A_noPendElem__C)
                  0000f0c4    00000004     sbl_per4ft.oer4ft (.const:ti_sysbios_knl_Task_E_spOutOfBounds__C)
                  0000f0c8    00000004     sbl_per4ft.oer4ft (.const:ti_sysbios_knl_Task_E_stackOverflow__C)
                  0000f0cc    00000004     sbl_per4ft.oer4ft (.const:ti_sysbios_knl_Task_Module_State_inactiveQ__O)
                  0000f0d0    00000004     sbl_per4ft.oer4ft (.const:ti_sysbios_knl_Task_Module__diagsEnabled__C)
                  0000f0d4    00000004     sbl_per4ft.oer4ft (.const:ti_sysbios_knl_Task_Module__diagsIncluded__C)
                  0000f0d8    00000004     sbl_per4ft.oer4ft (.const:ti_sysbios_knl_Task_Module__diagsMask__C)
                  0000f0dc    00000004     sbl_per4ft.oer4ft (.const:ti_sysbios_knl_Task_Object__count__C)
                  0000f0e0    00000004     sbl_per4ft.oer4ft (.const:ti_sysbios_knl_Task_allBlockedFunc__C)
                  0000f0e4    00000004     sbl_per4ft.oer4ft (.const:ti_sysbios_knl_Task_defaultStackHeap__C)
                  0000f0e8    00000004     sbl_per4ft.oer4ft (.const:ti_sysbios_knl_Task_defaultStackSize__C)
                  0000f0ec    00000004     sbl_per4ft.oer4ft (.const:ti_sysbios_knl_Task_numConstructedTasks__C)
                  0000f0f0    00000004     sbl_per4ft.oer4ft (.const:ti_sysbios_timers_rti_Timer_E_cannotSupport__C)
                  0000f0f4    00000004     sbl_per4ft.oer4ft (.const:ti_sysbios_timers_rti_Timer_Module__diagsEnabled__C)
                  0000f0f8    00000004     sbl_per4ft.oer4ft (.const:ti_sysbios_timers_rti_Timer_Module__diagsIncluded__C)
                  0000f0fc    00000004     sbl_per4ft.oer4ft (.const:ti_sysbios_timers_rti_Timer_Module__diagsMask__C)
                  0000f100    00000004     sbl_per4ft.oer4ft (.const:ti_sysbios_timers_rti_Timer_numTimerDevices__C)
                  0000f104    00000004     sbl_per4ft.oer4ft (.const:ti_sysbios_timers_rti_Timer_startupNeeded__C)
                  0000f108    00000004     sbl_per4ft.oer4ft (.const:xdc_runtime_Assert_E_assertFailed__C)
                  0000f10c    00000004     sbl_per4ft.oer4ft (.const:xdc_runtime_Core_A_initializedParams__C)
                  0000f110    00000004     sbl_per4ft.oer4ft (.const:xdc_runtime_Core_Module__diagsEnabled__C)
                  0000f114    00000004     sbl_per4ft.oer4ft (.const:xdc_runtime_Core_Module__diagsIncluded__C)
                  0000f118    00000004     sbl_per4ft.oer4ft (.const:xdc_runtime_Core_Module__diagsMask__C)
                  0000f11c    00000004     sbl_per4ft.oer4ft (.const:xdc_runtime_Error_E_memory__C)
                  0000f120    00000004     sbl_per4ft.oer4ft (.const:xdc_runtime_Error_policyFxn__C)
                  0000f124    00000004     sbl_per4ft.oer4ft (.const:xdc_runtime_Error_policy__C)
                  0000f128    00000004     sbl_per4ft.oer4ft (.const:xdc_runtime_Error_raiseHook__C)
                  0000f12c    00000004     sbl_per4ft.oer4ft (.const:xdc_runtime_IGateProvider_Interface__BASE__C)
                  0000f130    00000004     sbl_per4ft.oer4ft (.const:xdc_runtime_IHeap_Interface__BASE__C)
                  0000f134    00000004     sbl_per4ft.oer4ft (.const:xdc_runtime_IModule_Interface__BASE__C)
                  0000f138    00000004     sbl_per4ft.oer4ft (.const:xdc_runtime_Memory_defaultHeapInstance__C)
                  0000f13c    00000004     sbl_per4ft.oer4ft (.const:xdc_runtime_Startup_execImpl__C)
                  0000f140    00000004     sbl_per4ft.oer4ft (.const:xdc_runtime_Startup_maxPasses__C)
                  0000f144    00000004     sbl_per4ft.oer4ft (.const:xdc_runtime_Startup_sfxnRts__C)
                  0000f148    00000004     sbl_per4ft.oer4ft (.const:xdc_runtime_Startup_sfxnTab__C)
                  0000f14c    00000004     sbl_per4ft.oer4ft (.const:xdc_runtime_System_Module__gateObj__C)
                  0000f150    00000004     sbl_per4ft.oer4ft (.const:xdc_runtime_System_abortFxn__C)
                  0000f154    00000004     sbl_per4ft.oer4ft (.const:xdc_runtime_System_exitFxn__C)
                  0000f158    00000004     sbl_per4ft.oer4ft (.const:xdc_runtime_System_extendFxn__C)
                  0000f15c    00000004     sbl_per4ft.oer4ft (.const:xdc_runtime_System_maxAtexitHandlers__C)
                  0000f160    00000004     sbl_per4ft.oer4ft (.const:xdc_runtime_Text_charTab__C)
                  0000f164    00000004     sbl_per4ft.oer4ft (.const:xdc_runtime_Text_nameEmpty__C)
                  0000f168    00000004     sbl_per4ft.oer4ft (.const:xdc_runtime_Text_nameStatic__C)
                  0000f16c    00000004     sbl_per4ft.oer4ft (.const:xdc_runtime_Text_nameUnknown__C)
                  0000f170    00000004     sbl_per4ft.oer4ft (.const:xdc_runtime_Text_nodeTab__C)
                  0000f174    00000004     sbl_per4ft.oer4ft (.const:xdc_runtime_Text_visitRopeFxn__C)
                  0000f178    00000002     sbl_per4ft.oer4ft (.const:ti_sysbios_family_arm_exc_Exception_Module__id__C)
                  0000f17a    00000002     sbl_per4ft.oer4ft (.const:ti_sysbios_family_arm_v7r_tms570_Core_Module__id__C)
                  0000f17c    00000002     sbl_per4ft.oer4ft (.const:ti_sysbios_family_arm_v7r_vim_Hwi_Module__id__C)
                  0000f17e    00000002     sbl_per4ft.oer4ft (.const:ti_sysbios_gates_GateMutex_Module__id__C)
                  0000f180    00000002     sbl_per4ft.oer4ft (.const:ti_sysbios_hal_Hwi_Module__id__C)
                  0000f182    00000002     sbl_per4ft.oer4ft (.const:ti_sysbios_heaps_HeapMem_Module__id__C)
                  0000f184    00000002     sbl_per4ft.oer4ft (.const:ti_sysbios_knl_Semaphore_Module__id__C)
                  0000f186    00000002     sbl_per4ft.oer4ft (.const:ti_sysbios_knl_Task_Module__id__C)
                  0000f188    00000002     sbl_per4ft.oer4ft (.const:ti_sysbios_timers_rti_Timer_Module__id__C)
                  0000f18a    00000002     sbl_per4ft.oer4ft (.const:ti_sysbios_timers_rti_Timer_continueOnSuspend__C)
                  0000f18c    00000002     sbl_per4ft.oer4ft (.const:xdc_runtime_Core_Module__id__C)
                  0000f18e    00000002     sbl_per4ft.oer4ft (.const:xdc_runtime_Error_maxDepth__C)
                  0000f190    00000002     sbl_per4ft.oer4ft (.const:xdc_runtime_Main_Module__id__C)
                  0000f192    00000002     sbl_per4ft.oer4ft (.const:xdc_runtime_Memory_Module__id__C)
                  0000f194    00000002     sbl_per4ft.oer4ft (.const:xdc_runtime_Text_charCnt__C)
                  0000f196    00000002     sbl_per4ft.oer4ft (.const:xdc_runtime_Text_isLoaded__C)
                  0000f198    00000002     sbl_per4ft.oer4ft (.const:xdc_runtime_Text_registryModsLastId__C)
                  0000f19a    00000002     sbl_per4ft.oer4ft (.const:xdc_runtime_Text_unnamedModsLastId__C)

.cinit     0    0000f288    00000340     
                  0000f288    000002fa     (.cinit..data.load) [load image, compression = lzss]
                  0000f582    00000002     --HOLE-- [fill = 0]
                  0000f584    0000000c     (__TI_handler_table)
                  0000f590    00000008     (.cinit..bss.load) [load image, compression = zero_init]
                  0000f598    00000008     (.cinit..myFiqStack.load) [load image, compression = zero_init]
                  0000f5a0    00000008     (.cinit.systemHeap.load) [load image, compression = zero_init]
                  0000f5a8    00000020     (__TI_cinit_table)

_appVecs   0    00000000    00000000     UNINITIALIZED

tcmalibs   0    0000f1a0    000000e8     
                  0000f1a0    00000034     main.oer4f (.text:_system_pre_init)
                  0000f1d4    00000014     main.oer4f (.text:copyCode)
                  0000f1e8    0000000a     main.oer4f (.text:main)
                  0000f1f2    00000002     --HOLE-- [fill = 0]
                  0000f1f4    00000008     sbl.oer4f (.tramp.SBL_init.1)
                  0000f1fc    00000074     boot.aer4ft : boot.oer4ft (.text)
                  0000f270    00000008     sysbios.aer4ft : BIOS.obj (.tramp.xdc_runtime_System_exit__E.1)
                  0000f278    00000008     rtsv7R4_T_le_v3D16_eabi.lib : args_main.obj (.tramp._args_main.1)
                  0000f280    00000008     auto_init.aer4ft : auto_init.oer4ft (.tramp.__TI_auto_init.1)

systemHeap 
*          0    0800cbb8    00008000     UNINITIALIZED
                  0800cbb8    00008000     sbl_per4ft.oer4ft (systemHeap)

.bss       0    08014bc0    00004b80     UNINITIALIZED
                  08014bc0    00001998     (.common:gSblMCB)
                  08016558    00000008     (.common:gDMADriverPtr)
                  08016560    00000008     (.common:parmbuf)
                  08016568    00000018     --HOLE--
                  08016580    00001000     (.common:dataBuff)
                  08017580    00001000     (.common:ti_sysbios_family_arm_exc_Exception_Module_State_0_excStack_0__A)
                  08018580    00000800     sbl_per4ft.oer4ft (.bss:taskStackSection)
                  08018d80    00000800     (.common:imageChunk)
                  08019580    00000120     rtsv7R4_T_le_v3D16_eabi.lib : trgmsg.obj (.bss:_CIOBUF_)
                  080196a0    000000a0     (.common:__TI_tmpnams)

.stack     0    0801bc40    00001000     UNINITIALIZED
                  0801bc40    00001000     --HOLE--

.data      0    0801cc40    00000a54     UNINITIALIZED
                  0801cc40    00000200     sbl_per4ft.oer4ft (.data:ti_sysbios_family_arm_v7r_vim_Hwi_Module_State_0_dispatchTable__A)
                  0801ce40    000000f0     rtsv7R4_T_le_v3D16_eabi.lib : defs.obj (.data:_ftable)
                  0801cf30    00000010     libdma_xwr68xx.aer4f : dma.oer4f (.data:DMA_defaultParams)
                  0801cf40    000000c0     metaheader_parser.oer4f (.data:metaHeaderLcl)
                  0801d000    00000080     sbl_per4ft.oer4ft (.data:ti_sysbios_knl_Swi_Module_State_0_readyQ__A)
                  0801d080    00000080     sbl_per4ft.oer4ft (.data:ti_sysbios_knl_Task_Module_State_0_readyQ__A)
                  0801d100    00000078     rtsv7R4_T_le_v3D16_eabi.lib : write.obj (.data:_device)
                  0801d178    00000060     libdma_xwr68xx.aer4f : dma_xwr68xx.oer4f (.data:gDMAHwCfg)
                  0801d1d8    0000005c     sbl_per4ft.oer4ft (.data:ti_sysbios_knl_Task_Object__table__V)
                  0801d234    00000058     libuart_xwr68xx.aer4f : uart_xwr68xx.oer4f (.data:gUartSciHwCfg)
                  0801d28c    00000050     rtsv7R4_T_le_v3D16_eabi.lib : write.obj (.data:_stream)
                  0801d2dc    00000048     sbl_per4ft.oer4ft (.data:ti_sysbios_knl_Task_Module__state__V)
                  0801d324    00000040     sbl_per4ft.oer4ft (.data:ti_sysbios_gates_GateMutex_Object__table__V)
                  0801d364    0000003c     sbl_per4ft.oer4ft (.data:ti_sysbios_timers_rti_Timer_Object__table__V)
                  0801d3a0    00000034     sbl_per4ft.oer4ft (.data:ti_sysbios_family_arm_v7r_vim_Hwi_Module__state__V)
                  0801d3d4    00000030     sbl_per4ft.oer4ft (.data:ti_sysbios_knl_Swi_Object__table__V)
                  0801d404    0000002c     sbl_per4ft.oer4ft (.data:ti_sysbios_family_arm_v7r_vim_Hwi_Object__table__V)
                  0801d430    0000002c     sbl_per4ft.oer4ft (.data:ti_sysbios_knl_Clock_Module__state__V)
                  0801d45c    00000028     libuart_xwr68xx.aer4f : uartsci.oer4f (.data:gUartSciFxnTable)
                  0801d484    00000024                           : uart_xwr68xx.oer4f (.data:UART_config)
                  0801d4a8    00000024     sbl_per4ft.oer4ft (.data:ti_sysbios_BIOS_Module__state__V)
                  0801d4cc    00000004     libqspiflash_xwr68xx.aer4f : qspiflash_xwr68xx.oer4f (.data:gQSPIFlashHwCfg)
                  0801d4d0    00000020     libsoc_xwr68xx.aer4f : soc_xwr68xx_mss.oer4f (.data:gSOCHwAttrib)
                  0801d4f0    00000020     sbl_per4ft.oer4ft (.data:xdc_runtime_Error_IgnoreBlock)
                  0801d510    00000020     sbl_per4ft.oer4ft (.data:xdc_runtime_System_Module_State_0_atexitHandlers__A)
                  0801d530    0000001c     sbl_per4ft.oer4ft (.data:ti_sysbios_knl_Swi_Module__state__V)
                  0801d54c    00000018     sbl_per4ft.oer4ft (.data:ti_sysbios_heaps_HeapMem_Object__table__V)
                  0801d564    00000018     sbl_per4ft.oer4ft (.data:ti_sysbios_timers_rti_Timer_Module_State_0_device__A)
                  0801d57c    00000014     sbl_per4ft.oer4ft (.data:ti_sysbios_family_arm_exc_Exception_Module__state__V)
                  0801d590    00000010     libqspi_xwr68xx.aer4f : qspi_xwr68xx.oer4f (.data:gQSPIHwCfg)
                  0801d5a0    00000010     rtsv7R4_T_le_v3D16_eabi.lib : defs.obj (.data)
                  0801d5b0    00000010     sbl_per4ft.oer4ft (.data:ti_sysbios_timers_rti_Timer_Module_State_0_intFreqs__A)
                  0801d5c0    00000010     sbl_per4ft.oer4ft (.data:ti_sysbios_timers_rti_Timer_Module__state__V)
                  0801d5d0    0000000c     rtsv7R4_T_le_v3D16_eabi.lib : exit.obj (.data:$O1$$)
                  0801d5dc    00000008                                 : _lock.obj (.data:$O1$$)
                  0801d5e4    00000008     libqspiflash_xwr68xx.aer4f : qspiflash_device_macronix.oer4f (.data:QSPIFlash_deviceFxnTbl_macronix)
                  0801d5ec    00000008                                : qspiflash_device_spansion.oer4f (.data:QSPIFlash_deviceFxnTbl_spansion)
                  0801d5f4    00000008     sbl_per4ft.oer4ft (.data:ti_sysbios_family_arm_v7r_vim_Hwi_Module__root__V)
                  0801d5fc    00000008     sbl_per4ft.oer4ft (.data:ti_sysbios_gates_GateHwi_Module__root__V)
                  0801d604    00000008     sbl_per4ft.oer4ft (.data:ti_sysbios_gates_GateMutex_Module__root__V)
                  0801d60c    00000008     sbl_per4ft.oer4ft (.data:ti_sysbios_hal_Hwi_Object__table__V)
                  0801d614    00000008     sbl_per4ft.oer4ft (.data:ti_sysbios_heaps_HeapMem_Module__root__V)
                  0801d61c    00000008     sbl_per4ft.oer4ft (.data:ti_sysbios_knl_Queue_Module__root__V)
                  0801d624    00000008     sbl_per4ft.oer4ft (.data:ti_sysbios_knl_Semaphore_Module__root__V)
                  0801d62c    00000008     sbl_per4ft.oer4ft (.data:ti_sysbios_knl_Task_Module__root__V)
                  0801d634    00000008     sbl_per4ft.oer4ft (.data:ti_sysbios_timers_rti_Timer_Module_State_0_handles__A)
                  0801d63c    00000008     sbl_per4ft.oer4ft (.data:xdc_runtime_Registry_Module__state__V)
                  0801d644    00000008     sbl_per4ft.oer4ft (.data:xdc_runtime_Startup_Module__state__V)
                  0801d64c    00000008     sbl_per4ft.oer4ft (.data:xdc_runtime_System_Module__state__V)
                  0801d654    00000004     libcrc_xwr68xx.aer4f : crc_xwr68xx.oer4f (.data)
                  0801d658    00000004     libpinmux_xwr68xx.aer4f : pinmux_xwr1xxx.oer4f (.data)
                  0801d65c    00000004     libqspi_xwr68xx.aer4f : qspi.oer4f (.data)
                  0801d660    00000004     libuart_xwr68xx.aer4f : UART.oer4f (.data)
                  0801d664    00000004     rtsv7R4_T_le_v3D16_eabi.lib : errno.obj (.data)
                  0801d668    00000004                                 : fopen.obj (.data)
                  0801d66c    00000004                                 : open.obj (.data)
                  0801d670    00000004                                 : stkdepth_vars.obj (.data)
                  0801d674    00000004     sbl_per4ft.oer4ft (.data:ti_sysbios_family_arm_exc_Exception_Module_State_0_excContext__A)
                  0801d678    00000004     sbl_per4ft.oer4ft (.data:ti_sysbios_family_arm_exc_Exception_Module_State_0_excStackBuffers__A)
                  0801d67c    00000004     sbl_per4ft.oer4ft (.data:ti_sysbios_family_arm_exc_Exception_Module_State_0_excStack__A)
                  0801d680    00000004     sbl_per4ft.oer4ft (.data:ti_sysbios_gates_GateHwi_Object__table__V)
                  0801d684    00000004     sbl_per4ft.oer4ft (.data:ti_sysbios_heaps_HeapBuf_Module__state__V)
                  0801d688    00000004     sbl_per4ft.oer4ft (.data:ti_sysbios_knl_Task_Module_State_0_idleTask__A)
                  0801d68c    00000004     sbl_per4ft.oer4ft (.data:xdc_runtime_Memory_Module__state__V)
                  0801d690    00000002     sbl_per4ft.oer4ft (.data:ti_sysbios_family_arm_exc_Exception_Module_State_0_excActive__A)
                  0801d692    00000002     sbl_per4ft.oer4ft (.data:xdc_runtime_Error_Module__state__V)

MODULE SUMMARY

       Module                            code     ro data   rw data
       ------                            ----     -------   -------
    /home/gtbldadm/nightlybuilds/mmwave_sdk/ti/utils/sbl/mss_configPkg_xwr68xx/package/cfg/
       sbl_per4ft.oer4ft                 3496     17064     42560  
    +--+---------------------------------+--------+---------+---------+
       Total:                            3496     17064     42560  
                                                                   
    obj_xwr68xx/
       sbl.oer4f                         4956     0         10648  
       image_validity.oer4f              4038     0         0      
       multicoreimage_parser.oer4f       936      0         2048   
       image_parser.oer4f                2240     0         0      
       transport.oer4f                   2176     0         0      
       metaheader_parser.oer4f           1928     0         192    
       sbl_xwr68xx.oer4f                 1720     0         0      
       crc16.oer4f                       88       1024      0      
       buffer_mgmt.oer4f                 496      0         0      
[...]
0800cbb1  ti_sysbios_knl_Clock_logTick__E                                      
0800cbb8  ti_sysbios_heaps_HeapMem_Instance_State_0_buf__A                     
08014bc0  gSblMCB                                                              
08016558  gDMADriverPtr                                                        
08016560  parmbuf                                                              
08016580  dataBuff                                                             
08017580  ti_sysbios_family_arm_exc_Exception_Module_State_0_excStack_0__A     
08018580  ti_sysbios_knl_Task_Instance_State_0_stack__A                        
08018d80  imageChunk                                                           
08019580  __CIOBUF_                                                            
080196a0  __TI_tmpnams                                                         
08019740  _constRunAddr                                                        
08019740  xdc_runtime_Text_charTab__A                                          
0801b42e  _ctypes_                                                             
0801b530  xdc_runtime_Text_nodeTab__A                                          
0801b600  ti_sysbios_family_arm_v7r_vim_Hwi_channelMap__A                      
0801b738  ti_sysbios_knl_Task_Object__PARAMS__C                                
0801b77c  UART_defaultParams                                                   
0801b7b8  ti_sysbios_family_arm_v7r_vim_Hwi_Object__PARAMS__C                  
0801b7e8  ti_sysbios_heaps_HeapMem_Module__FXNS__C                             
0801b810  xdc_runtime_Startup_sfxnTab__A                                       
0801b838  ti_sysbios_gates_GateHwi_Module__FXNS__C                             
0801b85c  ti_sysbios_gates_GateMutex_Module__FXNS__C                           
0801b880  ti_sysbios_heaps_HeapMem_Object__PARAMS__C                           
0801b8a4  ti_sysbios_knl_Semaphore_Object__PARAMS__C                           
0801b8c8  ti_sysbios_family_arm_v7r_vim_Hwi_Object__DESC__C                    
0801b8e8  ti_sysbios_gates_GateHwi_Object__DESC__C                             
0801b908  ti_sysbios_gates_GateMutex_Object__DESC__C                           
0801b928  ti_sysbios_heaps_HeapMem_Object__DESC__C                             
0801b948  ti_sysbios_knl_Queue_Object__DESC__C                                 
0801b968  ti_sysbios_knl_Semaphore_Object__DESC__C                             
0801b988  ti_sysbios_knl_Task_Object__DESC__C                                  
0801b9a8  ti_sysbios_gates_GateHwi_Object__PARAMS__C                           
0801b9c0  ti_sysbios_gates_GateMutex_Object__PARAMS__C                         
0801b9d8  ti_sysbios_knl_Queue_Object__PARAMS__C                               
0801b9f0  xdc_runtime_Startup_sfxnRts__A                                       
0801ba04  QSPI_defaultParams                                                   
0801ba14  ti_sysbios_family_arm_v7r_vim_Hwi_intReqEnaSet__A                    
0801ba24  ti_sysbios_family_arm_v7r_vim_Hwi_wakeEnaSet__A                      
0801ba34  ti_sysbios_knl_Idle_funcList__C                                      
0801ba3c  xdc_runtime_Startup_firstFxns__A                                     
0801ba44  xdc_runtime_Startup_firstFxns__C                                     
0801ba4c  xdc_runtime_Startup_lastFxns__C                                      
0801ba54  ti_sysbios_family_arm_TaskSupport_stackAlignment__C                  
0801ba58  ti_sysbios_family_arm_exc_Exception_E_dataAbort__C                   
0801ba5c  ti_sysbios_family_arm_exc_Exception_E_prefetchAbort__C               
0801ba60  ti_sysbios_family_arm_exc_Exception_E_swi__C                         
0801ba64  ti_sysbios_family_arm_exc_Exception_E_undefinedInstruction__C        
0801ba68  ti_sysbios_family_arm_exc_Exception_excHookFuncs__A                  
0801ba6c  ti_sysbios_family_arm_exc_Exception_excHookFuncs__C                  
0801ba70  ti_sysbios_family_arm_v7r_tms570_Core_E_mismatchedIds__C             
0801ba74  ti_sysbios_family_arm_v7r_tms570_Core_id__C                          
0801ba78  ti_sysbios_family_arm_v7r_vim_Hwi_A_badChannelId__C                  
0801ba7c  ti_sysbios_family_arm_v7r_vim_Hwi_E_alreadyDefined__C                
0801ba80  ti_sysbios_family_arm_v7r_vim_Hwi_E_badIntNum__C                     
0801ba84  ti_sysbios_family_arm_v7r_vim_Hwi_E_phantomInterrupt__C              
0801ba88  ti_sysbios_family_arm_v7r_vim_Hwi_E_undefined__C                     
0801ba8c  ti_sysbios_family_arm_v7r_vim_Hwi_E_unsupportedMaskingOption__C      
0801ba90  ti_sysbios_family_arm_v7r_vim_Hwi_Module__diagsEnabled__C            
0801ba94  ti_sysbios_family_arm_v7r_vim_Hwi_Module__diagsIncluded__C           
0801ba98  ti_sysbios_family_arm_v7r_vim_Hwi_Module__diagsMask__C               
0801ba9c  ti_sysbios_family_arm_v7r_vim_Hwi_NUM_INTERRUPTS__C                  
0801baa0  ti_sysbios_family_arm_v7r_vim_Hwi_channelMap__C                      
0801baa4  ti_sysbios_family_arm_v7r_vim_Hwi_intReqEnaSet__C                    
0801baa8  ti_sysbios_family_arm_v7r_vim_Hwi_phantomFunc__C                     
0801baac  ti_sysbios_family_arm_v7r_vim_Hwi_swiDisable__C                      
0801bab0  ti_sysbios_family_arm_v7r_vim_Hwi_swiRestoreHwi__C                   
0801bab4  ti_sysbios_family_arm_v7r_vim_Hwi_taskDisable__C                     
0801bab8  ti_sysbios_family_arm_v7r_vim_Hwi_taskRestoreHwi__C                  
0801babc  ti_sysbios_family_arm_v7r_vim_Hwi_wakeEnaSet__C                      
0801bac0  ti_sysbios_gates_GateMutex_A_badContext__C                           
0801bac4  ti_sysbios_gates_GateMutex_Instance_State_sem__O                     
0801bac8  ti_sysbios_gates_GateMutex_Module__diagsEnabled__C                   
0801bacc  ti_sysbios_gates_GateMutex_Module__diagsIncluded__C                  
0801bad0  ti_sysbios_gates_GateMutex_Module__diagsMask__C                      
0801bad4  ti_sysbios_hal_Hwi_E_stackOverflow__C                                
0801bad8  ti_sysbios_heaps_HeapBuf_Instance_State_freeList__O                  
0801badc  ti_sysbios_heaps_HeapBuf_Object__count__C                            
0801bae0  ti_sysbios_heaps_HeapBuf_numConstructedHeaps__C                      
0801bae4  ti_sysbios_heaps_HeapMem_A_align__C                                  
0801bae8  ti_sysbios_heaps_HeapMem_A_heapSize__C                               
0801baec  ti_sysbios_heaps_HeapMem_A_invalidFree__C                            
0801baf0  ti_sysbios_heaps_HeapMem_A_zeroBlock__C                              
0801baf4  ti_sysbios_heaps_HeapMem_E_memory__C                                 
0801baf8  ti_sysbios_heaps_HeapMem_Module__diagsEnabled__C                     
0801bafc  ti_sysbios_heaps_HeapMem_Module__diagsIncluded__C                    
0801bb00  ti_sysbios_heaps_HeapMem_Module__diagsMask__C                        
0801bb04  ti_sysbios_heaps_HeapMem_Module__gateObj__C                          
0801bb08  ti_sysbios_heaps_HeapMem_Object__count__C                            
0801bb0c  ti_sysbios_heaps_HeapMem_reqAlign__C                                 
0801bb10  ti_sysbios_knl_Clock_Module_State_clockQ__O                          
0801bb14  ti_sysbios_knl_Idle_funcList__A                                      
0801bb18  ti_sysbios_knl_Semaphore_A_badContext__C                             
0801bb1c  ti_sysbios_knl_Semaphore_A_noEvents__C                               
0801bb20  ti_sysbios_knl_Semaphore_A_overflow__C                               
0801bb24  ti_sysbios_knl_Semaphore_A_pendTaskDisabled__C                       
0801bb28  ti_sysbios_knl_Semaphore_Instance_State_pendQ__O                     
0801bb2c  ti_sysbios_knl_Semaphore_Module__diagsEnabled__C                     
0801bb30  ti_sysbios_knl_Semaphore_Module__diagsIncluded__C                    
0801bb34  ti_sysbios_knl_Semaphore_Module__diagsMask__C                        
0801bb38  ti_sysbios_knl_Swi_Object__count__C                                  
0801bb3c  ti_sysbios_knl_Task_A_badPriority__C                                 
0801bb40  ti_sysbios_knl_Task_A_badTaskState__C                                
0801bb44  ti_sysbios_knl_Task_A_badThreadType__C                               
0801bb48  ti_sysbios_knl_Task_A_noPendElem__C                                  
0801bb4c  ti_sysbios_knl_Task_E_spOutOfBounds__C                               
0801bb50  ti_sysbios_knl_Task_E_stackOverflow__C                               
0801bb54  ti_sysbios_knl_Task_Module_State_inactiveQ__O                        
0801bb58  ti_sysbios_knl_Task_Module__diagsEnabled__C                          
0801bb5c  ti_sysbios_knl_Task_Module__diagsIncluded__C                         
0801bb60  ti_sysbios_knl_Task_Module__diagsMask__C                             
0801bb64  ti_sysbios_knl_Task_Object__count__C                                 
0801bb68  ti_sysbios_knl_Task_allBlockedFunc__C                                
0801bb6c  ti_sysbios_knl_Task_defaultStackHeap__C                              
0801bb70  ti_sysbios_knl_Task_defaultStackSize__C                              
0801bb74  ti_sysbios_knl_Task_numConstructedTasks__C                           
0801bb78  ti_sysbios_timers_rti_Timer_E_cannotSupport__C                       
0801bb7c  ti_sysbios_timers_rti_Timer_Module__diagsEnabled__C                  
0801bb80  ti_sysbios_timers_rti_Timer_Module__diagsIncluded__C                 
0801bb84  ti_sysbios_timers_rti_Timer_Module__diagsMask__C                     
0801bb88  ti_sysbios_timers_rti_Timer_numTimerDevices__C                       
0801bb8c  ti_sysbios_timers_rti_Timer_startupNeeded__C                         
0801bb90  xdc_runtime_Assert_E_assertFailed__C                                 
0801bb94  xdc_runtime_Core_A_initializedParams__C                              
0801bb98  xdc_runtime_Core_Module__diagsEnabled__C                             
0801bb9c  xdc_runtime_Core_Module__diagsIncluded__C                            
0801bba0  xdc_runtime_Core_Module__diagsMask__C                                
0801bba4  xdc_runtime_Error_E_memory__C                                        
0801bba8  xdc_runtime_Error_policyFxn__C                                       
0801bbac  xdc_runtime_Error_policy__C                                          
0801bbb0  xdc_runtime_Error_raiseHook__C                                       
0801bbb4  xdc_runtime_IGateProvider_Interface__BASE__C                         
0801bbb8  xdc_runtime_IHeap_Interface__BASE__C                                 
0801bbbc  xdc_runtime_IModule_Interface__BASE__C                               
0801bbc0  xdc_runtime_Memory_defaultHeapInstance__C                            
0801bbc4  xdc_runtime_Startup_execImpl__C                                      
0801bbc8  xdc_runtime_Startup_maxPasses__C                                     
0801bbcc  xdc_runtime_Startup_sfxnRts__C                                       
0801bbd0  xdc_runtime_Startup_sfxnTab__C                                       
0801bbd4  xdc_runtime_System_Module__gateObj__C                                
0801bbd8  xdc_runtime_System_abortFxn__C                                       
0801bbdc  xdc_runtime_System_exitFxn__C                                        
0801bbe0  xdc_runtime_System_extendFxn__C                                      
0801bbe4  xdc_runtime_System_maxAtexitHandlers__C                              
0801bbe8  xdc_runtime_Text_charTab__C                                          
0801bbec  xdc_runtime_Text_nameEmpty__C                                        
0801bbf0  xdc_runtime_Text_nameStatic__C                                       
0801bbf4  xdc_runtime_Text_nameUnknown__C                                      
0801bbf8  xdc_runtime_Text_nodeTab__C                                          
0801bbfc  xdc_runtime_Text_visitRopeFxn__C                                     
0801bc00  ti_sysbios_family_arm_exc_Exception_Module__id__C                    
0801bc02  ti_sysbios_family_arm_v7r_tms570_Core_Module__id__C                  
0801bc04  ti_sysbios_family_arm_v7r_vim_Hwi_Module__id__C                      
0801bc06  ti_sysbios_gates_GateMutex_Module__id__C                             
0801bc08  ti_sysbios_hal_Hwi_Module__id__C                                     
0801bc0a  ti_sysbios_heaps_HeapMem_Module__id__C                               
0801bc0c  ti_sysbios_knl_Semaphore_Module__id__C                               
0801bc0e  ti_sysbios_knl_Task_Module__id__C                                    
0801bc10  ti_sysbios_timers_rti_Timer_Module__id__C                            
0801bc12  ti_sysbios_timers_rti_Timer_continueOnSuspend__C                     
0801bc14  xdc_runtime_Core_Module__id__C                                       
0801bc16  xdc_runtime_Error_maxDepth__C                                        
0801bc18  xdc_runtime_Main_Module__id__C                                       
0801bc1a  xdc_runtime_Memory_Module__id__C                                     
0801bc1c  xdc_runtime_Text_charCnt__C                                          
0801bc1e  xdc_runtime_Text_isLoaded__C                                         
0801bc20  xdc_runtime_Text_registryModsLastId__C                               
0801bc22  xdc_runtime_Text_unnamedModsLastId__C                                
0801bc40  __stack                                                              
0801cc40  __STACK_END                                                          
0801cc40  ti_sysbios_family_arm_v7r_vim_Hwi_Module_State_0_dispatchTable__A    
0801ce40  _ftable                                                              
0801cf30  DMA_defaultParams                                                    
0801cf40  metaHeaderLcl                                                        
0801d000  ti_sysbios_knl_Swi_Module_State_0_readyQ__A                          
0801d080  ti_sysbios_knl_Task_Module_State_0_readyQ__A                         
0801d100  _device                                                              
0801d178  gDMAHwCfg                                                            
0801d1d8  ti_sysbios_knl_Task_Object__table__V                                 
0801d234  gUartSciHwCfg                                                        
0801d28c  _stream                                                              
0801d2dc  ti_sysbios_knl_Task_Module__state__V                                 
0801d324  ti_sysbios_gates_GateMutex_Object__table__V                          
0801d364  ti_sysbios_timers_rti_Timer_Object__table__V                         
0801d3a0  ti_sysbios_family_arm_v7r_vim_Hwi_Module__state__V                   
0801d3d4  ti_sysbios_knl_Swi_Object__table__V                                  
0801d404  ti_sysbios_family_arm_v7r_vim_Hwi_Object__table__V                   
0801d430  ti_sysbios_knl_Clock_Module__state__V                                
0801d45c  gUartSciFxnTable                                                     
0801d484  UART_config                                                          
0801d4a8  ti_sysbios_BIOS_Module__state__V                                     
0801d4cc  gQSPIFlashHwCfg                                                      
0801d4d0  gSOCHwAttrib                                                         
0801d4f0  xdc_runtime_Error_IgnoreBlock                                        
0801d510  xdc_runtime_System_Module_State_0_atexitHandlers__A                  
0801d530  ti_sysbios_knl_Swi_Module__state__V                                  
0801d54c  ti_sysbios_heaps_HeapMem_Object__table__V                            
0801d564  ti_sysbios_timers_rti_Timer_Module_State_0_device__A                 
0801d57c  ti_sysbios_family_arm_exc_Exception_Module__state__V                 
0801d590  gQSPIHwCfg                                                           
0801d5a0  __TI_ft_end                                                          
0801d5a4  __aeabi_stdin                                                        
0801d5a8  __aeabi_stdout                                                       
0801d5ac  __aeabi_stderr                                                       
0801d5b0  ti_sysbios_timers_rti_Timer_Module_State_0_intFreqs__A               
0801d5c0  ti_sysbios_timers_rti_Timer_Module__state__V                         
0801d5d0  __TI_cleanup_ptr                                                     
0801d5d4  __TI_dtors_ptr                                                       
0801d5d8  __TI_enable_exit_profile_output                                      
0801d5dc  _lock                                                                
0801d5e0  _unlock                                                              
0801d5e4  QSPIFlash_deviceFxnTbl_macronix                                      
0801d5ec  QSPIFlash_deviceFxnTbl_spansion                                      
0801d5f4  ti_sysbios_family_arm_v7r_vim_Hwi_Module__root__V                    
0801d5fc  ti_sysbios_gates_GateHwi_Module__root__V                             
0801d604  ti_sysbios_gates_GateMutex_Module__root__V                           
0801d60c  ti_sysbios_hal_Hwi_Object__table__V                                  
0801d614  ti_sysbios_heaps_HeapMem_Module__root__V                             
0801d61c  ti_sysbios_knl_Queue_Module__root__V                                 
0801d624  ti_sysbios_knl_Semaphore_Module__root__V                             
0801d62c  ti_sysbios_knl_Task_Module__root__V                                  
0801d634  ti_sysbios_timers_rti_Timer_Module_State_0_handles__A                
0801d63c  xdc_runtime_Registry_Module__state__V                                
0801d644  xdc_runtime_Startup_Module__state__V                                 
0801d64c  xdc_runtime_System_Module__state__V                                  
0801d654  gCRCRegister                                                         
0801d658  gPinmuxRegs                                                          
0801d65c  gQSPIDriverPtr                                                       
0801d664  errno                                                                
0801d670  main_func_sp                                                         
0801d674  ti_sysbios_family_arm_exc_Exception_Module_State_0_excContext__A     
0801d678  ti_sysbios_family_arm_exc_Exception_Module_State_0_excStackBuffers__A
0801d67c  ti_sysbios_family_arm_exc_Exception_Module_State_0_excStack__A       
0801d680  ti_sysbios_gates_GateHwi_Object__table__V                            
0801d684  ti_sysbios_heaps_HeapBuf_Module__state__V                            
0801d688  ti_sysbios_knl_Task_Module_State_0_idleTask__A                       
0801d68c  xdc_runtime_Memory_Module__state__V                                  
0801d690  ti_sysbios_family_arm_exc_Exception_Module_State_0_excActive__A      
0801d692  xdc_runtime_Error_Module__state__V                                   
0801d698  ti_sysbios_family_arm_v7r_vim_Hwi_Module_State_0_fiqStack__A         
fffffdec  ti_sysbios_family_arm_v7r_vim_Hwi_vim                                
ffffffff  __TI_pprof_out_hndl                                                  
ffffffff  __TI_prof_data_size                                                  
ffffffff  __TI_prof_data_start                                                 
ffffffff  __binit__                                                            
ffffffff  __c_args__                                                           
ffffffff  binit                                                                
UNDEFED   SHT$$INIT_ARRAY$$Base                                                
UNDEFED   SHT$$INIT_ARRAY$$Limit                                               

[707 symbols]
