******************************************************************************
                  TI ARM Linker Unix v16.9.6                   
******************************************************************************
>> Linked Fri Oct  2 10:31:35 2020

OUTPUT FILE NAME:   <test/xwr68xx_rangeprochwa_mss.xer4f>
ENTRY POINT SYMBOL: "_c_int00"  address: 0000b6e4


MEMORY CONFIGURATION

         name            origin    length      used     unused   attr    fill
----------------------  --------  ---------  --------  --------  ----  --------
PAGE 0:
  VECTORS               00000000   00000100  0000003c  000000c4     X
  PROG_RAM              00000100   0007ff00  00010c48  0006f2b8  R  X
  DATA_RAM              08000000   00030000  00028958  000076a8  RW  
  L3_RAM                51000000   000c0000  00048000  00078000  RW  
  HWA_RAM               52030000   00010000  00000000  00010000  RW  
  HS_RAM                52080000   00008000  00000000  00008000  RW  

PAGE 1:
  L3_RAM                51000000   000c0000  00000000  000c0000  RW  


SEGMENT ALLOCATION MAP

run origin  load origin   length   init length attrs members
----------  ----------- ---------- ----------- ----- -------
00000000    00000000    0000003c   0000003c    r--
  00000000    00000000    0000003c   0000003c    r-- .vecs
00000100    00000100    00010c50   00010c50    r-x
  00000100    00000100    0000e462   0000e462    r-x .text
  0000e568    0000e568    000024d6   000024d6    r-- .const
  00010a40    00010a40    00000310   00000310    r-- .cinit
08000000    08000000    00028958   00000000    rw-
  08000000    08000000    0001ec00   00000000    rw- .dataBuf
  0801ec00    0801ec00    00005f20   00000000    rw- .bss
  08024b20    08024b20    00002400   00000000    rw- .MCPILogBuffer
  08026f20    08026f20    00001000   00000000    rw- .stack
  08027f20    08027f20    00000a38   00000000    rw- .data
51000000    51000000    00048000   00000000    rw-
  51000000    51000000    00048000   00000000    rw- .l3data


SECTION ALLOCATION MAP

 output                                  attributes/
section   page    origin      length       input sections
--------  ----  ----------  ----------   ----------------
.vecs      0    00000000    0000003c     
                  00000000    0000003c     mss_per4ft.oer4ft (.vecs)

xdc.meta   0    00000000    00000107     COPY SECTION
                  00000000    00000107     mss_per4ft.oer4ft (xdc.meta)

.text      0    00000100    0000e462     
                  00000100    0000107a     rtsv7R4_T_le_v3D16_eabi.lib : _printfi.obj (.text)
                  0000117a    00000002     libhwa_xwr68xx.aer4f : hwa.oer4f (.text:HWA_init)
                  0000117c    00000d00     hwa_main.oer4f (.text:rangeProcDpuTest_Task)
                  00001e7c    00000658     libhwa_xwr68xx.aer4f : hwa.oer4f (.text:HWA_configParamSet)
                  000024d4    000005fc     rtsv7R4_T_le_v3D16_eabi.lib : k_rem_pio2.obj (.text)
                  00002ad0    00000564     rangeprochwa.oer4f (.text:DPU_RangeProcHWA_process)
                  00003034    0000000c     libedma_xwr68xx.aer4f : edma_low_level.oer4f (.text:EDMA3ChannelToParamMap)
                  00003040    000004e1     sysbios.aer4ft : BIOS.obj (.text:xdc_runtime_System_doPrint__I)
                  00003521    00000001     --HOLE-- [fill = 0]
                  00003522    00000002     rtsv7R4_T_le_v3D16_eabi.lib : i_div0.obj (.text)
                  00003524    0000043c     rangeprochwa.oer4f (.text:DPU_RangeProcHWA_config)
                  00003960    000003f4     rtsv7R4_T_le_v3D16_eabi.lib : s_cos.obj (.text)
                  00003d54    000003f4                                 : s_sin.obj (.text)
                  00004148    00000314     libsoc_xwr68xx.aer4f : soc_xwr68xx_mss.oer4f (.text:SOC_deviceInit)
                  0000445c    00000304     rangeprochwa.oer4f (.text:rangeProcHWA_ConfigEDMA_DataOut_nonInterleave)
                  00004760    000002e4     sysbios.aer4ft : BIOS.obj (.text:ti_sysbios_knl_Semaphore_pend__E)
                  00004a44    000002c4     libhwa_xwr68xx.aer4f : hwa.oer4f (.text:HWA_configCommon)
                  00004d08    000002b8     rtsv7R4_T_le_v3D16_eabi.lib : ull_div32.obj (.text)
                  00004fc0    000002a4     sysbios.aer4ft : BIOS.obj (.text:ti_sysbios_heaps_HeapMem_freeUnprotected__E)
                  00005264    0000000c     libedma_xwr68xx.aer4f : edma_low_level.oer4f (.text:EDMAsetRegion)
                  00005270    00000280     sysbios.aer4ft : BIOS.obj (.text:ti_sysbios_family_arm_exc_Exception_excDumpContext__I)
                  000054f0    00000254     hwa_main.oer4f (.text:Test_printResults)
                  00005744    0000022c     rangeprochwa.oer4f (.text:rangeProcHWA_ConfigHWA)
                  00005970    0000022c     sysbios.aer4ft : BIOS.obj (.text:ti_sysbios_knl_Task_Instance_finalize__E)
                  00005b9c    00000004     libedma_xwr68xx.aer4f : edma.oer4f (.text:EDMA_getNumInstances)
                  00005ba0    00000228     sysbios.aer4ft : BIOS.obj (.text:ti_sysbios_heaps_HeapMem_allocUnprotected__E)
                  00005dc8    00000008     libosal_xwr68xx.aer4f : HwiP_tirtos.oer4f (.text:HwiP_disable)
                  00005dd0    000001e0     sysbios.aer4ft : BIOS.obj (.text:ti_sysbios_knl_Task_sleep__E)
                  00005fb0    000001d8                    : BIOS.obj (.text:ti_sysbios_knl_Task_Module_startup__E)
                  00006188    000001d0     hwa_main.oer4f (.text:Test_setProfile)
                  00006358    000001c8     hwa_main.oer4f (.text:rangeProcDpuTest_edmaInit)
                  00006520    000001c8     rtsv7R4_T_le_v3D16_eabi.lib : fopen.obj (.text)
                  000066e8    00000008     libosal_xwr68xx.aer4f : SemaphoreP_tirtos.oer4f (.text:SemaphoreP_Params_init)
                  000066f0    000001c8     sysbios.aer4ft : BIOS.obj (.text:ti_sysbios_knl_Task_Instance_init__E)
                  000068b8    000001c0     libedma_xwr68xx.aer4f : edma.oer4f (.text:EDMA_open)
                  00006a78    00000188                           : edma.oer4f (.text:EDMA_configChannel)
                  00006c00    00000188     libhwa_xwr68xx.aer4f : hwa.oer4f (.text:HWA_open)
                  00006d88    00000008     rangeprochwa.oer4f (.text:rangeProcHWADoneIsrCallback)
                  00006d90    0000017c     sysbios.aer4ft : BIOS.obj (.text:ti_sysbios_family_arm_exc_Exception_excHandler__I)
                  00006f0c    00000168     hwa_main.oer4f (.text:Test_fft_ref)
                  00007074    0000000c     hwa_main.oer4f (.text:MmwDemo_EDMA_transferControllerErrorCallbackFxn)
                  00007080    00000160     sysbios.aer4ft : BIOS.obj (.text:ti_sysbios_family_arm_v7r_vim_Hwi_reconfig__E)
                  000071e0    00000144                    : BIOS.obj (.text:ti_sysbios_timers_rti_Timer_Module_startup__E)
                  00007324    0000000c                    : arm_IntrinsicsSupport_asm.obj (.text:_ti_sysbios_family_arm_IntrinsicsSupport_maxbitA)
                  00007330    00000140                    : BIOS.obj (.text:ti_sysbios_heaps_HeapMem_Instance_init__E)
                  00007470    00000140                    : BIOS.obj (.text:xdc_runtime_Core_createObject__I)
                  000075b0    0000013c                    : BIOS.obj (.text:ti_sysbios_family_arm_v7r_vim_Hwi_dispatchIRQC__I)
                  000076ec    00000138     hwa_main.oer4f (.text:Test_1Dfft_refGen)
                  00007824    00000138     rtsv7R4_T_le_v3D16_eabi.lib : fputs.obj (.text)
                  0000795c    00000004     libosal_xwr68xx.aer4f : HwiP_tirtos.oer4f (.text:HwiP_disableInterrupt)
                  00007960    00000134     sysbios.aer4ft : BIOS.obj (.text:xdc_runtime_Startup_startMods__I)
                  00007a94    0000000c     rtsv7R4_T_le_v3D16_eabi.lib : copy_zero_init.obj (.text:decompress:ZI)
                  00007aa0    00000130     sysbios.aer4ft : BIOS.obj (.text:xdc_runtime_Error_policyDefault__E)
                  00007bd0    0000012c     rangeprochwa.oer4f (.text:rangeProcHWA_ConfigEDMADummyThreeLinks)
                  00007cfc    00000124     libedma_xwr68xx.aer4f : edma.oer4f (.text:EDMA_init)
                  00007e20    00000120     libtestlogger_xwr68xx.aer4f : logger.oer4f (.text:MCPI_setFeatureTestResult)
                  00007f40    00000114     libedma_xwr68xx.aer4f : edma.oer4f (.text:EDMA_configErrorMonitoring)
                  00008054    00000110                           : edma.oer4f (.text:EDMA_transferComplete_isr)
                  00008164    0000010c     dpedma.oer4f (.text:DPEDMA_configSyncAB)
                  00008270    0000010c     sysbios.aer4ft : BIOS.obj (.text:xdc_runtime_Core_constructObject__I)
                  0000837c    00000104     dpedma.oer4f (.text:DPEDMA_configSyncA_singleFrame)
                  00008480    00000104     hwa_main.oer4f (.text:Test_1DwindowCoef_gen)
                  00008584    0000000c     mss_per4ft.oer4ft (.text:ti_sysbios_knl_Queue_Object__get__S)
                  00008590    00000104     sysbios.aer4ft : BIOS.obj (.text:ti_sysbios_timers_rti_Timer_getFreq__E)
                  00008694    000000f8     mss_per4ft.oer4ft (.text:xdc_runtime_System_printfExtend__I)
                  0000878c    000000f0     rtsv7R4_T_le_v3D16_eabi.lib : fread.obj (.text)
                  0000887c    000000ec                                 : s_scalbn.obj (.text)
                  00008968    00000006     libedma_xwr68xx.aer4f : edma_low_level.oer4f (.text:EDMA3ClrCCErr)
                  0000896e    00000002     mss_per4ft.oer4ft (.text:ti_sysbios_BIOS_nullFunc__I)
                  00008970    000000ec     sysbios.aer4ft : BIOS.obj (.text:ti_sysbios_heaps_HeapBuf_Module_startup__E)
                  00008a5c    000000ea     dpedmahwa.oer4f (.text:DPEDMAHWA_configTwoHotSignature)
                  00008b46    0000000a     libosal_xwr68xx.aer4f : MemoryP_tirtos.oer4f (.text:MemoryP_ctrlFree)
                  00008b50    000000e8     sysbios.aer4ft : BIOS.obj (.text:ti_sysbios_family_arm_v7r_vim_Hwi_Instance_init__E)
                  00008c38    000000e2     libedma_xwr68xx.aer4f : edma.oer4f (.text:EDMA_paramConfig_assist)
                  00008d1a    00000002     mss_per4ft.oer4ft (.text:xdc_runtime_Startup_reset__I)
                  00008d1c    000000e0     rtsv7R4_T_le_v3D16_eabi.lib : s_floor.obj (.text)
                  00008dfc    000000dc                                 : setvbuf.obj (.text)
                  00008ed8    00000006     libedma_xwr68xx.aer4f : edma_low_level.oer4f (.text:EDMA3ErrIntrHighStatusGet)
                  00008ede    00000002     --HOLE-- [fill = 0]
                  00008ee0    000000dc     sysbios.aer4ft : BIOS.obj (.text:ti_sysbios_knl_Semaphore_post__E)
                  00008fbc    000000d4     hwa_main.oer4f (.text:main)
                  00009090    000000d4     hwa_main.oer4f (.text:rangeProcDpuTest_dpuInit)
                  00009164    000000d4     rangeprochwa.oer4f (.text:rangeProcHWA_ConfigEDMA_DataIn)
                  00009238    000000d0     rangeprochwa.oer4f (.text:DPU_RangeProcHWA_control)
                  00009308    000000d0     sysbios.aer4ft : exc_Exception_asm.obj (.text:ti_sysbios_family_arm_exc_Exception_excHandlerAsm__I)
                  000093d8    000000cc     libhwa_xwr68xx.aer4f : hwa.oer4f (.text:HWA_enableParamSetInterrupt)
                  000094a4    000000cc     hwa_main.oer4f (.text:rangeProcDpuTest_hwaInit)
                  00009570    000000cc     rtsv7R4_T_le_v3D16_eabi.lib : fflush.obj (.text)
                  0000963c    00000004     libosal_xwr68xx.aer4f : HwiP_tirtos.oer4f (.text:HwiP_enableInterrupt)
                  00009640    000000cc     sysbios.aer4ft : BIOS.obj (.text:ti_sysbios_knl_Task_checkStacks__E)
                  0000970c    000000c8     libsoc_xwr68xx.aer4f : soc_xwr68xx.oer4f (.text:SOC_ungateClock)
                  000097d4    0000000a     libosal_xwr68xx.aer4f : SemaphoreP_tirtos.oer4f (.text:SemaphoreP_post)
                  000097de    00000002     --HOLE-- [fill = 0]
                  000097e0    000000c4     sysbios.aer4ft : BIOS.obj (.text:ti_sysbios_family_arm_v7r_vim_Hwi_Module_startup__E)
                  000098a4    0000000a     libmathutils.aer4f : mathutils.oer4f (.text:mathUtils_floorLog2)
                  000098ae    00000002     --HOLE-- [fill = 0]
                  000098b0    000000c4     sysbios.aer4ft : BIOS.obj (.text:ti_sysbios_knl_Task_postInit__I)
                  00009974    000000c0     rangeprochwa.oer4f (.text:DPU_RangeProcHWA_init)
                  00009a34    0000000a     sysbios.aer4ft : tms570_Core_asm.obj (.text:ti_sysbios_family_arm_v7r_tms570_Core_getId__E)
                  00009a3e    00000002     --HOLE-- [fill = 0]
                  00009a40    000000c0                    : BIOS.obj (.text:ti_sysbios_timers_rti_Timer_startup__E)
                  00009b00    000000bc     rtsv7R4_T_le_v3D16_eabi.lib : open.obj (.text)
                  00009bbc    000000b8                                 : k_cos.obj (.text)
                  00009c74    000000b6     libsoc_xwr68xx.aer4f : soc_mpu.o (.text)
                  00009d2a    00000002     --HOLE-- [fill = 0]
                  00009d2c    000000b4     libedma_xwr68xx.aer4f : edma.oer4f (.text:EDMA_startTransfer)
                  00009de0    000000b4     sysbios.aer4ft : BIOS.obj (.text:ti_sysbios_gates_GateMutex_enter__E)
                  00009e94    0000000a     mss_per4ft.oer4ft (.text:xdc_runtime_IHeap_alloc)
                  00009e9e    00000002     --HOLE-- [fill = 0]
                  00009ea0    000000b0     sysbios.aer4ft : BIOS.obj (.text:ti_sysbios_knl_Swi_restoreHwi__E)
                  00009f50    000000b0                    : BIOS.obj (.text:ti_sysbios_knl_Task_exit__E)
                  0000a000    000000b0                    : BIOS.obj (.text:xdc_runtime_Text_putMod__E)
                  0000a0b0    000000ae     rtsv7R4_T_le_v3D16_eabi.lib : _io_perm.obj (.text)
                  0000a15e    00000002     --HOLE-- [fill = 0]
                  0000a160    000000ac     libesm_xwr68xx.aer4f : esm.oer4f (.text:ESM_processInterrupt)
                  0000a20c    000000a8     libedma_xwr68xx.aer4f : edma_low_level.oer4f (.text:EDMA3Init)
                  0000a2b4    000000a4     libesm_xwr68xx.aer4f : esm.oer4f (.text:ESM_init)
                  0000a358    000000a4     libsoc_xwr68xx.aer4f : soc_xwr68xx_mss.oer4f (.text:SOC_unhaltDSS)
                  0000a3fc    000000a4     rtsv7R4_T_le_v3D16_eabi.lib : k_sin.obj (.text)
                  0000a4a0    000000a2     sysbios.aer4ft : BIOS.obj (.text:xdc_runtime_Text_putSite__E)
                  0000a542    00000002     --HOLE-- [fill = 0]
                  0000a544    000000a0     auto_init.aer4ft : auto_init.oer4ft (.text)
                  0000a5e4    0000009c     rtsv7R4_T_le_v3D16_eabi.lib : _bufread.obj (.text)
                  0000a680    0000009c                                 : memcpy_t2.obj (.text)
                  0000a71c    00000004     mss_per4ft.oer4ft (.text:ti_sysbios_BIOS_RtsGateProxy_enter__E)
                  0000a720    0000009c     sysbios.aer4ft : BIOS.obj (.text:ti_sysbios_family_arm_v7r_vim_Hwi_initIntController__I)
                  0000a7bc    00000004     mss_per4ft.oer4ft (.text:ti_sysbios_BIOS_RtsGateProxy_leave__E)
                  0000a7c0    0000009c     sysbios.aer4ft : BIOS.obj (.text:ti_sysbios_family_arm_v7r_vim_Hwi_mapChannel__I)
                  0000a85c    00000004     mss_per4ft.oer4ft (.text:ti_sysbios_family_arm_TaskSupport_Module__startupDone__S)
                  0000a860    0000009c     sysbios.aer4ft : BIOS.obj (.text:ti_sysbios_knl_Semaphore_Instance_init__E)
                  0000a8fc    00000004     mss_per4ft.oer4ft (.text:ti_sysbios_family_arm_v7r_vim_Hwi_delete)
                  0000a900    0000009c     sysbios.aer4ft : BIOS.obj (.text:ti_sysbios_knl_Swi_runLoop__I)
                  0000a99c    00000098     rtsv7R4_T_le_v3D16_eabi.lib : fclose.obj (.text)
                  0000aa34    00000098                                 : fputc.obj (.text)
                  0000aacc    00000098     sysbios.aer4ft : vim_Hwi_asm_switch.obj (.text)
                  0000ab64    00000096     libedma_xwr68xx.aer4f : edma.oer4f (.text:EDMA_getErrorStatusInfo)
                  0000abfa    00000096     libhwa_xwr68xx.aer4f : hwa.oer4f (.text:HWA_configRam)
                  0000ac90    00000094     rtsv7R4_T_le_v3D16_eabi.lib : snprintf.obj (.text)
                  0000ad24    00000094     sysbios.aer4ft : vim_Hwi_asm.obj (.text:ti_sysbios_family_arm_v7r_vim_Hwi_dispatchIRQ__I)
                  0000adb8    0000008c     libsoc_xwr68xx.aer4f : soc.oer4f (.text:SOC_init)
                  0000ae44    0000008c                          : soc_xwr68xx.oer4f (.text:SOC_translateAddress)
                  0000aed0    0000008c     sysbios.aer4ft : BIOS.obj (.text:ti_sysbios_family_arm_v7r_vim_Hwi_Instance_finalize__E)
                  0000af5c    00000004     mss_per4ft.oer4ft (.text:ti_sysbios_heaps_HeapMem_Module_GateProxy_enter__E)
                  0000af60    0000008c     sysbios.aer4ft : BIOS.obj (.text:xdc_runtime_Memory_alloc__E)
                  0000afec    00000088     libhwa_xwr68xx.aer4f : hwa.oer4f (.text:HWA_disableParamSetInterrupt)
                  0000b074    00000082                          : hwa.oer4f (.text:HWA_paramDoneISR)
                  0000b0f6    00000002     --HOLE-- [fill = 0]
                  0000b0f8    00000080     hwa_main.oer4f (.text:rangeProcDpuTest_dpuCfg)
                  0000b178    00000006     libedma_xwr68xx.aer4f : edma_low_level.oer4f (.text:EDMA3GetCCErrStatus)
                  0000b17e    00000002     --HOLE-- [fill = 0]
                  0000b180    00000080     sysbios.aer4ft : BIOS.obj (.text:ti_sysbios_timers_rti_Timer_initDevice__I)
                  0000b200    0000007e     libosal_xwr68xx.aer4f : HwiP_tirtos.oer4f (.text:HwiP_create)
                  0000b27e    0000007c     libedma_xwr68xx.aer4f : edma.oer4f (.text:EDMA_clearErrors)
                  0000b2fa    0000007c     hwa_main.oer4f (.text:Test_channelInterleave)
                  0000b376    00000002     --HOLE-- [fill = 0]
                  0000b378    0000007c     sysbios.aer4ft : arm_TaskSupport_asm.obj (.text:_ti_sysbios_family_arm_TaskSupport_buildTaskStack)
                  0000b3f4    0000000a     mss_per4ft.oer4ft (.text:xdc_runtime_IHeap_free)
                  0000b3fe    00000002     --HOLE-- [fill = 0]
                  0000b400    0000007c     sysbios.aer4ft : BIOS.obj (.text:ti_sysbios_knl_Clock_workFunc__E)
                  0000b47c    00000004     mss_per4ft.oer4ft (.text:ti_sysbios_heaps_HeapMem_Module_GateProxy_leave__E)
                  0000b480    0000007c     sysbios.aer4ft : BIOS.obj (.text:ti_sysbios_timers_rti_Timer_setPeriodMicroSecs__E)
                  0000b4fc    00000004     mss_per4ft.oer4ft (.text:ti_sysbios_knl_Clock_TimerProxy_getMaxTicks__E)
                  0000b500    0000007c     sysbios.aer4ft : BIOS.obj (.text:xdc_runtime_Core_deleteObject__I)
                  0000b57c    0000007a     rtsv7R4_T_le_v3D16_eabi.lib : memset_t2.obj (.text)
                  0000b5f6    00000002     --HOLE-- [fill = 0]
                  0000b5f8    00000078     libedma_xwr68xx.aer4f : edma.oer4f (.text:EDMA_configParamSet)
                  0000b670    00000074     hwa_main.oer4f (.text:MmwDemo_EDMA_errorCallbackFxn)
                  0000b6e4    00000074     boot.aer4ft : boot.oer4ft (.text)
                  0000b758    00000074     rtsv7R4_T_le_v3D16_eabi.lib : getdevice.obj (.text)
                  0000b7cc    00000074                                 : s_frexp.obj (.text)
                  0000b840    00000070     libhwa_xwr68xx.aer4f : hwa.oer4f (.text:HWA_close)
                  0000b8b0    00000070                          : hwa.oer4f (.text:HWA_getDriverAccess)
                  0000b920    00000070     rtsv7R4_T_le_v3D16_eabi.lib : printf.obj (.text)
                  0000b990    00000070     sysbios.aer4ft : BIOS.obj (.text:xdc_runtime_Error_print__E)
                  0000ba00    00000070                    : BIOS.obj (.text:xdc_runtime_Text_visitRope2__I)
                  0000ba70    0000006c     rtsv7R4_T_le_v3D16_eabi.lib : copy_decompress_lzss.obj (.text:decompress:lzss)
                  0000badc    0000006c                                 : trgmsg.obj (.text)
                  0000bb48    00000068     rangeprochwa.oer4f (.text:rangeProcHWA_ConfigEDMATranspose)
                  0000bbb0    00000068     rangeprochwa.oer4f (.text:rangeProcHWA_ConfigHWACommon)
                  0000bc18    00000068     rtsv7R4_T_le_v3D16_eabi.lib : hostlseek.obj (.text)
                  0000bc80    00000068                                 : hostrename.obj (.text)
                  0000bce8    00000064     libedma_xwr68xx.aer4f : edma.oer4f (.text:EDMA_getTransferControllerErrorStatusInfo)
                  0000bd4c    00000064     libhwa_xwr68xx.aer4f : hwa.oer4f (.text:HWA_getDMAChanIndex)
                  0000bdb0    00000064     libosal_xwr68xx.aer4f : SemaphoreP_tirtos.oer4f (.text:SemaphoreP_create)
                  0000be14    00000064     rtsv7R4_T_le_v3D16_eabi.lib : fseek.obj (.text)
                  0000be78    00000064                                 : sprintf.obj (.text)
                  0000bedc    00000064     sysbios.aer4ft : exc_Exception_asm.obj (.text:ti_sysbios_family_arm_exc_Exception_initCore0__I)
                  0000bf40    00000064                    : BIOS.obj (.text:ti_sysbios_family_arm_v7r_vim_Hwi_phantomIntHandler__I)
                  0000bfa4    00000006     libedma_xwr68xx.aer4f : edma_low_level.oer4f (.text:EDMA3GetErrIntrStatus)
                  0000bfaa    00000006                           : edma_low_level.oer4f (.text:EDMA3QdmaGetErrIntrStatus)
                  0000bfb0    00000064     sysbios.aer4ft : BIOS.obj (.text:ti_sysbios_knl_Task_schedule__I)
                  0000c014    00000006     libosal_xwr68xx.aer4f : HwiP_tirtos.oer4f (.text:HwiP_restore)
                  0000c01a    00000004     mss_per4ft.oer4ft (.text:ti_sysbios_knl_Semaphore_delete)
                  0000c01e    00000002     --HOLE-- [fill = 0]
                  0000c020    00000064     sysbios.aer4ft : BIOS.obj (.text:xdc_runtime_Startup_exec__E)
                  0000c084    00000060     libedma_xwr68xx.aer4f : edma.oer4f (.text:EDMA_close)
                  0000c0e4    00000004     mss_per4ft.oer4ft (.text:xdc_runtime_System_Module_GateProxy_enter__E)
                  0000c0e8    00000004     mss_per4ft.oer4ft (.text:xdc_runtime_System_Module_GateProxy_leave__E)
                  0000c0ec    00000004     --HOLE-- [fill = 0]
                  0000c0f0    00000060     sysbios.aer4ft : BIOS.obj (.text:ti_sysbios_heaps_HeapMem_alloc__E)
                  0000c150    00000060                    : BIOS.obj (.text:xdc_runtime_Assert_raise__I)
                  0000c1b0    0000005f                    : BIOS.obj (.text:xdc_runtime_Text_putLab__E)
                  0000c20f    00000001     --HOLE-- [fill = 0]
                  0000c210    0000005c     rtsv7R4_T_le_v3D16_eabi.lib : hostopen.obj (.text)
                  0000c26c    0000005c                                 : hostread.obj (.text)
                  0000c2c8    00000008     --HOLE-- [fill = 0]
                  0000c2d0    0000005c     sysbios.aer4ft : BIOS.obj (.text:ti_sysbios_knl_Swi_schedule__I)
                  0000c32c    00000058     libedma_xwr68xx.aer4f : edma_low_level.oer4f (.text:EDMA3EnableChInShadowReg)
                  0000c384    00000058     libesm_xwr68xx.aer4f : esm.oer4f (.text:ESM_highpriority_FIQ)
                  0000c3dc    00000058     libhwa_xwr68xx.aer4f : hwa.oer4f (.text:HWA_getDMAconfig)
                  0000c434    00000058     rtsv7R4_T_le_v3D16_eabi.lib : close.obj (.text)
                  0000c48c    00000058                                 : hostwrite.obj (.text)
                  0000c4e4    00000054     libedma_xwr68xx.aer4f : edma.oer4f (.text:EDMA_error_isr)
                  0000c538    00000054     rtsv7R4_T_le_v3D16_eabi.lib : ltoa.obj (.text)
                  0000c58c    00000054     mss_per4ft.oer4ft (.text:ti_sysbios_family_arm_v7r_vim_Hwi_create)
                  0000c5e0    00000054     sysbios.aer4ft : BIOS.obj (.text:ti_sysbios_heaps_HeapMem_getStats__E)
                  0000c634    0000000c     --HOLE-- [fill = 0]
                  0000c640    00000054                    : BIOS.obj (.text:ti_sysbios_knl_Task_startCore__E)
                  0000c694    0000000c     --HOLE-- [fill = 0]
                  0000c6a0    00000054                    : BIOS.obj (.text:xdc_runtime_Core_assignLabel__I)
                  0000c6f4    00000052     dpedma.oer4f (.text:DPEDMA_setup_shadow_link)
                  0000c746    00000050     libedma_xwr68xx.aer4f : edma_low_level.oer4f (.text:EDMA3MapChToEvtQ)
                  0000c796    00000002     --HOLE-- [fill = 0]
                  0000c798    00000050     rtsv7R4_T_le_v3D16_eabi.lib : atoi.obj (.text)
                  0000c7e8    00000050                                 : exit.obj (.text)
                  0000c838    00000050                                 : u_div32.obj (.text)
                  0000c888    00000008     --HOLE-- [fill = 0]
                  0000c890    00000050     sysbios.aer4ft : BIOS.obj (.text:xdc_runtime_System_exit__E)
                  0000c8e0    0000004c     libedma_xwr68xx.aer4f : edma.oer4f (.text:EDMA_disableChannel)
                  0000c92c    0000004c                           : edma.oer4f (.text:EDMA_enableChannel)
                  0000c978    0000004c     libhwa_xwr68xx.aer4f : hwa.oer4f (.text:HWA_enableDoneInterrupt)
                  0000c9c4    0000004c     rtsv7R4_T_le_v3D16_eabi.lib : cpy_tbl.obj (.text)
                  0000ca10    0000004c     sysbios.aer4ft : BIOS.obj (.text:ti_sysbios_family_arm_v7r_vim_Hwi_getStackInfo__E)
                  0000ca5c    0000004c     mss_per4ft.oer4ft (.text:ti_sysbios_knl_Task_create)
                  0000caa8    00000008     --HOLE-- [fill = 0]
                  0000cab0    0000004a     sysbios.aer4ft : BIOS.obj (.text:xdc_runtime_Core_assignParams__I)
                  0000cafa    00000006     --HOLE-- [fill = 0]
                  0000cb00    0000004a                    : BIOS.obj (.text:xdc_runtime_Text_xprintf__I)
                  0000cb4a    00000002     --HOLE-- [fill = 0]
                  0000cb4c    00000048     libhwa_xwr68xx.aer4f : hwa.oer4f (.text:HWA_deleteInstance)
                  0000cb94    00000044     libsoc_xwr68xx.aer4f : soc_xwr68xx_mss.oer4f (.text:SOC_resetDMA)
                  0000cbd8    00000044     rtsv7R4_T_le_v3D16_eabi.lib : hostclose.obj (.text)
                  0000cc1c    00000044                                 : hostunlink.obj (.text)
                  0000cc60    00000044     sysbios.aer4ft : BIOS.obj (.text:ti_sysbios_family_arm_v7r_tms570_Core_Module_startup__E)
                  0000cca4    0000000c     --HOLE-- [fill = 0]
                  0000ccb0    00000044                    : BIOS.obj (.text:ti_sysbios_knl_Task_allBlockedFunction__I)
                  0000ccf4    0000000c     --HOLE-- [fill = 0]
                  0000cd00    00000044                    : BIOS.obj (.text:xdc_runtime_System_atexit__E)
                  0000cd44    00000042     libedma_xwr68xx.aer4f : edma.oer4f (.text:EDMA_transferController_error_isr)
                  0000cd86    00000042     libhwa_xwr68xx.aer4f : hwa.oer4f (.text:HWA_reset)
                  0000cdc8    00000040     libedma_xwr68xx.aer4f : edma.oer4f (.text:EDMA_linkParamSets)
                  0000ce08    00000040     libhwa_xwr68xx.aer4f : hwa.oer4f (.text:HWA_getHWAMemInfo)
                  0000ce48    00000008     --HOLE-- [fill = 0]
                  0000ce50    00000040     sysbios.aer4ft : BIOS.obj (.text:ti_sysbios_family_arm_v7r_vim_Hwi_setType__E)
                  0000ce90    00000040                    : BIOS.obj (.text:ti_sysbios_knl_Swi_post__E)
                  0000ced0    00000040                    : BIOS.obj (.text:ti_sysbios_timers_rti_Timer_stop__E)
                  0000cf10    0000003e     libhwa_xwr68xx.aer4f : hwa.oer4f (.text:CSL_FINSR)
                  0000cf4e    0000003e     libsoc_xwr68xx.aer4f : soc.oer4f (.text:CSL_FINSR)
                  0000cf8c    0000003e                          : soc_xwr68xx.oer4f (.text:CSL_FINSR)
                  0000cfca    0000003e                          : soc_xwr68xx_mss.oer4f (.text:CSL_FINSR)
                  0000d008    0000003e     libhwa_xwr68xx.aer4f : hwa.oer4f (.text:HWA_enable)
                  0000d046    00000002     --HOLE-- [fill = 0]
                  0000d048    0000003c     libsoc_xwr68xx.aer4f : soc.oer4f (.text:SOC_unhaltBSS)
                  0000d084    0000003c     sysbios.aer4ft : vim_Hwi_asm.obj (.text:ti_sysbios_family_arm_v7r_vim_Hwi_init__I)
                  0000d0c0    0000003c                    : BIOS.obj (.text:ti_sysbios_hal_Hwi_checkStack)
                  0000d0fc    00000004     --HOLE-- [fill = 0]
                  0000d100    0000003c                    : BIOS.obj (.text:ti_sysbios_heaps_HeapMem_init__I)
                  0000d13c    00000004     --HOLE-- [fill = 0]
                  0000d140    0000003c                    : BIOS.obj (.text:ti_sysbios_knl_Swi_startup__E)
                  0000d17c    00000004     --HOLE-- [fill = 0]
                  0000d180    0000003c                    : BIOS.obj (.text:ti_sysbios_timers_rti_Timer_setPeriod__E)
                  0000d1bc    0000003a     libhwa_xwr68xx.aer4f : hwa.oer4f (.text:HWA_setDMA2ACCManualTrig)
                  0000d1f6    00000002     --HOLE-- [fill = 0]
                  0000d1f8    0000003a     libosal_xwr68xx.aer4f : HwiP_tirtos.oer4f (.text:HwiP_delete)
                  0000d232    00000002     --HOLE-- [fill = 0]
                  0000d234    00000038     libedma_xwr68xx.aer4f : edma_low_level.oer4f (.text:EDMA3ClrMissEvt)
                  0000d26c    00000004     --HOLE-- [fill = 0]
                  0000d270    00000038     sysbios.aer4ft : BIOS.obj (.text:ti_sysbios_knl_Task_sleepTimeout__I)
                  0000d2a8    00000036     rtsv7R4_T_le_v3D16_eabi.lib : strncpy.obj (.text)
                  0000d2de    00000034     libedma_xwr68xx.aer4f : edma.oer4f (.text:EDMA_configTransferControllerError)
                  0000d312    00000002     --HOLE-- [fill = 0]
                  0000d314    00000034     libhwa_xwr68xx.aer4f : hwa.oer4f (.text:HWA_disableDoneInterrupt)
                  0000d348    00000034     libsoc_xwr68xx.aer4f : soc_xwr68xx.oer4f (.text:SOC_enableHWA)
                  0000d37c    00000034                          : soc_xwr68xx_mss.oer4f (.text:SOC_hasDSPCore)
                  0000d3b0    00000034     mss_per4ft.oer4ft (.text:ti_sysbios_knl_Semaphore_create)
                  0000d3e4    0000000c     --HOLE-- [fill = 0]
                  0000d3f0    00000034     sysbios.aer4ft : BIOS.obj (.text:ti_sysbios_knl_Task_processVitalTaskFlag__I)
                  0000d424    00000032     libedma_xwr68xx.aer4f : edma.oer4f (.text:EDMA_configQueueThreshold)
                  0000d456    00000002     --HOLE-- [fill = 0]
                  0000d458    00000032     libhwa_xwr68xx.aer4f : hwa.oer4f (.text:HWA_allParamDoneISR)
                  0000d48a    00000006     --HOLE-- [fill = 0]
                  0000d490    00000032     sysbios.aer4ft : BIOS.obj (.text:ti_sysbios_hal_Hwi_initStack)
                  0000d4c2    00000002     --HOLE-- [fill = 0]
                  0000d4c4    00000030     mss_per4ft.oer4ft (.text:ti_sysbios_BIOS_atExitFunc__I)
                  0000d4f4    00000030     mss_per4ft.oer4ft (.text:ti_sysbios_BIOS_startFunc__I)
                  0000d524    0000000c     --HOLE-- [fill = 0]
                  0000d530    00000030     sysbios.aer4ft : BIOS.obj (.text:ti_sysbios_family_arm_TaskSupport_start__E)
                  0000d560    00000030     mss_per4ft.oer4ft (.text:ti_sysbios_gates_GateHwi_Object__create__S)
                  0000d590    00000030     mss_per4ft.oer4ft (.text:ti_sysbios_gates_GateMutex_Object__create__S)
                  0000d5c0    00000030     mss_per4ft.oer4ft (.text:ti_sysbios_heaps_HeapMem_Object__create__S)
                  0000d5f0    00000030     sysbios.aer4ft : BIOS.obj (.text:ti_sysbios_heaps_HeapMem_free__E)
                  0000d620    00000030     mss_per4ft.oer4ft (.text:ti_sysbios_knl_Semaphore_construct)
                  0000d650    0000002f     sysbios.aer4ft : BIOS.obj (.text:xdc_runtime_Text_printVisFxn__I)
                  0000d67f    00000001     --HOLE-- [fill = 0]
                  0000d680    0000002e     mss_per4ft.oer4ft (.text:ti_sysbios_rts_MemAlloc_alloc)
                  0000d6ae    00000002     --HOLE-- [fill = 0]
                  0000d6b0    0000002c     libedma_xwr68xx.aer4f : edma.oer4f (.text:EDMA_validate_channelIdchannelType)
                  0000d6dc    0000002c     rtsv7R4_T_le_v3D16_eabi.lib : unlink.obj (.text)
                  0000d708    0000002c     mss_per4ft.oer4ft (.text:ti_sysbios_knl_Clock_doTick__I)
                  0000d734    0000002c     mss_per4ft.oer4ft (.text:ti_sysbios_knl_Queue_construct)
                  0000d760    0000002c     sysbios.aer4ft : BIOS.obj (.text:ti_sysbios_knl_Semaphore_pendTimeout__I)
                  0000d78c    00000004     --HOLE-- [fill = 0]
                  0000d790    0000002c                    : BIOS.obj (.text:ti_sysbios_knl_Swi_Module_startup__E)
                  0000d7bc    00000004     --HOLE-- [fill = 0]
                  0000d7c0    0000002c                    : BIOS.obj (.text:ti_sysbios_knl_Task_unblockI__E)
                  0000d7ec    00000004     --HOLE-- [fill = 0]
                  0000d7f0    0000002c                    : BIOS.obj (.text:ti_sysbios_timers_rti_Timer_periodicStub__E)
                  0000d81c    0000002a     libedma_xwr68xx.aer4f : edma.oer4f (.text:EDMA_isError)
                  0000d846    0000002a     libsoc_xwr68xx.aer4f : soc.oer4f (.text:SOC_SystemISR)
                  0000d870    00000028     rangeprochwa.oer4f (.text:DPU_RangeProcHWA_deinit)
                  0000d898    00000028     rtsv7R4_T_le_v3D16_eabi.lib : lseek.obj (.text)
                  0000d8c0    00000028                                 : read.obj (.text)
                  0000d8e8    00000028                                 : write.obj (.text)
                  0000d910    00000028     sysbios.aer4ft : BIOS.obj (.text:ti_sysbios_knl_Idle_run__E)
                  0000d938    00000008     --HOLE-- [fill = 0]
                  0000d940    00000028                    : BIOS.obj (.text:ti_sysbios_knl_Task_restore__E)
                  0000d968    00000008     --HOLE-- [fill = 0]
                  0000d970    00000028                    : BIOS.obj (.text:xdc_runtime_SysStd_abort__E)
                  0000d998    00000008     --HOLE-- [fill = 0]
                  0000d9a0    00000028                    : BIOS.obj (.text:xdc_runtime_System_aprintf_va__F)
                  0000d9c8    00000026     rtsv7R4_T_le_v3D16_eabi.lib : memcmp.obj (.text)
                  0000d9ee    00000002     --HOLE-- [fill = 0]
                  0000d9f0    00000026     sysbios.aer4ft : BIOS.obj (.text:xdc_runtime_System_printf_va__F)
                  0000da16    00000002     --HOLE-- [fill = 0]
                  0000da18    00000024     libedma_xwr68xx.aer4f : edma_low_level.oer4f (.text:EDMA3ClrEvt)
                  0000da3c    00000024                           : edma_low_level.oer4f (.text:EDMA3ClrIntr)
                  0000da60    00000024                           : edma_low_level.oer4f (.text:EDMA3DisableDmaEvt)
                  0000da84    00000024                           : edma_low_level.oer4f (.text:EDMA3DisableEvtIntr)
                  0000daa8    00000024                           : edma_low_level.oer4f (.text:EDMA3EnableDmaEvt)
                  0000dacc    00000024                           : edma_low_level.oer4f (.text:EDMA3EnableEvtIntr)
                  0000daf0    00000024                           : edma_low_level.oer4f (.text:EDMA3SetEvt)
                  0000db14    00000024                           : edma.oer4f (.text:EDMA_clearTransferControllerErrors)
                  0000db38    00000024     libtestlogger_xwr68xx.aer4f : logger.oer4f (.text:MCPI_Initialize)
                  0000db5c    00000024     mss_per4ft.oer4ft (.text:ti_sysbios_BIOS_errorRaiseHook__I)
                  0000db80    00000024     mss_per4ft.oer4ft (.text:ti_sysbios_BIOS_registerRTSLock__I)
                  0000dba4    00000024     mss_per4ft.oer4ft (.text:ti_sysbios_BIOS_removeRTSLock__I)
                  0000dbc8    00000024     mss_per4ft.oer4ft (.text:ti_sysbios_gates_GateMutex_Object__delete__S)
                  0000dbec    00000004     --HOLE-- [fill = 0]
                  0000dbf0    00000024     sysbios.aer4ft : BIOS.obj (.text:ti_sysbios_knl_Clock_Module_startup__E)
                  0000dc14    00000024     mss_per4ft.oer4ft (.text:ti_sysbios_knl_Semaphore_Object__delete__S)
                  0000dc38    00000008     --HOLE-- [fill = 0]
                  0000dc40    00000024     sysbios.aer4ft : BIOS.obj (.text:ti_sysbios_knl_Task_restoreHwi__E)
                  0000dc64    00000020     libedma_xwr68xx.aer4f : edma_low_level.oer4f (.text:EDMA3QdmaClrMissEvt)
                  0000dc84    00000020     libesm_xwr68xx.aer4f : esm.oer4f (.text:ESM_lowpriority_IRQ)
                  0000dca4    00000020     rtsv7R4_T_le_v3D16_eabi.lib : memchr.obj (.text)
                  0000dcc4    0000000c     --HOLE-- [fill = 0]
                  0000dcd0    00000020     sysbios.aer4ft : BIOS.obj (.text:ti_sysbios_family_arm_v7a_Pmu_Module_startup__E)
                  0000dcf0    00000020     mss_per4ft.oer4ft (.text:ti_sysbios_family_arm_v7r_vim_Hwi_Object__delete__S)
                  0000dd10    00000020     sysbios.aer4ft : BIOS.obj (.text:ti_sysbios_family_arm_v7r_vim_Hwi_disableInterrupt__E)
                  0000dd30    00000020                    : BIOS.obj (.text:ti_sysbios_family_arm_v7r_vim_Hwi_enableInterrupt__E)
                  0000dd50    00000020     mss_per4ft.oer4ft (.text:ti_sysbios_gates_GateHwi_Object__delete__S)
                  0000dd70    00000020     mss_per4ft.oer4ft (.text:ti_sysbios_heaps_HeapMem_Object__delete__S)
                  0000dd90    00000020     mss_per4ft.oer4ft (.text:ti_sysbios_knl_Semaphore_destruct)
                  0000ddb0    0000001e     libsoc_xwr68xx.aer4f : soc_xwr68xx_mss.oer4f (.text:SOC_getOutAddr_LUTType)
                  0000ddce    0000001e     rtsv7R4_T_le_v3D16_eabi.lib : strcat.obj (.text)
                  0000ddec    0000001c     libhwa_xwr68xx.aer4f : hwa.oer4f (.text:CSL_FEXTR)
                  0000de08    0000001c     libsoc_xwr68xx.aer4f : soc.oer4f (.text:CSL_FEXTR)
                  0000de24    0000001c                          : soc_xwr68xx.oer4f (.text:CSL_FEXTR)
                  0000de40    0000001c                          : soc_xwr68xx_mss.oer4f (.text:CSL_FEXTR)
                  0000de5c    0000001c                          : soc_xwr68xx_mss.oer4f (.text:SOC_getInAddr_LUTType)
                  0000de78    0000001c     sysbios.aer4ft : arm_TaskSupport_asm.obj (.text:_ti_sysbios_family_arm_TaskSupport_glue)
                  0000de94    0000001c                    : arm_TaskSupport_asm.obj (.text:_ti_sysbios_family_arm_TaskSupport_swap__E)
                  0000deb0    0000001c     rtsv7R4_T_le_v3D16_eabi.lib : memccpy.obj (.text)
                  0000decc    0000001c     mss_per4ft.oer4ft (.text:ti_sysbios_BIOS_rtsLock__I)
                  0000dee8    00000008     --HOLE-- [fill = 0]
                  0000def0    0000001c     sysbios.aer4ft : BIOS.obj (.text:ti_sysbios_gates_GateMutex_Instance_init__E)
                  0000df0c    00000004     --HOLE-- [fill = 0]
                  0000df10    0000001c                    : BIOS.obj (.text:ti_sysbios_gates_GateMutex_leave__E)
                  0000df2c    0000001c     mss_per4ft.oer4ft (.text:ti_sysbios_knl_Queue_destruct)
                  0000df48    0000001a     libedma_xwr68xx.aer4f : edma_low_level.oer4f (.text:EDMA3SetPaRAM)
                  0000df62    0000001a     mss_per4ft.oer4ft (.text:free)
                  0000df7c    0000001a     rtsv7R4_T_le_v3D16_eabi.lib : s_copysign.obj (.text)
                  0000df96    0000001a     mss_per4ft.oer4ft (.text:ti_sysbios_gates_GateHwi_Handle__label__S)
                  0000dfb0    0000001a     mss_per4ft.oer4ft (.text:ti_sysbios_gates_GateMutex_Handle__label__S)
                  0000dfca    0000001a     mss_per4ft.oer4ft (.text:ti_sysbios_heaps_HeapMem_Handle__label__S)
                  0000dfe4    0000001a     mss_per4ft.oer4ft (.text:xdc_runtime_System_aprintf__E)
                  0000dffe    0000001a     mss_per4ft.oer4ft (.text:xdc_runtime_System_printf__E)
                  0000e018    00000018     libedma_xwr68xx.aer4f : edma_low_level.oer4f (.text:EDMA3DisableQdmaEvt)
                  0000e030    00000018                           : edma_low_level.oer4f (.text:EDMA3EnableQdmaEvt)
                  0000e048    00000018     rtsv7R4_T_le_v3D16_eabi.lib : args_main.obj (.text)
                  0000e060    00000018                                 : strcmp.obj (.text)
                  0000e078    00000018     mss_per4ft.oer4ft (.text:ti_sysbios_BIOS_rtsUnlock__I)
                  0000e090    00000018     sysbios.aer4ft : BIOS.obj (.text:ti_sysbios_family_arm_v7a_Pmu_initCounters__I)
                  0000e0a8    00000018     mss_per4ft.oer4ft (.text:ti_sysbios_family_arm_v7r_vim_Hwi_Module__startupDone__F)
                  0000e0c0    00000018     mss_per4ft.oer4ft (.text:ti_sysbios_family_arm_v7r_vim_Hwi_Params__init__S)
                  0000e0d8    00000008     --HOLE-- [fill = 0]
                  0000e0e0    00000018     sysbios.aer4ft : BIOS.obj (.text:ti_sysbios_family_arm_v7r_vim_Hwi_clearInterrupt__E)
                  0000e0f8    00000018     mss_per4ft.oer4ft (.text:ti_sysbios_knl_Semaphore_Params__init__S)
                  0000e110    00000018     mss_per4ft.oer4ft (.text:ti_sysbios_knl_Task_Params__init__S)
                  0000e128    00000008     --HOLE-- [fill = 0]
                  0000e130    00000018     sysbios.aer4ft : BIOS.obj (.text:ti_sysbios_knl_Task_enter__I)
                  0000e148    00000018     mss_per4ft.oer4ft (.text:ti_sysbios_timers_rti_Timer_Module__startupDone__F)
                  0000e160    00000018     sysbios.aer4ft : BIOS.obj (.text:xdc_runtime_Error_init__E)
                  0000e178    00000016     rangeprochwa.oer4f (.text:rangeProcHWA_EDMA_transferCompletionCallbackFxn)
                  0000e18e    00000016     rtsv7R4_T_le_v3D16_eabi.lib : strchr.obj (.text)
                  0000e1a4    00000016                                 : strlen.obj (.text)
                  0000e1ba    00000016     mss_per4ft.oer4ft (.text:ti_sysbios_BIOS_exitFunc__I)
                  0000e1d0    00000016     sysbios.aer4ft : BIOS.obj (.text:ti_sysbios_knl_Idle_loop__E)
                  0000e1e6    00000002     --HOLE-- [fill = 0]
                  0000e1e8    00000014     libedma_xwr68xx.aer4f : edma_low_level.oer4f (.text:EDMA3GetIntrStatus)
                  0000e1fc    00000014                           : edma_low_level.oer4f (.text:EDMA3IntrStatusHighGet)
                  0000e210    00000014                           : edma_low_level.oer4f (.text:EDMA3MapQdmaChToPaRAM)
                  0000e224    00000014     libosal_xwr68xx.aer4f : HwiP_tirtos.oer4f (.text:HwiP_Params_init)
                  0000e238    00000014     libtestlogger_xwr68xx.aer4f : logger.oer4f (.text:MCPI_setTestResult)
                  0000e24c    00000014     libosal_xwr68xx.aer4f : DebugP_tirtos.oer4f (.text:_DebugP_assert)
                  0000e260    00000014     libmathutils.aer4f : mathutils.oer4f (.text:mathUtils_ceilLog2)
                  0000e274    00000014     rtsv7R4_T_le_v3D16_eabi.lib : _lock.obj (.text)
                  0000e288    00000014                                 : strcpy.obj (.text)
                  0000e29c    00000014     mss_per4ft.oer4ft (.text:ti_sysbios_heaps_HeapMem_Object__get__S)
                  0000e2b0    00000014     mss_per4ft.oer4ft (.text:ti_sysbios_knl_Swi_Object__get__S)
                  0000e2c4    00000012     libedma_xwr68xx.aer4f : edma_low_level.oer4f (.text:EDMA3SetQdmaTrigWord)
                  0000e2d6    00000012     libosal_xwr68xx.aer4f : MemoryP_tirtos.oer4f (.text:MemoryP_ctrlAlloc)
                  0000e2e8    00000012                           : SemaphoreP_tirtos.oer4f (.text:SemaphoreP_pend)
                  0000e2fa    00000006     --HOLE-- [fill = 0]
                  0000e300    00000012     sysbios.aer4ft : BIOS.obj (.text:ti_sysbios_hal_Hwi_Module_startup__E)
                  0000e312    00000012     mss_per4ft.oer4ft (.text:xdc_runtime_Startup_exec__I)
                  0000e324    0000000c     --HOLE-- [fill = 0]
                  0000e330    00000010     sysbios.aer4ft : BIOS.obj (.text:ti_sysbios_BIOS_exit__E)
                  0000e340    00000010                    : BIOS.obj (.text:ti_sysbios_BIOS_setThreadType__E)
                  0000e350    00000010                    : BIOS.obj (.text:ti_sysbios_BIOS_start__E)
                  0000e360    00000010                    : BIOS.obj (.text:ti_sysbios_family_arm_v7a_Pmu_getNumCounters__E)
                  0000e370    00000010                    : BIOS.obj (.text:ti_sysbios_gates_GateMutex_Instance_finalize__E)
                  0000e380    00000010     mss_per4ft.oer4ft (.text:ti_sysbios_heaps_HeapBuf_Object__get__S)
                  0000e390    00000010     sysbios.aer4ft : BIOS.obj (.text:ti_sysbios_knl_Semaphore_Instance_finalize__E)
                  0000e3a0    00000010                    : BIOS.obj (.text:ti_sysbios_knl_Swi_disable__E)
                  0000e3b0    00000010     mss_per4ft.oer4ft (.text:ti_sysbios_knl_Task_Object__get__S)
                  0000e3c0    00000010     sysbios.aer4ft : BIOS.obj (.text:ti_sysbios_knl_Task_disable__E)
                  0000e3d0    00000010                    : BIOS.obj (.text:xdc_runtime_Memory_free__E)
                  0000e3e0    00000010     mss_per4ft.oer4ft (.text:xdc_runtime_Text_visitRope__I)
                  0000e3f0    0000000e     libosal_xwr68xx.aer4f : SemaphoreP_tirtos.oer4f (.text:SemaphoreP_delete)
                  0000e3fe    0000000e     rtsv7R4_T_le_v3D16_eabi.lib : copy_decompress_none.obj (.text:decompress:none)
                  0000e40c    00000004     --HOLE-- [fill = 0]
                  0000e410    0000000e     sysbios.aer4ft : BIOS.obj (.text:ti_sysbios_knl_Queue_empty__E)
                  0000e41e    00000002     --HOLE-- [fill = 0]
                  0000e420    0000000c                    : BIOS.obj (.text:ti_sysbios_family_arm_TaskSupport_checkStack__E)
                  0000e42c    00000004     --HOLE-- [fill = 0]
                  0000e430    0000000c                    : BIOS.obj (.text:ti_sysbios_family_arm_TaskSupport_getStackAlignment__E)
                  0000e43c    00000004     --HOLE-- [fill = 0]
                  0000e440    0000000c                    : BIOS.obj (.text:ti_sysbios_family_arm_exc_Exception_Module_startup__E)
                  0000e44c    00000004     --HOLE-- [fill = 0]
                  0000e450    0000000c                    : BIOS.obj (.text:ti_sysbios_family_arm_v7r_vim_Hwi_switchFromBootStack__E)
                  0000e45c    00000004     --HOLE-- [fill = 0]
                  0000e460    0000000c                    : BIOS.obj (.text:xdc_runtime_Startup_rtsDone__E)
                  0000e46c    00000004     --HOLE-- [fill = 0]
                  0000e470    0000000c                    : BIOS.obj (.text:xdc_runtime_SysStd_exit__E)
                  0000e47c    00000004     --HOLE-- [fill = 0]
                  0000e480    00000008                    : BIOS.obj (.text:ti_sysbios_gates_GateHwi_enter__E)
                  0000e488    00000008     --HOLE-- [fill = 0]
                  0000e490    00000006                    : BIOS.obj (.text:ti_sysbios_family_arm_v7r_vim_Hwi_startup__E)
                  0000e496    0000000a     --HOLE-- [fill = 0]
                  0000e4a0    00000006                    : BIOS.obj (.text:ti_sysbios_gates_GateHwi_leave__E)
                  0000e4a6    0000000a     --HOLE-- [fill = 0]
                  0000e4b0    00000006                    : BIOS.obj (.text:ti_sysbios_heaps_HeapMem_isBlocking__E)
                  0000e4b6    0000000a     --HOLE-- [fill = 0]
                  0000e4c0    00000006                    : BIOS.obj (.text:ti_sysbios_knl_Queue_Instance_init__E)
                  0000e4c6    0000000a     --HOLE-- [fill = 0]
                  0000e4d0    00000006                    : BIOS.obj (.text:xdc_runtime_System_Module_startup__E)
                  0000e4d6    0000000a     --HOLE-- [fill = 0]
                  0000e4e0    00000004                    : BIOS.obj (.text:ti_sysbios_gates_GateHwi_query__E)
                  0000e4e4    0000000c     --HOLE-- [fill = 0]
                  0000e4f0    00000004                    : BIOS.obj (.text:ti_sysbios_gates_GateMutex_query__E)
                  0000e4f4    0000000c     --HOLE-- [fill = 0]
                  0000e500    00000004                    : BIOS.obj (.text:ti_sysbios_knl_Task_startup__E)
                  0000e504    0000000c     --HOLE-- [fill = 0]
                  0000e510    00000004                    : BIOS.obj (.text:ti_sysbios_timers_rti_Timer_getMaxTicks__E)
                  0000e514    0000000c     --HOLE-- [fill = 0]
                  0000e520    00000004                    : BIOS.obj (.text:xdc_runtime_SysStd_putch__E)
                  0000e524    0000000c     --HOLE-- [fill = 0]
                  0000e530    00000004                    : BIOS.obj (.text:xdc_runtime_SysStd_ready__E)
                  0000e534    0000000c     --HOLE-- [fill = 0]
                  0000e540    00000002                    : BIOS.obj (.text:ti_sysbios_BIOS_linkedWithIncorrectBootLibrary__E)
                  0000e542    0000000e     --HOLE-- [fill = 0]
                  0000e550    00000002                    : BIOS.obj (.text:ti_sysbios_gates_GateHwi_Instance_init__E)
                  0000e552    0000000e     --HOLE-- [fill = 0]
                  0000e560    00000002                    : BIOS.obj (.text:ti_sysbios_knl_Clock_logTick__E)

.const     0    0000e568    000024d6     
                  0000e568    00001b6f     mss_per4ft.oer4ft (.const:xdc_runtime_Text_charTab__A)
                  000100d7    00000001     --HOLE-- [fill = 0]
                  000100d8    00000158     rtsv7R4_T_le_v3D16_eabi.lib : k_rem_pio2.obj (.const:$O1$$)
                  00010230    00000101                                 : ctype.obj (.const:.string:_ctypes_)
                  00010331    00000001     --HOLE-- [fill = 0]
                  00010332    000000d8     mss_per4ft.oer4ft (.const:xdc_runtime_Text_nodeTab__A)
                  0001040a    00000080     mss_per4ft.oer4ft (.const:ti_sysbios_family_arm_v7r_vim_Hwi_channelMap__A)
                  0001048a    00000002     mss_per4ft.oer4ft (.const:ti_sysbios_family_arm_exc_Exception_Module__id__C)
                  0001048c    00000058     mss_per4ft.oer4ft (.const:.string)
                  000104e4    00000044     mss_per4ft.oer4ft (.const:ti_sysbios_knl_Task_Object__PARAMS__C)
                  00010528    00000040     libhwa_xwr68xx.aer4f : hwa.oer4f (.const:gHwaTrigSignatures)
                  00010568    00000038     libedma_xwr68xx.aer4f : edma_xwr1xxx.oer4f (.const:gEdmaHwAttrs)
                  000105a0    00000030     mss_per4ft.oer4ft (.const:ti_sysbios_family_arm_v7r_vim_Hwi_Object__PARAMS__C)
                  000105d0    0000002c     mss_per4ft.oer4ft (.const:xdc_runtime_Startup_sfxnTab__A)
                  000105fc    00000028     mss_per4ft.oer4ft (.const:ti_sysbios_heaps_HeapMem_Module__FXNS__C)
                  00010624    00000024     mss_per4ft.oer4ft (.const:ti_sysbios_gates_GateHwi_Module__FXNS__C)
                  00010648    00000024     mss_per4ft.oer4ft (.const:ti_sysbios_gates_GateMutex_Module__FXNS__C)
                  0001066c    00000024     mss_per4ft.oer4ft (.const:ti_sysbios_heaps_HeapMem_Object__PARAMS__C)
                  00010690    00000024     mss_per4ft.oer4ft (.const:ti_sysbios_knl_Semaphore_Object__PARAMS__C)
                  000106b4    00000020     libhwa_xwr68xx.aer4f : hwa.oer4f (.const:$P$T0$1)
                  000106d4    00000020     mss_per4ft.oer4ft (.const:ti_sysbios_family_arm_v7r_vim_Hwi_Object__DESC__C)
                  000106f4    00000020     mss_per4ft.oer4ft (.const:ti_sysbios_gates_GateHwi_Object__DESC__C)
                  00010714    00000020     mss_per4ft.oer4ft (.const:ti_sysbios_gates_GateMutex_Object__DESC__C)
                  00010734    00000020     mss_per4ft.oer4ft (.const:ti_sysbios_heaps_HeapMem_Object__DESC__C)
                  00010754    00000020     mss_per4ft.oer4ft (.const:ti_sysbios_knl_Queue_Object__DESC__C)
                  00010774    00000020     mss_per4ft.oer4ft (.const:ti_sysbios_knl_Semaphore_Object__DESC__C)
                  00010794    00000020     mss_per4ft.oer4ft (.const:ti_sysbios_knl_Task_Object__DESC__C)
                  000107b4    00000018     mss_per4ft.oer4ft (.const:ti_sysbios_gates_GateHwi_Object__PARAMS__C)
                  000107cc    00000018     mss_per4ft.oer4ft (.const:ti_sysbios_gates_GateMutex_Object__PARAMS__C)
                  000107e4    00000018     mss_per4ft.oer4ft (.const:ti_sysbios_knl_Queue_Object__PARAMS__C)
                  000107fc    00000016     mss_per4ft.oer4ft (.const:xdc_runtime_Startup_sfxnRts__A)
                  00010812    00000002     mss_per4ft.oer4ft (.const:ti_sysbios_family_arm_v7r_tms570_Core_Module__id__C)
                  00010814    00000010     libedma_xwr68xx.aer4f : edma.oer4f (.const:EDMA_config$1)
                  00010824    00000010     mss_per4ft.oer4ft (.const:ti_sysbios_family_arm_v7r_vim_Hwi_intReqEnaSet__A)
                  00010834    00000010     mss_per4ft.oer4ft (.const:ti_sysbios_family_arm_v7r_vim_Hwi_wakeEnaSet__A)
                  00010844    00000008     mss_per4ft.oer4ft (.const:ti_sysbios_knl_Idle_funcList__C)
                  0001084c    00000008     mss_per4ft.oer4ft (.const:xdc_runtime_Startup_firstFxns__A)
                  00010854    00000008     mss_per4ft.oer4ft (.const:xdc_runtime_Startup_firstFxns__C)
                  0001085c    00000008     mss_per4ft.oer4ft (.const:xdc_runtime_Startup_lastFxns__C)
                  00010864    00000006     hwa_main.oer4f (.const:$P$T0$1)
                  0001086a    00000002     mss_per4ft.oer4ft (.const:ti_sysbios_family_arm_v7r_vim_Hwi_Module__id__C)
                  0001086c    00000004     mss_per4ft.oer4ft (.const:ti_sysbios_family_arm_TaskSupport_stackAlignment__C)
                  00010870    00000004     mss_per4ft.oer4ft (.const:ti_sysbios_family_arm_exc_Exception_E_dataAbort__C)
                  00010874    00000004     mss_per4ft.oer4ft (.const:ti_sysbios_family_arm_exc_Exception_E_prefetchAbort__C)
                  00010878    00000004     mss_per4ft.oer4ft (.const:ti_sysbios_family_arm_exc_Exception_E_swi__C)
                  0001087c    00000004     mss_per4ft.oer4ft (.const:ti_sysbios_family_arm_exc_Exception_E_undefinedInstruction__C)
                  00010880    00000004     mss_per4ft.oer4ft (.const:ti_sysbios_family_arm_exc_Exception_excHookFuncs__A)
                  00010884    00000004     mss_per4ft.oer4ft (.const:ti_sysbios_family_arm_exc_Exception_excHookFuncs__C)
                  00010888    00000004     mss_per4ft.oer4ft (.const:ti_sysbios_family_arm_v7r_tms570_Core_E_mismatchedIds__C)
                  0001088c    00000004     mss_per4ft.oer4ft (.const:ti_sysbios_family_arm_v7r_tms570_Core_id__C)
                  00010890    00000004     mss_per4ft.oer4ft (.const:ti_sysbios_family_arm_v7r_vim_Hwi_A_badChannelId__C)
                  00010894    00000004     mss_per4ft.oer4ft (.const:ti_sysbios_family_arm_v7r_vim_Hwi_E_alreadyDefined__C)
                  00010898    00000004     mss_per4ft.oer4ft (.const:ti_sysbios_family_arm_v7r_vim_Hwi_E_badIntNum__C)
                  0001089c    00000004     mss_per4ft.oer4ft (.const:ti_sysbios_family_arm_v7r_vim_Hwi_E_phantomInterrupt__C)
                  000108a0    00000004     mss_per4ft.oer4ft (.const:ti_sysbios_family_arm_v7r_vim_Hwi_E_undefined__C)
                  000108a4    00000004     mss_per4ft.oer4ft (.const:ti_sysbios_family_arm_v7r_vim_Hwi_E_unsupportedMaskingOption__C)
                  000108a8    00000004     mss_per4ft.oer4ft (.const:ti_sysbios_family_arm_v7r_vim_Hwi_Module__diagsEnabled__C)
                  000108ac    00000004     mss_per4ft.oer4ft (.const:ti_sysbios_family_arm_v7r_vim_Hwi_Module__diagsIncluded__C)
                  000108b0    00000004     mss_per4ft.oer4ft (.const:ti_sysbios_family_arm_v7r_vim_Hwi_Module__diagsMask__C)
                  000108b4    00000004     mss_per4ft.oer4ft (.const:ti_sysbios_family_arm_v7r_vim_Hwi_NUM_INTERRUPTS__C)
                  000108b8    00000004     mss_per4ft.oer4ft (.const:ti_sysbios_family_arm_v7r_vim_Hwi_channelMap__C)
                  000108bc    00000004     mss_per4ft.oer4ft (.const:ti_sysbios_family_arm_v7r_vim_Hwi_intReqEnaSet__C)
                  000108c0    00000004     mss_per4ft.oer4ft (.const:ti_sysbios_family_arm_v7r_vim_Hwi_phantomFunc__C)
                  000108c4    00000004     mss_per4ft.oer4ft (.const:ti_sysbios_family_arm_v7r_vim_Hwi_swiDisable__C)
                  000108c8    00000004     mss_per4ft.oer4ft (.const:ti_sysbios_family_arm_v7r_vim_Hwi_swiRestoreHwi__C)
                  000108cc    00000004     mss_per4ft.oer4ft (.const:ti_sysbios_family_arm_v7r_vim_Hwi_taskDisable__C)
                  000108d0    00000004     mss_per4ft.oer4ft (.const:ti_sysbios_family_arm_v7r_vim_Hwi_taskRestoreHwi__C)
                  000108d4    00000004     mss_per4ft.oer4ft (.const:ti_sysbios_family_arm_v7r_vim_Hwi_wakeEnaSet__C)
                  000108d8    00000004     mss_per4ft.oer4ft (.const:ti_sysbios_gates_GateMutex_A_badContext__C)
                  000108dc    00000004     mss_per4ft.oer4ft (.const:ti_sysbios_gates_GateMutex_Instance_State_sem__O)
                  000108e0    00000004     mss_per4ft.oer4ft (.const:ti_sysbios_gates_GateMutex_Module__diagsEnabled__C)
                  000108e4    00000004     mss_per4ft.oer4ft (.const:ti_sysbios_gates_GateMutex_Module__diagsIncluded__C)
                  000108e8    00000004     mss_per4ft.oer4ft (.const:ti_sysbios_gates_GateMutex_Module__diagsMask__C)
                  000108ec    00000004     mss_per4ft.oer4ft (.const:ti_sysbios_hal_Hwi_E_stackOverflow__C)
                  000108f0    00000004     mss_per4ft.oer4ft (.const:ti_sysbios_heaps_HeapBuf_Instance_State_freeList__O)
                  000108f4    00000004     mss_per4ft.oer4ft (.const:ti_sysbios_heaps_HeapBuf_Object__count__C)
                  000108f8    00000004     mss_per4ft.oer4ft (.const:ti_sysbios_heaps_HeapBuf_numConstructedHeaps__C)
                  000108fc    00000004     mss_per4ft.oer4ft (.const:ti_sysbios_heaps_HeapMem_A_align__C)
                  00010900    00000004     mss_per4ft.oer4ft (.const:ti_sysbios_heaps_HeapMem_A_heapSize__C)
                  00010904    00000004     mss_per4ft.oer4ft (.const:ti_sysbios_heaps_HeapMem_A_invalidFree__C)
                  00010908    00000004     mss_per4ft.oer4ft (.const:ti_sysbios_heaps_HeapMem_A_zeroBlock__C)
                  0001090c    00000004     mss_per4ft.oer4ft (.const:ti_sysbios_heaps_HeapMem_E_memory__C)
                  00010910    00000004     mss_per4ft.oer4ft (.const:ti_sysbios_heaps_HeapMem_Module__diagsEnabled__C)
                  00010914    00000004     mss_per4ft.oer4ft (.const:ti_sysbios_heaps_HeapMem_Module__diagsIncluded__C)
                  00010918    00000004     mss_per4ft.oer4ft (.const:ti_sysbios_heaps_HeapMem_Module__diagsMask__C)
                  0001091c    00000004     mss_per4ft.oer4ft (.const:ti_sysbios_heaps_HeapMem_Module__gateObj__C)
                  00010920    00000004     mss_per4ft.oer4ft (.const:ti_sysbios_heaps_HeapMem_Object__count__C)
                  00010924    00000004     mss_per4ft.oer4ft (.const:ti_sysbios_heaps_HeapMem_reqAlign__C)
                  00010928    00000004     mss_per4ft.oer4ft (.const:ti_sysbios_knl_Clock_Module_State_clockQ__O)
                  0001092c    00000004     mss_per4ft.oer4ft (.const:ti_sysbios_knl_Idle_funcList__A)
                  00010930    00000004     mss_per4ft.oer4ft (.const:ti_sysbios_knl_Semaphore_A_badContext__C)
                  00010934    00000004     mss_per4ft.oer4ft (.const:ti_sysbios_knl_Semaphore_A_noEvents__C)
                  00010938    00000004     mss_per4ft.oer4ft (.const:ti_sysbios_knl_Semaphore_A_overflow__C)
                  0001093c    00000004     mss_per4ft.oer4ft (.const:ti_sysbios_knl_Semaphore_A_pendTaskDisabled__C)
                  00010940    00000004     mss_per4ft.oer4ft (.const:ti_sysbios_knl_Semaphore_Instance_State_pendQ__O)
                  00010944    00000004     mss_per4ft.oer4ft (.const:ti_sysbios_knl_Semaphore_Module__diagsEnabled__C)
                  00010948    00000004     mss_per4ft.oer4ft (.const:ti_sysbios_knl_Semaphore_Module__diagsIncluded__C)
                  0001094c    00000004     mss_per4ft.oer4ft (.const:ti_sysbios_knl_Semaphore_Module__diagsMask__C)
                  00010950    00000004     mss_per4ft.oer4ft (.const:ti_sysbios_knl_Swi_Object__count__C)
                  00010954    00000004     mss_per4ft.oer4ft (.const:ti_sysbios_knl_Task_A_badPriority__C)
                  00010958    00000004     mss_per4ft.oer4ft (.const:ti_sysbios_knl_Task_A_badTaskState__C)
                  0001095c    00000004     mss_per4ft.oer4ft (.const:ti_sysbios_knl_Task_A_badThreadType__C)
                  00010960    00000004     mss_per4ft.oer4ft (.const:ti_sysbios_knl_Task_A_badTimeout__C)
                  00010964    00000004     mss_per4ft.oer4ft (.const:ti_sysbios_knl_Task_A_noPendElem__C)
                  00010968    00000004     mss_per4ft.oer4ft (.const:ti_sysbios_knl_Task_A_sleepTaskDisabled__C)
                  0001096c    00000004     mss_per4ft.oer4ft (.const:ti_sysbios_knl_Task_E_spOutOfBounds__C)
                  00010970    00000004     mss_per4ft.oer4ft (.const:ti_sysbios_knl_Task_E_stackOverflow__C)
                  00010974    00000004     mss_per4ft.oer4ft (.const:ti_sysbios_knl_Task_Module_State_inactiveQ__O)
                  00010978    00000004     mss_per4ft.oer4ft (.const:ti_sysbios_knl_Task_Module__diagsEnabled__C)
                  0001097c    00000004     mss_per4ft.oer4ft (.const:ti_sysbios_knl_Task_Module__diagsIncluded__C)
                  00010980    00000004     mss_per4ft.oer4ft (.const:ti_sysbios_knl_Task_Module__diagsMask__C)
                  00010984    00000004     mss_per4ft.oer4ft (.const:ti_sysbios_knl_Task_Object__count__C)
                  00010988    00000004     mss_per4ft.oer4ft (.const:ti_sysbios_knl_Task_allBlockedFunc__C)
                  0001098c    00000004     mss_per4ft.oer4ft (.const:ti_sysbios_knl_Task_defaultStackHeap__C)
                  00010990    00000004     mss_per4ft.oer4ft (.const:ti_sysbios_knl_Task_defaultStackSize__C)
                  00010994    00000004     mss_per4ft.oer4ft (.const:ti_sysbios_knl_Task_numConstructedTasks__C)
                  00010998    00000004     mss_per4ft.oer4ft (.const:ti_sysbios_timers_rti_Timer_E_cannotSupport__C)
                  0001099c    00000004     mss_per4ft.oer4ft (.const:ti_sysbios_timers_rti_Timer_Module__diagsEnabled__C)
                  000109a0    00000004     mss_per4ft.oer4ft (.const:ti_sysbios_timers_rti_Timer_Module__diagsIncluded__C)
                  000109a4    00000004     mss_per4ft.oer4ft (.const:ti_sysbios_timers_rti_Timer_Module__diagsMask__C)
                  000109a8    00000004     mss_per4ft.oer4ft (.const:ti_sysbios_timers_rti_Timer_numTimerDevices__C)
                  000109ac    00000004     mss_per4ft.oer4ft (.const:ti_sysbios_timers_rti_Timer_startupNeeded__C)
                  000109b0    00000004     mss_per4ft.oer4ft (.const:xdc_runtime_Assert_E_assertFailed__C)
                  000109b4    00000004     mss_per4ft.oer4ft (.const:xdc_runtime_Core_A_initializedParams__C)
                  000109b8    00000004     mss_per4ft.oer4ft (.const:xdc_runtime_Core_Module__diagsEnabled__C)
                  000109bc    00000004     mss_per4ft.oer4ft (.const:xdc_runtime_Core_Module__diagsIncluded__C)
                  000109c0    00000004     mss_per4ft.oer4ft (.const:xdc_runtime_Core_Module__diagsMask__C)
                  000109c4    00000004     mss_per4ft.oer4ft (.const:xdc_runtime_Error_E_memory__C)
                  000109c8    00000004     mss_per4ft.oer4ft (.const:xdc_runtime_Error_policyFxn__C)
                  000109cc    00000004     mss_per4ft.oer4ft (.const:xdc_runtime_Error_policy__C)
                  000109d0    00000004     mss_per4ft.oer4ft (.const:xdc_runtime_Error_raiseHook__C)
                  000109d4    00000004     mss_per4ft.oer4ft (.const:xdc_runtime_IGateProvider_Interface__BASE__C)
                  000109d8    00000004     mss_per4ft.oer4ft (.const:xdc_runtime_IHeap_Interface__BASE__C)
                  000109dc    00000004     mss_per4ft.oer4ft (.const:xdc_runtime_IModule_Interface__BASE__C)
                  000109e0    00000004     mss_per4ft.oer4ft (.const:xdc_runtime_Memory_defaultHeapInstance__C)
                  000109e4    00000004     mss_per4ft.oer4ft (.const:xdc_runtime_Startup_execImpl__C)
                  000109e8    00000004     mss_per4ft.oer4ft (.const:xdc_runtime_Startup_maxPasses__C)
                  000109ec    00000004     mss_per4ft.oer4ft (.const:xdc_runtime_Startup_sfxnRts__C)
                  000109f0    00000004     mss_per4ft.oer4ft (.const:xdc_runtime_Startup_sfxnTab__C)
                  000109f4    00000004     mss_per4ft.oer4ft (.const:xdc_runtime_System_Module__gateObj__C)
                  000109f8    00000004     mss_per4ft.oer4ft (.const:xdc_runtime_System_abortFxn__C)
                  000109fc    00000004     mss_per4ft.oer4ft (.const:xdc_runtime_System_exitFxn__C)
                  00010a00    00000004     mss_per4ft.oer4ft (.const:xdc_runtime_System_extendFxn__C)
                  00010a04    00000004     mss_per4ft.oer4ft (.const:xdc_runtime_System_maxAtexitHandlers__C)
                  00010a08    00000004     mss_per4ft.oer4ft (.const:xdc_runtime_Text_charTab__C)
                  00010a0c    00000004     mss_per4ft.oer4ft (.const:xdc_runtime_Text_nameEmpty__C)
                  00010a10    00000004     mss_per4ft.oer4ft (.const:xdc_runtime_Text_nameStatic__C)
                  00010a14    00000004     mss_per4ft.oer4ft (.const:xdc_runtime_Text_nameUnknown__C)
                  00010a18    00000004     mss_per4ft.oer4ft (.const:xdc_runtime_Text_nodeTab__C)
                  00010a1c    00000004     mss_per4ft.oer4ft (.const:xdc_runtime_Text_visitRopeFxn__C)
                  00010a20    00000002     mss_per4ft.oer4ft (.const:ti_sysbios_gates_GateMutex_Module__id__C)
                  00010a22    00000002     mss_per4ft.oer4ft (.const:ti_sysbios_hal_Hwi_Module__id__C)
                  00010a24    00000002     mss_per4ft.oer4ft (.const:ti_sysbios_heaps_HeapMem_Module__id__C)
                  00010a26    00000002     mss_per4ft.oer4ft (.const:ti_sysbios_knl_Semaphore_Module__id__C)
                  00010a28    00000002     mss_per4ft.oer4ft (.const:ti_sysbios_knl_Task_Module__id__C)
                  00010a2a    00000002     mss_per4ft.oer4ft (.const:ti_sysbios_timers_rti_Timer_Module__id__C)
                  00010a2c    00000002     mss_per4ft.oer4ft (.const:ti_sysbios_timers_rti_Timer_continueOnSuspend__C)
                  00010a2e    00000002     mss_per4ft.oer4ft (.const:xdc_runtime_Core_Module__id__C)
                  00010a30    00000002     mss_per4ft.oer4ft (.const:xdc_runtime_Error_maxDepth__C)
                  00010a32    00000002     mss_per4ft.oer4ft (.const:xdc_runtime_Main_Module__id__C)
                  00010a34    00000002     mss_per4ft.oer4ft (.const:xdc_runtime_Memory_Module__id__C)
                  00010a36    00000002     mss_per4ft.oer4ft (.const:xdc_runtime_Text_charCnt__C)
                  00010a38    00000002     mss_per4ft.oer4ft (.const:xdc_runtime_Text_isLoaded__C)
                  00010a3a    00000002     mss_per4ft.oer4ft (.const:xdc_runtime_Text_registryModsLastId__C)
                  00010a3c    00000002     mss_per4ft.oer4ft (.const:xdc_runtime_Text_unnamedModsLastId__C)

.cinit     0    00010a40    00000310     
                  00010a40    000002b5     (.cinit..data.load) [load image, compression = lzss]
                  00010cf5    00000003     --HOLE-- [fill = 0]
                  00010cf8    0000000c     (__TI_handler_table)
                  00010d04    00000004     --HOLE-- [fill = 0]
                  00010d08    00000008     (.cinit..MCPILogBuffer.load) [load image, compression = zero_init]
                  00010d10    00000008     (.cinit..bss.load) [load image, compression = zero_init]
                  00010d18    00000008     (.cinit..dataBuf.load) [load image, compression = zero_init]
                  00010d20    00000008     (.cinit..l3data.load) [load image, compression = zero_init]
                  00010d28    00000028     (__TI_cinit_table)

.dataBuf   0    08000000    0001ec00     UNINITIALIZED
                  08000000    0001ec00     hwa_main.oer4f (.dataBuf)

.bss       0    0801ec00    00005f20     UNINITIALIZED
                  0801ec00    00004000     (.common:ti_sysbios_heaps_HeapMem_Instance_State_0_buf__A)
                  08022c00    00001000     (.common:ti_sysbios_family_arm_exc_Exception_Module_State_0_excStack_0__A)
                  08023c00    000004e8     libedma_xwr68xx.aer4f : edma.oer4f (.bss:$O1$$)
                  080240e8    00000400     mss_per4ft.oer4ft (.bss:taskStackSection)
                  080244e8    00000400     (.common:ti_sysbios_family_arm_v7r_vim_Hwi_Module_State_0_fiqStack__A)
                  080248e8    00000120     rtsv7R4_T_le_v3D16_eabi.lib : trgmsg.obj (.bss:_CIOBUF_)
                  08024a08    000000a0     (.common:__TI_tmpnams)
                  08024aa8    00000070     (.common:gEsmMCB)
                  08024b18    00000008     (.common:parmbuf)

.stack     0    08026f20    00001000     UNINITIALIZED
                  08026f20    00001000     --HOLE--

.data      0    08027f20    00000a38     UNINITIALIZED
                  08027f20    00000200     mss_per4ft.oer4ft (.data:ti_sysbios_family_arm_v7r_vim_Hwi_Module_State_0_dispatchTable__A)
                  08028120    0000013c     hwa_main.oer4f (.data:$O1$$)
                  0802825c    000000f0     rtsv7R4_T_le_v3D16_eabi.lib : defs.obj (.data:_ftable)
                  0802834c    00000080     mss_per4ft.oer4ft (.data:ti_sysbios_knl_Swi_Module_State_0_readyQ__A)
                  080283cc    00000080     mss_per4ft.oer4ft (.data:ti_sysbios_knl_Task_Module_State_0_readyQ__A)
                  0802844c    00000078     rtsv7R4_T_le_v3D16_eabi.lib : write.obj (.data:_device)
                  080284c4    0000005c     mss_per4ft.oer4ft (.data:ti_sysbios_knl_Task_Object__table__V)
                  08028520    00000050     rtsv7R4_T_le_v3D16_eabi.lib : write.obj (.data:_stream)
                  08028570    00000048     mss_per4ft.oer4ft (.data:ti_sysbios_knl_Task_Module__state__V)
                  080285b8    00000040     libsoc_xwr68xx.aer4f : soc_xwr68xx.oer4f (.data:SOC_TranslateAddr_LUT)
                  080285f8    00000040     mss_per4ft.oer4ft (.data:ti_sysbios_gates_GateMutex_Object__table__V)
                  08028638    0000003c     mss_per4ft.oer4ft (.data:ti_sysbios_timers_rti_Timer_Object__table__V)
                  08028674    00000034     mss_per4ft.oer4ft (.data:ti_sysbios_family_arm_v7r_vim_Hwi_Module__state__V)
                  080286a8    00000030     libhwa_xwr68xx.aer4f : hwa_xwr68xx.oer4f (.data:gHWAHwCfg)
                  080286d8    00000030     mss_per4ft.oer4ft (.data:ti_sysbios_knl_Swi_Object__table__V)
                  08028708    0000002c     mss_per4ft.oer4ft (.data:ti_sysbios_family_arm_v7r_vim_Hwi_Object__table__V)
                  08028734    0000002c     mss_per4ft.oer4ft (.data:ti_sysbios_knl_Clock_Module__state__V)
                  08028760    00000024     mss_per4ft.oer4ft (.data:ti_sysbios_BIOS_Module__state__V)
                  08028784    00000004     libhwa_xwr68xx.aer4f : hwa_xwr68xx.oer4f (.data:gHWADriverPtr)
                  08028788    00000020     libsoc_xwr68xx.aer4f : soc_xwr68xx_mss.oer4f (.data:gSOCHwAttrib)
                  080287a8    00000020     mss_per4ft.oer4ft (.data:xdc_runtime_Error_IgnoreBlock)
                  080287c8    00000020     mss_per4ft.oer4ft (.data:xdc_runtime_System_Module_State_0_atexitHandlers__A)
                  080287e8    0000001c     mss_per4ft.oer4ft (.data:ti_sysbios_knl_Swi_Module__state__V)
                  08028804    00000018     mss_per4ft.oer4ft (.data:ti_sysbios_heaps_HeapMem_Object__table__V)
                  0802881c    00000018     mss_per4ft.oer4ft (.data:ti_sysbios_timers_rti_Timer_Module_State_0_device__A)
                  08028834    00000014     mss_per4ft.oer4ft (.data:ti_sysbios_family_arm_exc_Exception_Module__state__V)
                  08028848    00000010     libhwa_xwr68xx.aer4f : hwa.oer4f (.data:gHwaEDMAChanMapping)
                  08028858    00000010     rtsv7R4_T_le_v3D16_eabi.lib : defs.obj (.data)
                  08028868    00000010     mss_per4ft.oer4ft (.data:ti_sysbios_timers_rti_Timer_Module_State_0_intFreqs__A)
                  08028878    00000010     mss_per4ft.oer4ft (.data:ti_sysbios_timers_rti_Timer_Module__state__V)
                  08028888    0000000c     libtestlogger_xwr68xx.aer4f : logger.oer4f (.data:$O1$$)
                  08028894    0000000c     rtsv7R4_T_le_v3D16_eabi.lib : exit.obj (.data:$O1$$)
                  080288a0    0000000c     libesm_xwr68xx.aer4f : esm_xwr1xxx.oer4f (.data:gESMHwCfgAttrs)
                  080288ac    0000000c     mss_per4ft.oer4ft (.data:ti_sysbios_family_arm_v7a_Pmu_Module__state__V)
                  080288b8    00000008     rtsv7R4_T_le_v3D16_eabi.lib : _lock.obj (.data:$O1$$)
                  080288c0    00000008     mss_per4ft.oer4ft (.data:ti_sysbios_family_arm_v7r_vim_Hwi_Module__root__V)
                  080288c8    00000008     mss_per4ft.oer4ft (.data:ti_sysbios_gates_GateHwi_Module__root__V)
                  080288d0    00000008     mss_per4ft.oer4ft (.data:ti_sysbios_gates_GateMutex_Module__root__V)
                  080288d8    00000008     mss_per4ft.oer4ft (.data:ti_sysbios_hal_Hwi_Object__table__V)
                  080288e0    00000008     mss_per4ft.oer4ft (.data:ti_sysbios_heaps_HeapMem_Module__root__V)
                  080288e8    00000008     mss_per4ft.oer4ft (.data:ti_sysbios_knl_Queue_Module__root__V)
                  080288f0    00000008     mss_per4ft.oer4ft (.data:ti_sysbios_knl_Semaphore_Module__root__V)
                  080288f8    00000008     mss_per4ft.oer4ft (.data:ti_sysbios_knl_Task_Module__root__V)
                  08028900    00000008     mss_per4ft.oer4ft (.data:ti_sysbios_timers_rti_Timer_Module_State_0_handles__A)
                  08028908    00000008     mss_per4ft.oer4ft (.data:xdc_runtime_Registry_Module__state__V)
                  08028910    00000008     mss_per4ft.oer4ft (.data:xdc_runtime_Startup_Module__state__V)
                  08028918    00000008     mss_per4ft.oer4ft (.data:xdc_runtime_System_Module__state__V)
                  08028920    00000004     hwa_main.oer4f (.data)
                  08028924    00000004     libedma_xwr68xx.aer4f : edma_low_level.oer4f (.data)
                  08028928    00000004     rtsv7R4_T_le_v3D16_eabi.lib : errno.obj (.data)
                  0802892c    00000004                                 : fopen.obj (.data)
                  08028930    00000004                                 : open.obj (.data)
                  08028934    00000004                                 : stkdepth_vars.obj (.data)
                  08028938    00000004     mss_per4ft.oer4ft (.data:ti_sysbios_family_arm_exc_Exception_Module_State_0_excContext__A)
                  0802893c    00000004     mss_per4ft.oer4ft (.data:ti_sysbios_family_arm_exc_Exception_Module_State_0_excStackBuffers__A)
                  08028940    00000004     mss_per4ft.oer4ft (.data:ti_sysbios_family_arm_exc_Exception_Module_State_0_excStack__A)
                  08028944    00000004     mss_per4ft.oer4ft (.data:ti_sysbios_gates_GateHwi_Object__table__V)
                  08028948    00000004     mss_per4ft.oer4ft (.data:ti_sysbios_heaps_HeapBuf_Module__state__V)
                  0802894c    00000004     mss_per4ft.oer4ft (.data:ti_sysbios_knl_Task_Module_State_0_idleTask__A)
                  08028950    00000004     mss_per4ft.oer4ft (.data:xdc_runtime_Memory_Module__state__V)
                  08028954    00000002     mss_per4ft.oer4ft (.data:ti_sysbios_family_arm_exc_Exception_Module_State_0_excActive__A)
                  08028956    00000002     mss_per4ft.oer4ft (.data:xdc_runtime_Error_Module__state__V)

.MCPILogBuffer 
*          0    08024b20    00002400     UNINITIALIZED
                  08024b20    00002400     hwa_main.oer4f (.MCPILogBuffer)

.l3data    0    51000000    00048000     UNINITIALIZED
                  51000000    00048000     hwa_main.oer4f (.l3data)

MODULE SUMMARY

       Module                          code    ro data   rw data
       ------                          ----    -------   -------
    /home/gtbldadm/nightlybuilds/mmwave_sdk/ti/datapath/dpu/rangeproc/test/mss_configPkg_xwr68xx/package/cfg/
       mss_per4ft.oer4ft               1750    8713      24140  
    +--+-------------------------------+-------+---------+---------+
       Total:                          1750    8713      24140  
                                                                
    obj_xwr68xx/
       hwa_main.oer4f                  6784    6         430400 
       rangeprochwa.oer4f              4982    0         0      
       dpedma.oer4f                    610     0         0      
       dpedmahwa.oer4f                 234     0         0      
    +--+-------------------------------+-------+---------+---------+
       Total:                          12610   6         430400 
                                                                
    /home/gtbldadm/nightlybuilds/mmwave_sdk/scripts/jenkins/../../ti/drivers/edma/lib/libedma_xwr68xx.aer4f
       edma.oer4f                      3270    16        1256   
       edma_low_level.oer4f            882     0         4      
       edma_xwr1xxx.oer4f              0       56        0      
    +--+-------------------------------+-------+---------+---------+
       Total:                          4152    72        1260   
                                                                
    /home/gtbldadm/nightlybuilds/mmwave_sdk/scripts/jenkins/../../ti/drivers/esm/lib/libesm_xwr68xx.aer4f
       esm.oer4f                       456     0         112    
       esm_xwr1xxx.oer4f               0       0         12     
    +--+-------------------------------+-------+---------+---------+
       Total:                          456     0         124    
                                                                
[...]
000107fc  xdc_runtime_Startup_sfxnRts__A                                       
00010812  ti_sysbios_family_arm_v7r_tms570_Core_Module__id__C                  
00010824  ti_sysbios_family_arm_v7r_vim_Hwi_intReqEnaSet__A                    
00010834  ti_sysbios_family_arm_v7r_vim_Hwi_wakeEnaSet__A                      
00010844  ti_sysbios_knl_Idle_funcList__C                                      
0001084c  xdc_runtime_Startup_firstFxns__A                                     
00010854  xdc_runtime_Startup_firstFxns__C                                     
0001085c  xdc_runtime_Startup_lastFxns__C                                      
0001086a  ti_sysbios_family_arm_v7r_vim_Hwi_Module__id__C                      
0001086c  ti_sysbios_family_arm_TaskSupport_stackAlignment__C                  
00010870  ti_sysbios_family_arm_exc_Exception_E_dataAbort__C                   
00010874  ti_sysbios_family_arm_exc_Exception_E_prefetchAbort__C               
00010878  ti_sysbios_family_arm_exc_Exception_E_swi__C                         
0001087c  ti_sysbios_family_arm_exc_Exception_E_undefinedInstruction__C        
00010880  ti_sysbios_family_arm_exc_Exception_excHookFuncs__A                  
00010884  ti_sysbios_family_arm_exc_Exception_excHookFuncs__C                  
00010888  ti_sysbios_family_arm_v7r_tms570_Core_E_mismatchedIds__C             
0001088c  ti_sysbios_family_arm_v7r_tms570_Core_id__C                          
00010890  ti_sysbios_family_arm_v7r_vim_Hwi_A_badChannelId__C                  
00010894  ti_sysbios_family_arm_v7r_vim_Hwi_E_alreadyDefined__C                
00010898  ti_sysbios_family_arm_v7r_vim_Hwi_E_badIntNum__C                     
0001089c  ti_sysbios_family_arm_v7r_vim_Hwi_E_phantomInterrupt__C              
000108a0  ti_sysbios_family_arm_v7r_vim_Hwi_E_undefined__C                     
000108a4  ti_sysbios_family_arm_v7r_vim_Hwi_E_unsupportedMaskingOption__C      
000108a8  ti_sysbios_family_arm_v7r_vim_Hwi_Module__diagsEnabled__C            
000108ac  ti_sysbios_family_arm_v7r_vim_Hwi_Module__diagsIncluded__C           
000108b0  ti_sysbios_family_arm_v7r_vim_Hwi_Module__diagsMask__C               
000108b4  ti_sysbios_family_arm_v7r_vim_Hwi_NUM_INTERRUPTS__C                  
000108b8  ti_sysbios_family_arm_v7r_vim_Hwi_channelMap__C                      
000108bc  ti_sysbios_family_arm_v7r_vim_Hwi_intReqEnaSet__C                    
000108c0  ti_sysbios_family_arm_v7r_vim_Hwi_phantomFunc__C                     
000108c4  ti_sysbios_family_arm_v7r_vim_Hwi_swiDisable__C                      
000108c8  ti_sysbios_family_arm_v7r_vim_Hwi_swiRestoreHwi__C                   
000108cc  ti_sysbios_family_arm_v7r_vim_Hwi_taskDisable__C                     
000108d0  ti_sysbios_family_arm_v7r_vim_Hwi_taskRestoreHwi__C                  
000108d4  ti_sysbios_family_arm_v7r_vim_Hwi_wakeEnaSet__C                      
000108d8  ti_sysbios_gates_GateMutex_A_badContext__C                           
000108dc  ti_sysbios_gates_GateMutex_Instance_State_sem__O                     
000108e0  ti_sysbios_gates_GateMutex_Module__diagsEnabled__C                   
000108e4  ti_sysbios_gates_GateMutex_Module__diagsIncluded__C                  
000108e8  ti_sysbios_gates_GateMutex_Module__diagsMask__C                      
000108ec  ti_sysbios_hal_Hwi_E_stackOverflow__C                                
000108f0  ti_sysbios_heaps_HeapBuf_Instance_State_freeList__O                  
000108f4  ti_sysbios_heaps_HeapBuf_Object__count__C                            
000108f8  ti_sysbios_heaps_HeapBuf_numConstructedHeaps__C                      
000108fc  ti_sysbios_heaps_HeapMem_A_align__C                                  
00010900  ti_sysbios_heaps_HeapMem_A_heapSize__C                               
00010904  ti_sysbios_heaps_HeapMem_A_invalidFree__C                            
00010908  ti_sysbios_heaps_HeapMem_A_zeroBlock__C                              
0001090c  ti_sysbios_heaps_HeapMem_E_memory__C                                 
00010910  ti_sysbios_heaps_HeapMem_Module__diagsEnabled__C                     
00010914  ti_sysbios_heaps_HeapMem_Module__diagsIncluded__C                    
00010918  ti_sysbios_heaps_HeapMem_Module__diagsMask__C                        
0001091c  ti_sysbios_heaps_HeapMem_Module__gateObj__C                          
00010920  ti_sysbios_heaps_HeapMem_Object__count__C                            
00010924  ti_sysbios_heaps_HeapMem_reqAlign__C                                 
00010928  ti_sysbios_knl_Clock_Module_State_clockQ__O                          
0001092c  ti_sysbios_knl_Idle_funcList__A                                      
00010930  ti_sysbios_knl_Semaphore_A_badContext__C                             
00010934  ti_sysbios_knl_Semaphore_A_noEvents__C                               
00010938  ti_sysbios_knl_Semaphore_A_overflow__C                               
0001093c  ti_sysbios_knl_Semaphore_A_pendTaskDisabled__C                       
00010940  ti_sysbios_knl_Semaphore_Instance_State_pendQ__O                     
00010944  ti_sysbios_knl_Semaphore_Module__diagsEnabled__C                     
00010948  ti_sysbios_knl_Semaphore_Module__diagsIncluded__C                    
0001094c  ti_sysbios_knl_Semaphore_Module__diagsMask__C                        
00010950  ti_sysbios_knl_Swi_Object__count__C                                  
00010954  ti_sysbios_knl_Task_A_badPriority__C                                 
00010958  ti_sysbios_knl_Task_A_badTaskState__C                                
0001095c  ti_sysbios_knl_Task_A_badThreadType__C                               
00010960  ti_sysbios_knl_Task_A_badTimeout__C                                  
00010964  ti_sysbios_knl_Task_A_noPendElem__C                                  
00010968  ti_sysbios_knl_Task_A_sleepTaskDisabled__C                           
0001096c  ti_sysbios_knl_Task_E_spOutOfBounds__C                               
00010970  ti_sysbios_knl_Task_E_stackOverflow__C                               
00010974  ti_sysbios_knl_Task_Module_State_inactiveQ__O                        
00010978  ti_sysbios_knl_Task_Module__diagsEnabled__C                          
0001097c  ti_sysbios_knl_Task_Module__diagsIncluded__C                         
00010980  ti_sysbios_knl_Task_Module__diagsMask__C                             
00010984  ti_sysbios_knl_Task_Object__count__C                                 
00010988  ti_sysbios_knl_Task_allBlockedFunc__C                                
0001098c  ti_sysbios_knl_Task_defaultStackHeap__C                              
00010990  ti_sysbios_knl_Task_defaultStackSize__C                              
00010994  ti_sysbios_knl_Task_numConstructedTasks__C                           
00010998  ti_sysbios_timers_rti_Timer_E_cannotSupport__C                       
0001099c  ti_sysbios_timers_rti_Timer_Module__diagsEnabled__C                  
000109a0  ti_sysbios_timers_rti_Timer_Module__diagsIncluded__C                 
000109a4  ti_sysbios_timers_rti_Timer_Module__diagsMask__C                     
000109a8  ti_sysbios_timers_rti_Timer_numTimerDevices__C                       
000109ac  ti_sysbios_timers_rti_Timer_startupNeeded__C                         
000109b0  xdc_runtime_Assert_E_assertFailed__C                                 
000109b4  xdc_runtime_Core_A_initializedParams__C                              
000109b8  xdc_runtime_Core_Module__diagsEnabled__C                             
000109bc  xdc_runtime_Core_Module__diagsIncluded__C                            
000109c0  xdc_runtime_Core_Module__diagsMask__C                                
000109c4  xdc_runtime_Error_E_memory__C                                        
000109c8  xdc_runtime_Error_policyFxn__C                                       
000109cc  xdc_runtime_Error_policy__C                                          
000109d0  xdc_runtime_Error_raiseHook__C                                       
000109d4  xdc_runtime_IGateProvider_Interface__BASE__C                         
000109d8  xdc_runtime_IHeap_Interface__BASE__C                                 
000109dc  xdc_runtime_IModule_Interface__BASE__C                               
000109e0  xdc_runtime_Memory_defaultHeapInstance__C                            
000109e4  xdc_runtime_Startup_execImpl__C                                      
000109e8  xdc_runtime_Startup_maxPasses__C                                     
000109ec  xdc_runtime_Startup_sfxnRts__C                                       
000109f0  xdc_runtime_Startup_sfxnTab__C                                       
000109f4  xdc_runtime_System_Module__gateObj__C                                
000109f8  xdc_runtime_System_abortFxn__C                                       
000109fc  xdc_runtime_System_exitFxn__C                                        
00010a00  xdc_runtime_System_extendFxn__C                                      
00010a04  xdc_runtime_System_maxAtexitHandlers__C                              
00010a08  xdc_runtime_Text_charTab__C                                          
00010a0c  xdc_runtime_Text_nameEmpty__C                                        
00010a10  xdc_runtime_Text_nameStatic__C                                       
00010a14  xdc_runtime_Text_nameUnknown__C                                      
00010a18  xdc_runtime_Text_nodeTab__C                                          
00010a1c  xdc_runtime_Text_visitRopeFxn__C                                     
00010a20  ti_sysbios_gates_GateMutex_Module__id__C                             
00010a22  ti_sysbios_hal_Hwi_Module__id__C                                     
00010a24  ti_sysbios_heaps_HeapMem_Module__id__C                               
00010a26  ti_sysbios_knl_Semaphore_Module__id__C                               
00010a28  ti_sysbios_knl_Task_Module__id__C                                    
00010a2a  ti_sysbios_timers_rti_Timer_Module__id__C                            
00010a2c  ti_sysbios_timers_rti_Timer_continueOnSuspend__C                     
00010a2e  xdc_runtime_Core_Module__id__C                                       
00010a30  xdc_runtime_Error_maxDepth__C                                        
00010a32  xdc_runtime_Main_Module__id__C                                       
00010a34  xdc_runtime_Memory_Module__id__C                                     
00010a36  xdc_runtime_Text_charCnt__C                                          
00010a38  xdc_runtime_Text_isLoaded__C                                         
00010a3a  xdc_runtime_Text_registryModsLastId__C                               
00010a3c  xdc_runtime_Text_unnamedModsLastId__C                                
00010cf8  __TI_Handler_Table_Base                                              
00010d04  __TI_Handler_Table_Limit                                             
00010d28  __TI_CINIT_Base                                                      
00010d50  __TI_CINIT_Limit                                                     
08000000  dcRangeSigMean                                                       
08000c00  window1DCoef                                                         
08001c00  dataWinOut                                                           
08002c00  adcDataIn                                                            
08006c00  dataInBuffer                                                         
0801ec00  ti_sysbios_heaps_HeapMem_Instance_State_0_buf__A                     
08022c00  ti_sysbios_family_arm_exc_Exception_Module_State_0_excStack_0__A     
08023c00  edmaDbg                                                              
080240e8  ti_sysbios_knl_Task_Instance_State_0_stack__A                        
080244e8  ti_sysbios_family_arm_v7r_vim_Hwi_Module_State_0_fiqStack__A         
080248e8  __CIOBUF_                                                            
08024a08  __TI_tmpnams                                                         
08024aa8  gEsmMCB                                                              
08024b18  parmbuf                                                              
08024b20  MCPI_logMessage                                                      
08026f20  __stack                                                              
08027f20  __STACK_END                                                          
08027f20  ti_sysbios_family_arm_v7r_vim_Hwi_Module_State_0_dispatchTable__A    
08028120  testFeatureStatus                                                    
08028121  checkResultFlag                                                      
08028122  finalResults                                                         
08028123  pingChan                                                             
08028126  pingDummyChanShadow                                                  
08028129  pingChanShadow                                                       
0802812c  pongChan                                                             
0802812f  pongDummyChanShadow                                                  
08028132  pongChanShadow                                                       
08028138  socHandle                                                            
0802813c  hwaHandle                                                            
08028140  edmaHandle                                                           
08028144  rangeProcDpuHandle                                                   
08028148  fileId                                                               
0802814c  gCalibDcConfig                                                       
08028154  EDMA_transferControllerErrorInfo                                     
0802815c  EDMA_errorInfo                                                       
080281b0  rangeProcDpuCfg                                                      
0802825c  _ftable                                                              
0802834c  ti_sysbios_knl_Swi_Module_State_0_readyQ__A                          
080283cc  ti_sysbios_knl_Task_Module_State_0_readyQ__A                         
0802844c  _device                                                              
080284c4  ti_sysbios_knl_Task_Object__table__V                                 
08028520  _stream                                                              
08028570  ti_sysbios_knl_Task_Module__state__V                                 
080285b8  SOC_TranslateAddr_LUT                                                
080285f8  ti_sysbios_gates_GateMutex_Object__table__V                          
08028638  ti_sysbios_timers_rti_Timer_Object__table__V                         
08028674  ti_sysbios_family_arm_v7r_vim_Hwi_Module__state__V                   
080286a8  gHWAHwCfg                                                            
080286d8  ti_sysbios_knl_Swi_Object__table__V                                  
08028708  ti_sysbios_family_arm_v7r_vim_Hwi_Object__table__V                   
08028734  ti_sysbios_knl_Clock_Module__state__V                                
08028760  ti_sysbios_BIOS_Module__state__V                                     
08028784  gHWADriverPtr                                                        
08028788  gSOCHwAttrib                                                         
080287a8  xdc_runtime_Error_IgnoreBlock                                        
080287c8  xdc_runtime_System_Module_State_0_atexitHandlers__A                  
080287e8  ti_sysbios_knl_Swi_Module__state__V                                  
08028804  ti_sysbios_heaps_HeapMem_Object__table__V                            
0802881c  ti_sysbios_timers_rti_Timer_Module_State_0_device__A                 
08028834  ti_sysbios_family_arm_exc_Exception_Module__state__V                 
08028848  gHwaEDMAChanMapping                                                  
08028858  __TI_ft_end                                                          
0802885c  __aeabi_stdin                                                        
08028860  __aeabi_stdout                                                       
08028864  __aeabi_stderr                                                       
08028868  ti_sysbios_timers_rti_Timer_Module_State_0_intFreqs__A               
08028878  ti_sysbios_timers_rti_Timer_Module__state__V                         
08028888  MCPI_Result                                                          
0802888c  MCPI_FailSignature                                                   
08028894  __TI_cleanup_ptr                                                     
08028898  __TI_dtors_ptr                                                       
0802889c  __TI_enable_exit_profile_output                                      
080288a0  gESMHwCfgAttrs                                                       
080288ac  ti_sysbios_family_arm_v7a_Pmu_Module__state__V                       
080288b8  _lock                                                                
080288bc  _unlock                                                              
080288c0  ti_sysbios_family_arm_v7r_vim_Hwi_Module__root__V                    
080288c8  ti_sysbios_gates_GateHwi_Module__root__V                             
080288d0  ti_sysbios_gates_GateMutex_Module__root__V                           
080288d8  ti_sysbios_hal_Hwi_Object__table__V                                  
080288e0  ti_sysbios_heaps_HeapMem_Module__root__V                             
080288e8  ti_sysbios_knl_Queue_Module__root__V                                 
080288f0  ti_sysbios_knl_Semaphore_Module__root__V                             
080288f8  ti_sysbios_knl_Task_Module__root__V                                  
08028900  ti_sysbios_timers_rti_Timer_Module_State_0_handles__A                
08028908  xdc_runtime_Registry_Module__state__V                                
08028910  xdc_runtime_Startup_Module__state__V                                 
08028918  xdc_runtime_System_Module__state__V                                  
08028920  gMCPILogMessageSize                                                  
08028924  regionId                                                             
08028928  errno                                                                
08028934  main_func_sp                                                         
08028938  ti_sysbios_family_arm_exc_Exception_Module_State_0_excContext__A     
0802893c  ti_sysbios_family_arm_exc_Exception_Module_State_0_excStackBuffers__A
08028940  ti_sysbios_family_arm_exc_Exception_Module_State_0_excStack__A       
08028944  ti_sysbios_gates_GateHwi_Object__table__V                            
08028948  ti_sysbios_heaps_HeapBuf_Module__state__V                            
0802894c  ti_sysbios_knl_Task_Module_State_0_idleTask__A                       
08028950  xdc_runtime_Memory_Module__state__V                                  
08028954  ti_sysbios_family_arm_exc_Exception_Module_State_0_excActive__A      
08028956  xdc_runtime_Error_Module__state__V                                   
51000000  radarCube                                                            
51030000  fft1DOut_ref                                                         
fffffdec  ti_sysbios_family_arm_v7r_vim_Hwi_vim                                
ffffffff  __TI_pprof_out_hndl                                                  
ffffffff  __TI_prof_data_size                                                  
ffffffff  __TI_prof_data_start                                                 
ffffffff  __binit__                                                            
ffffffff  __c_args__                                                           
ffffffff  binit                                                                
UNDEFED   SHT$$INIT_ARRAY$$Base                                                
UNDEFED   SHT$$INIT_ARRAY$$Limit                                               

[745 symbols]
