******************************************************************************
               TMS320C6x Linker Unix v8.3.3                    
******************************************************************************
>> Linked Fri Oct  2 09:32:21 2020

OUTPUT FILE NAME:   <test/xwr16xx/full/xwr16xx_mmwave_full_dss.xe674>
ENTRY POINT SYMBOL: "_c_int00"  address: 007fd4e0


MEMORY CONFIGURATION

         name            origin    length      used     unused   attr    fill
----------------------  --------  ---------  --------  --------  ----  --------
PAGE 0:
  L2SRAM_UMAP1          007e0000   00020000  00020000  00000000  RWIX
  L2SRAM_UMAP0          00800000   00020000  00013565  0000ca9b  RWIX
  L1PSRAM               00e00000   00004000  00000000  00004000  RWIX
  L1DSRAM               00f00000   00004000  00000000  00004000  RWIX
  L3SRAM                20000000   000c0000  00000000  000c0000  RWIX
  HSRAM                 21080000   00008000  00000000  00008000  RWIX

PAGE 1:
  L3SRAM                20000000   000c0000  00000000  000c0000  RWIX


SEGMENT ALLOCATION MAP

run origin  load origin   length   init length attrs members
----------  ----------- ---------- ----------- ----- -------
007e0000    007e0000    00020000   00020000    r-x
  007e0000    007e0000    00000200   00000200    r-x .vecs
  007e0200    007e0200    0001fe00   0001fe00    r-x .text.1
00800000    00800000    0000a400   00000000    rw-
  00800000    00800000    00008000   00000000    rw- systemHeap
  00808000    00808000    00002400   00000000    rw- .MCPILogBuffer
0080a400    0080a400    000064e6   000064e6    r-x
  0080a400    0080a400    000024a0   000024a0    r-x .text.2
  0080c8a0    0080c8a0    00004046   00004046    r-- .const
008108e8    008108e8    0000101a   0000101a    rw-
  008108e8    008108e8    0000101a   0000101a    rw- .fardata
00811904    00811904    00000004   00000004    r--
  00811904    00811904    00000004   00000004    r-- .rodata
00811908    00811908    00001b70   00000000    rw-
  00811908    00811908    00001000   00000000    rw- .stack
  00812908    00812908    00000a50   00000000    rw- .far
  00813358    00813358    00000120   00000000    rw- .cio
00813478    00813478    000000b8   000000b8    r--
  00813478    00813478    000000b8   000000b8    r-- .switch
00813530    00813530    00000039   0000002c    rw-
  00813530    00813530    0000002c   0000002c    rw- .neardata
  0081355c    0081355c    0000000d   00000000    rw- .bss


SECTION ALLOCATION MAP

 output                                  attributes/
section   page    origin      length       input sections
--------  ----  ----------  ----------   ----------------
xdc.meta   0    00000000    00000110     COPY SECTION
                  00000000    00000110     dss_pe674.oe674 (xdc.meta)

.vecs      0    007e0000    00000200     
                  007e0000    00000200     dss_pe674.oe674 (.vecs)

systemHeap 
*          0    00800000    00008000     UNINITIALIZED
                  00800000    00008000     dss_pe674.oe674 (systemHeap)

.MCPILogBuffer 
*          0    00808000    00002400     UNINITIALIZED
                  00808000    00002400     main_full_dss.oe674 (.MCPILogBuffer)

.rodata    0    00811904    00000004     
                  00811904    00000004     dss_pe674.oe674 (.rodata)

.stack     0    00811908    00001000     UNINITIALIZED
                  00811908    00000008     boot.ae674 : boot.oe674 (.stack)
                  00811910    00000ff8     --HOLE--

.neardata 
*          0    00813530    0000002c     
                  00813530    0000001c     main_full_dss.oe674 (.neardata)
                  0081354c    0000000c     libtestlogger_xwr16xx.ae674 : logger.oe674 (.neardata)
                  00813558    00000004     libcrc_xwr16xx.ae674 : crc_xwr16xx.oe674 (.neardata)

.bss       0    0081355c    0000000d     UNINITIALIZED
                  0081355c    00000004     (.common:gMMWaveHandle)
                  00813560    00000004     (.common:gTestSelection)
                  00813564    00000004     (.common:socHandle)
                  00813568    00000001     (.common:gSaveRestoreChoice)

.cinit     0    00800000    00000000     UNINITIALIZED

.far       0    00812908    00000a50     UNINITIALIZED
                  00812908    00000800     dss_pe674.oe674 (.far:taskStackSection)
                  00813108    00000140     (.common:__TI_tmpnams)
                  00813248    00000100     (.common:gMMWave_MCB)
                  00813348    00000008     (.common:gMMWave_DualcoreMCB)
                  00813350    00000008     (.common:parmbuf)

.text.1    0    007e0200    0001fe00     
                  007e0200    00001fe0     rts6740_elf.lib : _printfi.c.obj (.text:__TI_printfi)
                  007e21e0    00000b20     common_full.oe674 (.text:Test_mmWaveFullAPI)
                  007e2d00    000008a0     ti.targets.rts6000.ae674 : System.oe674 (.text:xdc_runtime_System_doPrint__I)
                  007e35a0    000007c0     sysbios.ae674 : BIOS.obj (.text:ti_sysbios_knl_Semaphore_pend__E)
                  007e3d60    00000780                   : BIOS.obj (.text:ti_sysbios_family_c64p_Exception_handler__I)
                  007e44e0    00000700     common_full.oe674 (.text:Mmwave_populateDefaultChirpControlCfg)
                  007e4be0    00000660     rts6740_elf.lib : _printfi.c.obj (.text:_pconv_a)
                  007e5240    00000620     sysbios.ae674 : BIOS.obj (.text:ti_sysbios_heaps_HeapMem_allocUnprotected__E)
                  007e5860    00000600     rts6740_elf.lib : divd.c.obj (.text:__c6xabi_divd)
                  007e5e60    000005e0     main_full_dss.oe674 (.text:Test9)
                  007e6440    000005c0     sysbios.ae674 : BIOS.obj (.text:ti_sysbios_heaps_HeapMem_freeUnprotected__E)
                  007e6a00    00000520                   : BIOS.obj (.text:ti_sysbios_knl_Task_Instance_finalize__E)
                  007e6f20    00000500     libmmwave_xwr16xx.ae674 : mmwave_dualcore.oe674 (.text:MMWave_deviceExecuteFxn)
                  007e7420    00000500     main_full_dss.oe674 (.text:Test7)
                  007e7920    000004e0     main_full_dss.oe674 (.text:Test4)
                  007e7e00    000004e0     sysbios.ae674 : BIOS.obj (.text:ti_sysbios_knl_Task_sleep__E)
                  007e82e0    000004c0     common_full.oe674 (.text:Mmwave_cfgFxn)
                  007e87a0    000004a0     common_full.oe674 (.text:Mmwave_advancedFrameCfgFxn)
                  007e8c40    00000440     sysbios.ae674 : BIOS.obj (.text:ti_sysbios_timers_rti_Timer_Module_startup__E)
                  007e9080    00000420     libmailbox_xwr16xx.ae674 : mailbox.oe674 (.text:Mailbox_open)
                  007e94a0    00000420     main_full_dss.oe674 (.text:Test2)
                  007e98c0    00000400     rts6740_elf.lib : _printfi.c.obj (.text:_pconv_g)
                  007e9cc0    00000400     libmmwavelink_xwr16xx.ae674 : rl_driver.oe674 (.text:rlDriverRxHdrRead)
                  007ea0c0    000003e0     sysbios.ae674 : BIOS.obj (.text:ti_sysbios_knl_Task_Module_startup__E)
                  007ea4a0    000003c0     rts6740_elf.lib : fwrite.c.obj (.text:fwrite)
                  007ea860    000003c0     sysbios.ae674 : BIOS.obj (.text:ti_sysbios_knl_Task_Instance_init__E)
                  007eac20    00000360     libcrc_xwr16xx.ae674 : crc.oe674 (.text:CRC_open)
                  007eaf80    00000360     libmmwavelink_xwr16xx.ae674 : rl_driver.oe674 (.text:rlDriverMsgRead)
                  007eb2e0    00000360     sysbios.ae674 : BIOS.obj (.text:ti_sysbios_knl_Semaphore_post__E)
                  007eb640    00000340     main_full_dss.oe674 (.text:Test3)
                  007eb980    00000340     main_full_dss.oe674 (.text:Test6)
                  007ebcc0    00000340     rts6740_elf.lib : fgets.c.obj (.text:_dofgets)
                  007ec000    00000320     libmmwave_xwr16xx.ae674 : mmwave_link.oe674 (.text:MMWave_openLink)
                  007ec320    00000320     rts6740_elf.lib : fputs.c.obj (.text:fputs)
                  007ec640    00000300     libmmwave_xwr16xx.ae674 : mmwave_dualcore.oe674 (.text:MMWave_serializeCfg)
                  007ec940    000002e0     libmmwavelink_xwr16xx.ae674 : rl_driver.oe674 (.text:rlDriverCmdSendRetry)
                  007ecc20    000002e0     sysbios.ae674 : BIOS.obj (.text:ti_sysbios_heaps_HeapMem_Instance_init__E)
                  007ecf00    000002c0     libmmwavelink_xwr16xx.ae674 : rl_driver.oe674 (.text:rlDriverCmdInvoke)
                  007ed1c0    000002c0     sysbios.ae674 : BIOS.obj (.text:ti_sysbios_knl_Clock_workFunc__E)
                  007ed480    000002a0     libcrc_xwr16xx.ae674 : crc.oe674 (.text:CRC_computeSignature)
                  007ed720    000002a0     main_full_dss.oe674 (.text:Test8)
                  007ed9c0    000002a0     rts6740_elf.lib : _printfi.c.obj (.text:_pconv_e)
                  007edc60    000002a0                     : _printfi.c.obj (.text:fcvt)
                  007edf00    00000280     sysbios.ae674 : BIOS.obj (.text:ti_sysbios_family_c64p_Cache_Module_startup__E)
                  007ee180    00000260     libtestlogger_xwr16xx.ae674 : logger.oe674 (.text:MCPI_setFeatureTestResult)
                  007ee3e0    00000260     rts6740_elf.lib : imath64.c.obj (.text:__c6xabi_divull)
                  007ee640    00000260     libmmwavelink_xwr16xx.ae674 : rl_driver.oe674 (.text:rlDriverInit)
                  007ee8a0    00000260     sysbios.ae674 : BIOS.obj (.text:ti_sysbios_family_c64p_Cache_block__I)
                  007eeb00    00000260                   : BIOS.obj (.text:ti_sysbios_family_c64p_Hwi_dispatchCore__I)
                  007eed60    00000260     ti.targets.rts6000.ae674 : Startup.oe674 (.text:xdc_runtime_Startup_startMods__I)
                  007eefc0    00000240     libmmwave_xwr16xx.ae674 : mmwave_link.oe674 (.text:MMWave_startLink)
                  007ef200    00000240     common_full.oe674 (.text:Mmwave_populateDefaultAdvancedControlCfg)
                  007ef440    00000240     rts6740_elf.lib : fread.c.obj (.text:fread)
                  007ef680    00000240     sysbios.ae674 : BIOS.obj (.text:ti_sysbios_family_c64p_EventCombiner_dispatch__E)
                  007ef8c0    00000240                   : BIOS.obj (.text:ti_sysbios_family_c64p_Exception_internalHandler__I)
                  007efb00    00000240                   : BIOS.obj (.text:ti_sysbios_timers_rti_Timer_getFreq__E)
                  007efd40    00000240     ti.targets.rts6000.ae674 : Core-mem.oe674 (.text:xdc_runtime_Core_createObject__I)
                  007eff80    00000240     dss_pe674.oe674 (.text:xdc_runtime_System_printfExtend__I)
                  007f01c0    00000220     libmailbox_xwr16xx.ae674 : mailbox.oe674 (.text:Mailbox_write)
                  007f03e0    00000220     main_full_dss.oe674 (.text:Test5)
                  007f0600    00000220     rts6740_elf.lib : open.c.obj (.text:open)
                  007f0820    00000220     sysbios.ae674 : BIOS.obj (.text:ti_sysbios_family_c64p_Hwi_reconfig__E)
                  007f0a40    00000220                   : BIOS.obj (.text:ti_sysbios_knl_Swi_run__I)
                  007f0c60    00000200     libmmwave_xwr16xx.ae674 : mmwave_link.oe674 (.text:MMWave_initMMWaveLink)
                  007f0e60    00000200     rts6740_elf.lib : _printfi.c.obj (.text:_ltostr)
                  007f1060    00000200     sysbios.ae674 : c64p_Hwi_disp_always.obj (.text:_ti_sysbios_family_c64p_Hwi_dispatchAlways)
                  007f1260    00000200     ti.targets.rts6000.ae674 : Error.oe674 (.text:xdc_runtime_Error_policyDefault__E)
                  007f1460    000001e0     libmmwavelink_xwr16xx.ae674 : rl_driver.oe674 (.text:rlDriverRdVerifyMsg)
                  007f1640    000001e0     sysbios.ae674 : BIOS.obj (.text:ti_sysbios_family_c64p_EventCombiner_dispatchPlug__E)
                  007f1820    000001e0                   : BIOS.obj (.text:ti_sysbios_gates_GateMutex_enter__E)
                  007f1a00    000001e0                   : BIOS.obj (.text:ti_sysbios_knl_Task_exit__E)
                  007f1be0    000001e0     ti.targets.rts6000.ae674 : Text.oe674 (.text:xdc_runtime_Text_putSite__E)
                  007f1dc0    000001c0     libmmwave_xwr16xx.ae674 : mmwave_link.oe674 (.text:MMWave_asyncEventHandler)
                  007f1f80    000001c0                             : mmwave_dualcore.oe674 (.text:MMWave_deviceInitFxn)
                  007f2140    000001c0     libmailbox_xwr16xx.ae674 : mailbox.oe674 (.text:Mailbox_read)
                  007f2300    000001c0     rts6740_elf.lib : imath40.c.obj (.text:__c6xabi_divul)
                  007f24c0    000001c0                     : fopen.c.obj (.text:_openfile)
                  007f2680    000001c0                     : fputc.c.obj (.text:fputc)
                  007f2840    000001c0                     : frexp.c.obj (.text:frexp)
                  007f2a00    000001c0                     : ldexp.c.obj (.text:ldexp)
                  007f2bc0    000001c0     libmmwavelink_xwr16xx.ae674 : rl_driver.oe674 (.text:rlDriverMsgCmdReply)
                  007f2d80    000001c0     rts6740_elf.lib : setvbuf.c.obj (.text:setvbuf)
                  007f2f40    000001c0     sysbios.ae674 : BIOS.obj (.text:ti_sysbios_knl_Task_checkStacks__E)
                  007f3100    000001a0     rts6740_elf.lib : hostrename.c.obj (.text:HOSTrename)
                  007f32a0    000001a0     libmmwavelink_xwr16xx.ae674 : rl_driver.oe674 (.text:rlDriverDeInit)
                  007f3440    000001a0                                 : rl_driver.oe674 (.text:rlDriverMsgWrite)
                  007f35e0    000001a0                                 : rl_sensor.oe674 (.text:rlRfCalibDataStore)
                  007f3780    000001a0                                 : rl_sensor.oe674 (.text:rlSetChirpConfig)
                  007f3920    000001a0                                 : rl_sensor.oe674 (.text:rlSetMultiBpmChirpConfig)
                  007f3ac0    000001a0     sysbios.ae674 : BIOS.obj (.text:ti_sysbios_family_c64p_Cache_getL2InitSize__I)
                  007f3c60    000001a0                   : BIOS.obj (.text:ti_sysbios_family_c64p_EventCombiner_disableEvent__E)
                  007f3e00    000001a0                   : BIOS.obj (.text:ti_sysbios_family_c64p_EventCombiner_enableEvent__E)
                  007f3fa0    000001a0                   : BIOS.obj (.text:ti_sysbios_heaps_HeapBuf_Module_startup__E)
                  007f4140    000001a0                   : BIOS.obj (.text:ti_sysbios_knl_Task_schedule__I)
                  007f42e0    000001a0                   : BIOS.obj (.text:ti_sysbios_timers_rti_Timer_startup__E)
                  007f4480    000001a0     ti.targets.rts6000.ae674 : Core-smem.oe674 (.text:xdc_runtime_Core_constructObject__I)
                  007f4620    00000180     libmmwave_xwr16xx.ae674 : mmwave_fullcfg.oe674 (.text:MMWave_flushCfg)
                  007f47a0    00000180                             : mmwave_fullcfg.oe674 (.text:MMWave_getChirpHandle)
                  007f4920    00000180                             : mmwave.oe674 (.text:MMWave_start)
                  007f4aa0    00000180     libmmwavelink_xwr16xx.ae674 : rl_sensor.oe674 (.text:rlSetProfileConfig)
                  007f4c20    00000180     sysbios.ae674 : c64p_Exception_asm.obj (.text)
                  007f4da0    00000180                   : BIOS.obj (.text:ti_sysbios_knl_Task_postInit__I)
                  007f4f20    00000180                   : BIOS.obj (.text:ti_sysbios_knl_Task_startCore__E)
                  007f50a0    00000160     libmmwave_xwr16xx.ae674 : mmwave_link.oe674 (.text:MMWave_computeCRC)
                  007f5200    00000160                             : mmwave_link.oe674 (.text:MMWave_configBPM)
                  007f5360    00000160                             : mmwave_link.oe674 (.text:MMWave_configLink)
                  007f54c0    00000160                             : mmwave_link.oe674 (.text:MMWave_configureProfileChirp)
                  007f5620    00000160     libmailbox_xwr16xx.ae674 : mailbox.oe674 (.text:Mailbox_close)
                  007f5780    00000160     main_full_dss.oe674 (.text:MmwaveLink_initTask)
                  007f58e0    00000160     rts6740_elf.lib : _bufread.c.obj (.text:__TI_buff_read)
                  007f5a40    00000160     libmmwavelink_xwr16xx.ae674 : rl_driver.oe674 (.text:rlDriverMsgReadCmdCtx)
                  007f5ba0    00000160                                 : rl_driver.oe674 (.text:rlDriverWaitForResponse)
                  007f5d00    00000160                                 : rl_sensor.oe674 (.text:rlRfCalibDataRestore)
                  007f5e60    00000160                                 : rl_sensor.oe674 (.text:rlSetFrameConfig)
                  007f5fc0    00000160     sysbios.ae674 : BIOS.obj (.text:ti_sysbios_family_c64p_Hwi_Module_startup__E)
                  007f6120    00000160                   : BIOS.obj (.text:ti_sysbios_knl_Swi_post__E)
                  007f6280    00000160     ti.targets.rts6000.ae674 : Text.oe674 (.text:xdc_runtime_Text_putMod__E)
                  007f63e0    00000140     libmmwave_xwr16xx.ae674 : mmwave_fullcfg.oe674 (.text:MMWave_addChirp)
                  007f6520    00000140                             : mmwave_fullcfg.oe674 (.text:MMWave_getBpmChirpHandle)
                  007f6660    00000140                             : mmwave.oe674 (.text:MMWave_init)
                  007f67a0    00000140     libsoc_xwr16xx.ae674 : soc.oe674 (.text:SOC_init)
                  007f68e0    00000140     libmmwavelink_xwr16xx.ae674 : rl_device.oe674 (.text:rlDevicePowerOn)
                  007f6a20    00000140                                 : rl_driver.oe674 (.text:rlDriverMsgReadSpawnCtx)
                  007f6b60    00000140                                 : rl_sensor.oe674 (.text:rlSetAdvFrameConfig)
                  007f6ca0    00000140     sysbios.ae674 : BIOS.obj (.text:ti_sysbios_family_c64p_Cache_getL1DInitSize__I)
                  007f6de0    00000140                   : BIOS.obj (.text:ti_sysbios_family_c64p_Cache_getL1PInitSize__I)
                  007f6f20    00000140                   : BIOS.obj (.text:ti_sysbios_knl_Semaphore_Instance_init__E)
                  007f7060    00000140                   : BIOS.obj (.text:ti_sysbios_knl_Task_blockI__E)
                  007f71a0    00000140                   : BIOS.obj (.text:ti_sysbios_timers_rti_Timer_initDevice__I)
                  007f72e0    00000140     ti.targets.rts6000.ae674 : Core-mem.oe674 (.text:xdc_runtime_Core_deleteObject__I)
                  007f7420    00000140                              : Text.oe674 (.text:xdc_runtime_Text_putLab__E)
                  007f7560    00000120     libmmwave_xwr16xx.ae674 : mmwave.oe674 (.text:MMWave_config)
                  007f7680    00000120     common_full.oe674 (.text:Mmwave_populateDefaultAdvancedFrameProfileCfg)
                  007f77a0    00000120     boot.ae674 : autoinit.oe674 (.text:_auto_init_elf)
                  007f78c0    00000120     rts6740_elf.lib : _printfi.c.obj (.text:_pconv_f)
                  007f79e0    00000120                     : fopen.c.obj (.text:fopen)
                  007f7b00    00000120                     : getdevice.c.obj (.text:getdevice)
                  007f7c20    00000120     libmmwavelink_xwr16xx.ae674 : rl_driver.oe674 (.text:rlDriverAsyncEventHandler)
                  007f7d40    00000120                                 : rl_driver.oe674 (.text:rlDriverProcRdMsg)
                  007f7e60    00000120     sysbios.ae674 : BIOS.obj (.text:ti_sysbios_family_c64p_Hwi_Instance_init__E)
                  007f7f80    00000120                   : BIOS.obj (.text:ti_sysbios_knl_Swi_restoreHwi__E)
                  007f80a0    00000120                   : BIOS.obj (.text:ti_sysbios_knl_Task_unblockI__E)
                  007f81c0    00000100     libmmwave_xwr16xx.ae674 : mmwave_fullcfg.oe674 (.text:MMWave_addBpmChirp)
                  007f82c0    00000100                             : mmwave_fullcfg.oe674 (.text:MMWave_addProfile)
                  007f83c0    00000100                             : mmwave_link.oe674 (.text:MMWave_deinitLink)
                  007f84c0    00000100                             : mmwave_fullcfg.oe674 (.text:MMWave_delChirp)
                  007f85c0    00000100                             : mmwave_fullcfg.oe674 (.text:MMWave_delProfile)
                  007f86c0    00000100                             : mmwave_dualcore.oe674 (.text:MMWave_deviceCfgAsyncEvent)
                  007f87c0    00000100                             : mmwave_fullcfg.oe674 (.text:MMWave_getChirpCfg)
                  007f88c0    00000100                             : mmwave_fullcfg.oe674 (.text:MMWave_getNumBpmChirp)
                  007f89c0    00000100                             : mmwave_fullcfg.oe674 (.text:MMWave_getNumProfiles)
                  007f8ac0    00000100                             : mmwave_fullcfg.oe674 (.text:MMWave_getProfileHandle)
                  007f8bc0    00000100                             : mmwave.oe674 (.text:MMWave_open)
                  007f8cc0    00000100     libmailbox_xwr16xx.ae674 : mailbox.oe674 (.text:Mailbox_readFlush)
                  007f8dc0    00000100     common_full.oe674 (.text:Mmwave_openFxn)
                  007f8ec0    00000100     common_full.oe674 (.text:Mmwave_populateDefaultAdvancedFrameCfg)
                  007f8fc0    00000100     libsoc_xwr16xx.ae674 : soc_xwr16xx_dss.oe674 (.text:SOC_deviceInit)
                  007f90c0    00000100     rts6740_elf.lib : fclose.c.obj (.text:__TI_closefile)
                  007f91c0    00000100                     : _printfi.c.obj (.text:_mcpy)
                  007f92c0    00000100                     : atoi.c.obj (.text:atoi)
                  007f93c0    00000100                     : fflush.c.obj (.text:fflush)
                  007f94c0    00000100                     : fseek.c.obj (.text:fseek)
                  007f95c0    00000100     main_full_dss.oe674 (.text:main)
                  007f96c0    00000100     libmmwavelink_xwr16xx.ae674 : rl_device.oe674 (.text:rlDeviceGetVersion)
                  007f97c0    00000100                                 : rl_device.oe674 (.text:rlDevicePowerOff)
                  007f98c0    00000100                                 : rl_driver.oe674 (.text:rlDriverClientCbCheck)
                  007f99c0    00000100                                 : rl_driver.oe674 (.text:rlDriverOsiCbCheck)
                  007f9ac0    00000100     sysbios.ae674 : BIOS.obj (.text:ti_sysbios_family_c64p_Hwi_Instance_finalize__E)
                  007f9bc0    00000100                   : BIOS.obj (.text:ti_sysbios_knl_Swi_schedule__I)
                  007f9cc0    00000100     ti.targets.rts6000.ae674 : Error.oe674 (.text:xdc_runtime_Error_print__E)
                  007f9dc0    00000100                              : Memory.oe674 (.text:xdc_runtime_Memory_alloc__E)
                  007f9ec0    00000100                              : Startup.oe674 (.text:xdc_runtime_Startup_exec__E)
                  007f9fc0    000000e0     libcrc_xwr16xx.ae674 : crc.oe674 (.text:CRC_getTransactionId)
                  007fa0a0    000000e0     rts6740_elf.lib : hostlseek.c.obj (.text:HOSTlseek)
                  007fa180    000000e0                     : hostopen.c.obj (.text:HOSTopen)
                  007fa260    000000e0                     : hostwrite.c.obj (.text:HOSTwrite)
                  007fa340    000000e0     libmmwave_xwr16xx.ae674 : mmwave_fullcfg.oe674 (.text:MMWave_delBpmChirp)
                  007fa420    000000e0                             : mmwave_dualcore.oe674 (.text:MMWave_deviceCfgFxn)
                  007fa500    000000e0                             : mmwave_dualcore.oe674 (.text:MMWave_deviceOpenFxn)
                  007fa5e0    000000e0                             : mmwave_dualcore.oe674 (.text:MMWave_deviceStartFxn)
                  007fa6c0    000000e0                             : mmwave_fullcfg.oe674 (.text:MMWave_getProfileCfg)
                  007fa7a0    000000e0                             : mmwave_link.oe674 (.text:MMWave_stopLink)
                  007fa880    000000e0     libmailbox_xwr16xx.ae674 : mailbox.oe674 (.text:Mailbox_boxFullISRMssDss)
                  007fa960    000000e0                              : mailbox.oe674 (.text:Mailbox_init)
                  007faa40    000000e0     rts6740_elf.lib : _ltoa.c.obj (.text:__TI_ltoa)
                  007fab20    000000e0                     : _io_perm.c.obj (.text:__TI_wrt_ok)
                  007fac00    000000e0                     : close.c.obj (.text:close)
                  007face0    000000e0                     : exit.c.obj (.text:exit)
                  007fadc0    000000e0                     : memset.c.obj (.text:memset)
                  007faea0    000000e0                     : printf.c.obj (.text:printf)
                  007faf80    000000e0     libmmwavelink_xwr16xx.ae674 : rl_driver.oe674 (.text:rlDriverHostIrqHandler)
                  007fb060    000000e0                                 : rl_driver.oe674 (.text:rlDriverValidateHdr)
                  007fb140    000000e0     sysbios.ae674 : BIOS.obj (.text:ti_sysbios_heaps_HeapMem_alloc__E)
                  007fb220    000000e0                   : BIOS.obj (.text:ti_sysbios_knl_Swi_runLoop__I)
                  007fb300    000000e0                   : BIOS.obj (.text:ti_sysbios_knl_Swi_startup__E)
                  007fb3e0    000000e0     ti.targets.rts6000.ae674 : Text.oe674 (.text:xdc_runtime_Text_visitRope2__I)
                  007fb4c0    000000c0     libcrc_xwr16xx.ae674 : crc.oe674 (.text:CRC_getSignature)
                  007fb580    000000c0     rts6740_elf.lib : hostread.c.obj (.text:HOSTread)
                  007fb640    000000c0                     : hostunlink.c.obj (.text:HOSTunlink)
                  007fb700    000000c0     libmmwave_xwr16xx.ae674 : mmwave.oe674 (.text:MMWave_close)
                  007fb7c0    000000c0                             : mmwave.oe674 (.text:MMWave_deinit)
                  007fb880    000000c0                             : mmwave_dualcore.oe674 (.text:MMWave_deviceCloseFxn)
                  007fb940    000000c0                             : mmwave_dualcore.oe674 (.text:MMWave_deviceDeinitFxn)
                  007fba00    000000c0                             : mmwave_dualcore.oe674 (.text:MMWave_deviceEventFxn)
                  007fbac0    000000c0                             : mmwave_dualcore.oe674 (.text:MMWave_deviceStopFxn)
                  007fbb80    000000c0                             : mmwave_fullcfg.oe674 (.text:MMWave_getBpmChirpCfg)
                  007fbc40    000000c0                             : mmwave_fullcfg.oe674 (.text:MMWave_getNumChirps)
                  007fbd00    000000c0                             : mmwave_link.oe674 (.text:MMWave_initCRC)
                  007fbdc0    000000c0                             : mmwave_link.oe674 (.text:MMWave_initLink)
                  007fbe80    000000c0                             : mmwave_link.oe674 (.text:MMWave_spawn)
                  007fbf40    000000c0                             : mmwave.oe674 (.text:MMWave_stop)
                  007fc000    000000c0     libmailbox_xwr16xx.ae674 : mailbox.oe674 (.text:Mailbox_boxFullISRProcessing)
                  007fc0c0    000000c0     common_full.oe674 (.text:Mmwave_startFxn)
                  007fc180    000000c0     main_full_dss.oe674 (.text:Test_setupEventCombiner)
                  007fc240    000000c0     rts6740_elf.lib : divu.asm.obj (.text:__divu)
                  007fc300    000000c0                     : remi.asm.obj (.text:__remi)
                  007fc3c0    000000c0     libmmwavelink_xwr16xx.ae674 : rl_driver.oe674 (.text:rlDriverCalChkSum)
                  007fc480    000000c0                                 : rl_driver.oe674 (.text:rlDriverExecuteGetApi)
                  007fc540    000000c0                                 : rl_driver.oe674 (.text:rlDriverExecuteSetApi)
                  007fc600    000000c0                                 : rl_controller.oe674 (.text:rlGetSubBlock)
                  007fc6c0    000000c0     dss_pe674.oe674 (.text:ti_sysbios_family_c64p_Hwi_create)
                  007fc780    000000c0     sysbios.ae674 : BIOS.obj (.text:ti_sysbios_heaps_HeapMem_getStats__E)
                  007fc840    000000c0                   : BIOS.obj (.text:ti_sysbios_knl_Clock_logTick__E)
                  007fc900    000000c0                   : BIOS.obj (.text:ti_sysbios_knl_Task_allBlockedFunction__I)
                  007fc9c0    000000c0     dss_pe674.oe674 (.text:ti_sysbios_knl_Task_create)
                  007fca80    000000c0     rts6740_elf.lib : tls.c.obj (.text:tls:init:__TI_tls_init)
                  007fcb40    000000c0     ti.targets.rts6000.ae674 : Assert.oe674 (.text:xdc_runtime_Assert_raise__I)
                  007fcc00    000000c0                              : Error.oe674 (.text:xdc_runtime_Error_setX__E)
                  007fccc0    000000a0     rts6740_elf.lib : hostclose.c.obj (.text:HOSTclose)
                  007fcd60    000000a0     libmmwave_xwr16xx.ae674 : mmwave.oe674 (.text:MMWave_execute)
                  007fce00    000000a0                             : mmwave_link.oe674 (.text:MMWave_executeLink)
                  007fcea0    000000a0                             : mmwave_link.oe674 (.text:MMWave_mboxOpen)
                  007fcf40    000000a0                             : mmwave.oe674 (.text:MMWave_sync)
                  007fcfe0    000000a0     libmailbox_xwr16xx.ae674 : mailbox.oe674 (.text:Mailbox_boxEmptyISRProcessing)
                  007fd080    000000a0     common_full.oe674 (.text:Mmwave_populateDefaultOpenCfg)
                  007fd120    000000a0     common_full.oe674 (.text:Mmwave_populateDefaultProfileCfg)
                  007fd1c0    000000a0     libsoc_xwr16xx.ae674 : soc.oe674 (.text:SOC_SystemISR)
                  007fd260    000000a0     rts6740_elf.lib : fopen.c.obj (.text:__TI_cleanup)
                  007fd300    000000a0                     : fflush.c.obj (.text:__TI_doflush)
                  007fd3a0    000000a0                     : _io_perm.c.obj (.text:__TI_rd_ok)
                  007fd440    000000a0                     : remu.asm.obj (.text:__remu)
                  007fd4e0    000000a0     boot.ae674 : boot.oe674 (.text:_c_int00)
                  007fd580    000000a0     rts6740_elf.lib : _printfi.c.obj (.text:_ecpy)
                  007fd620    000000a0     sysbios.ae674 : c64p_Hwi_asm.obj (.text:_ti_sysbios_family_c64p_Hwi_plug__E)
                  007fd6c0    000000a0     rts6740_elf.lib : getdevice.c.obj (.text:finddevice)
                  007fd760    000000a0                     : memcpy64.asm.obj (.text:memcpy)
                  007fd800    000000a0     libmmwavelink_xwr16xx.ae674 : rl_controller.oe674 (.text:rlAppendSubBlock)
                  007fd8a0    000000a0                                 : rl_driver.oe674 (.text:rlDriverVerifyCRC)
                  007fd940    000000a0     sysbios.ae674 : BIOS.obj (.text:ti_sysbios_family_c64p_Exception_Module_startup__E)
                  007fd9e0    000000a0                   : BIOS.obj (.text:ti_sysbios_family_c64p_Hwi_dispatchC__I)
                  007fda80    000000a0                   : BIOS.obj (.text:ti_sysbios_family_c64p_Hwi_eventMap__E)
                  007fdb20    000000a0                   : BIOS.obj (.text:ti_sysbios_family_c64p_Hwi_getStackInfo__E)
                  007fdbc0    000000a0     ti.targets.rts6000.ae674 : Core-params.oe674 (.text:xdc_runtime_Core_assignParams__I)
                  007fdc60    000000a0                              : System.oe674 (.text:xdc_runtime_System_formatNum__I)
                  007fdd00    000000a0                              : System.oe674 (.text:xdc_runtime_System_putchar__I)
                  007fdda0    000000a0                              : Text.oe674 (.text:xdc_runtime_Text_printVisFxn__I)
                  007fde40    000000a0                              : Text.oe674 (.text:xdc_runtime_Text_xprintf__I)
                  007fdee0    00000080     libmmwave_xwr16xx.ae674 : mmwave_link.oe674 (.text:MMWave_mboxWrite)
                  007fdf60    00000080     libmailbox_xwr16xx.ae674 : mailbox.oe674 (.text:Mailbox_writeReset)
                  007fdfe0    00000080     common_full.oe674 (.text:Mmwave_populateDefaultAdvancedFrameChirpCfg)
                  007fe060    00000080     libosal_xwr16xx.ae674 : SemaphoreP_tirtos.oe674 (.text:SemaphoreP_create)
                  007fe0e0    00000080     rts6740_elf.lib : trgmsg.c.obj (.text:__TI_readmsg)
                  007fe160    00000080                     : llshift.c.obj (.text:__c6xabi_llshl)
                  007fe1e0    00000080                     : snprintf.c.obj (.text:_outs)
                  007fe260    00000080     sysbios.ae674 : c62_TaskSupport_asm.obj (.text:_ti_sysbios_family_c62_TaskSupport_swap__E)
                  007fe2e0    00000080     rts6740_elf.lib : fclose.c.obj (.text:fclose)
                  007fe360    00000080     libmmwavelink_xwr16xx.ae674 : rl_driver.oe674 (.text:rlDeviceIdentifyCmdDir)
                  007fe3e0    00000080                                 : rl_driver.oe674 (.text:rlDriverOsiInit)
                  007fe460    00000080     rts6740_elf.lib : snprintf.c.obj (.text:snprintf)
                  007fe4e0    00000080     dss_pe674.oe674 (.text:ti_sysbios_BIOS_atExitFunc__I)
                  007fe560    00000080     dss_pe674.oe674 (.text:ti_sysbios_BIOS_registerRTSLock__I)
                  007fe5e0    00000080     sysbios.ae674 : BIOS.obj (.text:ti_sysbios_family_c64p_Cache_invL1pAll__E)
                  007fe660    00000080     dss_pe674.oe674 (.text:ti_sysbios_gates_GateHwi_Object__create__S)
                  007fe6e0    00000080     dss_pe674.oe674 (.text:ti_sysbios_gates_GateMutex_Object__create__S)
                  007fe760    00000080     sysbios.ae674 : BIOS.obj (.text:ti_sysbios_hal_Hwi_checkStack)
                  007fe7e0    00000080     dss_pe674.oe674 (.text:ti_sysbios_heaps_HeapMem_Object__create__S)
                  007fe860    00000080     sysbios.ae674 : BIOS.obj (.text:ti_sysbios_heaps_HeapMem_init__I)
                  007fe8e0    00000080     dss_pe674.oe674 (.text:ti_sysbios_knl_Clock_doTick__I)
                  007fe960    00000080     sysbios.ae674 : BIOS.obj (.text:ti_sysbios_knl_Idle_run__E)
                  007fe9e0    00000080     dss_pe674.oe674 (.text:ti_sysbios_knl_Semaphore_create)
                  007fea60    00000080     sysbios.ae674 : BIOS.obj (.text:ti_sysbios_knl_Semaphore_pendTimeout__I)
                  007feae0    00000080                   : BIOS.obj (.text:ti_sysbios_knl_Task_processVitalTaskFlag__I)
                  007feb60    00000080     dss_pe674.oe674 (.text:ti_sysbios_rts_MemAlloc_alloc)
                  007febe0    00000080     sysbios.ae674 : BIOS.obj (.text:ti_sysbios_timers_rti_Timer_stop__E)
                  007fec60    00000080     rts6740_elf.lib : unlink.c.obj (.text:unlink)
                  007fece0    00000080     ti.targets.rts6000.ae674 : Core-label.oe674 (.text:xdc_runtime_Core_assignLabel__I)
                  007fed60    00000080                              : SysStd.oe674 (.text:xdc_runtime_SysStd_abort__E)
                  007fede0    00000080                              : System.oe674 (.text:xdc_runtime_System_atexit__E)
                  007fee60    00000080                              : System.oe674 (.text:xdc_runtime_System_avprintf__E)
                  007feee0    00000080                              : System.oe674 (.text:xdc_runtime_System_processAtExit__E)
                  007fef60    00000080                              : System.oe674 (.text:xdc_runtime_System_vprintf__E)
                  007fefe0    00000060     libcrc_xwr16xx.ae674 : crc.oe674 (.text:CRC_close)
                  007ff040    00000060                          : crc.oe674 (.text:CRC_getCRCDataSelectBitValue)
                  007ff0a0    00000060                          : crc.oe674 (.text:CRC_getCRCTypeBitValue)
                  007ff100    00000060                          : crc.oe674 (.text:CRC_isTransactionIdValid)
                  007ff160    00000060                          : crc.oe674 (.text:CRC_resetSignature)
                  007ff1c0    00000060     libmmwave_xwr16xx.ae674 : mmwave.oe674 (.text:MMWave_decodeError)
                  007ff220    00000060                             : mmwave_listlib.oe674 (.text:MMWave_listCat)
                  007ff280    00000060                             : mmwave_listlib.oe674 (.text:MMWave_listRemoveNode)
                  007ff2e0    00000060                             : mmwave_osal.oe674 (.text:MMWave_osalMutexCreate)
                  007ff340    00000060                             : mmwave_osal.oe674 (.text:MMWave_osalSemCreate)
                  007ff3a0    00000060     libmailbox_xwr16xx.ae674 : mailbox.oe674 (.text:Mailbox_Config_init)
                  007ff400    00000060     common_full.oe674 (.text:Mmwave_populateDefaultChirpCfg)
                  007ff460    00000060     libsoc_xwr16xx.ae674 : soc_xwr16xx.oe674 (.text:SOC_setMMWaveDSSLinkState)
                  007ff4c0    00000060                          : soc_xwr16xx.oe674 (.text:SOC_setMMWaveMSSLinkState)
                  007ff520    00000060                          : soc.oe674 (.text:SOC_unhaltBSS)
                  007ff580    00000060                          : soc_xwr16xx_dss.oe674 (.text:SOC_waitBSSPowerUp)
                  007ff5e0    00000060     rts6740_elf.lib : trgmsg.c.obj (.text:__TI_writemsg)
                  007ff640    00000060                     : llshift.c.obj (.text:__c6xabi_llshru)
                  007ff6a0    00000060                     : imath64.c.obj (.text:_subcull)
                  007ff700    00000060     sysbios.ae674 : c64p_Hwi_asm_switch.obj (.text:_ti_sysbios_family_c64p_Hwi_switchAndDispatch__I)
                  007ff760    00000060                   : c64p_Hwi_asm_switch.obj (.text:_ti_sysbios_family_xxx_Hwi_switchAndRunFunc)
                  007ff7c0    00000060     rts6740_elf.lib : lseek.c.obj (.text:lseek)
                  007ff820    00000060                     : memccpy.c.obj (.text:memccpy)
                  007ff880    00000060                     : read.c.obj (.text:read)
                  007ff8e0    00000060     libmmwavelink_xwr16xx.ae674 : rl_device.oe674 (.text:rlDeviceGetMssVersion)
                  007ff940    00000060                                 : rl_driver.oe674 (.text:rlDriverConstructInMsg)
                  007ff9a0    00000060                                 : rl_sensor.oe674 (.text:rlEnableContMode)
                  007ffa00    00000060                                 : rl_sensor.oe674 (.text:rlRfInitCalibConfig)
                  007ffa60    00000060                                 : rl_sensor.oe674 (.text:rlRfRunTimeCalibConfig)
                  007ffac0    00000060                                 : rl_sensor.oe674 (.text:rlRfSetCalMonFreqLimitConfig)
                  007ffb20    00000060                                 : rl_sensor.oe674 (.text:rlRfSetCalMonTimeUnitConfig)
                  007ffb80    00000060                                 : rl_sensor.oe674 (.text:rlRfSetDeviceCfg)
                  007ffbe0    00000060                                 : rl_sensor.oe674 (.text:rlSensorStart)
                  007ffc40    00000060                                 : rl_sensor.oe674 (.text:rlSensorStop)
                  007ffca0    00000060                                 : rl_sensor.oe674 (.text:rlSetAdcOutConfig)
                  007ffd00    00000060                                 : rl_sensor.oe674 (.text:rlSetBpmCommonConfig)
                  007ffd60    00000060                                 : rl_sensor.oe674 (.text:rlSetChannelConfig)
                  007ffdc0    00000060                                 : rl_sensor.oe674 (.text:rlSetContModeConfig)
                  007ffe20    00000060                                 : rl_sensor.oe674 (.text:rlSetLowPowerModeConfig)
                  007ffe80    00000060     dss_pe674.oe674 (.text:ti_sysbios_BIOS_errorRaiseHook__I)
                  007ffee0    00000060     dss_pe674.oe674 (.text:ti_sysbios_BIOS_removeRTSLock__I)
                  007fff40    00000060     dss_pe674.oe674 (.text:ti_sysbios_BIOS_startFunc__I)
                  007fffa0    00000060     sysbios.ae674 : BIOS.obj (.text:ti_sysbios_family_c62_TaskSupport_start__E)

.text.2    0    0080a400    000024a0     
                  0080a400    00000060     sysbios.ae674 : BIOS.obj (.text:ti_sysbios_family_c64p_Cache_setMar__E)
                  0080a460    00000060                   : BIOS.obj (.text:ti_sysbios_family_c64p_EventCombiner_Module_startup__E)
                  0080a4c0    00000060                   : BIOS.obj (.text:ti_sysbios_family_c64p_EventCombiner_unused__E)
                  0080a520    00000060     dss_pe674.oe674 (.text:ti_sysbios_gates_GateMutex_Object__delete__S)
                  0080a580    00000060     sysbios.ae674 : BIOS.obj (.text:ti_sysbios_hal_Hwi_initStack)
                  0080a5e0    00000060                   : BIOS.obj (.text:ti_sysbios_heaps_HeapMem_free__E)
                  0080a640    00000060                   : BIOS.obj (.text:ti_sysbios_knl_Clock_Module_startup__E)
                  0080a6a0    00000060     dss_pe674.oe674 (.text:ti_sysbios_knl_Queue_construct)
                  0080a700    00000060     dss_pe674.oe674 (.text:ti_sysbios_knl_Semaphore_Object__delete__S)
                  0080a760    00000060     dss_pe674.oe674 (.text:ti_sysbios_knl_Semaphore_construct)
                  0080a7c0    00000060     sysbios.ae674 : BIOS.obj (.text:ti_sysbios_knl_Swi_Module_startup__E)
                  0080a820    00000060                   : BIOS.obj (.text:ti_sysbios_knl_Task_enter__I)
                  0080a880    00000060     rts6740_elf.lib : write.c.obj (.text:write)
                  0080a8e0    00000060     ti.targets.rts6000.ae674 : Memory.oe674 (.text:xdc_runtime_Memory_valloc__E)
                  0080a940    00000060                              : Text.oe674 (.text:xdc_runtime_Text_cordText__E)
                  0080a9a0    00000040     libcrc_xwr16xx.ae674 : crc.oe674 (.text:CRC_getSignatureRegister)
                  0080a9e0    00000040                          : crc.oe674 (.text:CRC_releaseTransactionId)
                  0080aa20    00000040     libmmwave_xwr16xx.ae674 : mmwave.oe674 (.text:CSL_FEXTR)
                  0080aa60    00000040     libsoc_xwr16xx.ae674 : soc.oe674 (.text:CSL_FEXTR)
                  0080aaa0    00000040                          : soc_xwr16xx.oe674 (.text:CSL_FEXTR)
                  0080aae0    00000040     libcrc_xwr16xx.ae674 : crc.oe674 (.text:CSL_FINSR)
                  0080ab20    00000040     libmailbox_xwr16xx.ae674 : mailbox.oe674 (.text:CSL_FINSR)
                  0080ab60    00000040     libsoc_xwr16xx.ae674 : soc.oe674 (.text:CSL_FINSR)
                  0080aba0    00000040                          : soc_xwr16xx.oe674 (.text:CSL_FINSR)
                  0080abe0    00000040                          : soc_xwr16xx_dss.oe674 (.text:CSL_FINSR)
                  0080ac20    00000040     libosal_xwr16xx.ae674 : HwiP_tirtos.oe674 (.text:HwiP_create)
                  0080ac60    00000040                           : HwiP_tirtos.oe674 (.text:HwiP_delete)
                  0080aca0    00000040     libtestlogger_xwr16xx.ae674 : logger.oe674 (.text:MCPI_Initialize)
                  0080ace0    00000040     libmmwave_xwr16xx.ae674 : mmwave_dualcore.oe674 (.text:MMWave_deviceSyncFxn)
                  0080ad20    00000040                             : mmwave.oe674 (.text:MMWave_encodeError)
                  0080ad60    00000040                             : mmwave_listlib.oe674 (.text:MMWave_listAdd)
                  0080ada0    00000040                             : mmwave_listlib.oe674 (.text:MMWave_listRemove)
                  0080ade0    00000040                             : mmwave_osal.oe674 (.text:MMWave_osalMutexLock)
                  0080ae20    00000040                             : mmwave_osal.oe674 (.text:MMWave_osalSemWait)
                  0080ae60    00000040     libmailbox_xwr16xx.ae674 : mailbox.oe674 (.text:Mailbox_boxEmptyISRBss)
                  0080aea0    00000040                              : mailbox.oe674 (.text:Mailbox_boxEmptyISRMssDss)
                  0080aee0    00000040                              : mailbox.oe674 (.text:Mailbox_boxFullISRBss)
                  0080af20    00000040     common_full.oe674 (.text:Mmwave_ctrlTask)
                  0080af60    00000040     common_full.oe674 (.text:Mmwave_eventFxn)
                  0080afa0    00000040     libsoc_xwr16xx.ae674 : soc_xwr16xx.oe674 (.text:SOC_isMMWaveDSSOperational)
                  0080afe0    00000040                          : soc_xwr16xx.oe674 (.text:SOC_isMMWaveMSSOperational)
                  0080b020    00000040     rts6740_elf.lib : frcmpyd_div.c.obj (.text:__TI_frcmpyd_div)
                  0080b060    00000040                     : isinf.c.obj (.text:__c6xabi_isinf)
                  0080b0a0    00000040                     : _printfi.c.obj (.text:__c6xabi_isnan)
                  0080b0e0    00000040                     : strasg.asm.obj (.text:__strasgi_64plus)
                  0080b120    00000040                     : args_main.c.obj (.text:_args_main)
                  0080b160    00000040                     : snprintf.c.obj (.text:_outc)
                  0080b1a0    00000040     sysbios.ae674 : c62_TaskSupport_asm.obj (.text:_ti_sysbios_family_c62_TaskSupport_buildTaskStack)
                  0080b1e0    00000040     dss_pe674.oe674 (.text:free)
                  0080b220    00000040     libmmwavelink_xwr16xx.ae674 : rl_controller.oe674 (.text:rlAppendDummy)
                  0080b260    00000040                                 : rl_device.oe674 (.text:rlDeviceGetRfVersion)
                  0080b2a0    00000040                                 : rl_driver.oe674 (.text:rlDriverFillPayload)
                  0080b2e0    00000040                                 : rl_sensor.oe674 (.text:rlRfInit)
                  0080b320    00000040     dss_pe674.oe674 (.text:ti_sysbios_BIOS_exitFunc__I)
                  0080b360    00000040     dss_pe674.oe674 (.text:ti_sysbios_BIOS_rtsLock__I)
                  0080b3a0    00000040     dss_pe674.oe674 (.text:ti_sysbios_BIOS_rtsUnlock__I)
                  0080b3e0    00000040     sysbios.ae674 : BIOS.obj (.text:ti_sysbios_family_c64p_Hwi_disableInterrupt__E)
                  0080b420    00000040                   : BIOS.obj (.text:ti_sysbios_family_c64p_Hwi_enableInterrupt__E)
                  0080b460    00000040     dss_pe674.oe674 (.text:ti_sysbios_gates_GateHwi_Handle__label__S)
                  0080b4a0    00000040     dss_pe674.oe674 (.text:ti_sysbios_gates_GateHwi_Object__delete__S)
                  0080b4e0    00000040     dss_pe674.oe674 (.text:ti_sysbios_gates_GateMutex_Handle__label__S)
                  0080b520    00000040     sysbios.ae674 : BIOS.obj (.text:ti_sysbios_gates_GateMutex_Instance_init__E)
                  0080b560    00000040                   : BIOS.obj (.text:ti_sysbios_gates_GateMutex_leave__E)
                  0080b5a0    00000040     dss_pe674.oe674 (.text:ti_sysbios_heaps_HeapMem_Handle__label__S)
                  0080b5e0    00000040     dss_pe674.oe674 (.text:ti_sysbios_heaps_HeapMem_Object__delete__S)
                  0080b620    00000040     dss_pe674.oe674 (.text:ti_sysbios_heaps_HeapMem_Object__get__S)
                  0080b660    00000040     dss_pe674.oe674 (.text:ti_sysbios_knl_Semaphore_destruct)
                  0080b6a0    00000040     dss_pe674.oe674 (.text:ti_sysbios_knl_Swi_Object__get__S)
                  0080b6e0    00000040     dss_pe674.oe674 (.text:ti_sysbios_knl_Task_Object__get__S)
                  0080b720    00000040     sysbios.ae674 : BIOS.obj (.text:ti_sysbios_knl_Task_sleepTimeout__I)
                  0080b760    00000040                   : BIOS.obj (.text:ti_sysbios_timers_rti_Timer_periodicStub__E)
                  0080b7a0    00000040     rts6740_elf.lib : wcslen.c.obj (.text:wcslen)
                  0080b7e0    00000040     ti.targets.rts6000.ae674 : Error.oe674 (.text:xdc_runtime_Error_check__E)
                  0080b820    00000040                              : Error.oe674 (.text:xdc_runtime_Error_init__E)
                  0080b860    00000040                              : Registry.oe674 (.text:xdc_runtime_Registry_findById__E)
                  0080b8a0    00000040                              : System.oe674 (.text:xdc_runtime_System_abort__E)
                  0080b8e0    00000040     dss_pe674.oe674 (.text:xdc_runtime_System_aprintf__E)
                  0080b920    00000040     ti.targets.rts6000.ae674 : System.oe674 (.text:xdc_runtime_System_exit__E)
                  0080b960    00000040     dss_pe674.oe674 (.text:xdc_runtime_System_printf__E)
                  0080b9a0    00000020     libcrc_xwr16xx.ae674 : crc.oe674 (.text:CRC_initConfigParams)
                  0080b9c0    00000020     libsoc_xwr16xx.ae674 : soc_xwr16xx_dss.oe674 (.text:CSL_FEXTR)
                  0080b9e0    00000020     libosal_xwr16xx.ae674 : HwiP_tirtos.oe674 (.text:HwiP_Params_init)
                  0080ba00    00000020                           : HwiP_tirtos.oe674 (.text:HwiP_disable)
                  0080ba20    00000020                           : HwiP_tirtos.oe674 (.text:HwiP_disableInterrupt)
                  0080ba40    00000020                           : HwiP_tirtos.oe674 (.text:HwiP_restore)
                  0080ba60    00000020     libtestlogger_xwr16xx.ae674 : logger.oe674 (.text:MCPI_setTestResult)
                  0080ba80    00000020     libmmwave_xwr16xx.ae674 : mmwave_link.oe674 (.text:MMWave_closeLink)
                  0080baa0    00000020                             : mmwave.oe674 (.text:MMWave_decodeErrorLevel)
                  0080bac0    00000020                             : mmwave_dualcore.oe674 (.text:MMWave_deviceGetDeviceInfo)
                  0080bae0    00000020                             : mmwave_dualcore.oe674 (.text:MMWave_deviceMailboxCallbackFxn)
                  0080bb00    00000020                             : mmwave_link.oe674 (.text:MMWave_disableDevice)
                  0080bb20    00000020                             : mmwave_link.oe674 (.text:MMWave_enableDevice)
                  0080bb40    00000020                             : mmwave_listlib.oe674 (.text:MMWave_listGetHead)
                  0080bb60    00000020                             : mmwave_listlib.oe674 (.text:MMWave_listGetNext)
                  0080bb80    00000020                             : mmwave_link.oe674 (.text:MMWave_maskHostIRQ)
                  0080bba0    00000020                             : mmwave_link.oe674 (.text:MMWave_mboxCallbackFxn)
                  0080bbc0    00000020                             : mmwave_link.oe674 (.text:MMWave_mboxClose)
                  0080bbe0    00000020                             : mmwave_link.oe674 (.text:MMWave_mboxRead)
                  0080bc00    00000020                             : mmwave_osal.oe674 (.text:MMWave_osalMutexDelete)
                  0080bc20    00000020                             : mmwave_osal.oe674 (.text:MMWave_osalMutexUnlock)
                  0080bc40    00000020                             : mmwave_osal.oe674 (.text:MMWave_osalSemDelete)
                  0080bc60    00000020                             : mmwave_osal.oe674 (.text:MMWave_osalSemSignal)
                  0080bc80    00000020                             : mmwave_link.oe674 (.text:MMWave_registerInterruptHandler)
                  0080bca0    00000020                             : mmwave_link.oe674 (.text:MMWave_unmaskHostIRQ)
                  0080bcc0    00000020                             : mmwave_link.oe674 (.text:MMWave_waitIRQStatus)
                  0080bce0    00000020     libosal_xwr16xx.ae674 : MemoryP_tirtos.oe674 (.text:MemoryP_ctrlAlloc)
                  0080bd00    00000020                           : MemoryP_tirtos.oe674 (.text:MemoryP_ctrlFree)
                  0080bd20    00000020     common_full.oe674 (.text:Mmwave_closeFxn)
                  0080bd40    00000020     common_full.oe674 (.text:Mmwave_populateDefaultCalibrationCfg)
                  0080bd60    00000020     common_full.oe674 (.text:Mmwave_stopFxn)
                  0080bd80    00000020     libsoc_xwr16xx.ae674 : soc_xwr16xx.oe674 (.text:SOC_ungateClock)
                  0080bda0    00000020     libosal_xwr16xx.ae674 : SemaphoreP_tirtos.oe674 (.text:SemaphoreP_Params_init)
                  0080bdc0    00000020                           : SemaphoreP_tirtos.oe674 (.text:SemaphoreP_delete)
                  0080bde0    00000020                           : SemaphoreP_tirtos.oe674 (.text:SemaphoreP_pend)
                  0080be00    00000020                           : SemaphoreP_tirtos.oe674 (.text:SemaphoreP_post)
                  0080be20    00000020                           : DebugP_tirtos.oe674 (.text:_DebugP_assert)
                  0080be40    00000020     rts6740_elf.lib : errno.c.obj (.text:__c6xabi_errno_addr)
                  0080be60    00000020                     : push.asm.obj (.text:__pop_rts)
                  0080be80    00000020                     : push.asm.obj (.text:__push_rts)
                  0080bea0    00000020                     : _lock.c.obj (.text:_nop)
                  0080bec0    00000020                     : printf.c.obj (.text:_outc)
                  0080bee0    00000020                     : printf.c.obj (.text:_outs)
                  0080bf00    00000020                     : _lock.c.obj (.text:_register_lock)
                  0080bf20    00000020                     : _lock.c.obj (.text:_register_unlock)
                  0080bf40    00000020                     : signbit.c.obj (.text:_signbit)
                  0080bf60    00000020     sysbios.ae674 : c62_TaskSupport_asm.obj (.text:_ti_sysbios_family_c62_TaskSupport_glue)
                  0080bf80    00000020     rts6740_elf.lib : exit.c.obj (.text:abort)
                  0080bfa0    00000020                     : fgets.c.obj (.text:fgets)
                  0080bfc0    00000020                     : fputc.c.obj (.text:putchar)
                  0080bfe0    00000020     libmmwavelink_xwr16xx.ae674 : rl_driver.oe674 (.text:rlDriverConstructOutMsg)
                  0080c000    00000020                                 : rl_driver.oe674 (.text:rlDriverGetHandle)
                  0080c020    00000020                                 : rl_driver.oe674 (.text:rlDriverGetPlatformId)
                  0080c040    00000020                                 : rl_driver.oe674 (.text:rlDriverIsDeviceMapValid)
                  0080c060    00000020                                 : rl_controller.oe674 (.text:rlGetSubBlockId)
                  0080c080    00000020                                 : rl_controller.oe674 (.text:rlGetSubBlockLen)
                  0080c0a0    00000020     dss_pe674.oe674 (.text:ti_sysbios_BIOS_RtsGateProxy_enter__E)
                  0080c0c0    00000020     dss_pe674.oe674 (.text:ti_sysbios_BIOS_RtsGateProxy_leave__E)
                  0080c0e0    00000020     sysbios.ae674 : BIOS.obj (.text:ti_sysbios_BIOS_exit__E)
                  0080c100    00000020                   : BIOS.obj (.text:ti_sysbios_BIOS_linkedWithIncorrectBootLibrary__E)
                  0080c120    00000020     dss_pe674.oe674 (.text:ti_sysbios_BIOS_nullFunc__I)
                  0080c140    00000020     sysbios.ae674 : BIOS.obj (.text:ti_sysbios_BIOS_setThreadType__E)
                  0080c160    00000020                   : BIOS.obj (.text:ti_sysbios_BIOS_start__E)
                  0080c180    00000020     dss_pe674.oe674 (.text:ti_sysbios_family_c62_TaskSupport_Module__startupDone__S)
                  0080c1a0    00000020     sysbios.ae674 : BIOS.obj (.text:ti_sysbios_family_c62_TaskSupport_checkStack__E)
                  0080c1c0    00000020                   : BIOS.obj (.text:ti_sysbios_family_c62_TaskSupport_getStackAlignment__E)
                  0080c1e0    00000020                   : BIOS.obj (.text:ti_sysbios_family_c64p_Cache_wbInv__E)
                  0080c200    00000020     dss_pe674.oe674 (.text:ti_sysbios_family_c64p_Hwi_Module__startupDone__F)
                  0080c220    00000020     dss_pe674.oe674 (.text:ti_sysbios_family_c64p_Hwi_Params__init__S)
                  0080c240    00000020     sysbios.ae674 : BIOS.obj (.text:ti_sysbios_family_c64p_Hwi_clearInterrupt__E)
                  0080c260    00000020                   : BIOS.obj (.text:ti_sysbios_family_c64p_Hwi_startup__E)
                  0080c280    00000020                   : BIOS.obj (.text:ti_sysbios_family_c64p_Hwi_switchFromBootStack__E)
                  0080c2a0    00000020                   : BIOS.obj (.text:ti_sysbios_family_c64p_Hwi_unPluggedInterrupt__I)
                  0080c2c0    00000020                   : BIOS.obj (.text:ti_sysbios_gates_GateHwi_Instance_init__E)
                  0080c2e0    00000020                   : BIOS.obj (.text:ti_sysbios_gates_GateHwi_enter__E)
                  0080c300    00000020                   : BIOS.obj (.text:ti_sysbios_gates_GateHwi_leave__E)
                  0080c320    00000020                   : BIOS.obj (.text:ti_sysbios_gates_GateHwi_query__E)
                  0080c340    00000020                   : BIOS.obj (.text:ti_sysbios_gates_GateMutex_Instance_finalize__E)
                  0080c360    00000020                   : BIOS.obj (.text:ti_sysbios_gates_GateMutex_query__E)
                  0080c380    00000020                   : BIOS.obj (.text:ti_sysbios_hal_Hwi_Module_startup__E)
                  0080c3a0    00000020     dss_pe674.oe674 (.text:ti_sysbios_heaps_HeapBuf_Object__get__S)
                  0080c3c0    00000020     dss_pe674.oe674 (.text:ti_sysbios_heaps_HeapMem_Module_GateProxy_enter__E)
                  0080c3e0    00000020     dss_pe674.oe674 (.text:ti_sysbios_heaps_HeapMem_Module_GateProxy_leave__E)
                  0080c400    00000020     sysbios.ae674 : BIOS.obj (.text:ti_sysbios_heaps_HeapMem_isBlocking__E)
                  0080c420    00000020     dss_pe674.oe674 (.text:ti_sysbios_knl_Clock_TimerProxy_getMaxTicks__E)
                  0080c440    00000020     sysbios.ae674 : BIOS.obj (.text:ti_sysbios_knl_Idle_loop__E)
                  0080c460    00000020                   : BIOS.obj (.text:ti_sysbios_knl_Queue_Instance_init__E)
                  0080c480    00000020     dss_pe674.oe674 (.text:ti_sysbios_knl_Queue_Object__get__S)
                  0080c4a0    00000020     dss_pe674.oe674 (.text:ti_sysbios_knl_Queue_destruct)
                  0080c4c0    00000020     sysbios.ae674 : BIOS.obj (.text:ti_sysbios_knl_Queue_empty__E)
                  0080c4e0    00000020                   : BIOS.obj (.text:ti_sysbios_knl_Semaphore_Instance_finalize__E)
                  0080c500    00000020     dss_pe674.oe674 (.text:ti_sysbios_knl_Semaphore_Params__init__S)
                  0080c520    00000020     dss_pe674.oe674 (.text:ti_sysbios_knl_Semaphore_delete)
                  0080c540    00000020     sysbios.ae674 : BIOS.obj (.text:ti_sysbios_knl_Swi_disable__E)
                  0080c560    00000020     dss_pe674.oe674 (.text:ti_sysbios_knl_Task_Params__init__S)
                  0080c580    00000020     sysbios.ae674 : BIOS.obj (.text:ti_sysbios_knl_Task_disable__E)
                  0080c5a0    00000020                   : BIOS.obj (.text:ti_sysbios_knl_Task_startup__E)
                  0080c5c0    00000020     dss_pe674.oe674 (.text:ti_sysbios_timers_rti_Timer_Module__startupDone__F)
                  0080c5e0    00000020     sysbios.ae674 : BIOS.obj (.text:ti_sysbios_timers_rti_Timer_getMaxTicks__E)
                  0080c600    00000020     ti.targets.rts6000.ae674 : Error.oe674 (.text:xdc_runtime_Error_getSite__E)
                  0080c620    00000020                              : Error.oe674 (.text:xdc_runtime_Error_raiseX__E)
                  0080c640    00000020                              : Gate.oe674 (.text:xdc_runtime_Gate_enterSystem__E)
                  0080c660    00000020                              : Gate.oe674 (.text:xdc_runtime_Gate_leaveSystem__E)
                  0080c680    00000020     dss_pe674.oe674 (.text:xdc_runtime_IHeap_alloc)
                  0080c6a0    00000020     dss_pe674.oe674 (.text:xdc_runtime_IHeap_free)
                  0080c6c0    00000020     ti.targets.rts6000.ae674 : Memory.oe674 (.text:xdc_runtime_Memory_calloc__E)
                  0080c6e0    00000020                              : Memory.oe674 (.text:xdc_runtime_Memory_free__E)
                  0080c700    00000020                              : Memory.oe674 (.text:xdc_runtime_Memory_getMaxDefaultTypeAlign__E)
                  0080c720    00000020     dss_pe674.oe674 (.text:xdc_runtime_Startup_exec__I)
                  0080c740    00000020     dss_pe674.oe674 (.text:xdc_runtime_Startup_reset__I)
                  0080c760    00000020     ti.targets.rts6000.ae674 : Startup.oe674 (.text:xdc_runtime_Startup_rtsDone__E)
                  0080c780    00000020                              : SysStd.oe674 (.text:xdc_runtime_SysStd_exit__E)
                  0080c7a0    00000020                              : SysStd.oe674 (.text:xdc_runtime_SysStd_putch__E)
                  0080c7c0    00000020                              : SysStd.oe674 (.text:xdc_runtime_SysStd_ready__E)
                  0080c7e0    00000020     dss_pe674.oe674 (.text:xdc_runtime_System_Module_GateProxy_enter__E)
                  0080c800    00000020     dss_pe674.oe674 (.text:xdc_runtime_System_Module_GateProxy_leave__E)
                  0080c820    00000020     ti.targets.rts6000.ae674 : System.oe674 (.text:xdc_runtime_System_Module_startup__E)
                  0080c840    00000020                              : System.oe674 (.text:xdc_runtime_System_vsnprintf__E)
                  0080c860    00000020                              : Text.oe674 (.text:xdc_runtime_Text_ropeText__E)
                  0080c880    00000020     dss_pe674.oe674 (.text:xdc_runtime_Text_visitRope__I)

.const     0    0080c8a0    00004046     
                  0080c8a0    000019be     dss_pe674.oe674 (.const:xdc_runtime_Text_charTab__A)
                  0080e25e    00000002     dss_pe674.oe674 (.const:ti_sysbios_family_c64p_Cache_Module__id__C)
                  0080e260    00000e30     common_full.oe674 (.const:.string)
                  0080f090    00000698     main_full_dss.oe674 (.const:.string)
                  0080f728    00000518     sysbios.ae674 : BIOS.obj (.const:.string)
                  0080fc40    00000101     rts6740_elf.lib : ctype.c.obj (.const:.string:_ctypes_)
                  0080fd41    00000001     --HOLE-- [fill = 0]
                  0080fd42    00000004     libmmwavelink_xwr16xx.ae674 : rl_sensor.oe674 (.const:$P$T46$47)
                  0080fd46    00000002     dss_pe674.oe674 (.const:ti_sysbios_family_c64p_EventCombiner_Module__id__C)
                  0080fd48    000000c8     dss_pe674.oe674 (.const:xdc_runtime_Text_nodeTab__A)
                  0080fe10    00000094     libtestlogger_xwr16xx.ae674 : logger.oe674 (.const:.string)
                  0080fea4    00000074     dss_pe674.oe674 (.const:.string)
                  0080ff18    0000006c     libmmwavelink_xwr16xx.ae674 : rl_driver.oe674 (.const:.string)
                  0080ff84    00000058     ti.targets.rts6000.ae674 : Error.oe674 (.const:.string)
                  0080ffdc    0000004c     libmailbox_xwr16xx.ae674 : mailbox.oe674 (.const:.string)
                  00810028    00000044     dss_pe674.oe674 (.const:ti_sysbios_knl_Task_Object__PARAMS__C)
                  0081006c    00000040     ti.targets.rts6000.ae674 : Text.oe674 (.const:.string)
                  008100ac    0000003c     libsoc_xwr16xx.ae674 : soc_xwr16xx_dss.oe674 (.const:.string)
                  008100e8    00000034     libmmwave_xwr16xx.ae674 : mmwave_dualcore.oe674 (.const:.string)
                  0081011c    00000030     dss_pe674.oe674 (.const:ti_sysbios_family_c64p_Hwi_Object__PARAMS__C)
                  0081014c    0000002c     ti.targets.rts6000.ae674 : Startup.oe674 (.const:.string)
                  00810178    0000002c     dss_pe674.oe674 (.const:xdc_runtime_Startup_sfxnTab__A)
                  008101a4    00000028     libmmwave_xwr16xx.ae674 : mmwave.oe674 (.const:.string)
                  008101cc    00000028     dss_pe674.oe674 (.const:ti_sysbios_heaps_HeapMem_Module__FXNS__C)
                  008101f4    00000024     rts6740_elf.lib : _printfi.c.obj (.const:.string)
                  00810218    00000024     libmailbox_xwr16xx.ae674 : mailbox.oe674 (.const:Mailbox_defaultCfg)
                  0081023c    00000024     dss_pe674.oe674 (.const:ti_sysbios_gates_GateHwi_Module__FXNS__C)
                  00810260    00000024     dss_pe674.oe674 (.const:ti_sysbios_gates_GateMutex_Module__FXNS__C)
                  00810284    00000024     dss_pe674.oe674 (.const:ti_sysbios_heaps_HeapMem_Object__PARAMS__C)
                  008102a8    00000024     dss_pe674.oe674 (.const:ti_sysbios_knl_Semaphore_Object__PARAMS__C)
                  008102cc    00000020     libosal_xwr16xx.ae674 : SemaphoreP_tirtos.oe674 (.const:.string)
                  008102ec    00000020     dss_pe674.oe674 (.const:ti_sysbios_family_c64p_Hwi_Object__DESC__C)
                  0081030c    00000020     dss_pe674.oe674 (.const:ti_sysbios_gates_GateHwi_Object__DESC__C)
                  0081032c    00000020     dss_pe674.oe674 (.const:ti_sysbios_gates_GateMutex_Object__DESC__C)
                  0081034c    00000020     dss_pe674.oe674 (.const:ti_sysbios_heaps_HeapMem_Object__DESC__C)
                  0081036c    00000020     dss_pe674.oe674 (.const:ti_sysbios_knl_Queue_Object__DESC__C)
                  0081038c    00000020     dss_pe674.oe674 (.const:ti_sysbios_knl_Semaphore_Object__DESC__C)
                  008103ac    00000020     dss_pe674.oe674 (.const:ti_sysbios_knl_Task_Object__DESC__C)
                  008103cc    0000001c     libosal_xwr16xx.ae674 : HwiP_tirtos.oe674 (.const:.string)
                  008103e8    00000018     libmmwave_xwr16xx.ae674 : mmwave_fullcfg.oe674 (.const:.string)
                  00810400    00000018     ti.targets.rts6000.ae674 : System.oe674 (.const:.string)
                  00810418    00000018     dss_pe674.oe674 (.const:ti_sysbios_gates_GateHwi_Object__PARAMS__C)
                  00810430    00000018     dss_pe674.oe674 (.const:ti_sysbios_gates_GateMutex_Object__PARAMS__C)
                  00810448    00000018     dss_pe674.oe674 (.const:ti_sysbios_knl_Queue_Object__PARAMS__C)
                  00810460    00000016     dss_pe674.oe674 (.const:xdc_runtime_Startup_sfxnRts__A)
                  00810476    00000002     dss_pe674.oe674 (.const:ti_sysbios_family_c64p_Exception_Module__id__C)
                  00810478    00000014     libmmwave_xwr16xx.ae674 : mmwave_link.oe674 (.const:.string)
                  0081048c    00000010     libmmwavelink_xwr16xx.ae674 : rl_driver.oe674 (.const:$P$T0$1)
                  0081049c    00000010                                 : rl_sensor.oe674 (.const:$P$T0$1)
                  008104ac    00000004     ti.targets.rts6000.ae674 : Assert.oe674 (.const:.string)
                  008104b0    00000010     libmmwavelink_xwr16xx.ae674 : rl_driver.oe674 (.const:$P$T1$2)
                  008104c0    00000010                                 : rl_sensor.oe674 (.const:$P$T1$2)
                  008104d0    00000010                                 : rl_driver.oe674 (.const:$P$T10$11)
                  008104e0    00000010                                 : rl_sensor.oe674 (.const:$P$T12$13)
                  008104f0    00000010                                 : rl_sensor.oe674 (.const:$P$T13$14)
                  00810500    00000010                                 : rl_sensor.oe674 (.const:$P$T2$3)
                  00810510    00000010                                 : rl_sensor.oe674 (.const:$P$T20$21)
                  00810520    00000010                                 : rl_sensor.oe674 (.const:$P$T21$22)
                  00810530    00000010                                 : rl_driver.oe674 (.const:$P$T3$4)
                  00810540    00000010                                 : rl_sensor.oe674 (.const:$P$T38$39)
                  00810550    00000010                                 : rl_sensor.oe674 (.const:$P$T39$40)
                  00810560    00000010                                 : rl_sensor.oe674 (.const:$P$T42$43)
                  00810570    00000010                                 : rl_sensor.oe674 (.const:$P$T43$44)
                  00810580    00000010                                 : rl_driver.oe674 (.const:$P$T5$6)
                  00810590    00000010                                 : rl_driver.oe674 (.const:$P$T6$7)
                  008105a0    00000010                                 : rl_sensor.oe674 (.const:$P$T7$8)
                  008105b0    00000010                                 : rl_driver.oe674 (.const:$P$T9$10)
                  008105c0    00000010     dss_pe674.oe674 (.const:ti_sysbios_family_c64p_EventCombiner_EVTMASK__C)
                  008105d0    0000000c     libcrc_xwr16xx.ae674 : crc.oe674 (.const:.string)
                  008105dc    00000008     libmmwavelink_xwr16xx.ae674 : rl_sensor.oe674 (.const:$P$T14$15)
                  008105e4    00000008                                 : rl_sensor.oe674 (.const:$P$T22$23)
                  008105ec    00000008                                 : rl_sensor.oe674 (.const:$P$T40$41)
                  008105f4    00000008                                 : rl_sensor.oe674 (.const:$P$T41$42)
                  008105fc    00000008                                 : rl_sensor.oe674 (.const:$P$T44$45)
                  00810604    00000008                                 : rl_sensor.oe674 (.const:$P$T45$46)
                  0081060c    00000008     dss_pe674.oe674 (.const:ti_sysbios_knl_Idle_funcList__C)
                  00810614    00000004     dss_pe674.oe674 (.const:ti_sysbios_family_c62_TaskSupport_stackAlignment__C)
                  00810618    00000008     dss_pe674.oe674 (.const:xdc_runtime_Startup_firstFxns__A)
                  00810620    00000008     dss_pe674.oe674 (.const:xdc_runtime_Startup_firstFxns__C)
                  00810628    00000008     dss_pe674.oe674 (.const:xdc_runtime_Startup_lastFxns__C)
                  00810630    00000004     dss_pe674.oe674 (.const:ti_sysbios_family_c64p_Cache_EMIFA_BASE__C)
                  00810634    00000004     dss_pe674.oe674 (.const:ti_sysbios_family_c64p_Cache_EMIFA_CFG__C)
                  00810638    00000004     dss_pe674.oe674 (.const:ti_sysbios_family_c64p_Cache_EMIFA_LENGTH__C)
                  0081063c    00000004     dss_pe674.oe674 (.const:ti_sysbios_family_c64p_Cache_EMIFB_BASE__C)
                  00810640    00000004     dss_pe674.oe674 (.const:ti_sysbios_family_c64p_Cache_EMIFB_CFG__C)
                  00810644    00000004     dss_pe674.oe674 (.const:ti_sysbios_family_c64p_Cache_EMIFB_LENGTH__C)
                  00810648    00000004     dss_pe674.oe674 (.const:ti_sysbios_family_c64p_Cache_EMIFC_BASE__C)
                  0081064c    00000004     dss_pe674.oe674 (.const:ti_sysbios_family_c64p_Cache_EMIFC_CFG__C)
                  00810650    00000004     dss_pe674.oe674 (.const:ti_sysbios_family_c64p_Cache_EMIFC_LENGTH__C)
                  00810654    00000004     dss_pe674.oe674 (.const:ti_sysbios_family_c64p_Cache_E_invalidL1CacheSize__C)
                  00810658    00000004     dss_pe674.oe674 (.const:ti_sysbios_family_c64p_Cache_E_invalidL2CacheSize__C)
                  0081065c    00000004     dss_pe674.oe674 (.const:ti_sysbios_family_c64p_Cache_MAR0_31__C)
                  00810660    00000004     dss_pe674.oe674 (.const:ti_sysbios_family_c64p_Cache_MAR128_159__C)
                  00810664    00000004     dss_pe674.oe674 (.const:ti_sysbios_family_c64p_Cache_MAR160_191__C)
                  00810668    00000004     dss_pe674.oe674 (.const:ti_sysbios_family_c64p_Cache_MAR192_223__C)
                  0081066c    00000004     dss_pe674.oe674 (.const:ti_sysbios_family_c64p_Cache_MAR224_255__C)
                  00810670    00000004     dss_pe674.oe674 (.const:ti_sysbios_family_c64p_Cache_MAR32_63__C)
                  00810674    00000004     dss_pe674.oe674 (.const:ti_sysbios_family_c64p_Cache_MAR64_95__C)
                  00810678    00000004     dss_pe674.oe674 (.const:ti_sysbios_family_c64p_Cache_MAR96_127__C)
                  0081067c    00000004     dss_pe674.oe674 (.const:ti_sysbios_family_c64p_EventCombiner_A_invalidEventId__C)
                  00810680    00000004     dss_pe674.oe674 (.const:ti_sysbios_family_c64p_EventCombiner_EVTRegs__C)
                  00810684    00000004     dss_pe674.oe674 (.const:ti_sysbios_family_c64p_EventCombiner_E_unpluggedEvent__C)
                  00810688    00000004     dss_pe674.oe674 (.const:ti_sysbios_family_c64p_EventCombiner_Module__diagsEnabled__C)
                  0081068c    00000004     dss_pe674.oe674 (.const:ti_sysbios_family_c64p_EventCombiner_Module__diagsIncluded__C)
                  00810690    00000004     dss_pe674.oe674 (.const:ti_sysbios_family_c64p_EventCombiner_Module__diagsMask__C)
                  00810694    00000004     dss_pe674.oe674 (.const:ti_sysbios_family_c64p_Exception_E_exceptionMax__C)
                  00810698    00000004     dss_pe674.oe674 (.const:ti_sysbios_family_c64p_Exception_exceptionHook__C)
                  0081069c    00000004     dss_pe674.oe674 (.const:ti_sysbios_family_c64p_Exception_externalHook__C)
                  008106a0    00000004     dss_pe674.oe674 (.const:ti_sysbios_family_c64p_Exception_internalHook__C)
                  008106a4    00000004     dss_pe674.oe674 (.const:ti_sysbios_family_c64p_Exception_nmiHook__C)
                  008106a8    00000004     dss_pe674.oe674 (.const:ti_sysbios_family_c64p_Hwi_E_alreadyDefined__C)
                  008106ac    00000004     dss_pe674.oe674 (.const:ti_sysbios_family_c64p_Hwi_E_handleNotFound__C)
                  008106b0    00000004     dss_pe674.oe674 (.const:ti_sysbios_family_c64p_Hwi_E_invalidIntNum__C)
                  008106b4    00000004     dss_pe674.oe674 (.const:ti_sysbios_family_c64p_Hwi_INTRMUX1Address__C)
                  008106b8    00000004     dss_pe674.oe674 (.const:ti_sysbios_family_c64p_Hwi_LD_end__C)
                  008106bc    00000004     dss_pe674.oe674 (.const:ti_sysbios_family_c64p_Hwi_LM_begin__C)
                  008106c0    00000004     dss_pe674.oe674 (.const:ti_sysbios_family_c64p_Hwi_Module__diagsEnabled__C)
                  008106c4    00000004     dss_pe674.oe674 (.const:ti_sysbios_family_c64p_Hwi_Module__diagsIncluded__C)
                  008106c8    00000004     dss_pe674.oe674 (.const:ti_sysbios_family_c64p_Hwi_Module__diagsMask__C)
                  008106cc    00000004     dss_pe674.oe674 (.const:ti_sysbios_family_c64p_Hwi_Module__loggerFxn1__C)
                  008106d0    00000004     dss_pe674.oe674 (.const:ti_sysbios_family_c64p_Hwi_Module__loggerFxn8__C)
                  008106d4    00000004     dss_pe674.oe674 (.const:ti_sysbios_family_c64p_Hwi_Module__loggerObj__C)
                  008106d8    00000004     dss_pe674.oe674 (.const:ti_sysbios_gates_GateMutex_A_badContext__C)
                  008106dc    00000004     dss_pe674.oe674 (.const:ti_sysbios_gates_GateMutex_Instance_State_sem__O)
                  008106e0    00000004     dss_pe674.oe674 (.const:ti_sysbios_gates_GateMutex_Module__diagsEnabled__C)
                  008106e4    00000004     dss_pe674.oe674 (.const:ti_sysbios_gates_GateMutex_Module__diagsIncluded__C)
                  008106e8    00000004     dss_pe674.oe674 (.const:ti_sysbios_gates_GateMutex_Module__diagsMask__C)
                  008106ec    00000004     dss_pe674.oe674 (.const:ti_sysbios_hal_Hwi_E_stackOverflow__C)
                  008106f0    00000004     dss_pe674.oe674 (.const:ti_sysbios_heaps_HeapBuf_Instance_State_freeList__O)
                  008106f4    00000004     dss_pe674.oe674 (.const:ti_sysbios_heaps_HeapBuf_Object__count__C)
                  008106f8    00000004     dss_pe674.oe674 (.const:ti_sysbios_heaps_HeapBuf_numConstructedHeaps__C)
                  008106fc    00000004     dss_pe674.oe674 (.const:ti_sysbios_heaps_HeapMem_A_align__C)
                  00810700    00000004     dss_pe674.oe674 (.const:ti_sysbios_heaps_HeapMem_A_heapSize__C)
                  00810704    00000004     dss_pe674.oe674 (.const:ti_sysbios_heaps_HeapMem_A_invalidFree__C)
                  00810708    00000004     dss_pe674.oe674 (.const:ti_sysbios_heaps_HeapMem_A_zeroBlock__C)
                  0081070c    00000004     dss_pe674.oe674 (.const:ti_sysbios_heaps_HeapMem_E_memory__C)
                  00810710    00000004     dss_pe674.oe674 (.const:ti_sysbios_heaps_HeapMem_Module__diagsEnabled__C)
                  00810714    00000004     dss_pe674.oe674 (.const:ti_sysbios_heaps_HeapMem_Module__diagsIncluded__C)
                  00810718    00000004     dss_pe674.oe674 (.const:ti_sysbios_heaps_HeapMem_Module__diagsMask__C)
                  0081071c    00000004     dss_pe674.oe674 (.const:ti_sysbios_heaps_HeapMem_Module__gateObj__C)
                  00810720    00000004     dss_pe674.oe674 (.const:ti_sysbios_heaps_HeapMem_Object__count__C)
                  00810724    00000004     dss_pe674.oe674 (.const:ti_sysbios_heaps_HeapMem_reqAlign__C)
                  00810728    00000004     dss_pe674.oe674 (.const:ti_sysbios_knl_Clock_LM_begin__C)
                  0081072c    00000004     dss_pe674.oe674 (.const:ti_sysbios_knl_Clock_LM_tick__C)
                  00810730    00000004     dss_pe674.oe674 (.const:ti_sysbios_knl_Clock_LW_delayed__C)
                  00810734    00000004     dss_pe674.oe674 (.const:ti_sysbios_knl_Clock_Module_State_clockQ__O)
                  00810738    00000004     dss_pe674.oe674 (.const:ti_sysbios_knl_Clock_Module__diagsEnabled__C)
                  0081073c    00000004     dss_pe674.oe674 (.const:ti_sysbios_knl_Clock_Module__diagsIncluded__C)
                  00810740    00000004     dss_pe674.oe674 (.const:ti_sysbios_knl_Clock_Module__diagsMask__C)
                  00810744    00000004     dss_pe674.oe674 (.const:ti_sysbios_knl_Clock_Module__loggerFxn1__C)
                  00810748    00000004     dss_pe674.oe674 (.const:ti_sysbios_knl_Clock_Module__loggerFxn2__C)
                  0081074c    00000004     dss_pe674.oe674 (.const:ti_sysbios_knl_Clock_Module__loggerObj__C)
                  00810750    00000004     dss_pe674.oe674 (.const:ti_sysbios_knl_Idle_funcList__A)
                  00810754    00000004     dss_pe674.oe674 (.const:ti_sysbios_knl_Semaphore_A_badContext__C)
                  00810758    00000004     dss_pe674.oe674 (.const:ti_sysbios_knl_Semaphore_A_noEvents__C)
                  0081075c    00000004     dss_pe674.oe674 (.const:ti_sysbios_knl_Semaphore_A_overflow__C)
                  00810760    00000004     dss_pe674.oe674 (.const:ti_sysbios_knl_Semaphore_A_pendTaskDisabled__C)
                  00810764    00000004     dss_pe674.oe674 (.const:ti_sysbios_knl_Semaphore_Instance_State_pendQ__O)
[...]
00810638  ti_sysbios_family_c64p_Cache_EMIFA_LENGTH__C                 
0081063c  ti_sysbios_family_c64p_Cache_EMIFB_BASE__C                   
00810640  ti_sysbios_family_c64p_Cache_EMIFB_CFG__C                    
00810644  ti_sysbios_family_c64p_Cache_EMIFB_LENGTH__C                 
00810648  ti_sysbios_family_c64p_Cache_EMIFC_BASE__C                   
0081064c  ti_sysbios_family_c64p_Cache_EMIFC_CFG__C                    
00810650  ti_sysbios_family_c64p_Cache_EMIFC_LENGTH__C                 
00810654  ti_sysbios_family_c64p_Cache_E_invalidL1CacheSize__C         
00810658  ti_sysbios_family_c64p_Cache_E_invalidL2CacheSize__C         
0081065c  ti_sysbios_family_c64p_Cache_MAR0_31__C                      
00810660  ti_sysbios_family_c64p_Cache_MAR128_159__C                   
00810664  ti_sysbios_family_c64p_Cache_MAR160_191__C                   
00810668  ti_sysbios_family_c64p_Cache_MAR192_223__C                   
0081066c  ti_sysbios_family_c64p_Cache_MAR224_255__C                   
00810670  ti_sysbios_family_c64p_Cache_MAR32_63__C                     
00810674  ti_sysbios_family_c64p_Cache_MAR64_95__C                     
00810678  ti_sysbios_family_c64p_Cache_MAR96_127__C                    
0081067c  ti_sysbios_family_c64p_EventCombiner_A_invalidEventId__C     
00810680  ti_sysbios_family_c64p_EventCombiner_EVTRegs__C              
00810684  ti_sysbios_family_c64p_EventCombiner_E_unpluggedEvent__C     
00810688  ti_sysbios_family_c64p_EventCombiner_Module__diagsEnabled__C 
0081068c  ti_sysbios_family_c64p_EventCombiner_Module__diagsIncluded__C
00810690  ti_sysbios_family_c64p_EventCombiner_Module__diagsMask__C    
00810694  ti_sysbios_family_c64p_Exception_E_exceptionMax__C           
00810698  ti_sysbios_family_c64p_Exception_exceptionHook__C            
0081069c  ti_sysbios_family_c64p_Exception_externalHook__C             
008106a0  ti_sysbios_family_c64p_Exception_internalHook__C             
008106a4  ti_sysbios_family_c64p_Exception_nmiHook__C                  
008106a8  ti_sysbios_family_c64p_Hwi_E_alreadyDefined__C               
008106ac  ti_sysbios_family_c64p_Hwi_E_handleNotFound__C               
008106b0  ti_sysbios_family_c64p_Hwi_E_invalidIntNum__C                
008106b4  ti_sysbios_family_c64p_Hwi_INTRMUX1Address__C                
008106b8  ti_sysbios_family_c64p_Hwi_LD_end__C                         
008106bc  ti_sysbios_family_c64p_Hwi_LM_begin__C                       
008106c0  ti_sysbios_family_c64p_Hwi_Module__diagsEnabled__C           
008106c4  ti_sysbios_family_c64p_Hwi_Module__diagsIncluded__C          
008106c8  ti_sysbios_family_c64p_Hwi_Module__diagsMask__C              
008106cc  ti_sysbios_family_c64p_Hwi_Module__loggerFxn1__C             
008106d0  ti_sysbios_family_c64p_Hwi_Module__loggerFxn8__C             
008106d4  ti_sysbios_family_c64p_Hwi_Module__loggerObj__C              
008106d8  ti_sysbios_gates_GateMutex_A_badContext__C                   
008106dc  ti_sysbios_gates_GateMutex_Instance_State_sem__O             
008106e0  ti_sysbios_gates_GateMutex_Module__diagsEnabled__C           
008106e4  ti_sysbios_gates_GateMutex_Module__diagsIncluded__C          
008106e8  ti_sysbios_gates_GateMutex_Module__diagsMask__C              
008106ec  ti_sysbios_hal_Hwi_E_stackOverflow__C                        
008106f0  ti_sysbios_heaps_HeapBuf_Instance_State_freeList__O          
008106f4  ti_sysbios_heaps_HeapBuf_Object__count__C                    
008106f8  ti_sysbios_heaps_HeapBuf_numConstructedHeaps__C              
008106fc  ti_sysbios_heaps_HeapMem_A_align__C                          
00810700  ti_sysbios_heaps_HeapMem_A_heapSize__C                       
00810704  ti_sysbios_heaps_HeapMem_A_invalidFree__C                    
00810708  ti_sysbios_heaps_HeapMem_A_zeroBlock__C                      
0081070c  ti_sysbios_heaps_HeapMem_E_memory__C                         
00810710  ti_sysbios_heaps_HeapMem_Module__diagsEnabled__C             
00810714  ti_sysbios_heaps_HeapMem_Module__diagsIncluded__C            
00810718  ti_sysbios_heaps_HeapMem_Module__diagsMask__C                
0081071c  ti_sysbios_heaps_HeapMem_Module__gateObj__C                  
00810720  ti_sysbios_heaps_HeapMem_Object__count__C                    
00810724  ti_sysbios_heaps_HeapMem_reqAlign__C                         
00810728  ti_sysbios_knl_Clock_LM_begin__C                             
0081072c  ti_sysbios_knl_Clock_LM_tick__C                              
00810730  ti_sysbios_knl_Clock_LW_delayed__C                           
00810734  ti_sysbios_knl_Clock_Module_State_clockQ__O                  
00810738  ti_sysbios_knl_Clock_Module__diagsEnabled__C                 
0081073c  ti_sysbios_knl_Clock_Module__diagsIncluded__C                
00810740  ti_sysbios_knl_Clock_Module__diagsMask__C                    
00810744  ti_sysbios_knl_Clock_Module__loggerFxn1__C                   
00810748  ti_sysbios_knl_Clock_Module__loggerFxn2__C                   
0081074c  ti_sysbios_knl_Clock_Module__loggerObj__C                    
00810750  ti_sysbios_knl_Idle_funcList__A                              
00810754  ti_sysbios_knl_Semaphore_A_badContext__C                     
00810758  ti_sysbios_knl_Semaphore_A_noEvents__C                       
0081075c  ti_sysbios_knl_Semaphore_A_overflow__C                       
00810760  ti_sysbios_knl_Semaphore_A_pendTaskDisabled__C               
00810764  ti_sysbios_knl_Semaphore_Instance_State_pendQ__O             
00810768  ti_sysbios_knl_Semaphore_LM_pend__C                          
0081076c  ti_sysbios_knl_Semaphore_LM_post__C                          
00810770  ti_sysbios_knl_Semaphore_Module__diagsEnabled__C             
00810774  ti_sysbios_knl_Semaphore_Module__diagsIncluded__C            
00810778  ti_sysbios_knl_Semaphore_Module__diagsMask__C                
0081077c  ti_sysbios_knl_Semaphore_Module__loggerFxn2__C               
00810780  ti_sysbios_knl_Semaphore_Module__loggerFxn4__C               
00810784  ti_sysbios_knl_Semaphore_Module__loggerObj__C                
00810788  ti_sysbios_knl_Swi_LD_end__C                                 
0081078c  ti_sysbios_knl_Swi_LM_begin__C                               
00810790  ti_sysbios_knl_Swi_LM_post__C                                
00810794  ti_sysbios_knl_Swi_Module__diagsEnabled__C                   
00810798  ti_sysbios_knl_Swi_Module__diagsIncluded__C                  
0081079c  ti_sysbios_knl_Swi_Module__diagsMask__C                      
008107a0  ti_sysbios_knl_Swi_Module__loggerFxn1__C                     
008107a4  ti_sysbios_knl_Swi_Module__loggerFxn4__C                     
008107a8  ti_sysbios_knl_Swi_Module__loggerObj__C                      
008107ac  ti_sysbios_knl_Swi_Object__count__C                          
008107b0  ti_sysbios_knl_Task_A_badPriority__C                         
008107b4  ti_sysbios_knl_Task_A_badTaskState__C                        
008107b8  ti_sysbios_knl_Task_A_badThreadType__C                       
008107bc  ti_sysbios_knl_Task_A_badTimeout__C                          
008107c0  ti_sysbios_knl_Task_A_noPendElem__C                          
008107c4  ti_sysbios_knl_Task_A_sleepTaskDisabled__C                   
008107c8  ti_sysbios_knl_Task_E_spOutOfBounds__C                       
008107cc  ti_sysbios_knl_Task_E_stackOverflow__C                       
008107d0  ti_sysbios_knl_Task_LD_block__C                              
008107d4  ti_sysbios_knl_Task_LD_exit__C                               
008107d8  ti_sysbios_knl_Task_LD_ready__C                              
008107dc  ti_sysbios_knl_Task_LM_sleep__C                              
008107e0  ti_sysbios_knl_Task_LM_switch__C                             
008107e4  ti_sysbios_knl_Task_Module_State_inactiveQ__O                
008107e8  ti_sysbios_knl_Task_Module__diagsEnabled__C                  
008107ec  ti_sysbios_knl_Task_Module__diagsIncluded__C                 
008107f0  ti_sysbios_knl_Task_Module__diagsMask__C                     
008107f4  ti_sysbios_knl_Task_Module__loggerFxn2__C                    
008107f8  ti_sysbios_knl_Task_Module__loggerFxn4__C                    
008107fc  ti_sysbios_knl_Task_Module__loggerObj__C                     
00810800  ti_sysbios_knl_Task_Object__count__C                         
00810804  ti_sysbios_knl_Task_allBlockedFunc__C                        
00810808  ti_sysbios_knl_Task_defaultStackHeap__C                      
0081080c  ti_sysbios_knl_Task_defaultStackSize__C                      
00810810  ti_sysbios_knl_Task_numConstructedTasks__C                   
00810814  ti_sysbios_timers_rti_Timer_E_cannotSupport__C               
00810818  ti_sysbios_timers_rti_Timer_Module__diagsEnabled__C          
0081081c  ti_sysbios_timers_rti_Timer_Module__diagsIncluded__C         
00810820  ti_sysbios_timers_rti_Timer_Module__diagsMask__C             
00810824  ti_sysbios_timers_rti_Timer_numTimerDevices__C               
00810828  ti_sysbios_timers_rti_Timer_startupNeeded__C                 
0081082c  xdc_runtime_Assert_E_assertFailed__C                         
00810830  xdc_runtime_Core_A_initializedParams__C                      
00810834  xdc_runtime_Core_Module__diagsEnabled__C                     
00810838  xdc_runtime_Core_Module__diagsIncluded__C                    
0081083c  xdc_runtime_Core_Module__diagsMask__C                        
00810840  xdc_runtime_Error_E_memory__C                                
00810844  xdc_runtime_Error_Module__diagsEnabled__C                    
00810848  xdc_runtime_Error_Module__diagsIncluded__C                   
0081084c  xdc_runtime_Error_Module__diagsMask__C                       
00810850  xdc_runtime_Error_Module__loggerFxn8__C                      
00810854  xdc_runtime_Error_Module__loggerObj__C                       
00810858  xdc_runtime_Error_policyFxn__C                               
0081085c  xdc_runtime_Error_policy__C                                  
00810860  xdc_runtime_Error_raiseHook__C                               
00810864  xdc_runtime_IGateProvider_Interface__BASE__C                 
00810868  xdc_runtime_IHeap_Interface__BASE__C                         
0081086c  xdc_runtime_IModule_Interface__BASE__C                       
00810870  xdc_runtime_Log_L_error__C                                   
00810874  xdc_runtime_Memory_defaultHeapInstance__C                    
00810878  xdc_runtime_Startup_execImpl__C                              
0081087c  xdc_runtime_Startup_maxPasses__C                             
00810880  xdc_runtime_Startup_sfxnRts__C                               
00810884  xdc_runtime_Startup_sfxnTab__C                               
00810888  xdc_runtime_System_Module__gateObj__C                        
0081088c  xdc_runtime_System_abortFxn__C                               
00810890  xdc_runtime_System_exitFxn__C                                
00810894  xdc_runtime_System_extendFxn__C                              
00810898  xdc_runtime_System_maxAtexitHandlers__C                      
0081089c  xdc_runtime_Text_charTab__C                                  
008108a0  xdc_runtime_Text_nameEmpty__C                                
008108a4  xdc_runtime_Text_nameStatic__C                               
008108a8  xdc_runtime_Text_nameUnknown__C                              
008108ac  xdc_runtime_Text_nodeTab__C                                  
008108b0  xdc_runtime_Text_visitRopeFxn__C                             
008108b4  ti_sysbios_family_c64p_Exception_useInternalBuffer__C        
008108b6  ti_sysbios_family_c64p_Hwi_Module__id__C                     
008108b8  ti_sysbios_family_c64p_Hwi_Module__loggerDefined__C          
008108ba  ti_sysbios_gates_GateMutex_Module__id__C                     
008108bc  ti_sysbios_hal_Hwi_Module__id__C                             
008108be  ti_sysbios_heaps_HeapMem_Module__id__C                       
008108c0  ti_sysbios_knl_Clock_Module__id__C                           
008108c2  ti_sysbios_knl_Clock_Module__loggerDefined__C                
008108c4  ti_sysbios_knl_Semaphore_Module__id__C                       
008108c6  ti_sysbios_knl_Semaphore_Module__loggerDefined__C            
008108c8  ti_sysbios_knl_Swi_Module__id__C                             
008108ca  ti_sysbios_knl_Swi_Module__loggerDefined__C                  
008108cc  ti_sysbios_knl_Task_Module__id__C                            
008108ce  ti_sysbios_knl_Task_Module__loggerDefined__C                 
008108d0  ti_sysbios_timers_rti_Timer_Module__id__C                    
008108d2  ti_sysbios_timers_rti_Timer_continueOnSuspend__C             
008108d4  xdc_runtime_Core_Module__id__C                               
008108d6  xdc_runtime_Error_Module__loggerDefined__C                   
008108d8  xdc_runtime_Error_maxDepth__C                                
008108da  xdc_runtime_Main_Module__id__C                               
008108dc  xdc_runtime_Memory_Module__id__C                             
008108de  xdc_runtime_Text_charCnt__C                                  
008108e0  xdc_runtime_Text_isLoaded__C                                 
008108e2  xdc_runtime_Text_registryModsLastId__C                       
008108e4  xdc_runtime_Text_unnamedModsLastId__C                        
008108e8  ti_sysbios_family_c64p_EventCombiner_Module__state__V        
00810ed0  _ftable                                                      
008110b0  rl_rxMsg                                                     
008111b0  rl_txMsg                                                     
008112b0  _stream                                                      
00811350  ti_sysbios_knl_Swi_Module_State_0_readyQ__A                  
008113d0  ti_sysbios_knl_Task_Module_State_0_readyQ__A                 
00811450  _device                                                      
008114c8  ti_sysbios_family_c64p_Hwi_Module__state__V                  
00811534  _lock                                                        
00811538  ti_sysbios_knl_Task_Object__table__V                         
00811594  gMailboxMCB                                                  
008115e4  ti_sysbios_knl_Task_Module__state__V                         
0081162c  _unlock                                                      
00811630  ti_sysbios_gates_GateMutex_Object__table__V                  
00811670  ti_sysbios_timers_rti_Timer_Object__table__V                 
008116ac  ti_sysbios_family_c64p_Exception_Module__state__V            
008116dc  __TI_ft_end                                                  
008116e0  ti_sysbios_knl_Swi_Object__table__V                          
00811710  ti_sysbios_knl_Clock_Module__state__V                        
0081173c  ti_sysbios_BIOS_Module__state__V                             
00811760  gSOCHwAttrib                                                 
00811780  xdc_runtime_Error_IgnoreBlock                                
008117a0  xdc_runtime_System_Module_State_0_atexitHandlers__A          
008117c0  ti_sysbios_knl_Swi_Module__state__V                          
008117dc  gMailboxDssBssHwCfg                                          
008117f4  gMailboxDssMssHwCfg                                          
0081180c  __errno                                                      
0081180c  errno                                                        
00811810  ti_sysbios_family_c64p_Hwi_Object__table__V                  
00811828  ti_sysbios_heaps_HeapMem_Object__table__V                    
00811840  ti_sysbios_timers_rti_Timer_Module_State_0_device__A         
00811858  ti_sysbios_timers_rti_Timer_Module_State_0_intFreqs__A       
00811868  ti_sysbios_timers_rti_Timer_Module__state__V                 
00811878  __TI_cleanup_ptr                                             
0081187c  __TI_dtors_ptr                                               
00811880  __TI_enable_exit_profile_output                              
00811884  ti_sysbios_family_c64p_Hwi_Module__root__V                   
0081188c  ti_sysbios_gates_GateHwi_Module__root__V                     
00811894  ti_sysbios_gates_GateMutex_Module__root__V                   
008118a0  ti_sysbios_hal_Hwi_Object__table__V                          
008118a8  ti_sysbios_heaps_HeapMem_Module__root__V                     
008118b0  ti_sysbios_knl_Queue_Module__root__V                         
008118b8  ti_sysbios_knl_Semaphore_Module__root__V                     
008118c0  ti_sysbios_knl_Task_Module__root__V                          
008118c8  ti_sysbios_timers_rti_Timer_Module_State_0_handles__A        
008118d0  xdc_runtime_Registry_Module__state__V                        
008118d8  xdc_runtime_Startup_Module__state__V                         
008118e0  xdc_runtime_System_Module__state__V                          
008118ec  ti_sysbios_family_c64p_Cache_Module__state__V                
008118f0  ti_sysbios_gates_GateHwi_Object__table__V                    
008118f4  ti_sysbios_heaps_HeapBuf_Module__state__V                    
008118f8  ti_sysbios_knl_Task_Module_State_0_idleTask__A               
008118fc  xdc_runtime_Memory_Module__state__V                          
00811900  xdc_runtime_Error_Module__state__V                           
00811904  __TI_STATIC_BASE                                             
00811904  heap0                                                        
00811908  _stack                                                       
00812908  __TI_STACK_END                                               
00812908  ti_sysbios_knl_Task_Instance_State_0_stack__A                
00813108  __TI_tmpnams                                                 
00813248  gMMWave_MCB                                                  
00813348  gMMWave_DualcoreMCB                                          
00813350  parmbuf                                                      
00813358  __CIOBUF_                                                    
00813530  gConfigDetected                                              
00813534  gStartDetected                                               
00813538  gStopDetected                                                
0081353c  gOpenDetected                                                
00813540  gCloseDetected                                               
00813544  gMCPIEnable                                                  
00813548  gMCPILogMessageSize                                          
0081354c  MCPI_Result                                                  
00813550  MCPI_FailSignature                                           
00813558  gCRCRegister                                                 
0081355c  gMMWaveHandle                                                
00813560  gTestSelection                                               
00813564  socHandle                                                    
00813568  gSaveRestoreChoice                                           
ffffffff  __TI_pprof_out_hndl                                          
ffffffff  __TI_prof_data_size                                          
ffffffff  __TI_prof_data_start                                         
ffffffff  __binit__                                                    
ffffffff  __c_args__                                                   
ffffffff  binit                                                        
UNDEFED   __TI_CINIT_Base                                              
UNDEFED   __TI_CINIT_Limit                                             
UNDEFED   __TI_Handler_Table_Base                                      
UNDEFED   __TI_Handler_Table_Limit                                     
UNDEFED   __TI_INITARRAY_Base                                          
UNDEFED   __TI_INITARRAY_Limit                                         
UNDEFED   __TI_TLS_INIT_Base                                           
UNDEFED   __TI_TLS_INIT_Limit                                          

[863 symbols]
