******************************************************************************
                  TI ARM Linker Unix v16.9.6                   
******************************************************************************
>> Linked Fri Oct  2 10:00:41 2020

OUTPUT FILE NAME:   <test/remote/mss/xwr18xx_remote_mss.xer4f>
ENTRY POINT SYMBOL: "_c_int00"  address: 00007fec


MEMORY CONFIGURATION

         name            origin    length      used     unused   attr    fill
----------------------  --------  ---------  --------  --------  ----  --------
PAGE 0:
  VECTORS               00000000   00000100  0000003c  000000c4     X
  PROG_RAM              00000100   0007ff00  0000d0ae  00072e52  R  X
  DATA_RAM              08000000   00030000  00010014  0001ffec  RW  
  L3_RAM                51000000   00100000  00000000  00100000  RW  
  HWA_RAM               52030000   00010000  00000000  00010000  RW  
  HS_RAM                52080000   00008000  00000002  00007ffe  RW  

PAGE 1:
  L3_RAM                51000000   00100000  00000000  00100000  RW  


SEGMENT ALLOCATION MAP

run origin  load origin   length   init length attrs members
----------  ----------- ---------- ----------- ----- -------
00000000    00000000    0000003c   0000003c    r--
  00000000    00000000    0000003c   0000003c    r-- .vecs
00000100    00000100    0000d0b0   0000d0b0    r-x
  00000100    00000100    0000a9b2   0000a9b2    r-x .text
  0000aab4    0000aab4    000023e4   000023e4    r-- .const
  0000ce98    0000ce98    00000318   00000318    r-- .cinit
08000000    08000000    00010018   00000000    rw-
  08000000    08000000    0000a000   00000000    rw- systemHeap
  0800a000    0800a000    00002400   00000000    rw- .MCPILogBuffer
  0800c400    0800c400    00001a9c   00000000    rw- .bss
  0800de9c    0800de9c    00001000   00000000    rw- .stack
  0800eea0    0800eea0    00000978   00000000    rw- .data
  0800f818    0800f818    00000800   00000000    rw- .myFiqStack
52080000    52080000    00000002   00000000    rw-
  52080000    52080000    00000002   00000000    rw- .dataInjectionControl


SECTION ALLOCATION MAP

 output                                  attributes/
section   page    origin      length       input sections
--------  ----  ----------  ----------   ----------------
.vecs      0    00000000    0000003c     
                  00000000    0000003c     mss_per4ft.oer4ft (.vecs)

.myFiqStack 
*          0    0800f818    00000800     UNINITIALIZED
                  0800f818    00000800     mss_per4ft.oer4ft (.myFiqStack)

xdc.meta   0    00000000    00000107     COPY SECTION
                  00000000    00000107     mss_per4ft.oer4ft (xdc.meta)

.text      0    00000100    0000a9b2     
                  00000100    0000107a     rtsv7R4_T_le_v3D16_eabi.lib : _printfi.obj (.text)
                  0000117a    00000006     libdpm_xwr18xx.aer4f : dpm_mailbox.oer4f (.text:DPM_mboxSynch)
                  00001180    000004e1     sysbios.aer4ft : BIOS.obj (.text:xdc_runtime_System_doPrint__I)
                  00001661    00000001     --HOLE-- [fill = 0]
                  00001662    00000002     rtsv7R4_T_le_v3D16_eabi.lib : i_div0.obj (.text)
                  00001664    0000042c     mss_remote.oer4f (.text:DPMTest_mssInitTask)
                  00001a90    00000310     sysbios.aer4ft : BIOS.obj (.text:ti_sysbios_knl_Semaphore_pend__E)
                  00001da0    00000308     libsoc_xwr18xx.aer4f : soc_xwr18xx_mss.oer4f (.text:SOC_deviceInit)
                  000020a8    000002b8     rtsv7R4_T_le_v3D16_eabi.lib : ull_div32.obj (.text)
                  00002360    000002a4     sysbios.aer4ft : BIOS.obj (.text:ti_sysbios_heaps_HeapMem_freeUnprotected__E)
                  00002604    0000000c                    : arm_IntrinsicsSupport_asm.obj (.text:_ti_sysbios_family_arm_IntrinsicsSupport_maxbitA)
                  00002610    00000280                    : BIOS.obj (.text:ti_sysbios_family_arm_exc_Exception_excDumpContext__I)
                  00002890    00000268                    : BIOS.obj (.text:ti_sysbios_knl_Task_Instance_finalize__E)
                  00002af8    00000260     libmailbox_xwr18xx.aer4f : mailbox.oer4f (.text:Mailbox_open)
                  00002d58    00000228     mss_remote.oer4f (.text:DPMTest_llReportFxn)
                  00002f80    00000228     sysbios.aer4ft : BIOS.obj (.text:ti_sysbios_heaps_HeapMem_allocUnprotected__E)
                  000031a8    00000008     libosal_xwr18xx.aer4f : HwiP_tirtos.oer4f (.text:HwiP_disable)
                  000031b0    00000220     sysbios.aer4ft : BIOS.obj (.text:ti_sysbios_knl_Task_sleep__E)
                  000033d0    000001e4                    : BIOS.obj (.text:ti_sysbios_family_arm_v7r_vim_Hwi_dispatchIRQC__I)
                  000035b4    0000000c     rtsv7R4_T_le_v3D16_eabi.lib : copy_zero_init.obj (.text:decompress:ZI)
                  000035c0    000001dc     sysbios.aer4ft : BIOS.obj (.text:ti_sysbios_knl_Task_Module_startup__E)
                  0000379c    000001c8     rtsv7R4_T_le_v3D16_eabi.lib : fopen.obj (.text)
                  00003964    0000000c     sysbios.aer4ft : BIOS.obj (.text:ti_sysbios_family_arm_v7a_Pmu_configureCounterI__I)
                  00003970    000001c8                    : BIOS.obj (.text:ti_sysbios_knl_Task_Instance_init__E)
                  00003b38    00000008     libosal_xwr18xx.aer4f : SemaphoreP_tirtos.oer4f (.text:SemaphoreP_Params_init)
                  00003b40    0000019c     sysbios.aer4ft : BIOS.obj (.text:xdc_runtime_Error_policyDefault__E)
                  00003cdc    00000004     hl_profile_remote.oer4f (.text:HLProfile_deinit)
                  00003ce0    00000184     sysbios.aer4ft : BIOS.obj (.text:ti_sysbios_timers_rti_Timer_Module_startup__E)
                  00003e64    00000180     libdpm_xwr18xx.aer4f : dpm_core.oer4f (.text:DPM_init)
                  00003fe4    00000180                          : dpm_msg.oer4f (.text:DPM_msgRecv)
                  00004164    0000017c     mss_remote.oer4f (.text:DPMTest_hlReportFxn)
                  000042e0    0000017c     sysbios.aer4ft : BIOS.obj (.text:ti_sysbios_family_arm_exc_Exception_excHandler__I)
                  0000445c    00000004     libosal_xwr18xx.aer4f : HwiP_tirtos.oer4f (.text:HwiP_disableInterrupt)
                  00004460    0000017c     sysbios.aer4ft : BIOS.obj (.text:ti_sysbios_knl_Semaphore_post__E)
                  000045dc    0000016c     libsoc_xwr18xx.aer4f : soc_xwr18xx_mss.oer4f (.text:SOC_unhaltDSS)
                  00004748    00000008     sysbios.aer4ft : BIOS.obj (.text:ti_sysbios_family_arm_v7a_Pmu_getEnabled__E)
                  00004750    00000160                    : BIOS.obj (.text:ti_sysbios_family_arm_v7r_vim_Hwi_reconfig__E)
                  000048b0    00000144     mss_remote.oer4f (.text:DPMTest_configureDPC)
                  000049f4    0000000c     mss_per4ft.oer4ft (.text:ti_sysbios_knl_Queue_Object__get__S)
                  00004a00    00000140     sysbios.aer4ft : BIOS.obj (.text:ti_sysbios_heaps_HeapMem_Instance_init__E)
                  00004b40    00000140                    : BIOS.obj (.text:xdc_runtime_Core_createObject__I)
                  00004c80    0000013c                    : BIOS.obj (.text:ti_sysbios_knl_Clock_workFunc__E)
                  00004dbc    00000138     rtsv7R4_T_le_v3D16_eabi.lib : fputs.obj (.text)
                  00004ef4    0000000a     libdpm_xwr18xx.aer4f : dpm_core.oer4f (.text:DPM_chirpISR)
                  00004efe    00000002     mss_per4ft.oer4ft (.text:ti_sysbios_BIOS_nullFunc__I)
                  00004f00    00000134     sysbios.aer4ft : BIOS.obj (.text:xdc_runtime_Startup_startMods__I)
                  00005034    00000120     libtestlogger_xwr18xx.aer4f : logger.oer4f (.text:MCPI_setFeatureTestResult)
                  00005154    0000000a     libdpm_xwr18xx.aer4f : dpm_core.oer4f (.text:DPM_frameStartISR)
                  0000515e    00000002     mss_per4ft.oer4ft (.text:xdc_runtime_Startup_reset__I)
                  00005160    00000118     sysbios.aer4ft : BIOS.obj (.text:ti_sysbios_family_arm_v7r_vim_Hwi_Instance_init__E)
                  00005278    00000006     libosal_xwr18xx.aer4f : HwiP_tirtos.oer4f (.text:HwiP_restore)
                  0000527e    00000002     --HOLE-- [fill = 0]
                  00005280    00000118     sysbios.aer4ft : BIOS.obj (.text:ti_sysbios_knl_Swi_run__I)
                  00005398    0000010c     libdpm_xwr18xx.aer4f : dpm_msg.oer4f (.text:DPM_msgResultHandler)
                  000054a4    0000000a     libosal_xwr18xx.aer4f : MemoryP_tirtos.oer4f (.text:MemoryP_ctrlFree)
                  000054ae    00000002     --HOLE-- [fill = 0]
                  000054b0    0000010c     sysbios.aer4ft : BIOS.obj (.text:xdc_runtime_Core_constructObject__I)
                  000055bc    00000108     libmailbox_xwr18xx.aer4f : mailbox.oer4f (.text:Mailbox_write)
                  000056c4    0000000a     libosal_xwr18xx.aer4f : SemaphoreP_tirtos.oer4f (.text:SemaphoreP_post)
                  000056ce    00000002     --HOLE-- [fill = 0]
                  000056d0    00000104     sysbios.aer4ft : BIOS.obj (.text:ti_sysbios_timers_rti_Timer_getFreq__E)
                  000057d4    000000f8     mss_per4ft.oer4ft (.text:xdc_runtime_System_printfExtend__I)
                  000058cc    00000004     libosal_xwr18xx.aer4f : HwiP_tirtos.oer4f (.text:HwiP_enableInterrupt)
                  000058d0    000000f0     sysbios.aer4ft : BIOS.obj (.text:ti_sysbios_family_arm_v7r_vim_Hwi_Module_startup__E)
                  000059c0    000000ec     rtsv7R4_T_le_v3D16_eabi.lib : s_scalbn.obj (.text)
                  00005aac    00000004     libsoc_xwr18xx.aer4f : soc_xwr18xx.oer4f (.text:SOC_ungateClock)
                  00005ab0    000000ec     sysbios.aer4ft : BIOS.obj (.text:ti_sysbios_heaps_HeapBuf_Module_startup__E)
                  00005b9c    000000dc     rtsv7R4_T_le_v3D16_eabi.lib : setvbuf.obj (.text)
                  00005c78    000000d4     libmailbox_xwr18xx.aer4f : mailbox.oer4f (.text:Mailbox_read)
                  00005d4c    00000004     mss_per4ft.oer4ft (.text:ti_sysbios_BIOS_RtsGateProxy_enter__E)
                  00005d50    000000d4     sysbios.aer4ft : BIOS.obj (.text:ti_sysbios_knl_Task_exit__E)
                  00005e24    0000000a                    : tms570_Core_asm.obj (.text:ti_sysbios_family_arm_v7r_tms570_Core_getId__E)
                  00005e2e    00000002     --HOLE-- [fill = 0]
                  00005e30    000000d4                    : BIOS.obj (.text:ti_sysbios_knl_Task_schedule__I)
                  00005f04    000000d0                    : exc_Exception_asm.obj (.text:ti_sysbios_family_arm_exc_Exception_excHandlerAsm__I)
                  00005fd4    000000cc     rtsv7R4_T_le_v3D16_eabi.lib : fflush.obj (.text)
                  000060a0    000000cc     sysbios.aer4ft : BIOS.obj (.text:ti_sysbios_knl_Task_checkStacks__E)
                  0000616c    00000004     mss_per4ft.oer4ft (.text:ti_sysbios_BIOS_RtsGateProxy_leave__E)
                  00006170    000000c8     sysbios.aer4ft : BIOS.obj (.text:ti_sysbios_knl_Task_postInit__I)
                  00006238    000000c4     libdpm_xwr18xx.aer4f : dpm_core.oer4f (.text:DPM_deinit)
                  000062fc    000000c4                          : dpm_core.oer4f (.text:DPM_ioctl)
                  000063c0    000000c4     sysbios.aer4ft : BIOS.obj (.text:ti_sysbios_family_arm_v7a_Pmu_configureCounter__E)
                  00006484    0000000a     mss_per4ft.oer4ft (.text:xdc_runtime_IHeap_alloc)
                  0000648e    00000002     --HOLE-- [fill = 0]
                  00006490    000000c0     sysbios.aer4ft : BIOS.obj (.text:ti_sysbios_timers_rti_Timer_startup__E)
                  00006550    000000bc     rtsv7R4_T_le_v3D16_eabi.lib : open.obj (.text)
                  0000660c    000000b6     libsoc_xwr18xx.aer4f : soc_mpu.o (.text)
                  000066c2    00000002     --HOLE-- [fill = 0]
                  000066c4    000000b4     hl_profile_remote.oer4f (.text:HLProfile_execute)
                  00006778    00000004     mss_per4ft.oer4ft (.text:ti_sysbios_family_arm_TaskSupport_Module__startupDone__S)
                  0000677c    00000004     mss_per4ft.oer4ft (.text:ti_sysbios_family_arm_v7r_vim_Hwi_delete)
                  00006780    000000b4     sysbios.aer4ft : BIOS.obj (.text:ti_sysbios_gates_GateMutex_enter__E)
                  00006834    0000000a     mss_per4ft.oer4ft (.text:xdc_runtime_IHeap_free)
                  0000683e    00000002     --HOLE-- [fill = 0]
                  00006840    000000b4     sysbios.aer4ft : BIOS.obj (.text:ti_sysbios_knl_Task_startCore__E)
                  000068f4    000000b0     mss_remote.oer4f (.text:main)
                  000069a4    00000004     mss_per4ft.oer4ft (.text:ti_sysbios_heaps_HeapMem_Module_GateProxy_enter__E)
                  000069a8    00000004     mss_per4ft.oer4ft (.text:ti_sysbios_heaps_HeapMem_Module_GateProxy_leave__E)
                  000069ac    00000004     mss_per4ft.oer4ft (.text:ti_sysbios_knl_Clock_TimerProxy_getMaxTicks__E)
                  000069b0    000000b0     sysbios.aer4ft : BIOS.obj (.text:xdc_runtime_Text_putMod__E)
                  00006a60    000000ae     rtsv7R4_T_le_v3D16_eabi.lib : _io_perm.obj (.text)
                  00006b0e    00000002     --HOLE-- [fill = 0]
                  00006b10    000000ac     libesm_xwr18xx.aer4f : esm.oer4f (.text:ESM_processInterrupt)
                  00006bbc    000000a8     libsoc_xwr18xx.aer4f : soc.oer4f (.text:SOC_deregisterSysIntListener)
                  00006c64    00000004     mss_per4ft.oer4ft (.text:ti_sysbios_knl_Semaphore_delete)
                  00006c68    00000004     mss_per4ft.oer4ft (.text:xdc_runtime_System_Module_GateProxy_enter__E)
                  00006c6c    00000004     mss_per4ft.oer4ft (.text:xdc_runtime_System_Module_GateProxy_leave__E)
                  00006c70    000000a8     sysbios.aer4ft : BIOS.obj (.text:ti_sysbios_knl_Swi_post__E)
                  00006d18    000000a4     mss_remote.oer4f (.text:DPMTest_hlDPMTask)
                  00006dbc    000000a4     libesm_xwr18xx.aer4f : esm.oer4f (.text:ESM_init)
                  00006e60    000000a2     sysbios.aer4ft : BIOS.obj (.text:xdc_runtime_Text_putSite__E)
                  00006f02    00000002     --HOLE-- [fill = 0]
                  00006f04    000000a0     libsoc_xwr18xx.aer4f : soc.oer4f (.text:SOC_registerSysIntListener)
                  00006fa4    000000a0     auto_init.aer4ft : auto_init.oer4ft (.text)
                  00007044    0000000c     --HOLE-- [fill = 0]
                  00007050    000000a0     sysbios.aer4ft : BIOS.obj (.text:ti_sysbios_knl_Task_blockI__E)
                  000070f0    0000009c     rtsv7R4_T_le_v3D16_eabi.lib : memcpy_t2.obj (.text)
                  0000718c    00000004     --HOLE-- [fill = 0]
                  00007190    0000009c     sysbios.aer4ft : BIOS.obj (.text:ti_sysbios_family_arm_v7r_vim_Hwi_initIntController__I)
                  0000722c    00000004     --HOLE-- [fill = 0]
                  00007230    0000009c                    : BIOS.obj (.text:ti_sysbios_family_arm_v7r_vim_Hwi_mapChannel__I)
                  000072cc    00000004     --HOLE-- [fill = 0]
                  000072d0    0000009c                    : BIOS.obj (.text:ti_sysbios_knl_Semaphore_Instance_init__E)
                  0000736c    0000009a     libdpm_xwr18xx.aer4f : dpm_msg.oer4f (.text:DPM_msgResponseHandler)
                  00007406    00000002     --HOLE-- [fill = 0]
                  00007408    00000098     rtsv7R4_T_le_v3D16_eabi.lib : fclose.obj (.text)
                  000074a0    00000098                                 : fputc.obj (.text)
                  00007538    00000098     sysbios.aer4ft : vim_Hwi_asm_switch.obj (.text)
                  000075d0    00000094     rtsv7R4_T_le_v3D16_eabi.lib : snprintf.obj (.text)
                  00007664    00000094     sysbios.aer4ft : vim_Hwi_asm.obj (.text:ti_sysbios_family_arm_v7r_vim_Hwi_dispatchIRQ__I)
                  000076f8    00000090     libmailbox_xwr18xx.aer4f : mailbox.oer4f (.text:Mailbox_close)
                  00007788    00000008     --HOLE-- [fill = 0]
                  00007790    00000090     sysbios.aer4ft : BIOS.obj (.text:ti_sysbios_family_arm_v7a_Pmu_startCounter__E)
                  00007820    00000090                    : BIOS.obj (.text:ti_sysbios_knl_Task_unblockI__E)
                  000078b0    0000008c     hl_profile_remote.oer4f (.text:HLProfile_injectData)
                  0000793c    0000008c     libsoc_xwr18xx.aer4f : soc.oer4f (.text:SOC_init)
                  000079c8    0000008c                          : soc_xwr18xx.oer4f (.text:SOC_translateAddress)
                  00007a54    0000000c     --HOLE-- [fill = 0]
                  00007a60    0000008c     sysbios.aer4ft : BIOS.obj (.text:ti_sysbios_family_arm_v7r_vim_Hwi_Instance_finalize__E)
                  00007aec    00000004     --HOLE-- [fill = 0]
                  00007af0    0000008c                    : BIOS.obj (.text:xdc_runtime_Memory_alloc__E)
                  00007b7c    00000080     libdpm_xwr18xx.aer4f : dpm_mailbox.oer4f (.text:DPM_mboxRemoteMailboxCallbackFxn)
                  00007bfc    00000004     --HOLE-- [fill = 0]
                  00007c00    00000080     sysbios.aer4ft : BIOS.obj (.text:ti_sysbios_timers_rti_Timer_initDevice__I)
                  00007c80    0000007e     libosal_xwr18xx.aer4f : HwiP_tirtos.oer4f (.text:HwiP_create)
                  00007cfe    00000002     --HOLE-- [fill = 0]
                  00007d00    0000007c     libdpm_xwr18xx.aer4f : dpm_pipe.oer4f (.text:DPM_pipeSend)
                  00007d7c    0000007c     libmailbox_xwr18xx.aer4f : mailbox.oer4f (.text:Mailbox_init)
                  00007df8    0000007c     sysbios.aer4ft : arm_TaskSupport_asm.obj (.text:_ti_sysbios_family_arm_TaskSupport_buildTaskStack)
                  00007e74    0000000c     --HOLE-- [fill = 0]
                  00007e80    0000007c                    : BIOS.obj (.text:xdc_runtime_Core_deleteObject__I)
                  00007efc    0000007a     rtsv7R4_T_le_v3D16_eabi.lib : memset_t2.obj (.text)
                  00007f76    00000002     --HOLE-- [fill = 0]
                  00007f78    00000074     mss_remote.oer4f (.text:DPMTest_validateResults)
                  00007fec    00000074     boot.aer4ft : boot.oer4ft (.text)
                  00008060    00000074     rtsv7R4_T_le_v3D16_eabi.lib : getdevice.obj (.text)
                  000080d4    00000074                                 : s_frexp.obj (.text)
                  00008148    00000070                                 : printf.obj (.text)
                  000081b8    00000008     --HOLE-- [fill = 0]
                  000081c0    00000070     sysbios.aer4ft : BIOS.obj (.text:xdc_runtime_Error_print__E)
                  00008230    00000070                    : BIOS.obj (.text:xdc_runtime_Text_visitRope2__I)
                  000082a0    0000006c     rtsv7R4_T_le_v3D16_eabi.lib : copy_decompress_lzss.obj (.text:decompress:lzss)
                  0000830c    0000006c                                 : trgmsg.obj (.text)
                  00008378    00000068     mss_remote.oer4f (.text:DPMTest_llDPMTask)
                  000083e0    00000068     libdpm_xwr18xx.aer4f : dpm_msg.oer4f (.text:DPM_msgDPCCfgHandler)
                  00008448    00000068     libmailbox_xwr18xx.aer4f : mailbox.oer4f (.text:Mailbox_readFlush)
                  000084b0    00000068     rtsv7R4_T_le_v3D16_eabi.lib : hostlseek.obj (.text)
                  00008518    00000068                                 : hostrename.obj (.text)
                  00008580    00000068     sysbios.aer4ft : BIOS.obj (.text:ti_sysbios_knl_Swi_schedule__I)
                  000085e8    00000064     libosal_xwr18xx.aer4f : SemaphoreP_tirtos.oer4f (.text:SemaphoreP_create)
                  0000864c    00000064     rtsv7R4_T_le_v3D16_eabi.lib : fseek.obj (.text)
                  000086b0    00000064                                 : sprintf.obj (.text)
                  00008714    00000064     sysbios.aer4ft : exc_Exception_asm.obj (.text:ti_sysbios_family_arm_exc_Exception_initCore0__I)
                  00008778    00000008     --HOLE-- [fill = 0]
                  00008780    00000064                    : BIOS.obj (.text:ti_sysbios_family_arm_v7r_vim_Hwi_phantomIntHandler__I)
                  000087e4    0000000c     --HOLE-- [fill = 0]
                  000087f0    00000064                    : BIOS.obj (.text:ti_sysbios_knl_Clock_logTick__E)
                  00008854    0000000c     --HOLE-- [fill = 0]
                  00008860    00000064                    : BIOS.obj (.text:xdc_runtime_Startup_exec__E)
                  000088c4    00000060     hl_profile_remote.oer4f (.text:HLProfile_ioctl)
                  00008924    0000000c     --HOLE-- [fill = 0]
                  00008930    00000060     sysbios.aer4ft : BIOS.obj (.text:ti_sysbios_heaps_HeapMem_alloc__E)
                  00008990    00000060                    : BIOS.obj (.text:xdc_runtime_Assert_raise__I)
                  000089f0    0000005f                    : BIOS.obj (.text:xdc_runtime_Text_putLab__E)
                  00008a4f    00000001     --HOLE-- [fill = 0]
                  00008a50    0000005c     rtsv7R4_T_le_v3D16_eabi.lib : hostopen.obj (.text)
                  00008aac    0000005c                                 : hostread.obj (.text)
                  00008b08    00000058     libdpm_xwr18xx.aer4f : dpm_core.oer4f (.text:DPM_execute)
                  00008b60    00000058                          : dpm_mailbox.oer4f (.text:DPM_mboxInit)
                  00008bb8    00000058     libesm_xwr18xx.aer4f : esm.oer4f (.text:ESM_highpriority_FIQ)
                  00008c10    00000058     rtsv7R4_T_le_v3D16_eabi.lib : close.obj (.text)
                  00008c68    00000058                                 : hostwrite.obj (.text)
                  00008cc0    00000058     sysbios.aer4ft : BIOS.obj (.text:ti_sysbios_knl_Swi_restoreHwi__E)
                  00008d18    00000054     rtsv7R4_T_le_v3D16_eabi.lib : ltoa.obj (.text)
                  00008d6c    00000054     mss_per4ft.oer4ft (.text:ti_sysbios_family_arm_v7r_vim_Hwi_create)
                  00008dc0    00000054     sysbios.aer4ft : BIOS.obj (.text:ti_sysbios_heaps_HeapMem_getStats__E)
                  00008e14    0000000c     --HOLE-- [fill = 0]
                  00008e20    00000054                    : BIOS.obj (.text:ti_sysbios_knl_Swi_runLoop__I)
                  00008e74    0000000c     --HOLE-- [fill = 0]
                  00008e80    00000054                    : BIOS.obj (.text:ti_sysbios_knl_Swi_startup__E)
                  00008ed4    0000000c     --HOLE-- [fill = 0]
                  00008ee0    00000054                    : BIOS.obj (.text:xdc_runtime_Core_assignLabel__I)
                  00008f34    00000050     libdpm_xwr18xx.aer4f : dpm_core.oer4f (.text:DPM_synch)
                  00008f84    00000050     rtsv7R4_T_le_v3D16_eabi.lib : atoi.obj (.text)
                  00008fd4    00000050                                 : exit.obj (.text)
                  00009024    00000050                                 : u_div32.obj (.text)
                  00009074    0000000c     --HOLE-- [fill = 0]
                  00009080    00000050     sysbios.aer4ft : BIOS.obj (.text:xdc_runtime_System_exit__E)
                  000090d0    0000004c     libmailbox_xwr18xx.aer4f : mailbox.oer4f (.text:Mailbox_boxEmptyISRProcessing)
                  0000911c    0000004c     rtsv7R4_T_le_v3D16_eabi.lib : cpy_tbl.obj (.text)
                  00009168    00000008     --HOLE-- [fill = 0]
                  00009170    0000004c     sysbios.aer4ft : BIOS.obj (.text:ti_sysbios_family_arm_v7r_vim_Hwi_getStackInfo__E)
                  000091bc    0000004c     mss_per4ft.oer4ft (.text:ti_sysbios_knl_Task_create)
                  00009208    0000004a     libdpm_xwr18xx.aer4f : dpm_mailbox.oer4f (.text:DPM_mboxSendResult)
                  00009252    0000004a     libmailbox_xwr18xx.aer4f : mailbox.oer4f (.text:Mailbox_boxFullISRProcessing)
                  0000929c    00000004     --HOLE-- [fill = 0]
                  000092a0    0000004a     sysbios.aer4ft : BIOS.obj (.text:xdc_runtime_Core_assignParams__I)
                  000092ea    00000006     --HOLE-- [fill = 0]
                  000092f0    0000004a                    : BIOS.obj (.text:xdc_runtime_Text_xprintf__I)
                  0000933a    00000048     libdpm_xwr18xx.aer4f : dpm_pipe.oer4f (.text:DPM_pipeRecv)
                  00009382    00000046     libmailbox_xwr18xx.aer4f : mailbox.oer4f (.text:CSL_FINSR)
                  000093c8    00000044     libdpm_xwr18xx.aer4f : dpm_core.oer4f (.text:DPM_start)
                  0000940c    00000044                          : dpm_core.oer4f (.text:DPM_stop)
                  00009450    00000044     libmailbox_xwr18xx.aer4f : mailbox.oer4f (.text:Mailbox_boxFullISRMssDss)
                  00009494    00000044     libsoc_xwr18xx.aer4f : soc_xwr18xx_mss.oer4f (.text:SOC_resetDMA)
                  000094d8    00000044     rtsv7R4_T_le_v3D16_eabi.lib : hostclose.obj (.text)
                  0000951c    00000044                                 : hostunlink.obj (.text)
                  00009560    00000044     sysbios.aer4ft : BIOS.obj (.text:ti_sysbios_family_arm_v7r_tms570_Core_Module_startup__E)
                  000095a4    0000000c     --HOLE-- [fill = 0]
                  000095b0    00000044                    : BIOS.obj (.text:ti_sysbios_knl_Task_allBlockedFunction__I)
                  000095f4    0000000c     --HOLE-- [fill = 0]
                  00009600    00000044                    : BIOS.obj (.text:xdc_runtime_System_atexit__E)
                  00009644    0000000c     --HOLE-- [fill = 0]
                  00009650    00000040                    : BIOS.obj (.text:ti_sysbios_timers_rti_Timer_stop__E)
                  00009690    0000003e     libsoc_xwr18xx.aer4f : soc.oer4f (.text:CSL_FINSR)
                  000096ce    0000003e                          : soc_xwr18xx.oer4f (.text:CSL_FINSR)
                  0000970c    0000003e                          : soc_xwr18xx_mss.oer4f (.text:CSL_FINSR)
                  0000974a    0000003e     libdpm_xwr18xx.aer4f : dpm_msg.oer4f (.text:DPM_msgStopHandler)
                  00009788    0000003c     libsoc_xwr18xx.aer4f : soc.oer4f (.text:SOC_unhaltBSS)
                  000097c4    0000003c     sysbios.aer4ft : vim_Hwi_asm.obj (.text:ti_sysbios_family_arm_v7r_vim_Hwi_init__I)
                  00009800    0000003c                    : BIOS.obj (.text:ti_sysbios_hal_Hwi_checkStack)
                  0000983c    00000004     --HOLE-- [fill = 0]
                  00009840    0000003c                    : BIOS.obj (.text:ti_sysbios_heaps_HeapMem_init__I)
                  0000987c    00000004     --HOLE-- [fill = 0]
                  00009880    0000003c                    : BIOS.obj (.text:ti_sysbios_timers_rti_Timer_setPeriod__E)
                  000098bc    0000003a     libosal_xwr18xx.aer4f : HwiP_tirtos.oer4f (.text:HwiP_delete)
                  000098f6    00000002     --HOLE-- [fill = 0]
                  000098f8    00000038     libdpm_xwr18xx.aer4f : dpm_core.oer4f (.text:DPM_notifyExecute)
                  00009930    00000038     rtsv7R4_T_le_v3D16_eabi.lib : strstr.obj (.text)
                  00009968    00000036                                 : strncpy.obj (.text)
                  0000999e    00000002     --HOLE-- [fill = 0]
                  000099a0    00000034     libsoc_xwr18xx.aer4f : soc_xwr18xx.oer4f (.text:SOC_setMSSLinkState)
                  000099d4    00000034     mss_per4ft.oer4ft (.text:ti_sysbios_knl_Semaphore_create)
                  00009a08    00000008     --HOLE-- [fill = 0]
                  00009a10    00000032     sysbios.aer4ft : BIOS.obj (.text:ti_sysbios_hal_Hwi_initStack)
                  00009a42    00000002     --HOLE-- [fill = 0]
                  00009a44    00000030     hl_profile_remote.oer4f (.text:HLProfile_init)
                  00009a74    00000030     mss_per4ft.oer4ft (.text:ti_sysbios_BIOS_atExitFunc__I)
                  00009aa4    00000030     mss_per4ft.oer4ft (.text:ti_sysbios_BIOS_startFunc__I)
                  00009ad4    0000000c     --HOLE-- [fill = 0]
                  00009ae0    00000030     sysbios.aer4ft : BIOS.obj (.text:ti_sysbios_family_arm_TaskSupport_start__E)
                  00009b10    00000030     mss_per4ft.oer4ft (.text:ti_sysbios_gates_GateHwi_Object__create__S)
                  00009b40    00000030     mss_per4ft.oer4ft (.text:ti_sysbios_gates_GateMutex_Object__create__S)
                  00009b70    00000030     mss_per4ft.oer4ft (.text:ti_sysbios_heaps_HeapMem_Object__create__S)
                  00009ba0    00000030     sysbios.aer4ft : BIOS.obj (.text:ti_sysbios_heaps_HeapMem_free__E)
                  00009bd0    00000030     mss_per4ft.oer4ft (.text:ti_sysbios_knl_Semaphore_construct)
                  00009c00    0000002f     sysbios.aer4ft : BIOS.obj (.text:xdc_runtime_Text_printVisFxn__I)
                  00009c2f    00000001     --HOLE-- [fill = 0]
                  00009c30    0000002e     libdpm_xwr18xx.aer4f : dpm_msg.oer4f (.text:DPM_msgStartHandler)
                  00009c5e    00000002     --HOLE-- [fill = 0]
                  00009c60    0000002e     sysbios.aer4ft : BIOS.obj (.text:ti_sysbios_knl_Semaphore_pendTimeout__I)
                  00009c8e    0000002e     mss_per4ft.oer4ft (.text:ti_sysbios_rts_MemAlloc_alloc)
                  00009cbc    0000002c     libdpm_xwr18xx.aer4f : dpm_pipe.oer4f (.text:DPM_pipeInit)
                  00009ce8    0000002c     rtsv7R4_T_le_v3D16_eabi.lib : unlink.obj (.text)
                  00009d14    0000002c     mss_per4ft.oer4ft (.text:ti_sysbios_knl_Clock_doTick__I)
                  00009d40    0000002c     mss_per4ft.oer4ft (.text:ti_sysbios_knl_Queue_construct)
                  00009d6c    00000004     --HOLE-- [fill = 0]
                  00009d70    0000002c     sysbios.aer4ft : BIOS.obj (.text:ti_sysbios_knl_Swi_Module_startup__E)
                  00009d9c    00000004     --HOLE-- [fill = 0]
                  00009da0    0000002c                    : BIOS.obj (.text:ti_sysbios_timers_rti_Timer_periodicStub__E)
                  00009dcc    0000002a     libdpm_xwr18xx.aer4f : dpm_pipe.oer4f (.text:DPM_pipeDeinit)
                  00009df6    0000002a     libsoc_xwr18xx.aer4f : soc.oer4f (.text:SOC_SystemISR)
                  00009e20    00000028     libdpm_xwr18xx.aer4f : dpm_mailbox.oer4f (.text:DPM_mboxDeinit)
                  00009e48    00000028                          : dpm_msg.oer4f (.text:DPM_msgInitHeader)
                  00009e70    00000028     libmailbox_xwr18xx.aer4f : mailbox.oer4f (.text:Mailbox_Config_init)
                  00009e98    00000028     rtsv7R4_T_le_v3D16_eabi.lib : lseek.obj (.text)
                  00009ec0    00000028                                 : write.obj (.text)
                  00009ee8    00000008     --HOLE-- [fill = 0]
                  00009ef0    00000028     sysbios.aer4ft : BIOS.obj (.text:ti_sysbios_knl_Idle_run__E)
                  00009f18    00000008     --HOLE-- [fill = 0]
                  00009f20    00000028                    : BIOS.obj (.text:xdc_runtime_SysStd_abort__E)
                  00009f48    00000008     --HOLE-- [fill = 0]
                  00009f50    00000028                    : BIOS.obj (.text:xdc_runtime_System_aprintf_va__F)
                  00009f78    00000008     --HOLE-- [fill = 0]
                  00009f80    00000026                    : BIOS.obj (.text:xdc_runtime_System_printf_va__F)
                  00009fa6    00000002     --HOLE-- [fill = 0]
                  00009fa8    00000024     hl_profile_remote.oer4f (.text:HLProfile_start)
                  00009fcc    00000024     libtestlogger_xwr18xx.aer4f : logger.oer4f (.text:MCPI_Initialize)
                  00009ff0    00000024     libsoc_xwr18xx.aer4f : soc_xwr18xx.oer4f (.text:SOC_isDSSOperational)
                  0000a014    00000024     mss_per4ft.oer4ft (.text:ti_sysbios_BIOS_errorRaiseHook__I)
                  0000a038    00000024     mss_per4ft.oer4ft (.text:ti_sysbios_BIOS_registerRTSLock__I)
                  0000a05c    00000024     mss_per4ft.oer4ft (.text:ti_sysbios_BIOS_removeRTSLock__I)
                  0000a080    00000024     mss_per4ft.oer4ft (.text:ti_sysbios_gates_GateMutex_Object__delete__S)
                  0000a0a4    0000000c     --HOLE-- [fill = 0]
                  0000a0b0    00000024     sysbios.aer4ft : BIOS.obj (.text:ti_sysbios_knl_Clock_Module_startup__E)
                  0000a0d4    00000024     mss_per4ft.oer4ft (.text:ti_sysbios_knl_Semaphore_Object__delete__S)
                  0000a0f8    00000008     --HOLE-- [fill = 0]
                  0000a100    00000024     sysbios.aer4ft : BIOS.obj (.text:ti_sysbios_knl_Task_restoreHwi__E)
                  0000a124    00000020     libdpm_xwr18xx.aer4f : dpm_listlib.oer4f (.text:DPM_listCat)
                  0000a144    00000020     libesm_xwr18xx.aer4f : esm.oer4f (.text:ESM_lowpriority_IRQ)
                  0000a164    00000020     rtsv7R4_T_le_v3D16_eabi.lib : memchr.obj (.text)
                  0000a184    0000000c     --HOLE-- [fill = 0]
                  0000a190    00000020     sysbios.aer4ft : BIOS.obj (.text:ti_sysbios_family_arm_v7a_Pmu_Module_startup__E)
                  0000a1b0    00000020     mss_per4ft.oer4ft (.text:ti_sysbios_family_arm_v7r_vim_Hwi_Object__delete__S)
                  0000a1d0    00000020     sysbios.aer4ft : BIOS.obj (.text:ti_sysbios_family_arm_v7r_vim_Hwi_disableInterrupt__E)
                  0000a1f0    00000020                    : BIOS.obj (.text:ti_sysbios_family_arm_v7r_vim_Hwi_enableInterrupt__E)
                  0000a210    00000020     mss_per4ft.oer4ft (.text:ti_sysbios_gates_GateHwi_Object__delete__S)
                  0000a230    00000020     mss_per4ft.oer4ft (.text:ti_sysbios_heaps_HeapMem_Object__delete__S)
                  0000a250    00000020     mss_per4ft.oer4ft (.text:ti_sysbios_knl_Semaphore_destruct)
                  0000a270    0000001e     libdpm_xwr18xx.aer4f : dpm_pipe.oer4f (.text:DPM_pipeDequeue)
                  0000a28e    0000001e     libsoc_xwr18xx.aer4f : soc_xwr18xx_mss.oer4f (.text:SOC_getOutAddr_LUTType)
                  0000a2ac    0000001e     rtsv7R4_T_le_v3D16_eabi.lib : strcat.obj (.text)
                  0000a2ca    0000001c     libsoc_xwr18xx.aer4f : soc.oer4f (.text:CSL_FEXTR)
                  0000a2e6    0000001c                          : soc_xwr18xx.oer4f (.text:CSL_FEXTR)
                  0000a302    0000001c                          : soc_xwr18xx_mss.oer4f (.text:CSL_FEXTR)
                  0000a31e    0000001c     libdpm_xwr18xx.aer4f : dpm_listlib.oer4f (.text:DPM_listRemove)
                  0000a33a    0000001c     libsoc_xwr18xx.aer4f : soc_xwr18xx_mss.oer4f (.text:SOC_getInAddr_LUTType)
                  0000a356    00000002     --HOLE-- [fill = 0]
                  0000a358    0000001c     sysbios.aer4ft : arm_TaskSupport_asm.obj (.text:_ti_sysbios_family_arm_TaskSupport_glue)
                  0000a374    0000001c                    : arm_TaskSupport_asm.obj (.text:_ti_sysbios_family_arm_TaskSupport_swap__E)
                  0000a390    0000001c     rtsv7R4_T_le_v3D16_eabi.lib : memccpy.obj (.text)
                  0000a3ac    0000001c     mss_per4ft.oer4ft (.text:ti_sysbios_BIOS_rtsLock__I)
                  0000a3c8    00000008     --HOLE-- [fill = 0]
                  0000a3d0    0000001c     sysbios.aer4ft : BIOS.obj (.text:ti_sysbios_family_arm_v7r_vim_Hwi_clearInterrupt__E)
                  0000a3ec    00000004     --HOLE-- [fill = 0]
                  0000a3f0    0000001c                    : BIOS.obj (.text:ti_sysbios_gates_GateMutex_Instance_init__E)
                  0000a40c    00000004     --HOLE-- [fill = 0]
                  0000a410    0000001c                    : BIOS.obj (.text:ti_sysbios_gates_GateMutex_leave__E)
                  0000a42c    0000001c     mss_per4ft.oer4ft (.text:ti_sysbios_knl_Queue_destruct)
                  0000a448    0000001a     libdpm_xwr18xx.aer4f : dpm_listlib.oer4f (.text:DPM_listAdd)
                  0000a462    0000001a                          : dpm_mailbox.oer4f (.text:DPM_mboxMsgSend)
                  0000a47c    0000001a                          : dpm_msg.oer4f (.text:DPM_msgAssertHandler)
                  0000a496    0000001a                          : dpm_msg.oer4f (.text:DPM_msgDPCInfoHandler)
                  0000a4b0    0000001a     mss_per4ft.oer4ft (.text:free)
                  0000a4ca    0000001a     rtsv7R4_T_le_v3D16_eabi.lib : s_copysign.obj (.text)
                  0000a4e4    0000001a     mss_per4ft.oer4ft (.text:ti_sysbios_gates_GateHwi_Handle__label__S)
                  0000a4fe    0000001a     mss_per4ft.oer4ft (.text:ti_sysbios_gates_GateMutex_Handle__label__S)
                  0000a518    0000001a     mss_per4ft.oer4ft (.text:ti_sysbios_heaps_HeapMem_Handle__label__S)
                  0000a532    0000001a     mss_per4ft.oer4ft (.text:xdc_runtime_System_aprintf__E)
                  0000a54c    0000001a     mss_per4ft.oer4ft (.text:xdc_runtime_System_printf__E)
                  0000a566    00000018     libdpm_xwr18xx.aer4f : dpm_msg.oer4f (.text:DPM_msgBSSFaultHandler)
                  0000a57e    00000002     --HOLE-- [fill = 0]
                  0000a580    00000018     libmailbox_xwr18xx.aer4f : mailbox.oer4f (.text:Mailbox_boxEmptyISRBss)
                  0000a598    00000018                              : mailbox.oer4f (.text:Mailbox_boxEmptyISRMssDss)
                  0000a5b0    00000018                              : mailbox.oer4f (.text:Mailbox_boxFullISRBss)
                  0000a5c8    00000018     rtsv7R4_T_le_v3D16_eabi.lib : args_main.obj (.text)
                  0000a5e0    00000018                                 : strcmp.obj (.text)
                  0000a5f8    00000018     mss_per4ft.oer4ft (.text:ti_sysbios_BIOS_rtsUnlock__I)
                  0000a610    00000018     sysbios.aer4ft : BIOS.obj (.text:ti_sysbios_family_arm_v7a_Pmu_initCounters__I)
                  0000a628    00000018     mss_per4ft.oer4ft (.text:ti_sysbios_family_arm_v7r_vim_Hwi_Module__startupDone__F)
                  0000a640    00000018     mss_per4ft.oer4ft (.text:ti_sysbios_family_arm_v7r_vim_Hwi_Params__init__S)
                  0000a658    00000018     mss_per4ft.oer4ft (.text:ti_sysbios_knl_Semaphore_Params__init__S)
                  0000a670    00000018     mss_per4ft.oer4ft (.text:ti_sysbios_knl_Task_Params__init__S)
                  0000a688    00000008     --HOLE-- [fill = 0]
                  0000a690    00000018     sysbios.aer4ft : BIOS.obj (.text:ti_sysbios_knl_Task_enter__I)
                  0000a6a8    00000018     mss_per4ft.oer4ft (.text:ti_sysbios_timers_rti_Timer_Module__startupDone__F)
                  0000a6c0    00000018     sysbios.aer4ft : BIOS.obj (.text:xdc_runtime_Error_init__E)
                  0000a6d8    00000016     rtsv7R4_T_le_v3D16_eabi.lib : strchr.obj (.text)
                  0000a6ee    00000016                                 : strlen.obj (.text)
                  0000a704    00000016     mss_per4ft.oer4ft (.text:ti_sysbios_BIOS_exitFunc__I)
                  0000a71a    00000006     --HOLE-- [fill = 0]
                  0000a720    00000016     sysbios.aer4ft : BIOS.obj (.text:ti_sysbios_knl_Idle_loop__E)
                  0000a736    0000000a     --HOLE-- [fill = 0]
                  0000a740    00000016                    : BIOS.obj (.text:ti_sysbios_knl_Task_sleepTimeout__I)
                  0000a756    00000002     --HOLE-- [fill = 0]
                  0000a758    00000014     hl_profile_remote.oer4f (.text:HLProfile_stop)
                  0000a76c    00000014     libosal_xwr18xx.aer4f : HwiP_tirtos.oer4f (.text:HwiP_Params_init)
                  0000a780    00000014     libtestlogger_xwr18xx.aer4f : logger.oer4f (.text:MCPI_setTestResult)
                  0000a794    00000014     libosal_xwr18xx.aer4f : DebugP_tirtos.oer4f (.text:_DebugP_assert)
                  0000a7a8    00000014     rtsv7R4_T_le_v3D16_eabi.lib : _lock.obj (.text)
                  0000a7bc    00000014                                 : strcpy.obj (.text)
                  0000a7d0    00000014     mss_per4ft.oer4ft (.text:ti_sysbios_heaps_HeapMem_Object__get__S)
                  0000a7e4    00000014     mss_per4ft.oer4ft (.text:ti_sysbios_knl_Swi_Object__get__S)
                  0000a7f8    00000012     libosal_xwr18xx.aer4f : MemoryP_tirtos.oer4f (.text:MemoryP_ctrlAlloc)
                  0000a80a    00000012                           : SemaphoreP_tirtos.oer4f (.text:SemaphoreP_pend)
                  0000a81c    00000004     --HOLE-- [fill = 0]
                  0000a820    00000012     sysbios.aer4ft : BIOS.obj (.text:ti_sysbios_hal_Hwi_Module_startup__E)
                  0000a832    00000012     mss_per4ft.oer4ft (.text:xdc_runtime_Startup_exec__I)
                  0000a844    0000000c     --HOLE-- [fill = 0]
                  0000a850    00000010     sysbios.aer4ft : BIOS.obj (.text:ti_sysbios_BIOS_exit__E)
                  0000a860    00000010                    : BIOS.obj (.text:ti_sysbios_BIOS_setThreadType__E)
                  0000a870    00000010                    : BIOS.obj (.text:ti_sysbios_BIOS_start__E)
                  0000a880    00000010                    : BIOS.obj (.text:ti_sysbios_family_arm_v7a_Pmu_disableInterruptI__E)
                  0000a890    00000010                    : BIOS.obj (.text:ti_sysbios_family_arm_v7a_Pmu_enableInterruptI__E)
                  0000a8a0    00000010                    : BIOS.obj (.text:ti_sysbios_family_arm_v7a_Pmu_getNumCounters__E)
                  0000a8b0    00000010                    : BIOS.obj (.text:ti_sysbios_family_arm_v7a_Pmu_startCounterI__E)
                  0000a8c0    00000010                    : BIOS.obj (.text:ti_sysbios_family_arm_v7a_Pmu_stopCounterI__E)
                  0000a8d0    00000010                    : BIOS.obj (.text:ti_sysbios_gates_GateMutex_Instance_finalize__E)
                  0000a8e0    00000010     mss_per4ft.oer4ft (.text:ti_sysbios_heaps_HeapBuf_Object__get__S)
                  0000a8f0    00000010     sysbios.aer4ft : BIOS.obj (.text:ti_sysbios_knl_Semaphore_Instance_finalize__E)
                  0000a900    00000010                    : BIOS.obj (.text:ti_sysbios_knl_Swi_disable__E)
                  0000a910    00000010     mss_per4ft.oer4ft (.text:ti_sysbios_knl_Task_Object__get__S)
                  0000a920    00000010     sysbios.aer4ft : BIOS.obj (.text:ti_sysbios_knl_Task_disable__E)
                  0000a930    00000010                    : BIOS.obj (.text:xdc_runtime_Memory_free__E)
                  0000a940    00000010     mss_per4ft.oer4ft (.text:xdc_runtime_Text_visitRope__I)
                  0000a950    0000000e     libosal_xwr18xx.aer4f : SemaphoreP_tirtos.oer4f (.text:SemaphoreP_delete)
                  0000a95e    0000000e     rtsv7R4_T_le_v3D16_eabi.lib : copy_decompress_none.obj (.text:decompress:none)
                  0000a96c    00000004     --HOLE-- [fill = 0]
                  0000a970    0000000e     sysbios.aer4ft : BIOS.obj (.text:ti_sysbios_knl_Queue_empty__E)
                  0000a97e    00000002     --HOLE-- [fill = 0]
                  0000a980    0000000c                    : BIOS.obj (.text:ti_sysbios_family_arm_TaskSupport_checkStack__E)
                  0000a98c    00000004     --HOLE-- [fill = 0]
                  0000a990    0000000c                    : BIOS.obj (.text:ti_sysbios_family_arm_TaskSupport_getStackAlignment__E)
                  0000a99c    00000004     --HOLE-- [fill = 0]
                  0000a9a0    0000000c                    : BIOS.obj (.text:ti_sysbios_family_arm_exc_Exception_Module_startup__E)
                  0000a9ac    00000004     --HOLE-- [fill = 0]
                  0000a9b0    0000000c                    : BIOS.obj (.text:ti_sysbios_family_arm_v7r_vim_Hwi_switchFromBootStack__E)
                  0000a9bc    00000004     --HOLE-- [fill = 0]
                  0000a9c0    0000000c                    : BIOS.obj (.text:xdc_runtime_Startup_rtsDone__E)
                  0000a9cc    00000004     --HOLE-- [fill = 0]
                  0000a9d0    0000000c                    : BIOS.obj (.text:xdc_runtime_SysStd_exit__E)
                  0000a9dc    00000004     --HOLE-- [fill = 0]
                  0000a9e0    00000008                    : BIOS.obj (.text:ti_sysbios_gates_GateHwi_enter__E)
                  0000a9e8    00000008     --HOLE-- [fill = 0]
                  0000a9f0    00000006                    : BIOS.obj (.text:ti_sysbios_family_arm_v7r_vim_Hwi_startup__E)
                  0000a9f6    0000000a     --HOLE-- [fill = 0]
                  0000aa00    00000006                    : BIOS.obj (.text:ti_sysbios_gates_GateHwi_leave__E)
                  0000aa06    0000000a     --HOLE-- [fill = 0]
                  0000aa10    00000006                    : BIOS.obj (.text:ti_sysbios_heaps_HeapMem_isBlocking__E)
                  0000aa16    0000000a     --HOLE-- [fill = 0]
                  0000aa20    00000006                    : BIOS.obj (.text:ti_sysbios_knl_Queue_Instance_init__E)
                  0000aa26    0000000a     --HOLE-- [fill = 0]
                  0000aa30    00000006                    : BIOS.obj (.text:xdc_runtime_System_Module_startup__E)
                  0000aa36    0000000a     --HOLE-- [fill = 0]
                  0000aa40    00000004                    : BIOS.obj (.text:ti_sysbios_gates_GateHwi_query__E)
                  0000aa44    0000000c     --HOLE-- [fill = 0]
                  0000aa50    00000004                    : BIOS.obj (.text:ti_sysbios_gates_GateMutex_query__E)
                  0000aa54    0000000c     --HOLE-- [fill = 0]
                  0000aa60    00000004                    : BIOS.obj (.text:ti_sysbios_knl_Task_startup__E)
                  0000aa64    0000000c     --HOLE-- [fill = 0]
                  0000aa70    00000004                    : BIOS.obj (.text:ti_sysbios_timers_rti_Timer_getMaxTicks__E)
                  0000aa74    0000000c     --HOLE-- [fill = 0]
                  0000aa80    00000004                    : BIOS.obj (.text:xdc_runtime_SysStd_putch__E)
                  0000aa84    0000000c     --HOLE-- [fill = 0]
                  0000aa90    00000004                    : BIOS.obj (.text:xdc_runtime_SysStd_ready__E)
                  0000aa94    0000000c     --HOLE-- [fill = 0]
                  0000aaa0    00000002                    : BIOS.obj (.text:ti_sysbios_BIOS_linkedWithIncorrectBootLibrary__E)
                  0000aaa2    0000000e     --HOLE-- [fill = 0]
                  0000aab0    00000002                    : BIOS.obj (.text:ti_sysbios_gates_GateHwi_Instance_init__E)

.const     0    0000aab4    000023e4     
                  0000aab4    00001b6f     mss_per4ft.oer4ft (.const:xdc_runtime_Text_charTab__A)
                  0000c623    00000101     rtsv7R4_T_le_v3D16_eabi.lib : ctype.obj (.const:.string:_ctypes_)
                  0000c724    000000d8     mss_per4ft.oer4ft (.const:xdc_runtime_Text_nodeTab__A)
                  0000c7fc    00000080     mss_per4ft.oer4ft (.const:ti_sysbios_family_arm_v7r_vim_Hwi_channelMap__A)
                  0000c87c    00000058     mss_per4ft.oer4ft (.const:.string)
                  0000c8d4    00000044     mss_per4ft.oer4ft (.const:ti_sysbios_knl_Task_Object__PARAMS__C)
                  0000c918    00000030     mss_per4ft.oer4ft (.const:ti_sysbios_family_arm_v7r_vim_Hwi_Object__PARAMS__C)
                  0000c948    0000002c     mss_per4ft.oer4ft (.const:xdc_runtime_Startup_sfxnTab__A)
                  0000c974    00000028     libdpm_xwr18xx.aer4f : dpm_msg.oer4f (.const:gDPMMessageFxnTable)
                  0000c99c    00000028     mss_per4ft.oer4ft (.const:ti_sysbios_heaps_HeapMem_Module__FXNS__C)
                  0000c9c4    00000024     libmailbox_xwr18xx.aer4f : mailbox.oer4f (.const:Mailbox_defaultCfg)
                  0000c9e8    00000024     mss_per4ft.oer4ft (.const:ti_sysbios_gates_GateHwi_Module__FXNS__C)
                  0000ca0c    00000024     mss_per4ft.oer4ft (.const:ti_sysbios_gates_GateMutex_Module__FXNS__C)
                  0000ca30    00000024     mss_per4ft.oer4ft (.const:ti_sysbios_heaps_HeapMem_Object__PARAMS__C)
                  0000ca54    00000024     mss_per4ft.oer4ft (.const:ti_sysbios_knl_Semaphore_Object__PARAMS__C)
                  0000ca78    00000020     mss_per4ft.oer4ft (.const:ti_sysbios_family_arm_v7r_vim_Hwi_Object__DESC__C)
                  0000ca98    00000020     mss_per4ft.oer4ft (.const:ti_sysbios_gates_GateHwi_Object__DESC__C)
                  0000cab8    00000020     mss_per4ft.oer4ft (.const:ti_sysbios_gates_GateMutex_Object__DESC__C)
                  0000cad8    00000020     mss_per4ft.oer4ft (.const:ti_sysbios_heaps_HeapMem_Object__DESC__C)
                  0000caf8    00000020     mss_per4ft.oer4ft (.const:ti_sysbios_knl_Queue_Object__DESC__C)
                  0000cb18    00000020     mss_per4ft.oer4ft (.const:ti_sysbios_knl_Semaphore_Object__DESC__C)
                  0000cb38    00000020     mss_per4ft.oer4ft (.const:ti_sysbios_knl_Task_Object__DESC__C)
                  0000cb58    00000018     mss_per4ft.oer4ft (.const:ti_sysbios_gates_GateHwi_Object__PARAMS__C)
                  0000cb70    00000018     mss_per4ft.oer4ft (.const:ti_sysbios_gates_GateMutex_Object__PARAMS__C)
                  0000cb88    00000018     mss_per4ft.oer4ft (.const:ti_sysbios_knl_Queue_Object__PARAMS__C)
                  0000cba0    00000016     mss_per4ft.oer4ft (.const:xdc_runtime_Startup_sfxnRts__A)
                  0000cbb6    00000002     mss_per4ft.oer4ft (.const:ti_sysbios_family_arm_exc_Exception_Module__id__C)
                  0000cbb8    00000010     mss_per4ft.oer4ft (.const:ti_sysbios_family_arm_v7r_vim_Hwi_intReqEnaSet__A)
                  0000cbc8    00000010     mss_per4ft.oer4ft (.const:ti_sysbios_family_arm_v7r_vim_Hwi_wakeEnaSet__A)
                  0000cbd8    00000008     mss_per4ft.oer4ft (.const:ti_sysbios_knl_Idle_funcList__C)
                  0000cbe0    00000008     mss_per4ft.oer4ft (.const:xdc_runtime_Startup_firstFxns__A)
                  0000cbe8    00000008     mss_per4ft.oer4ft (.const:xdc_runtime_Startup_firstFxns__C)
                  0000cbf0    00000008     mss_per4ft.oer4ft (.const:xdc_runtime_Startup_lastFxns__C)
                  0000cbf8    00000004     mss_per4ft.oer4ft (.const:ti_sysbios_family_arm_TaskSupport_stackAlignment__C)
                  0000cbfc    00000004     mss_per4ft.oer4ft (.const:ti_sysbios_family_arm_exc_Exception_E_dataAbort__C)
                  0000cc00    00000004     mss_per4ft.oer4ft (.const:ti_sysbios_family_arm_exc_Exception_E_prefetchAbort__C)
                  0000cc04    00000004     mss_per4ft.oer4ft (.const:ti_sysbios_family_arm_exc_Exception_E_swi__C)
                  0000cc08    00000004     mss_per4ft.oer4ft (.const:ti_sysbios_family_arm_exc_Exception_E_undefinedInstruction__C)
                  0000cc0c    00000004     mss_per4ft.oer4ft (.const:ti_sysbios_family_arm_exc_Exception_excHookFuncs__A)
                  0000cc10    00000004     mss_per4ft.oer4ft (.const:ti_sysbios_family_arm_exc_Exception_excHookFuncs__C)
                  0000cc14    00000004     mss_per4ft.oer4ft (.const:ti_sysbios_family_arm_v7a_Pmu_A_invalidCounterId__C)
                  0000cc18    00000004     mss_per4ft.oer4ft (.const:ti_sysbios_family_arm_v7a_Pmu_Module__diagsEnabled__C)
                  0000cc1c    00000004     mss_per4ft.oer4ft (.const:ti_sysbios_family_arm_v7a_Pmu_Module__diagsIncluded__C)
                  0000cc20    00000004     mss_per4ft.oer4ft (.const:ti_sysbios_family_arm_v7a_Pmu_Module__diagsMask__C)
                  0000cc24    00000004     mss_per4ft.oer4ft (.const:ti_sysbios_family_arm_v7r_tms570_Core_E_mismatchedIds__C)
                  0000cc28    00000004     mss_per4ft.oer4ft (.const:ti_sysbios_family_arm_v7r_tms570_Core_id__C)
                  0000cc2c    00000004     mss_per4ft.oer4ft (.const:ti_sysbios_family_arm_v7r_vim_Hwi_A_badChannelId__C)
                  0000cc30    00000004     mss_per4ft.oer4ft (.const:ti_sysbios_family_arm_v7r_vim_Hwi_E_alreadyDefined__C)
                  0000cc34    00000004     mss_per4ft.oer4ft (.const:ti_sysbios_family_arm_v7r_vim_Hwi_E_badIntNum__C)
                  0000cc38    00000004     mss_per4ft.oer4ft (.const:ti_sysbios_family_arm_v7r_vim_Hwi_E_phantomInterrupt__C)
                  0000cc3c    00000004     mss_per4ft.oer4ft (.const:ti_sysbios_family_arm_v7r_vim_Hwi_E_undefined__C)
                  0000cc40    00000004     mss_per4ft.oer4ft (.const:ti_sysbios_family_arm_v7r_vim_Hwi_E_unsupportedMaskingOption__C)
                  0000cc44    00000004     mss_per4ft.oer4ft (.const:ti_sysbios_family_arm_v7r_vim_Hwi_LD_end__C)
                  0000cc48    00000004     mss_per4ft.oer4ft (.const:ti_sysbios_family_arm_v7r_vim_Hwi_LM_begin__C)
                  0000cc4c    00000004     mss_per4ft.oer4ft (.const:ti_sysbios_family_arm_v7r_vim_Hwi_Module__diagsEnabled__C)
                  0000cc50    00000004     mss_per4ft.oer4ft (.const:ti_sysbios_family_arm_v7r_vim_Hwi_Module__diagsIncluded__C)
                  0000cc54    00000004     mss_per4ft.oer4ft (.const:ti_sysbios_family_arm_v7r_vim_Hwi_Module__diagsMask__C)
                  0000cc58    00000004     mss_per4ft.oer4ft (.const:ti_sysbios_family_arm_v7r_vim_Hwi_Module__loggerFxn1__C)
                  0000cc5c    00000004     mss_per4ft.oer4ft (.const:ti_sysbios_family_arm_v7r_vim_Hwi_Module__loggerFxn8__C)
                  0000cc60    00000004     mss_per4ft.oer4ft (.const:ti_sysbios_family_arm_v7r_vim_Hwi_Module__loggerObj__C)
                  0000cc64    00000004     mss_per4ft.oer4ft (.const:ti_sysbios_family_arm_v7r_vim_Hwi_NUM_INTERRUPTS__C)
                  0000cc68    00000004     mss_per4ft.oer4ft (.const:ti_sysbios_family_arm_v7r_vim_Hwi_channelMap__C)
                  0000cc6c    00000004     mss_per4ft.oer4ft (.const:ti_sysbios_family_arm_v7r_vim_Hwi_intReqEnaSet__C)
                  0000cc70    00000004     mss_per4ft.oer4ft (.const:ti_sysbios_family_arm_v7r_vim_Hwi_phantomFunc__C)
                  0000cc74    00000004     mss_per4ft.oer4ft (.const:ti_sysbios_family_arm_v7r_vim_Hwi_swiDisable__C)
                  0000cc78    00000004     mss_per4ft.oer4ft (.const:ti_sysbios_family_arm_v7r_vim_Hwi_swiRestoreHwi__C)
                  0000cc7c    00000004     mss_per4ft.oer4ft (.const:ti_sysbios_family_arm_v7r_vim_Hwi_taskDisable__C)
                  0000cc80    00000004     mss_per4ft.oer4ft (.const:ti_sysbios_family_arm_v7r_vim_Hwi_taskRestoreHwi__C)
                  0000cc84    00000004     mss_per4ft.oer4ft (.const:ti_sysbios_family_arm_v7r_vim_Hwi_wakeEnaSet__C)
                  0000cc88    00000004     mss_per4ft.oer4ft (.const:ti_sysbios_gates_GateMutex_A_badContext__C)
                  0000cc8c    00000004     mss_per4ft.oer4ft (.const:ti_sysbios_gates_GateMutex_Instance_State_sem__O)
                  0000cc90    00000004     mss_per4ft.oer4ft (.const:ti_sysbios_gates_GateMutex_Module__diagsEnabled__C)
                  0000cc94    00000004     mss_per4ft.oer4ft (.const:ti_sysbios_gates_GateMutex_Module__diagsIncluded__C)
                  0000cc98    00000004     mss_per4ft.oer4ft (.const:ti_sysbios_gates_GateMutex_Module__diagsMask__C)
                  0000cc9c    00000004     mss_per4ft.oer4ft (.const:ti_sysbios_hal_Hwi_E_stackOverflow__C)
                  0000cca0    00000004     mss_per4ft.oer4ft (.const:ti_sysbios_heaps_HeapBuf_Instance_State_freeList__O)
                  0000cca4    00000004     mss_per4ft.oer4ft (.const:ti_sysbios_heaps_HeapBuf_Object__count__C)
                  0000cca8    00000004     mss_per4ft.oer4ft (.const:ti_sysbios_heaps_HeapBuf_numConstructedHeaps__C)
                  0000ccac    00000004     mss_per4ft.oer4ft (.const:ti_sysbios_heaps_HeapMem_A_align__C)
                  0000ccb0    00000004     mss_per4ft.oer4ft (.const:ti_sysbios_heaps_HeapMem_A_heapSize__C)
                  0000ccb4    00000004     mss_per4ft.oer4ft (.const:ti_sysbios_heaps_HeapMem_A_invalidFree__C)
                  0000ccb8    00000004     mss_per4ft.oer4ft (.const:ti_sysbios_heaps_HeapMem_A_zeroBlock__C)
                  0000ccbc    00000004     mss_per4ft.oer4ft (.const:ti_sysbios_heaps_HeapMem_E_memory__C)
                  0000ccc0    00000004     mss_per4ft.oer4ft (.const:ti_sysbios_heaps_HeapMem_Module__diagsEnabled__C)
                  0000ccc4    00000004     mss_per4ft.oer4ft (.const:ti_sysbios_heaps_HeapMem_Module__diagsIncluded__C)
                  0000ccc8    00000004     mss_per4ft.oer4ft (.const:ti_sysbios_heaps_HeapMem_Module__diagsMask__C)
                  0000cccc    00000004     mss_per4ft.oer4ft (.const:ti_sysbios_heaps_HeapMem_Module__gateObj__C)
                  0000ccd0    00000004     mss_per4ft.oer4ft (.const:ti_sysbios_heaps_HeapMem_Object__count__C)
                  0000ccd4    00000004     mss_per4ft.oer4ft (.const:ti_sysbios_heaps_HeapMem_reqAlign__C)
                  0000ccd8    00000004     mss_per4ft.oer4ft (.const:ti_sysbios_knl_Clock_LM_begin__C)
                  0000ccdc    00000004     mss_per4ft.oer4ft (.const:ti_sysbios_knl_Clock_LM_tick__C)
                  0000cce0    00000004     mss_per4ft.oer4ft (.const:ti_sysbios_knl_Clock_LW_delayed__C)
                  0000cce4    00000004     mss_per4ft.oer4ft (.const:ti_sysbios_knl_Clock_Module_State_clockQ__O)
                  0000cce8    00000004     mss_per4ft.oer4ft (.const:ti_sysbios_knl_Clock_Module__diagsEnabled__C)
                  0000ccec    00000004     mss_per4ft.oer4ft (.const:ti_sysbios_knl_Clock_Module__diagsIncluded__C)
                  0000ccf0    00000004     mss_per4ft.oer4ft (.const:ti_sysbios_knl_Clock_Module__diagsMask__C)
                  0000ccf4    00000004     mss_per4ft.oer4ft (.const:ti_sysbios_knl_Clock_Module__loggerFxn1__C)
                  0000ccf8    00000004     mss_per4ft.oer4ft (.const:ti_sysbios_knl_Clock_Module__loggerFxn2__C)
                  0000ccfc    00000004     mss_per4ft.oer4ft (.const:ti_sysbios_knl_Clock_Module__loggerObj__C)
                  0000cd00    00000004     mss_per4ft.oer4ft (.const:ti_sysbios_knl_Idle_funcList__A)
                  0000cd04    00000004     mss_per4ft.oer4ft (.const:ti_sysbios_knl_Semaphore_A_badContext__C)
                  0000cd08    00000004     mss_per4ft.oer4ft (.const:ti_sysbios_knl_Semaphore_A_noEvents__C)
                  0000cd0c    00000004     mss_per4ft.oer4ft (.const:ti_sysbios_knl_Semaphore_A_overflow__C)
                  0000cd10    00000004     mss_per4ft.oer4ft (.const:ti_sysbios_knl_Semaphore_A_pendTaskDisabled__C)
                  0000cd14    00000004     mss_per4ft.oer4ft (.const:ti_sysbios_knl_Semaphore_Instance_State_pendQ__O)
                  0000cd18    00000004     mss_per4ft.oer4ft (.const:ti_sysbios_knl_Semaphore_LM_pend__C)
                  0000cd1c    00000004     mss_per4ft.oer4ft (.const:ti_sysbios_knl_Semaphore_LM_post__C)
                  0000cd20    00000004     mss_per4ft.oer4ft (.const:ti_sysbios_knl_Semaphore_Module__diagsEnabled__C)
                  0000cd24    00000004     mss_per4ft.oer4ft (.const:ti_sysbios_knl_Semaphore_Module__diagsIncluded__C)
                  0000cd28    00000004     mss_per4ft.oer4ft (.const:ti_sysbios_knl_Semaphore_Module__diagsMask__C)
                  0000cd2c    00000004     mss_per4ft.oer4ft (.const:ti_sysbios_knl_Semaphore_Module__loggerFxn2__C)
                  0000cd30    00000004     mss_per4ft.oer4ft (.const:ti_sysbios_knl_Semaphore_Module__loggerFxn4__C)
                  0000cd34    00000004     mss_per4ft.oer4ft (.const:ti_sysbios_knl_Semaphore_Module__loggerObj__C)
                  0000cd38    00000004     mss_per4ft.oer4ft (.const:ti_sysbios_knl_Swi_LD_end__C)
                  0000cd3c    00000004     mss_per4ft.oer4ft (.const:ti_sysbios_knl_Swi_LM_begin__C)
                  0000cd40    00000004     mss_per4ft.oer4ft (.const:ti_sysbios_knl_Swi_LM_post__C)
                  0000cd44    00000004     mss_per4ft.oer4ft (.const:ti_sysbios_knl_Swi_Module__diagsEnabled__C)
                  0000cd48    00000004     mss_per4ft.oer4ft (.const:ti_sysbios_knl_Swi_Module__diagsIncluded__C)
                  0000cd4c    00000004     mss_per4ft.oer4ft (.const:ti_sysbios_knl_Swi_Module__diagsMask__C)
                  0000cd50    00000004     mss_per4ft.oer4ft (.const:ti_sysbios_knl_Swi_Module__loggerFxn1__C)
                  0000cd54    00000004     mss_per4ft.oer4ft (.const:ti_sysbios_knl_Swi_Module__loggerFxn4__C)
                  0000cd58    00000004     mss_per4ft.oer4ft (.const:ti_sysbios_knl_Swi_Module__loggerObj__C)
                  0000cd5c    00000004     mss_per4ft.oer4ft (.const:ti_sysbios_knl_Swi_Object__count__C)
                  0000cd60    00000004     mss_per4ft.oer4ft (.const:ti_sysbios_knl_Task_A_badPriority__C)
                  0000cd64    00000004     mss_per4ft.oer4ft (.const:ti_sysbios_knl_Task_A_badTaskState__C)
                  0000cd68    00000004     mss_per4ft.oer4ft (.const:ti_sysbios_knl_Task_A_badThreadType__C)
                  0000cd6c    00000004     mss_per4ft.oer4ft (.const:ti_sysbios_knl_Task_A_badTimeout__C)
                  0000cd70    00000004     mss_per4ft.oer4ft (.const:ti_sysbios_knl_Task_A_noPendElem__C)
                  0000cd74    00000004     mss_per4ft.oer4ft (.const:ti_sysbios_knl_Task_A_sleepTaskDisabled__C)
                  0000cd78    00000004     mss_per4ft.oer4ft (.const:ti_sysbios_knl_Task_E_spOutOfBounds__C)
                  0000cd7c    00000004     mss_per4ft.oer4ft (.const:ti_sysbios_knl_Task_E_stackOverflow__C)
                  0000cd80    00000004     mss_per4ft.oer4ft (.const:ti_sysbios_knl_Task_LD_block__C)
                  0000cd84    00000004     mss_per4ft.oer4ft (.const:ti_sysbios_knl_Task_LD_exit__C)
                  0000cd88    00000004     mss_per4ft.oer4ft (.const:ti_sysbios_knl_Task_LD_ready__C)
                  0000cd8c    00000004     mss_per4ft.oer4ft (.const:ti_sysbios_knl_Task_LM_sleep__C)
                  0000cd90    00000004     mss_per4ft.oer4ft (.const:ti_sysbios_knl_Task_LM_switch__C)
                  0000cd94    00000004     mss_per4ft.oer4ft (.const:ti_sysbios_knl_Task_Module_State_inactiveQ__O)
                  0000cd98    00000004     mss_per4ft.oer4ft (.const:ti_sysbios_knl_Task_Module__diagsEnabled__C)
                  0000cd9c    00000004     mss_per4ft.oer4ft (.const:ti_sysbios_knl_Task_Module__diagsIncluded__C)
                  0000cda0    00000004     mss_per4ft.oer4ft (.const:ti_sysbios_knl_Task_Module__diagsMask__C)
                  0000cda4    00000004     mss_per4ft.oer4ft (.const:ti_sysbios_knl_Task_Module__loggerFxn2__C)
                  0000cda8    00000004     mss_per4ft.oer4ft (.const:ti_sysbios_knl_Task_Module__loggerFxn4__C)
                  0000cdac    00000004     mss_per4ft.oer4ft (.const:ti_sysbios_knl_Task_Module__loggerObj__C)
                  0000cdb0    00000004     mss_per4ft.oer4ft (.const:ti_sysbios_knl_Task_Object__count__C)
                  0000cdb4    00000004     mss_per4ft.oer4ft (.const:ti_sysbios_knl_Task_allBlockedFunc__C)
                  0000cdb8    00000004     mss_per4ft.oer4ft (.const:ti_sysbios_knl_Task_defaultStackHeap__C)
                  0000cdbc    00000004     mss_per4ft.oer4ft (.const:ti_sysbios_knl_Task_defaultStackSize__C)
                  0000cdc0    00000004     mss_per4ft.oer4ft (.const:ti_sysbios_knl_Task_numConstructedTasks__C)
                  0000cdc4    00000004     mss_per4ft.oer4ft (.const:ti_sysbios_timers_rti_Timer_E_cannotSupport__C)
                  0000cdc8    00000004     mss_per4ft.oer4ft (.const:ti_sysbios_timers_rti_Timer_Module__diagsEnabled__C)
                  0000cdcc    00000004     mss_per4ft.oer4ft (.const:ti_sysbios_timers_rti_Timer_Module__diagsIncluded__C)
                  0000cdd0    00000004     mss_per4ft.oer4ft (.const:ti_sysbios_timers_rti_Timer_Module__diagsMask__C)
                  0000cdd4    00000004     mss_per4ft.oer4ft (.const:ti_sysbios_timers_rti_Timer_numTimerDevices__C)
                  0000cdd8    00000004     mss_per4ft.oer4ft (.const:ti_sysbios_timers_rti_Timer_startupNeeded__C)
                  0000cddc    00000004     mss_per4ft.oer4ft (.const:xdc_runtime_Assert_E_assertFailed__C)
                  0000cde0    00000004     mss_per4ft.oer4ft (.const:xdc_runtime_Core_A_initializedParams__C)
                  0000cde4    00000004     mss_per4ft.oer4ft (.const:xdc_runtime_Core_Module__diagsEnabled__C)
                  0000cde8    00000004     mss_per4ft.oer4ft (.const:xdc_runtime_Core_Module__diagsIncluded__C)
                  0000cdec    00000004     mss_per4ft.oer4ft (.const:xdc_runtime_Core_Module__diagsMask__C)
                  0000cdf0    00000004     mss_per4ft.oer4ft (.const:xdc_runtime_Error_E_memory__C)
                  0000cdf4    00000004     mss_per4ft.oer4ft (.const:xdc_runtime_Error_Module__diagsEnabled__C)
                  0000cdf8    00000004     mss_per4ft.oer4ft (.const:xdc_runtime_Error_Module__diagsIncluded__C)
                  0000cdfc    00000004     mss_per4ft.oer4ft (.const:xdc_runtime_Error_Module__diagsMask__C)
                  0000ce00    00000004     mss_per4ft.oer4ft (.const:xdc_runtime_Error_Module__loggerFxn8__C)
                  0000ce04    00000004     mss_per4ft.oer4ft (.const:xdc_runtime_Error_Module__loggerObj__C)
                  0000ce08    00000004     mss_per4ft.oer4ft (.const:xdc_runtime_Error_policyFxn__C)
                  0000ce0c    00000004     mss_per4ft.oer4ft (.const:xdc_runtime_Error_policy__C)
                  0000ce10    00000004     mss_per4ft.oer4ft (.const:xdc_runtime_Error_raiseHook__C)
                  0000ce14    00000004     mss_per4ft.oer4ft (.const:xdc_runtime_IGateProvider_Interface__BASE__C)
                  0000ce18    00000004     mss_per4ft.oer4ft (.const:xdc_runtime_IHeap_Interface__BASE__C)
                  0000ce1c    00000004     mss_per4ft.oer4ft (.const:xdc_runtime_IModule_Interface__BASE__C)
                  0000ce20    00000004     mss_per4ft.oer4ft (.const:xdc_runtime_Log_L_error__C)
                  0000ce24    00000004     mss_per4ft.oer4ft (.const:xdc_runtime_Memory_defaultHeapInstance__C)
                  0000ce28    00000004     mss_per4ft.oer4ft (.const:xdc_runtime_Startup_execImpl__C)
                  0000ce2c    00000004     mss_per4ft.oer4ft (.const:xdc_runtime_Startup_maxPasses__C)
                  0000ce30    00000004     mss_per4ft.oer4ft (.const:xdc_runtime_Startup_sfxnRts__C)
                  0000ce34    00000004     mss_per4ft.oer4ft (.const:xdc_runtime_Startup_sfxnTab__C)
                  0000ce38    00000004     mss_per4ft.oer4ft (.const:xdc_runtime_System_Module__gateObj__C)
                  0000ce3c    00000004     mss_per4ft.oer4ft (.const:xdc_runtime_System_abortFxn__C)
                  0000ce40    00000004     mss_per4ft.oer4ft (.const:xdc_runtime_System_exitFxn__C)
                  0000ce44    00000004     mss_per4ft.oer4ft (.const:xdc_runtime_System_extendFxn__C)
                  0000ce48    00000004     mss_per4ft.oer4ft (.const:xdc_runtime_System_maxAtexitHandlers__C)
                  0000ce4c    00000004     mss_per4ft.oer4ft (.const:xdc_runtime_Text_charTab__C)
                  0000ce50    00000004     mss_per4ft.oer4ft (.const:xdc_runtime_Text_nameEmpty__C)
                  0000ce54    00000004     mss_per4ft.oer4ft (.const:xdc_runtime_Text_nameStatic__C)
                  0000ce58    00000004     mss_per4ft.oer4ft (.const:xdc_runtime_Text_nameUnknown__C)
                  0000ce5c    00000004     mss_per4ft.oer4ft (.const:xdc_runtime_Text_nodeTab__C)
                  0000ce60    00000004     mss_per4ft.oer4ft (.const:xdc_runtime_Text_visitRopeFxn__C)
                  0000ce64    00000002     mss_per4ft.oer4ft (.const:ti_sysbios_family_arm_v7a_Pmu_Module__id__C)
                  0000ce66    00000002     mss_per4ft.oer4ft (.const:ti_sysbios_family_arm_v7r_tms570_Core_Module__id__C)
                  0000ce68    00000002     mss_per4ft.oer4ft (.const:ti_sysbios_family_arm_v7r_vim_Hwi_Module__id__C)
                  0000ce6a    00000002     mss_per4ft.oer4ft (.const:ti_sysbios_family_arm_v7r_vim_Hwi_Module__loggerDefined__C)
                  0000ce6c    00000002     mss_per4ft.oer4ft (.const:ti_sysbios_gates_GateMutex_Module__id__C)
                  0000ce6e    00000002     mss_per4ft.oer4ft (.const:ti_sysbios_hal_Hwi_Module__id__C)
                  0000ce70    00000002     mss_per4ft.oer4ft (.const:ti_sysbios_heaps_HeapMem_Module__id__C)
                  0000ce72    00000002     mss_per4ft.oer4ft (.const:ti_sysbios_knl_Clock_Module__id__C)
                  0000ce74    00000002     mss_per4ft.oer4ft (.const:ti_sysbios_knl_Clock_Module__loggerDefined__C)
                  0000ce76    00000002     mss_per4ft.oer4ft (.const:ti_sysbios_knl_Semaphore_Module__id__C)
                  0000ce78    00000002     mss_per4ft.oer4ft (.const:ti_sysbios_knl_Semaphore_Module__loggerDefined__C)
                  0000ce7a    00000002     mss_per4ft.oer4ft (.const:ti_sysbios_knl_Swi_Module__id__C)
                  0000ce7c    00000002     mss_per4ft.oer4ft (.const:ti_sysbios_knl_Swi_Module__loggerDefined__C)
                  0000ce7e    00000002     mss_per4ft.oer4ft (.const:ti_sysbios_knl_Task_Module__id__C)
                  0000ce80    00000002     mss_per4ft.oer4ft (.const:ti_sysbios_knl_Task_Module__loggerDefined__C)
                  0000ce82    00000002     mss_per4ft.oer4ft (.const:ti_sysbios_timers_rti_Timer_Module__id__C)
                  0000ce84    00000002     mss_per4ft.oer4ft (.const:ti_sysbios_timers_rti_Timer_continueOnSuspend__C)
                  0000ce86    00000002     mss_per4ft.oer4ft (.const:xdc_runtime_Core_Module__id__C)
                  0000ce88    00000002     mss_per4ft.oer4ft (.const:xdc_runtime_Error_Module__loggerDefined__C)
                  0000ce8a    00000002     mss_per4ft.oer4ft (.const:xdc_runtime_Error_maxDepth__C)
                  0000ce8c    00000002     mss_per4ft.oer4ft (.const:xdc_runtime_Main_Module__id__C)
                  0000ce8e    00000002     mss_per4ft.oer4ft (.const:xdc_runtime_Memory_Module__id__C)
                  0000ce90    00000002     mss_per4ft.oer4ft (.const:xdc_runtime_Text_charCnt__C)
                  0000ce92    00000002     mss_per4ft.oer4ft (.const:xdc_runtime_Text_isLoaded__C)
                  0000ce94    00000002     mss_per4ft.oer4ft (.const:xdc_runtime_Text_registryModsLastId__C)
                  0000ce96    00000002     mss_per4ft.oer4ft (.const:xdc_runtime_Text_unnamedModsLastId__C)

.cinit     0    0000ce98    00000318     
                  0000ce98    000002ae     (.cinit..data.load) [load image, compression = lzss]
                  0000d146    00000002     --HOLE-- [fill = 0]
                  0000d148    0000000c     (__TI_handler_table)
                  0000d154    00000004     --HOLE-- [fill = 0]
                  0000d158    00000008     (.cinit..MCPILogBuffer.load) [load image, compression = zero_init]
                  0000d160    00000008     (.cinit..bss.load) [load image, compression = zero_init]
                  0000d168    00000008     (.cinit..myFiqStack.load) [load image, compression = zero_init]
                  0000d170    00000008     (.cinit.systemHeap.load) [load image, compression = zero_init]
                  0000d178    00000006     (.cinit..dataInjectionControl.load) [load image, compression = lzss]
                  0000d17e    00000002     --HOLE-- [fill = 0]
                  0000d180    00000030     (__TI_cinit_table)

systemHeap 
*          0    08000000    0000a000     UNINITIALIZED
                  08000000    0000a000     mss_per4ft.oer4ft (systemHeap)

.bss       0    0800c400    00001a9c     UNINITIALIZED
                  0800c400    00001000     (.common:ti_sysbios_family_arm_exc_Exception_Module_State_0_excStack_0__A)
                  0800d400    00000800     mss_per4ft.oer4ft (.bss:taskStackSection)
                  0800dc00    00000120     rtsv7R4_T_le_v3D16_eabi.lib : trgmsg.obj (.bss:_CIOBUF_)
                  0800dd20    000000a0     (.common:__TI_tmpnams)
                  0800ddc0    00000070     (.common:gEsmMCB)
                  0800de30    00000050     (.common:gHLProfileMCB)
                  0800de80    00000014     (.common:gDPMTestMCB)
                  0800de94    00000008     (.common:parmbuf)

.stack     0    0800de9c    00001000     UNINITIALIZED
                  0800de9c    00001000     --HOLE--

.data      0    0800eea0    00000978     UNINITIALIZED
                  0800eea0    00000200     mss_per4ft.oer4ft (.data:ti_sysbios_family_arm_v7r_vim_Hwi_Module_State_0_dispatchTable__A)
                  0800f0a0    000000f0     rtsv7R4_T_le_v3D16_eabi.lib : defs.obj (.data:_ftable)
                  0800f190    00000080     mss_per4ft.oer4ft (.data:ti_sysbios_knl_Swi_Module_State_0_readyQ__A)
                  0800f210    00000080     mss_per4ft.oer4ft (.data:ti_sysbios_knl_Task_Module_State_0_readyQ__A)
                  0800f290    00000078     rtsv7R4_T_le_v3D16_eabi.lib : write.obj (.data:_device)
                  0800f308    0000005c     mss_per4ft.oer4ft (.data:ti_sysbios_knl_Task_Object__table__V)
                  0800f364    00000050     rtsv7R4_T_le_v3D16_eabi.lib : write.obj (.data:_stream)
                  0800f3b4    00000050     libmailbox_xwr18xx.aer4f : mailbox.oer4f (.data:gMailboxMCB)
                  0800f404    00000048     mss_per4ft.oer4ft (.data:ti_sysbios_knl_Task_Module__state__V)
                  0800f44c    00000040     libsoc_xwr18xx.aer4f : soc_xwr18xx.oer4f (.data:SOC_TranslateAddr_LUT)
                  0800f48c    00000040     mss_per4ft.oer4ft (.data:ti_sysbios_gates_GateMutex_Object__table__V)
                  0800f4cc    0000003c     mss_per4ft.oer4ft (.data:ti_sysbios_timers_rti_Timer_Object__table__V)
                  0800f508    00000034     mss_per4ft.oer4ft (.data:ti_sysbios_family_arm_v7r_vim_Hwi_Module__state__V)
                  0800f53c    00000030     mss_per4ft.oer4ft (.data:ti_sysbios_knl_Swi_Object__table__V)
                  0800f56c    0000002c     mss_per4ft.oer4ft (.data:ti_sysbios_family_arm_v7r_vim_Hwi_Object__table__V)
                  0800f598    0000002c     mss_per4ft.oer4ft (.data:ti_sysbios_knl_Clock_Module__state__V)
                  0800f5c4    00000024     hl_profile_remote.oer4f (.data:gHLProfileCfg)
                  0800f5e8    00000024     mss_per4ft.oer4ft (.data:ti_sysbios_BIOS_Module__state__V)
                  0800f60c    00000004     libdpm_xwr18xx.aer4f : dpm_mailbox.oer4f (.data)
                  0800f610    00000020     libsoc_xwr18xx.aer4f : soc_xwr18xx_mss.oer4f (.data:gSOCHwAttrib)
                  0800f630    00000020     mss_per4ft.oer4ft (.data:xdc_runtime_Error_IgnoreBlock)
                  0800f650    00000020     mss_per4ft.oer4ft (.data:xdc_runtime_System_Module_State_0_atexitHandlers__A)
                  0800f670    0000001c     mss_per4ft.oer4ft (.data:ti_sysbios_knl_Swi_Module__state__V)
                  0800f68c    00000018     libmailbox_xwr18xx.aer4f : mailbox_xwr18xx.oer4f (.data:gMailboxMssBssHwCfg)
                  0800f6a4    00000018                              : mailbox_xwr18xx.oer4f (.data:gMailboxMssDssHwCfg)
                  0800f6bc    00000018     mss_per4ft.oer4ft (.data:ti_sysbios_heaps_HeapMem_Object__table__V)
                  0800f6d4    00000018     mss_per4ft.oer4ft (.data:ti_sysbios_timers_rti_Timer_Module_State_0_device__A)
                  0800f6ec    00000014     libdpm_xwr18xx.aer4f : dpm_mailbox.oer4f (.data:gDPMRemoteTable)
                  0800f700    00000014     mss_per4ft.oer4ft (.data:ti_sysbios_family_arm_exc_Exception_Module__state__V)
                  0800f714    00000010     rtsv7R4_T_le_v3D16_eabi.lib : defs.obj (.data)
                  0800f724    00000010     mss_per4ft.oer4ft (.data:ti_sysbios_timers_rti_Timer_Module_State_0_intFreqs__A)
                  0800f734    00000010     mss_per4ft.oer4ft (.data:ti_sysbios_timers_rti_Timer_Module__state__V)
                  0800f744    0000000c     libtestlogger_xwr18xx.aer4f : logger.oer4f (.data:$O1$$)
                  0800f750    0000000c     rtsv7R4_T_le_v3D16_eabi.lib : exit.obj (.data:$O1$$)
                  0800f75c    0000000c     libesm_xwr18xx.aer4f : esm_xwr1xxx.oer4f (.data:gESMHwCfgAttrs)
                  0800f768    0000000c     mss_per4ft.oer4ft (.data:ti_sysbios_family_arm_v7a_Pmu_Module__state__V)
                  0800f774    00000008     rtsv7R4_T_le_v3D16_eabi.lib : _lock.obj (.data:$O1$$)
                  0800f77c    00000008     libdpm_xwr18xx.aer4f : dpm_xwr18xx.oer4f (.data:gDPMHwAttrib)
                  0800f784    00000008     mss_per4ft.oer4ft (.data:ti_sysbios_family_arm_v7r_vim_Hwi_Module__root__V)
                  0800f78c    00000008     mss_per4ft.oer4ft (.data:ti_sysbios_gates_GateHwi_Module__root__V)
                  0800f794    00000008     mss_per4ft.oer4ft (.data:ti_sysbios_gates_GateMutex_Module__root__V)
                  0800f79c    00000008     mss_per4ft.oer4ft (.data:ti_sysbios_hal_Hwi_Object__table__V)
                  0800f7a4    00000008     mss_per4ft.oer4ft (.data:ti_sysbios_heaps_HeapMem_Module__root__V)
                  0800f7ac    00000008     mss_per4ft.oer4ft (.data:ti_sysbios_knl_Queue_Module__root__V)
                  0800f7b4    00000008     mss_per4ft.oer4ft (.data:ti_sysbios_knl_Semaphore_Module__root__V)
                  0800f7bc    00000008     mss_per4ft.oer4ft (.data:ti_sysbios_knl_Task_Module__root__V)
                  0800f7c4    00000008     mss_per4ft.oer4ft (.data:ti_sysbios_timers_rti_Timer_Module_State_0_handles__A)
                  0800f7cc    00000008     mss_per4ft.oer4ft (.data:xdc_runtime_Registry_Module__state__V)
                  0800f7d4    00000008     mss_per4ft.oer4ft (.data:xdc_runtime_Startup_Module__state__V)
                  0800f7dc    00000008     mss_per4ft.oer4ft (.data:xdc_runtime_System_Module__state__V)
                  0800f7e4    00000004     mss_remote.oer4f (.data)
                  0800f7e8    00000004     rtsv7R4_T_le_v3D16_eabi.lib : errno.obj (.data)
                  0800f7ec    00000004                                 : fopen.obj (.data)
                  0800f7f0    00000004                                 : open.obj (.data)
                  0800f7f4    00000004                                 : stkdepth_vars.obj (.data)
                  0800f7f8    00000004     mss_per4ft.oer4ft (.data:ti_sysbios_family_arm_exc_Exception_Module_State_0_excContext__A)
                  0800f7fc    00000004     mss_per4ft.oer4ft (.data:ti_sysbios_family_arm_exc_Exception_Module_State_0_excStackBuffers__A)
                  0800f800    00000004     mss_per4ft.oer4ft (.data:ti_sysbios_family_arm_exc_Exception_Module_State_0_excStack__A)
                  0800f804    00000004     mss_per4ft.oer4ft (.data:ti_sysbios_gates_GateHwi_Object__table__V)
                  0800f808    00000004     mss_per4ft.oer4ft (.data:ti_sysbios_heaps_HeapBuf_Module__state__V)
                  0800f80c    00000004     mss_per4ft.oer4ft (.data:ti_sysbios_knl_Task_Module_State_0_idleTask__A)
                  0800f810    00000004     mss_per4ft.oer4ft (.data:xdc_runtime_Memory_Module__state__V)
                  0800f814    00000002     mss_per4ft.oer4ft (.data:ti_sysbios_family_arm_exc_Exception_Module_State_0_excActive__A)
[...]
0000cc68  ti_sysbios_family_arm_v7r_vim_Hwi_channelMap__C                      
0000cc6c  ti_sysbios_family_arm_v7r_vim_Hwi_intReqEnaSet__C                    
0000cc70  ti_sysbios_family_arm_v7r_vim_Hwi_phantomFunc__C                     
0000cc74  ti_sysbios_family_arm_v7r_vim_Hwi_swiDisable__C                      
0000cc78  ti_sysbios_family_arm_v7r_vim_Hwi_swiRestoreHwi__C                   
0000cc7c  ti_sysbios_family_arm_v7r_vim_Hwi_taskDisable__C                     
0000cc80  ti_sysbios_family_arm_v7r_vim_Hwi_taskRestoreHwi__C                  
0000cc84  ti_sysbios_family_arm_v7r_vim_Hwi_wakeEnaSet__C                      
0000cc88  ti_sysbios_gates_GateMutex_A_badContext__C                           
0000cc8c  ti_sysbios_gates_GateMutex_Instance_State_sem__O                     
0000cc90  ti_sysbios_gates_GateMutex_Module__diagsEnabled__C                   
0000cc94  ti_sysbios_gates_GateMutex_Module__diagsIncluded__C                  
0000cc98  ti_sysbios_gates_GateMutex_Module__diagsMask__C                      
0000cc9c  ti_sysbios_hal_Hwi_E_stackOverflow__C                                
0000cca0  ti_sysbios_heaps_HeapBuf_Instance_State_freeList__O                  
0000cca4  ti_sysbios_heaps_HeapBuf_Object__count__C                            
0000cca8  ti_sysbios_heaps_HeapBuf_numConstructedHeaps__C                      
0000ccac  ti_sysbios_heaps_HeapMem_A_align__C                                  
0000ccb0  ti_sysbios_heaps_HeapMem_A_heapSize__C                               
0000ccb4  ti_sysbios_heaps_HeapMem_A_invalidFree__C                            
0000ccb8  ti_sysbios_heaps_HeapMem_A_zeroBlock__C                              
0000ccbc  ti_sysbios_heaps_HeapMem_E_memory__C                                 
0000ccc0  ti_sysbios_heaps_HeapMem_Module__diagsEnabled__C                     
0000ccc4  ti_sysbios_heaps_HeapMem_Module__diagsIncluded__C                    
0000ccc8  ti_sysbios_heaps_HeapMem_Module__diagsMask__C                        
0000cccc  ti_sysbios_heaps_HeapMem_Module__gateObj__C                          
0000ccd0  ti_sysbios_heaps_HeapMem_Object__count__C                            
0000ccd4  ti_sysbios_heaps_HeapMem_reqAlign__C                                 
0000ccd8  ti_sysbios_knl_Clock_LM_begin__C                                     
0000ccdc  ti_sysbios_knl_Clock_LM_tick__C                                      
0000cce0  ti_sysbios_knl_Clock_LW_delayed__C                                   
0000cce4  ti_sysbios_knl_Clock_Module_State_clockQ__O                          
0000cce8  ti_sysbios_knl_Clock_Module__diagsEnabled__C                         
0000ccec  ti_sysbios_knl_Clock_Module__diagsIncluded__C                        
0000ccf0  ti_sysbios_knl_Clock_Module__diagsMask__C                            
0000ccf4  ti_sysbios_knl_Clock_Module__loggerFxn1__C                           
0000ccf8  ti_sysbios_knl_Clock_Module__loggerFxn2__C                           
0000ccfc  ti_sysbios_knl_Clock_Module__loggerObj__C                            
0000cd00  ti_sysbios_knl_Idle_funcList__A                                      
0000cd04  ti_sysbios_knl_Semaphore_A_badContext__C                             
0000cd08  ti_sysbios_knl_Semaphore_A_noEvents__C                               
0000cd0c  ti_sysbios_knl_Semaphore_A_overflow__C                               
0000cd10  ti_sysbios_knl_Semaphore_A_pendTaskDisabled__C                       
0000cd14  ti_sysbios_knl_Semaphore_Instance_State_pendQ__O                     
0000cd18  ti_sysbios_knl_Semaphore_LM_pend__C                                  
0000cd1c  ti_sysbios_knl_Semaphore_LM_post__C                                  
0000cd20  ti_sysbios_knl_Semaphore_Module__diagsEnabled__C                     
0000cd24  ti_sysbios_knl_Semaphore_Module__diagsIncluded__C                    
0000cd28  ti_sysbios_knl_Semaphore_Module__diagsMask__C                        
0000cd2c  ti_sysbios_knl_Semaphore_Module__loggerFxn2__C                       
0000cd30  ti_sysbios_knl_Semaphore_Module__loggerFxn4__C                       
0000cd34  ti_sysbios_knl_Semaphore_Module__loggerObj__C                        
0000cd38  ti_sysbios_knl_Swi_LD_end__C                                         
0000cd3c  ti_sysbios_knl_Swi_LM_begin__C                                       
0000cd40  ti_sysbios_knl_Swi_LM_post__C                                        
0000cd44  ti_sysbios_knl_Swi_Module__diagsEnabled__C                           
0000cd48  ti_sysbios_knl_Swi_Module__diagsIncluded__C                          
0000cd4c  ti_sysbios_knl_Swi_Module__diagsMask__C                              
0000cd50  ti_sysbios_knl_Swi_Module__loggerFxn1__C                             
0000cd54  ti_sysbios_knl_Swi_Module__loggerFxn4__C                             
0000cd58  ti_sysbios_knl_Swi_Module__loggerObj__C                              
0000cd5c  ti_sysbios_knl_Swi_Object__count__C                                  
0000cd60  ti_sysbios_knl_Task_A_badPriority__C                                 
0000cd64  ti_sysbios_knl_Task_A_badTaskState__C                                
0000cd68  ti_sysbios_knl_Task_A_badThreadType__C                               
0000cd6c  ti_sysbios_knl_Task_A_badTimeout__C                                  
0000cd70  ti_sysbios_knl_Task_A_noPendElem__C                                  
0000cd74  ti_sysbios_knl_Task_A_sleepTaskDisabled__C                           
0000cd78  ti_sysbios_knl_Task_E_spOutOfBounds__C                               
0000cd7c  ti_sysbios_knl_Task_E_stackOverflow__C                               
0000cd80  ti_sysbios_knl_Task_LD_block__C                                      
0000cd84  ti_sysbios_knl_Task_LD_exit__C                                       
0000cd88  ti_sysbios_knl_Task_LD_ready__C                                      
0000cd8c  ti_sysbios_knl_Task_LM_sleep__C                                      
0000cd90  ti_sysbios_knl_Task_LM_switch__C                                     
0000cd94  ti_sysbios_knl_Task_Module_State_inactiveQ__O                        
0000cd98  ti_sysbios_knl_Task_Module__diagsEnabled__C                          
0000cd9c  ti_sysbios_knl_Task_Module__diagsIncluded__C                         
0000cda0  ti_sysbios_knl_Task_Module__diagsMask__C                             
0000cda4  ti_sysbios_knl_Task_Module__loggerFxn2__C                            
0000cda8  ti_sysbios_knl_Task_Module__loggerFxn4__C                            
0000cdac  ti_sysbios_knl_Task_Module__loggerObj__C                             
0000cdb0  ti_sysbios_knl_Task_Object__count__C                                 
0000cdb4  ti_sysbios_knl_Task_allBlockedFunc__C                                
0000cdb8  ti_sysbios_knl_Task_defaultStackHeap__C                              
0000cdbc  ti_sysbios_knl_Task_defaultStackSize__C                              
0000cdc0  ti_sysbios_knl_Task_numConstructedTasks__C                           
0000cdc4  ti_sysbios_timers_rti_Timer_E_cannotSupport__C                       
0000cdc8  ti_sysbios_timers_rti_Timer_Module__diagsEnabled__C                  
0000cdcc  ti_sysbios_timers_rti_Timer_Module__diagsIncluded__C                 
0000cdd0  ti_sysbios_timers_rti_Timer_Module__diagsMask__C                     
0000cdd4  ti_sysbios_timers_rti_Timer_numTimerDevices__C                       
0000cdd8  ti_sysbios_timers_rti_Timer_startupNeeded__C                         
0000cddc  xdc_runtime_Assert_E_assertFailed__C                                 
0000cde0  xdc_runtime_Core_A_initializedParams__C                              
0000cde4  xdc_runtime_Core_Module__diagsEnabled__C                             
0000cde8  xdc_runtime_Core_Module__diagsIncluded__C                            
0000cdec  xdc_runtime_Core_Module__diagsMask__C                                
0000cdf0  xdc_runtime_Error_E_memory__C                                        
0000cdf4  xdc_runtime_Error_Module__diagsEnabled__C                            
0000cdf8  xdc_runtime_Error_Module__diagsIncluded__C                           
0000cdfc  xdc_runtime_Error_Module__diagsMask__C                               
0000ce00  xdc_runtime_Error_Module__loggerFxn8__C                              
0000ce04  xdc_runtime_Error_Module__loggerObj__C                               
0000ce08  xdc_runtime_Error_policyFxn__C                                       
0000ce0c  xdc_runtime_Error_policy__C                                          
0000ce10  xdc_runtime_Error_raiseHook__C                                       
0000ce14  xdc_runtime_IGateProvider_Interface__BASE__C                         
0000ce18  xdc_runtime_IHeap_Interface__BASE__C                                 
0000ce1c  xdc_runtime_IModule_Interface__BASE__C                               
0000ce20  xdc_runtime_Log_L_error__C                                           
0000ce24  xdc_runtime_Memory_defaultHeapInstance__C                            
0000ce28  xdc_runtime_Startup_execImpl__C                                      
0000ce2c  xdc_runtime_Startup_maxPasses__C                                     
0000ce30  xdc_runtime_Startup_sfxnRts__C                                       
0000ce34  xdc_runtime_Startup_sfxnTab__C                                       
0000ce38  xdc_runtime_System_Module__gateObj__C                                
0000ce3c  xdc_runtime_System_abortFxn__C                                       
0000ce40  xdc_runtime_System_exitFxn__C                                        
0000ce44  xdc_runtime_System_extendFxn__C                                      
0000ce48  xdc_runtime_System_maxAtexitHandlers__C                              
0000ce4c  xdc_runtime_Text_charTab__C                                          
0000ce50  xdc_runtime_Text_nameEmpty__C                                        
0000ce54  xdc_runtime_Text_nameStatic__C                                       
0000ce58  xdc_runtime_Text_nameUnknown__C                                      
0000ce5c  xdc_runtime_Text_nodeTab__C                                          
0000ce60  xdc_runtime_Text_visitRopeFxn__C                                     
0000ce64  ti_sysbios_family_arm_v7a_Pmu_Module__id__C                          
0000ce66  ti_sysbios_family_arm_v7r_tms570_Core_Module__id__C                  
0000ce68  ti_sysbios_family_arm_v7r_vim_Hwi_Module__id__C                      
0000ce6a  ti_sysbios_family_arm_v7r_vim_Hwi_Module__loggerDefined__C           
0000ce6c  ti_sysbios_gates_GateMutex_Module__id__C                             
0000ce6e  ti_sysbios_hal_Hwi_Module__id__C                                     
0000ce70  ti_sysbios_heaps_HeapMem_Module__id__C                               
0000ce72  ti_sysbios_knl_Clock_Module__id__C                                   
0000ce74  ti_sysbios_knl_Clock_Module__loggerDefined__C                        
0000ce76  ti_sysbios_knl_Semaphore_Module__id__C                               
0000ce78  ti_sysbios_knl_Semaphore_Module__loggerDefined__C                    
0000ce7a  ti_sysbios_knl_Swi_Module__id__C                                     
0000ce7c  ti_sysbios_knl_Swi_Module__loggerDefined__C                          
0000ce7e  ti_sysbios_knl_Task_Module__id__C                                    
0000ce80  ti_sysbios_knl_Task_Module__loggerDefined__C                         
0000ce82  ti_sysbios_timers_rti_Timer_Module__id__C                            
0000ce84  ti_sysbios_timers_rti_Timer_continueOnSuspend__C                     
0000ce86  xdc_runtime_Core_Module__id__C                                       
0000ce88  xdc_runtime_Error_Module__loggerDefined__C                           
0000ce8a  xdc_runtime_Error_maxDepth__C                                        
0000ce8c  xdc_runtime_Main_Module__id__C                                       
0000ce8e  xdc_runtime_Memory_Module__id__C                                     
0000ce90  xdc_runtime_Text_charCnt__C                                          
0000ce92  xdc_runtime_Text_isLoaded__C                                         
0000ce94  xdc_runtime_Text_registryModsLastId__C                               
0000ce96  xdc_runtime_Text_unnamedModsLastId__C                                
0000d148  __TI_Handler_Table_Base                                              
0000d154  __TI_Handler_Table_Limit                                             
0000d180  __TI_CINIT_Base                                                      
0000d1b0  __TI_CINIT_Limit                                                     
08000000  ti_sysbios_heaps_HeapMem_Instance_State_0_buf__A                     
0800a000  MCPI_logMessage                                                      
0800c400  ti_sysbios_family_arm_exc_Exception_Module_State_0_excStack_0__A     
0800d400  ti_sysbios_knl_Task_Instance_State_0_stack__A                        
0800dc00  __CIOBUF_                                                            
0800dd20  __TI_tmpnams                                                         
0800ddc0  gEsmMCB                                                              
0800de30  gHLProfileMCB                                                        
0800de80  gDPMTestMCB                                                          
0800de94  parmbuf                                                              
0800de9c  __stack                                                              
0800ee9c  __STACK_END                                                          
0800eea0  ti_sysbios_family_arm_v7r_vim_Hwi_Module_State_0_dispatchTable__A    
0800f0a0  _ftable                                                              
0800f190  ti_sysbios_knl_Swi_Module_State_0_readyQ__A                          
0800f210  ti_sysbios_knl_Task_Module_State_0_readyQ__A                         
0800f290  _device                                                              
0800f308  ti_sysbios_knl_Task_Object__table__V                                 
0800f364  _stream                                                              
0800f3b4  gMailboxMCB                                                          
0800f404  ti_sysbios_knl_Task_Module__state__V                                 
0800f44c  SOC_TranslateAddr_LUT                                                
0800f48c  ti_sysbios_gates_GateMutex_Object__table__V                          
0800f4cc  ti_sysbios_timers_rti_Timer_Object__table__V                         
0800f508  ti_sysbios_family_arm_v7r_vim_Hwi_Module__state__V                   
0800f53c  ti_sysbios_knl_Swi_Object__table__V                                  
0800f56c  ti_sysbios_family_arm_v7r_vim_Hwi_Object__table__V                   
0800f598  ti_sysbios_knl_Clock_Module__state__V                                
0800f5c4  gHLProfileCfg                                                        
0800f5e8  ti_sysbios_BIOS_Module__state__V                                     
0800f60c  gDPM                                                                 
0800f610  gSOCHwAttrib                                                         
0800f630  xdc_runtime_Error_IgnoreBlock                                        
0800f650  xdc_runtime_System_Module_State_0_atexitHandlers__A                  
0800f670  ti_sysbios_knl_Swi_Module__state__V                                  
0800f68c  gMailboxMssBssHwCfg                                                  
0800f6a4  gMailboxMssDssHwCfg                                                  
0800f6bc  ti_sysbios_heaps_HeapMem_Object__table__V                            
0800f6d4  ti_sysbios_timers_rti_Timer_Module_State_0_device__A                 
0800f6ec  gDPMRemoteTable                                                      
0800f700  ti_sysbios_family_arm_exc_Exception_Module__state__V                 
0800f714  __TI_ft_end                                                          
0800f718  __aeabi_stdin                                                        
0800f71c  __aeabi_stdout                                                       
0800f720  __aeabi_stderr                                                       
0800f724  ti_sysbios_timers_rti_Timer_Module_State_0_intFreqs__A               
0800f734  ti_sysbios_timers_rti_Timer_Module__state__V                         
0800f744  MCPI_Result                                                          
0800f748  MCPI_FailSignature                                                   
0800f750  __TI_cleanup_ptr                                                     
0800f754  __TI_dtors_ptr                                                       
0800f758  __TI_enable_exit_profile_output                                      
0800f75c  gESMHwCfgAttrs                                                       
0800f768  ti_sysbios_family_arm_v7a_Pmu_Module__state__V                       
0800f774  _lock                                                                
0800f778  _unlock                                                              
0800f77c  gDPMHwAttrib                                                         
0800f784  ti_sysbios_family_arm_v7r_vim_Hwi_Module__root__V                    
0800f78c  ti_sysbios_gates_GateHwi_Module__root__V                             
0800f794  ti_sysbios_gates_GateMutex_Module__root__V                           
0800f79c  ti_sysbios_hal_Hwi_Object__table__V                                  
0800f7a4  ti_sysbios_heaps_HeapMem_Module__root__V                             
0800f7ac  ti_sysbios_knl_Queue_Module__root__V                                 
0800f7b4  ti_sysbios_knl_Semaphore_Module__root__V                             
0800f7bc  ti_sysbios_knl_Task_Module__root__V                                  
0800f7c4  ti_sysbios_timers_rti_Timer_Module_State_0_handles__A                
0800f7cc  xdc_runtime_Registry_Module__state__V                                
0800f7d4  xdc_runtime_Startup_Module__state__V                                 
0800f7dc  xdc_runtime_System_Module__state__V                                  
0800f7e4  gMCPILogMessageSize                                                  
0800f7e8  errno                                                                
0800f7f4  main_func_sp                                                         
0800f7f8  ti_sysbios_family_arm_exc_Exception_Module_State_0_excContext__A     
0800f7fc  ti_sysbios_family_arm_exc_Exception_Module_State_0_excStackBuffers__A
0800f800  ti_sysbios_family_arm_exc_Exception_Module_State_0_excStack__A       
0800f804  ti_sysbios_gates_GateHwi_Object__table__V                            
0800f808  ti_sysbios_heaps_HeapBuf_Module__state__V                            
0800f80c  ti_sysbios_knl_Task_Module_State_0_idleTask__A                       
0800f810  xdc_runtime_Memory_Module__state__V                                  
0800f814  ti_sysbios_family_arm_exc_Exception_Module_State_0_excActive__A      
0800f816  xdc_runtime_Error_Module__state__V                                   
0800f818  ti_sysbios_family_arm_v7r_vim_Hwi_Module_State_0_fiqStack__A         
52080000  gInjectData                                                          
fffffdec  ti_sysbios_family_arm_v7r_vim_Hwi_vim                                
ffffffff  __TI_pprof_out_hndl                                                  
ffffffff  __TI_prof_data_size                                                  
ffffffff  __TI_prof_data_start                                                 
ffffffff  __binit__                                                            
ffffffff  __c_args__                                                           
ffffffff  binit                                                                
UNDEFED   SHT$$INIT_ARRAY$$Base                                                
UNDEFED   SHT$$INIT_ARRAY$$Limit                                               

[725 symbols]
