******************************************************************************
               TMS320C6x Linker Unix v8.3.3                    
******************************************************************************
>> Linked Fri Oct  2 10:30:50 2020

OUTPUT FILE NAME:   <test/xwr68xx_cfarprochwa_dss.xe674>
ENTRY POINT SYMBOL: "_c_int00"  address: 007f6d40


MEMORY CONFIGURATION

         name            origin    length      used     unused   attr    fill
----------------------  --------  ---------  --------  --------  ----  --------
PAGE 0:
  L2SRAM_UMAP1          007e0000   00020000  0001b020  00004fe0  RWIX
  L2SRAM_UMAP0          00800000   00020000  0000e6ca  00011936  RWIX
  L1PSRAM               00e00000   00004000  00000000  00004000  RWIX
  L1DSRAM               00f00000   00004000  00000000  00004000  RWIX
  L3SRAM                20000000   000c0000  0000dbec  000b2414  RWIX
  HWA_RAM               21030000   00010000  00000000  00010000  RWIX
  HSRAM                 21080000   00008000  00000000  00008000  RWIX

PAGE 1:
  L3SRAM                20000000   000c0000  00000000  000c0000  RWIX


SEGMENT ALLOCATION MAP

run origin  load origin   length   init length attrs members
----------  ----------- ---------- ----------- ----- -------
007e0000    007e0000    0001b020   0001b020    r-x
  007e0000    007e0000    00000200   00000200    r-x .vecs
  007e0200    007e0200    0001ae20   0001ae20    r-x .text
00800000    00800000    00008000   00000000    rw-
  00800000    00800000    00008000   00000000    rw- systemHeap
00808000    00808000    00002f5e   00002f5e    r--
  00808000    00808000    00002f5e   00002f5e    r-- .const
0080af60    0080af60    00001ef0   00000000    rw-
  0080af60    0080af60    00001000   00000000    rw- .stack
  0080bf60    0080bf60    00000ef0   00000000    rw- .far
0080ce50    0080ce50    000017a0   00000c7c    rw-
  0080ce50    0080ce50    00000c7c   00000c7c    rw- .fardata
  0080dad0    0080dad0    00000800   00000000    rw- .l2data
  0080e2d0    0080e2d0    00000200   00000000    rw- .MCPILogBuffer
  0080e4d0    0080e4d0    00000120   00000000    rw- .cio
0080e5f0    0080e5f0    0000009c   0000009c    r--
  0080e5f0    0080e5f0    0000009c   0000009c    r-- .switch
0080e690    0080e690    00000021   00000000    rw-
  0080e690    0080e690    00000021   00000000    rw- .bss
0080e6b8    0080e6b8    0000001c   0000001c    rw-
  0080e6b8    0080e6b8    0000001c   0000001c    rw- .neardata
20000000    20000000    0000dbec   00000000    rw-
  20000000    20000000    0000dbec   00000000    rw- .l3ram


SECTION ALLOCATION MAP

 output                                  attributes/
section   page    origin      length       input sections
--------  ----  ----------  ----------   ----------------
xdc.meta   0    00000000    00000110     COPY SECTION
                  00000000    00000110     dss_pe674.oe674 (xdc.meta)

.vecs      0    007e0000    00000200     
                  007e0000    00000200     dss_pe674.oe674 (.vecs)

.text      0    007e0200    0001ae20     
                  007e0200    00001fe0     rts6740_elf.lib : _printfi.c.obj (.text:__TI_printfi)
                  007e21e0    00000da0     cfarprochwa_test_main.oe674 (.text:Test_task)
                  007e2f80    00000aa0     libhwa_xwr68xx.ae674 : hwa.oe674 (.text:HWA_configParamSet)
                  007e3a20    000009c0     cfarprochwa_test_main.oe674 (.text:test_cfar_ref)
                  007e43e0    000008a0     ti.targets.rts6000.ae674 : System.oe674 (.text:xdc_runtime_System_doPrint__I)
                  007e4c80    000007c0     sysbios.ae674 : BIOS.obj (.text:ti_sysbios_knl_Semaphore_pend__E)
                  007e5440    00000780                   : BIOS.obj (.text:ti_sysbios_family_c64p_Exception_handler__I)
                  007e5bc0    00000660     rts6740_elf.lib : _printfi.c.obj (.text:_pconv_a)
                  007e6220    00000620     sysbios.ae674 : BIOS.obj (.text:ti_sysbios_heaps_HeapMem_allocUnprotected__E)
                  007e6840    00000600     rts6740_elf.lib : divd.c.obj (.text:__c6xabi_divd)
                  007e6e40    000005c0     libhwa_xwr68xx.ae674 : hwa.oe674 (.text:HWA_configCommon)
                  007e7400    000005c0     sysbios.ae674 : BIOS.obj (.text:ti_sysbios_heaps_HeapMem_freeUnprotected__E)
                  007e79c0    00000540     cfarprochwa_test_main.oe674 (.text:Test_gen_detobj_ref)
                  007e7f00    00000520     sysbios.ae674 : BIOS.obj (.text:ti_sysbios_knl_Task_Instance_finalize__E)
                  007e8420    00000400     rts6740_elf.lib : _printfi.c.obj (.text:_pconv_g)
                  007e8820    000003e0     sysbios.ae674 : BIOS.obj (.text:ti_sysbios_knl_Task_Module_startup__E)
                  007e8c00    000003e0                   : BIOS.obj (.text:ti_sysbios_timers_rti_Timer_Module_startup__E)
                  007e8fe0    000003c0                   : BIOS.obj (.text:ti_sysbios_knl_Task_Instance_init__E)
                  007e93a0    00000360                   : BIOS.obj (.text:ti_sysbios_knl_Semaphore_post__E)
                  007e9700    00000320     rts6740_elf.lib : fputs.c.obj (.text:fputs)
                  007e9a20    000002e0     cfarprochwa_test_main.oe674 (.text:Test_printResults)
                  007e9d00    000002e0     sysbios.ae674 : BIOS.obj (.text:ti_sysbios_heaps_HeapMem_Instance_init__E)
                  007e9fe0    000002c0     libedma_xwr68xx.ae674 : edma.oe674 (.text:EDMA_configChannel)
                  007ea2a0    000002c0                           : edma.oe674 (.text:EDMA_configErrorMonitoring)
                  007ea560    000002c0     sysbios.ae674 : BIOS.obj (.text:ti_sysbios_knl_Clock_workFunc__E)
                  007ea820    000002a0     libcfarcaproc_hwa_xwr68xx.ae674 : cfarcaprochwa.oe674 (.text:DPU_CFARCAProcHWA_process)
                  007eaac0    000002a0     libedma_xwr68xx.ae674 : edma.oe674 (.text:EDMA_open)
                  007ead60    000002a0     libhwa_xwr68xx.ae674 : hwa.oe674 (.text:HWA_open)
                  007eb000    000002a0     rts6740_elf.lib : divf.c.obj (.text:__c6xabi_divf)
                  007eb2a0    000002a0                     : _printfi.c.obj (.text:_pconv_e)
                  007eb540    000002a0                     : _printfi.c.obj (.text:fcvt)
                  007eb7e0    00000280     sysbios.ae674 : BIOS.obj (.text:ti_sysbios_family_c64p_Cache_Module_startup__E)
                  007eba60    00000260     libtestlogger_xwr68xx.ae674 : logger.oe674 (.text:MCPI_setFeatureTestResult)
                  007ebcc0    00000260     rts6740_elf.lib : imath64.c.obj (.text:__c6xabi_divull)
                  007ebf20    00000260     sysbios.ae674 : BIOS.obj (.text:ti_sysbios_family_c64p_Hwi_dispatchCore__I)
                  007ec180    00000260     ti.targets.rts6000.ae674 : Startup.oe674 (.text:xdc_runtime_Startup_startMods__I)
                  007ec3e0    00000240     rts6740_elf.lib : fread.c.obj (.text:fread)
                  007ec620    00000240     cfarprochwa_test_main.oe674 (.text:test_dpu_control_cmd)
                  007ec860    00000240     sysbios.ae674 : BIOS.obj (.text:ti_sysbios_family_c64p_EventCombiner_dispatch__E)
                  007ecaa0    00000240                   : BIOS.obj (.text:ti_sysbios_family_c64p_Exception_internalHandler__I)
                  007ecce0    00000240                   : BIOS.obj (.text:ti_sysbios_timers_rti_Timer_getFreq__E)
                  007ecf20    00000240     ti.targets.rts6000.ae674 : Core-mem.oe674 (.text:xdc_runtime_Core_createObject__I)
                  007ed160    00000240     dss_pe674.oe674 (.text:xdc_runtime_System_printfExtend__I)
                  007ed3a0    00000220     libcfarcaproc_hwa_xwr68xx.ae674 : cfarcaprochwa.oe674 (.text:DPU_CFARCAProcHWA_config)
                  007ed5c0    00000220     libedma_xwr68xx.ae674 : edma.oe674 (.text:EDMA_transferComplete_isr)
                  007ed7e0    00000220     rts6740_elf.lib : open.c.obj (.text:open)
                  007eda00    00000220     sysbios.ae674 : BIOS.obj (.text:ti_sysbios_knl_Swi_run__I)
                  007edc20    00000200     rts6740_elf.lib : _printfi.c.obj (.text:_ltostr)
                  007ede20    00000200     sysbios.ae674 : c64p_Hwi_disp_always.obj (.text:_ti_sysbios_family_c64p_Hwi_dispatchAlways)
                  007ee020    00000200     cfarprochwa_test_main.oe674 (.text:aoaProc_test_hwaEdmainit)
                  007ee220    00000200     ti.targets.rts6000.ae674 : Error.oe674 (.text:xdc_runtime_Error_policyDefault__E)
                  007ee420    000001e0     libedma_xwr68xx.ae674 : edma.oe674 (.text:EDMA_init)
                  007ee600    000001e0     sysbios.ae674 : BIOS.obj (.text:ti_sysbios_family_c64p_EventCombiner_dispatchPlug__E)
                  007ee7e0    000001e0                   : BIOS.obj (.text:ti_sysbios_gates_GateMutex_enter__E)
                  007ee9c0    000001e0                   : BIOS.obj (.text:ti_sysbios_knl_Task_exit__E)
                  007eeba0    000001e0     ti.targets.rts6000.ae674 : Text.oe674 (.text:xdc_runtime_Text_putSite__E)
                  007eed80    000001c0     libdpedma_hwa_xwr68xx.ae674 : dpedma.oe674 (.text:DPEDMA_configSyncA_singleFrame)
                  007eef40    000001c0     libcfarcaproc_hwa_xwr68xx.ae674 : cfarcaprochwa.oe674 (.text:HWAutil_configCFAR)
                  007ef100    000001c0     cfarprochwa_test_main.oe674 (.text:Test_setProfile)
                  007ef2c0    000001c0     rts6740_elf.lib : imath40.c.obj (.text:__c6xabi_divul)
                  007ef480    000001c0                     : fopen.c.obj (.text:_openfile)
                  007ef640    000001c0                     : fputc.c.obj (.text:fputc)
                  007ef800    000001c0                     : frexp.c.obj (.text:frexp)
                  007ef9c0    000001c0                     : ldexp.c.obj (.text:ldexp)
                  007efb80    000001c0                     : setvbuf.c.obj (.text:setvbuf)
                  007efd40    000001c0     sysbios.ae674 : BIOS.obj (.text:ti_sysbios_knl_Task_checkStacks__E)
                  007eff00    000001a0     libcfarcaproc_hwa_xwr68xx.ae674 : cfarcaprochwa.oe674 (.text:CFARHWA_cfarRange_AND_cfarDoppler)
                  007f00a0    000001a0                                     : cfarcaprochwa.oe674 (.text:DPU_CFARCAProcHWA_control)
                  007f0240    000001a0     libedma_xwr68xx.ae674 : edma.oe674 (.text:EDMA_paramConfig_assist)
                  007f03e0    000001a0     rts6740_elf.lib : hostrename.c.obj (.text:HOSTrename)
                  007f0580    000001a0     cfarprochwa_test_main.oe674 (.text:Test_update_detobj_ref)
                  007f0720    000001a0     sysbios.ae674 : BIOS.obj (.text:ti_sysbios_family_c64p_Cache_getL2InitSize__I)
                  007f08c0    000001a0                   : BIOS.obj (.text:ti_sysbios_family_c64p_EventCombiner_disableEvent__E)
                  007f0a60    000001a0                   : BIOS.obj (.text:ti_sysbios_family_c64p_EventCombiner_enableEvent__E)
                  007f0c00    000001a0                   : BIOS.obj (.text:ti_sysbios_knl_Task_schedule__I)
                  007f0da0    000001a0                   : BIOS.obj (.text:ti_sysbios_timers_rti_Timer_startup__E)
                  007f0f40    000001a0     ti.targets.rts6000.ae674 : Core-smem.oe674 (.text:xdc_runtime_Core_constructObject__I)
                  007f10e0    00000180     cfarprochwa_test_main.oe674 (.text:cfarProc_test_dpuConfig)
                  007f1260    00000180     sysbios.ae674 : c64p_Exception_asm.obj (.text)
                  007f13e0    00000180     cfarprochwa_test_main.oe674 (.text:test_hwaPeakgroup_ref)
                  007f1560    00000180     sysbios.ae674 : BIOS.obj (.text:ti_sysbios_knl_Task_postInit__I)
                  007f16e0    00000180                   : BIOS.obj (.text:ti_sysbios_knl_Task_startCore__E)
                  007f1860    00000160     libedma_xwr68xx.ae674 : edma.oe674 (.text:EDMA_getErrorStatusInfo)
                  007f19c0    00000160     libhwa_xwr68xx.ae674 : hwa.oe674 (.text:HWA_paramDoneISR)
                  007f1b20    00000160     libsoc_xwr68xx.ae674 : soc_xwr68xx.oe674 (.text:SOC_ungateClock)
                  007f1c80    00000160     rts6740_elf.lib : _bufread.c.obj (.text:__TI_buff_read)
                  007f1de0    00000160     sysbios.ae674 : BIOS.obj (.text:ti_sysbios_family_c64p_Hwi_Module_startup__E)
                  007f1f40    00000160                   : BIOS.obj (.text:ti_sysbios_knl_Swi_post__E)
                  007f20a0    00000160     ti.targets.rts6000.ae674 : Text.oe674 (.text:xdc_runtime_Text_putMod__E)
                  007f2200    00000140     libedma_xwr68xx.ae674 : edma_low_level.oe674 (.text:EDMA3Init)
                  007f2340    00000140                           : edma.oe674 (.text:EDMA_clearErrors)
                  007f2480    00000140                           : edma.oe674 (.text:EDMA_startTransfer)
                  007f25c0    00000140     libsoc_xwr68xx.ae674 : soc.oe674 (.text:SOC_init)
                  007f2700    00000140     rts6740_elf.lib : imath64.c.obj (.text:__c6xabi_divlli)
                  007f2840    00000140     sysbios.ae674 : BIOS.obj (.text:ti_sysbios_family_c64p_Cache_getL1DInitSize__I)
                  007f2980    00000140                   : BIOS.obj (.text:ti_sysbios_family_c64p_Cache_getL1PInitSize__I)
                  007f2ac0    00000140                   : BIOS.obj (.text:ti_sysbios_knl_Semaphore_Instance_init__E)
                  007f2c00    00000140                   : BIOS.obj (.text:ti_sysbios_knl_Task_blockI__E)
                  007f2d40    00000140                   : BIOS.obj (.text:ti_sysbios_timers_rti_Timer_initDevice__I)
                  007f2e80    00000140     ti.targets.rts6000.ae674 : Core-mem.oe674 (.text:xdc_runtime_Core_deleteObject__I)
                  007f2fc0    00000140                              : Text.oe674 (.text:xdc_runtime_Text_putLab__E)
                  007f3100    00000120     libdpedma_hwa_xwr68xx.ae674 : dpedmahwa.oe674 (.text:DPEDMAHWA_configOneHotSignature)
                  007f3220    00000120     libedma_xwr68xx.ae674 : edma.oe674 (.text:EDMA_configParamSet)
                  007f3340    00000120     boot.ae674 : autoinit.oe674 (.text:_auto_init_elf)
                  007f3460    00000120     rts6740_elf.lib : _printfi.c.obj (.text:_pconv_f)
                  007f3580    00000120                     : fopen.c.obj (.text:fopen)
                  007f36a0    00000120                     : getdevice.c.obj (.text:getdevice)
                  007f37c0    00000120     sysbios.ae674 : BIOS.obj (.text:ti_sysbios_knl_Swi_restoreHwi__E)
                  007f38e0    00000120                   : BIOS.obj (.text:ti_sysbios_knl_Task_unblockI__E)
                  007f3a00    00000100     libcfarcaproc_hwa_xwr68xx.ae674 : cfarcaprochwa.oe674 (.text:DPU_CFARCAProcHWA_init)
                  007f3b00    00000100     libhwa_xwr68xx.ae674 : hwa.oe674 (.text:HWA_disableParamSetInterrupt)
                  007f3c00    00000100     libsoc_xwr68xx.ae674 : soc_xwr68xx_dss.oe674 (.text:SOC_deviceInit)
                  007f3d00    00000100                          : soc_xwr68xx.oe674 (.text:SOC_translateAddress)
                  007f3e00    00000100     rts6740_elf.lib : fclose.c.obj (.text:__TI_closefile)
                  007f3f00    00000100                     : _printfi.c.obj (.text:_mcpy)
                  007f4000    00000100                     : atoi.c.obj (.text:atoi)
                  007f4100    00000100                     : fflush.c.obj (.text:fflush)
                  007f4200    00000100                     : fseek.c.obj (.text:fseek)
                  007f4300    00000100     sysbios.ae674 : BIOS.obj (.text:ti_sysbios_knl_Swi_schedule__I)
                  007f4400    00000100     ti.targets.rts6000.ae674 : Error.oe674 (.text:xdc_runtime_Error_print__E)
                  007f4500    00000100                              : Memory.oe674 (.text:xdc_runtime_Memory_alloc__E)
                  007f4600    00000100                              : Startup.oe674 (.text:xdc_runtime_Startup_exec__E)
                  007f4700    000000e0     libedma_xwr68xx.ae674 : edma.oe674 (.text:EDMA_close)
                  007f47e0    000000e0                           : edma.oe674 (.text:EDMA_transferController_error_isr)
                  007f48c0    000000e0     rts6740_elf.lib : hostlseek.c.obj (.text:HOSTlseek)
                  007f49a0    000000e0                     : hostopen.c.obj (.text:HOSTopen)
                  007f4a80    000000e0                     : hostwrite.c.obj (.text:HOSTwrite)
                  007f4b60    000000e0                     : _ltoa.c.obj (.text:__TI_ltoa)
                  007f4c40    000000e0                     : _io_perm.c.obj (.text:__TI_wrt_ok)
                  007f4d20    000000e0                     : divi.asm.obj (.text:__divi)
                  007f4e00    000000e0                     : close.c.obj (.text:close)
                  007f4ee0    000000e0                     : exit.c.obj (.text:exit)
                  007f4fc0    000000e0     cfarprochwa_test_main.oe674 (.text:main)
                  007f50a0    000000e0     rts6740_elf.lib : memset.c.obj (.text:memset)
                  007f5180    000000e0                     : printf.c.obj (.text:printf)
                  007f5260    000000e0     sysbios.ae674 : BIOS.obj (.text:ti_sysbios_heaps_HeapMem_alloc__E)
                  007f5340    000000e0                   : BIOS.obj (.text:ti_sysbios_knl_Swi_runLoop__I)
                  007f5420    000000e0                   : BIOS.obj (.text:ti_sysbios_knl_Swi_startup__E)
                  007f5500    000000e0     ti.targets.rts6000.ae674 : Text.oe674 (.text:xdc_runtime_Text_visitRope2__I)
                  007f55e0    000000c0     libcfarcaproc_hwa_xwr68xx.ae674 : cfarcaprochwa.oe674 (.text:CFARCAHWA_config_EDMA)
                  007f56a0    000000c0                                     : cfarcaprochwa.oe674 (.text:CFARHWA_prepareHwaRunTime)
                  007f5760    000000c0     libedma_xwr68xx.ae674 : edma.oe674 (.text:EDMA_error_isr)
                  007f5820    000000c0     rts6740_elf.lib : hostread.c.obj (.text:HOSTread)
                  007f58e0    000000c0                     : hostunlink.c.obj (.text:HOSTunlink)
                  007f59a0    000000c0     libhwa_xwr68xx.ae674 : hwa.oe674 (.text:HWA_close)
                  007f5a60    000000c0                          : hwa.oe674 (.text:HWA_getDMAconfig)
                  007f5b20    000000c0                          : hwa.oe674 (.text:HWA_getDriverAccess)
                  007f5be0    000000c0                          : hwa.oe674 (.text:HWA_getHWAMemInfo)
                  007f5ca0    000000c0     rts6740_elf.lib : divu.asm.obj (.text:__divu)
                  007f5d60    000000c0     sysbios.ae674 : BIOS.obj (.text:ti_sysbios_heaps_HeapMem_getStats__E)
                  007f5e20    000000c0                   : BIOS.obj (.text:ti_sysbios_knl_Clock_logTick__E)
                  007f5ee0    000000c0                   : BIOS.obj (.text:ti_sysbios_knl_Task_allBlockedFunction__I)
                  007f5fa0    000000c0     dss_pe674.oe674 (.text:ti_sysbios_knl_Task_create)
                  007f6060    000000c0     rts6740_elf.lib : tls.c.obj (.text:tls:init:__TI_tls_init)
                  007f6120    000000c0     ti.targets.rts6000.ae674 : Assert.oe674 (.text:xdc_runtime_Assert_raise__I)
                  007f61e0    000000c0                              : Error.oe674 (.text:xdc_runtime_Error_setX__E)
                  007f62a0    000000a0     libcfarcaproc_hwa_xwr68xx.ae674 : cfarcaprochwa.oe674 (.text:CFARHWA_fovConvertDoppler)
                  007f6340    000000a0                                     : cfarcaprochwa.oe674 (.text:CFARHWA_saveConfiguration)
                  007f63e0    000000a0     libdpedma_hwa_xwr68xx.ae674 : dpedma.oe674 (.text:DPEDMA_setup_shadow_link)
                  007f6480    000000a0     libedma_xwr68xx.ae674 : edma_low_level.oe674 (.text:EDMA3EnableChInShadowReg)
                  007f6520    000000a0                           : edma.oe674 (.text:EDMA_disableChannel)
                  007f65c0    000000a0                           : edma.oe674 (.text:EDMA_enableChannel)
                  007f6660    000000a0     rts6740_elf.lib : hostclose.c.obj (.text:HOSTclose)
                  007f6700    000000a0     libhwa_xwr68xx.ae674 : hwa.oe674 (.text:HWA_deleteInstance)
                  007f67a0    000000a0                          : hwa.oe674 (.text:HWA_disableDoneInterrupt)
                  007f6840    000000a0                          : hwa.oe674 (.text:HWA_enable)
                  007f68e0    000000a0                          : hwa.oe674 (.text:HWA_enableDoneInterrupt)
                  007f6980    000000a0                          : hwa.oe674 (.text:HWA_readCFARPeakCountReg)
                  007f6a20    000000a0     libsoc_xwr68xx.ae674 : soc.oe674 (.text:SOC_SystemISR)
                  007f6ac0    000000a0     rts6740_elf.lib : fopen.c.obj (.text:__TI_cleanup)
                  007f6b60    000000a0                     : fflush.c.obj (.text:__TI_doflush)
                  007f6c00    000000a0                     : _io_perm.c.obj (.text:__TI_rd_ok)
                  007f6ca0    000000a0                     : remu.asm.obj (.text:__remu)
                  007f6d40    000000a0     boot.ae674 : boot.oe674 (.text:_c_int00)
                  007f6de0    000000a0     rts6740_elf.lib : _printfi.c.obj (.text:_ecpy)
                  007f6e80    000000a0                     : getdevice.c.obj (.text:finddevice)
                  007f6f20    000000a0                     : memcpy64.asm.obj (.text:memcpy)
                  007f6fc0    000000a0     sysbios.ae674 : BIOS.obj (.text:ti_sysbios_family_c64p_Exception_Module_startup__E)
                  007f7060    000000a0                   : BIOS.obj (.text:ti_sysbios_family_c64p_Hwi_dispatchC__I)
                  007f7100    000000a0                   : BIOS.obj (.text:ti_sysbios_family_c64p_Hwi_getStackInfo__E)
                  007f71a0    000000a0     ti.targets.rts6000.ae674 : Core-params.oe674 (.text:xdc_runtime_Core_assignParams__I)
                  007f7240    000000a0                              : System.oe674 (.text:xdc_runtime_System_formatNum__I)
                  007f72e0    000000a0                              : System.oe674 (.text:xdc_runtime_System_putchar__I)
                  007f7380    000000a0                              : Text.oe674 (.text:xdc_runtime_Text_printVisFxn__I)
                  007f7420    000000a0                              : Text.oe674 (.text:xdc_runtime_Text_xprintf__I)
                  007f74c0    00000080     libcfarcaproc_hwa_xwr68xx.ae674 : cfarcaprochwa.oe674 (.text:CFARHWA_convHwaCfarDetListToDetMask)
                  007f7540    00000080                                     : cfarcaprochwa.oe674 (.text:CFARHWA_fovConvertRange)
                  007f75c0    00000080     libedma_xwr68xx.ae674 : edma_low_level.oe674 (.text:EDMA3MapChToEvtQ)
                  007f7640    00000080                           : edma.oe674 (.text:EDMA_getTransferControllerErrorStatusInfo)
                  007f76c0    00000080                           : edma.oe674 (.text:EDMA_linkParamSets)
                  007f7740    00000080     libhwa_xwr68xx.ae674 : hwa.oe674 (.text:HWA_setDMA2ACCManualTrig)
                  007f77c0    00000080     libosal_xwr68xx.ae674 : SemaphoreP_tirtos.oe674 (.text:SemaphoreP_create)
                  007f7840    00000080     rts6740_elf.lib : trgmsg.c.obj (.text:__TI_readmsg)
                  007f78c0    00000080                     : llshift.c.obj (.text:__c6xabi_llshl)
                  007f7940    00000080                     : snprintf.c.obj (.text:_outs)
                  007f79c0    00000080     sysbios.ae674 : c62_TaskSupport_asm.obj (.text:_ti_sysbios_family_c62_TaskSupport_swap__E)
                  007f7a40    00000080     rts6740_elf.lib : fclose.c.obj (.text:fclose)
                  007f7ac0    00000080                     : snprintf.c.obj (.text:snprintf)
                  007f7b40    00000080     dss_pe674.oe674 (.text:ti_sysbios_BIOS_atExitFunc__I)
                  007f7bc0    00000080     dss_pe674.oe674 (.text:ti_sysbios_BIOS_registerRTSLock__I)
                  007f7c40    00000080     dss_pe674.oe674 (.text:ti_sysbios_gates_GateHwi_Object__create__S)
                  007f7cc0    00000080     dss_pe674.oe674 (.text:ti_sysbios_gates_GateMutex_Object__create__S)
                  007f7d40    00000080     sysbios.ae674 : BIOS.obj (.text:ti_sysbios_hal_Hwi_checkStack)
                  007f7dc0    00000080     dss_pe674.oe674 (.text:ti_sysbios_heaps_HeapMem_Object__create__S)
                  007f7e40    00000080     sysbios.ae674 : BIOS.obj (.text:ti_sysbios_heaps_HeapMem_init__I)
                  007f7ec0    00000080     dss_pe674.oe674 (.text:ti_sysbios_knl_Clock_doTick__I)
                  007f7f40    00000080     sysbios.ae674 : BIOS.obj (.text:ti_sysbios_knl_Idle_run__E)
                  007f7fc0    00000080     dss_pe674.oe674 (.text:ti_sysbios_knl_Semaphore_create)
                  007f8040    00000080     sysbios.ae674 : BIOS.obj (.text:ti_sysbios_knl_Semaphore_pendTimeout__I)
                  007f80c0    00000080                   : BIOS.obj (.text:ti_sysbios_knl_Task_processVitalTaskFlag__I)
                  007f8140    00000080     dss_pe674.oe674 (.text:ti_sysbios_rts_MemAlloc_alloc)
                  007f81c0    00000080     sysbios.ae674 : BIOS.obj (.text:ti_sysbios_timers_rti_Timer_stop__E)
                  007f8240    00000080     rts6740_elf.lib : unlink.c.obj (.text:unlink)
                  007f82c0    00000080     ti.targets.rts6000.ae674 : Core-label.oe674 (.text:xdc_runtime_Core_assignLabel__I)
                  007f8340    00000080                              : SysStd.oe674 (.text:xdc_runtime_SysStd_abort__E)
                  007f83c0    00000080                              : System.oe674 (.text:xdc_runtime_System_atexit__E)
                  007f8440    00000080                              : System.oe674 (.text:xdc_runtime_System_avprintf__E)
                  007f84c0    00000080                              : System.oe674 (.text:xdc_runtime_System_processAtExit__E)
                  007f8540    00000080                              : System.oe674 (.text:xdc_runtime_System_vprintf__E)
                  007f85c0    00000060     libcfarcaproc_hwa_xwr68xx.ae674 : cfarcaprochwa.oe674 (.text:CFARHWA_triggerCFAR)
                  007f8620    00000060                                     : cfarcaprochwa.oe674 (.text:DPU_CFARCAProcHWA_deinit)
                  007f8680    00000060     libedma_xwr68xx.ae674 : edma_low_level.oe674 (.text:EDMA3ClrEvt)
                  007f86e0    00000060                           : edma_low_level.oe674 (.text:EDMA3ClrIntr)
                  007f8740    00000060                           : edma_low_level.oe674 (.text:EDMA3ClrMissEvt)
                  007f87a0    00000060                           : edma_low_level.oe674 (.text:EDMA3DisableDmaEvt)
                  007f8800    00000060                           : edma_low_level.oe674 (.text:EDMA3DisableEvtIntr)
                  007f8860    00000060                           : edma_low_level.oe674 (.text:EDMA3EnableDmaEvt)
                  007f88c0    00000060                           : edma_low_level.oe674 (.text:EDMA3EnableEvtIntr)
                  007f8920    00000060                           : edma_low_level.oe674 (.text:EDMA3SetEvt)
                  007f8980    00000060                           : edma.oe674 (.text:EDMA_configTransferControllerError)
                  007f89e0    00000060                           : edma.oe674 (.text:EDMA_isError)
                  007f8a40    00000060                           : edma.oe674 (.text:EDMA_validate_channelIdchannelType)
                  007f8aa0    00000060     libhwa_xwr68xx.ae674 : hwa.oe674 (.text:HWA_allParamDoneISR)
                  007f8b00    00000060     gen_rand_data.oe674 (.text:RandSimple)
                  007f8b60    00000060     libsoc_xwr68xx.ae674 : soc_xwr68xx.oe674 (.text:SOC_enableHWA)
                  007f8bc0    00000060                          : soc.oe674 (.text:SOC_unhaltBSS)
                  007f8c20    00000060     rts6740_elf.lib : trgmsg.c.obj (.text:__TI_writemsg)
                  007f8c80    00000060                     : llshift.c.obj (.text:__c6xabi_llshru)
                  007f8ce0    00000060                     : imath64.c.obj (.text:__c6xabi_remlli)
                  007f8d40    00000060                     : imath64.c.obj (.text:_subcull)
                  007f8da0    00000060     sysbios.ae674 : c64p_Hwi_asm_switch.obj (.text:_ti_sysbios_family_c64p_Hwi_switchAndDispatch__I)
                  007f8e00    00000060                   : c64p_Hwi_asm_switch.obj (.text:_ti_sysbios_family_xxx_Hwi_switchAndRunFunc)
                  007f8e60    00000060     rts6740_elf.lib : lseek.c.obj (.text:lseek)
                  007f8ec0    00000060                     : memccpy.c.obj (.text:memccpy)
                  007f8f20    00000060                     : read.c.obj (.text:read)
                  007f8f80    00000060                     : sprintf.c.obj (.text:sprintf)
                  007f8fe0    00000060     dss_pe674.oe674 (.text:ti_sysbios_BIOS_errorRaiseHook__I)
                  007f9040    00000060     dss_pe674.oe674 (.text:ti_sysbios_BIOS_removeRTSLock__I)
                  007f90a0    00000060     dss_pe674.oe674 (.text:ti_sysbios_BIOS_startFunc__I)
                  007f9100    00000060     sysbios.ae674 : BIOS.obj (.text:ti_sysbios_family_c62_TaskSupport_start__E)
                  007f9160    00000060                   : BIOS.obj (.text:ti_sysbios_family_c64p_Cache_setMar__E)
                  007f91c0    00000060                   : BIOS.obj (.text:ti_sysbios_family_c64p_EventCombiner_Module_startup__E)
                  007f9220    00000060                   : BIOS.obj (.text:ti_sysbios_family_c64p_EventCombiner_unused__E)
                  007f9280    00000060     dss_pe674.oe674 (.text:ti_sysbios_gates_GateMutex_Object__delete__S)
                  007f92e0    00000060     sysbios.ae674 : BIOS.obj (.text:ti_sysbios_hal_Hwi_initStack)
                  007f9340    00000060                   : BIOS.obj (.text:ti_sysbios_heaps_HeapMem_free__E)
                  007f93a0    00000060                   : BIOS.obj (.text:ti_sysbios_knl_Clock_Module_startup__E)
                  007f9400    00000060     dss_pe674.oe674 (.text:ti_sysbios_knl_Queue_construct)
                  007f9460    00000060     dss_pe674.oe674 (.text:ti_sysbios_knl_Semaphore_construct)
                  007f94c0    00000060     sysbios.ae674 : BIOS.obj (.text:ti_sysbios_knl_Swi_Module_startup__E)
                  007f9520    00000060                   : BIOS.obj (.text:ti_sysbios_knl_Task_enter__I)
                  007f9580    00000060     rts6740_elf.lib : write.c.obj (.text:write)
                  007f95e0    00000060     ti.targets.rts6000.ae674 : Memory.oe674 (.text:xdc_runtime_Memory_valloc__E)
                  007f9640    00000060                              : Text.oe674 (.text:xdc_runtime_Text_cordText__E)
                  007f96a0    00000040     libhwa_xwr68xx.ae674 : hwa.oe674 (.text:CSL_FEXTR)
                  007f96e0    00000040     libsoc_xwr68xx.ae674 : soc.oe674 (.text:CSL_FEXTR)
                  007f9720    00000040                          : soc_xwr68xx.oe674 (.text:CSL_FEXTR)
                  007f9760    00000040     libhwa_xwr68xx.ae674 : hwa.oe674 (.text:CSL_FINSR)
                  007f97a0    00000040     libsoc_xwr68xx.ae674 : soc.oe674 (.text:CSL_FINSR)
                  007f97e0    00000040                          : soc_xwr68xx.oe674 (.text:CSL_FINSR)
                  007f9820    00000040                          : soc_xwr68xx_dss.oe674 (.text:CSL_FINSR)
                  007f9860    00000040     libedma_xwr68xx.ae674 : edma_low_level.oe674 (.text:EDMA3MapQdmaChToPaRAM)
                  007f98a0    00000040                           : edma_low_level.oe674 (.text:EDMA3SetPaRAM)
                  007f98e0    00000040                           : edma_low_level.oe674 (.text:EDMA3SetQdmaTrigWord)
                  007f9920    00000040     libosal_xwr68xx.ae674 : HwiP_tirtos.oe674 (.text:HwiP_create)
                  007f9960    00000040                           : HwiP_tirtos.oe674 (.text:HwiP_delete)
                  007f99a0    00000040     libtestlogger_xwr68xx.ae674 : logger.oe674 (.text:MCPI_Initialize)
                  007f99e0    00000040     libsoc_xwr68xx.ae674 : soc_xwr68xx_dss.oe674 (.text:SOC_getInAddr_LUTType)
                  007f9a20    00000040                          : soc_xwr68xx_dss.oe674 (.text:SOC_getOutAddr_LUTType)
                  007f9a60    00000040     rts6740_elf.lib : frcmpyd_div.c.obj (.text:__TI_frcmpyd_div)
                  007f9aa0    00000040                     : isinf.c.obj (.text:__c6xabi_isinf)
                  007f9ae0    00000040                     : _printfi.c.obj (.text:__c6xabi_isnan)
                  007f9b20    00000040                     : strasg.asm.obj (.text:__strasgi_64plus)
                  007f9b60    00000040                     : args_main.c.obj (.text:_args_main)
                  007f9ba0    00000040                     : snprintf.c.obj (.text:_outc)
                  007f9be0    00000040                     : sprintf.c.obj (.text:_outs)
                  007f9c20    00000040     sysbios.ae674 : c62_TaskSupport_asm.obj (.text:_ti_sysbios_family_c62_TaskSupport_buildTaskStack)
                  007f9c60    00000040     dss_pe674.oe674 (.text:free)
                  007f9ca0    00000040     mathutils.oe674 (.text:mathUtils_floorLog2)
                  007f9ce0    00000040     cfarprochwa_test_main.oe674 (.text:test_setParam)
                  007f9d20    00000040     dss_pe674.oe674 (.text:ti_sysbios_BIOS_exitFunc__I)
                  007f9d60    00000040     dss_pe674.oe674 (.text:ti_sysbios_BIOS_rtsLock__I)
                  007f9da0    00000040     dss_pe674.oe674 (.text:ti_sysbios_BIOS_rtsUnlock__I)
                  007f9de0    00000040     sysbios.ae674 : BIOS.obj (.text:ti_sysbios_family_c64p_Hwi_disableInterrupt__E)
                  007f9e20    00000040                   : BIOS.obj (.text:ti_sysbios_family_c64p_Hwi_enableInterrupt__E)
                  007f9e60    00000040     dss_pe674.oe674 (.text:ti_sysbios_gates_GateHwi_Handle__label__S)
                  007f9ea0    00000040     dss_pe674.oe674 (.text:ti_sysbios_gates_GateHwi_Object__delete__S)
                  007f9ee0    00000040     dss_pe674.oe674 (.text:ti_sysbios_gates_GateMutex_Handle__label__S)
                  007f9f20    00000040     sysbios.ae674 : BIOS.obj (.text:ti_sysbios_gates_GateMutex_Instance_init__E)
                  007f9f60    00000040                   : BIOS.obj (.text:ti_sysbios_gates_GateMutex_leave__E)
                  007f9fa0    00000040     dss_pe674.oe674 (.text:ti_sysbios_heaps_HeapMem_Handle__label__S)
                  007f9fe0    00000040     dss_pe674.oe674 (.text:ti_sysbios_heaps_HeapMem_Object__delete__S)
                  007fa020    00000040     dss_pe674.oe674 (.text:ti_sysbios_heaps_HeapMem_Object__get__S)
                  007fa060    00000040     dss_pe674.oe674 (.text:ti_sysbios_knl_Semaphore_destruct)
                  007fa0a0    00000040     dss_pe674.oe674 (.text:ti_sysbios_knl_Swi_Object__get__S)
                  007fa0e0    00000040     dss_pe674.oe674 (.text:ti_sysbios_knl_Task_Object__get__S)
                  007fa120    00000040     sysbios.ae674 : BIOS.obj (.text:ti_sysbios_timers_rti_Timer_periodicStub__E)
                  007fa160    00000040     rts6740_elf.lib : wcslen.c.obj (.text:wcslen)
                  007fa1a0    00000040     ti.targets.rts6000.ae674 : Error.oe674 (.text:xdc_runtime_Error_check__E)
                  007fa1e0    00000040                              : Error.oe674 (.text:xdc_runtime_Error_init__E)
                  007fa220    00000040                              : Registry.oe674 (.text:xdc_runtime_Registry_findById__E)
                  007fa260    00000040                              : System.oe674 (.text:xdc_runtime_System_abort__E)
                  007fa2a0    00000040     dss_pe674.oe674 (.text:xdc_runtime_System_aprintf__E)
                  007fa2e0    00000040     ti.targets.rts6000.ae674 : System.oe674 (.text:xdc_runtime_System_exit__E)
                  007fa320    00000040     dss_pe674.oe674 (.text:xdc_runtime_System_printf__E)
                  007fa360    00000020     libcfarcaproc_hwa_xwr68xx.ae674 : cfarcaprochwa.oe674 (.text:CFARCAHWADoneIsrCallback)
                  007fa380    00000020     libedma_xwr68xx.ae674 : edma_low_level.oe674 (.text:EDMA3ChannelToParamMap)
                  007fa3a0    00000020                           : edma_low_level.oe674 (.text:EDMA3ClrCCErr)
                  007fa3c0    00000020                           : edma_low_level.oe674 (.text:EDMA3DisableQdmaEvt)
                  007fa3e0    00000020                           : edma_low_level.oe674 (.text:EDMA3EnableQdmaEvt)
                  007fa400    00000020                           : edma_low_level.oe674 (.text:EDMA3ErrIntrHighStatusGet)
                  007fa420    00000020                           : edma_low_level.oe674 (.text:EDMA3GetCCErrStatus)
                  007fa440    00000020                           : edma_low_level.oe674 (.text:EDMA3GetErrIntrStatus)
                  007fa460    00000020                           : edma_low_level.oe674 (.text:EDMA3GetIntrStatus)
                  007fa480    00000020                           : edma_low_level.oe674 (.text:EDMA3IntrStatusHighGet)
                  007fa4a0    00000020                           : edma_low_level.oe674 (.text:EDMA3QdmaClrMissEvt)
                  007fa4c0    00000020                           : edma_low_level.oe674 (.text:EDMA3QdmaGetErrIntrStatus)
                  007fa4e0    00000020                           : edma.oe674 (.text:EDMA_getNumInstances)
                  007fa500    00000020                           : edma_low_level.oe674 (.text:EDMAsetRegion)
                  007fa520    00000020     libhwa_xwr68xx.ae674 : hwa.oe674 (.text:HWA_init)
                  007fa540    00000020     libosal_xwr68xx.ae674 : HwiP_tirtos.oe674 (.text:HwiP_Params_init)
                  007fa560    00000020                           : HwiP_tirtos.oe674 (.text:HwiP_disable)
                  007fa580    00000020                           : HwiP_tirtos.oe674 (.text:HwiP_disableInterrupt)
                  007fa5a0    00000020                           : HwiP_tirtos.oe674 (.text:HwiP_enableInterrupt)
                  007fa5c0    00000020                           : HwiP_tirtos.oe674 (.text:HwiP_restore)
                  007fa5e0    00000020     libtestlogger_xwr68xx.ae674 : logger.oe674 (.text:MCPI_setTestResult)
                  007fa600    00000020     libosal_xwr68xx.ae674 : MemoryP_tirtos.oe674 (.text:MemoryP_ctrlAlloc)
                  007fa620    00000020                           : MemoryP_tirtos.oe674 (.text:MemoryP_ctrlFree)
                  007fa640    00000020     cfarprochwa_test_main.oe674 (.text:MmwDemo_EDMA_errorCallbackFxn)
                  007fa660    00000020     cfarprochwa_test_main.oe674 (.text:MmwDemo_EDMA_transferControllerErrorCallbackFxn)
                  007fa680    00000020     libosal_xwr68xx.ae674 : SemaphoreP_tirtos.oe674 (.text:SemaphoreP_Params_init)
                  007fa6a0    00000020                           : SemaphoreP_tirtos.oe674 (.text:SemaphoreP_pend)
                  007fa6c0    00000020                           : SemaphoreP_tirtos.oe674 (.text:SemaphoreP_post)
                  007fa6e0    00000020                           : DebugP_tirtos.oe674 (.text:_DebugP_assert)
                  007fa700    00000020     rts6740_elf.lib : errno.c.obj (.text:__c6xabi_errno_addr)
                  007fa720    00000020                     : push.asm.obj (.text:__pop_rts)
                  007fa740    00000020                     : push.asm.obj (.text:__push_rts)
                  007fa760    00000020                     : _lock.c.obj (.text:_nop)
                  007fa780    00000020                     : printf.c.obj (.text:_outc)
                  007fa7a0    00000020                     : sprintf.c.obj (.text:_outc)
                  007fa7c0    00000020                     : printf.c.obj (.text:_outs)
                  007fa7e0    00000020                     : _lock.c.obj (.text:_register_lock)
                  007fa800    00000020                     : _lock.c.obj (.text:_register_unlock)
                  007fa820    00000020                     : signbit.c.obj (.text:_signbit)
                  007fa840    00000020     sysbios.ae674 : c62_TaskSupport_asm.obj (.text:_ti_sysbios_family_c62_TaskSupport_glue)
                  007fa860    00000020     rts6740_elf.lib : exit.c.obj (.text:abort)
                  007fa880    00000020                     : llabs.c.obj (.text:llabs)
                  007fa8a0    00000020                     : fputc.c.obj (.text:putchar)
                  007fa8c0    00000020     dss_pe674.oe674 (.text:ti_sysbios_BIOS_RtsGateProxy_enter__E)
                  007fa8e0    00000020     dss_pe674.oe674 (.text:ti_sysbios_BIOS_RtsGateProxy_leave__E)
                  007fa900    00000020     sysbios.ae674 : BIOS.obj (.text:ti_sysbios_BIOS_exit__E)
                  007fa920    00000020                   : BIOS.obj (.text:ti_sysbios_BIOS_linkedWithIncorrectBootLibrary__E)
                  007fa940    00000020     dss_pe674.oe674 (.text:ti_sysbios_BIOS_nullFunc__I)
                  007fa960    00000020     sysbios.ae674 : BIOS.obj (.text:ti_sysbios_BIOS_setThreadType__E)
                  007fa980    00000020                   : BIOS.obj (.text:ti_sysbios_BIOS_start__E)
                  007fa9a0    00000020     dss_pe674.oe674 (.text:ti_sysbios_family_c62_TaskSupport_Module__startupDone__S)
                  007fa9c0    00000020     sysbios.ae674 : BIOS.obj (.text:ti_sysbios_family_c62_TaskSupport_checkStack__E)
                  007fa9e0    00000020                   : BIOS.obj (.text:ti_sysbios_family_c62_TaskSupport_getStackAlignment__E)
                  007faa00    00000020     dss_pe674.oe674 (.text:ti_sysbios_family_c64p_Hwi_Module__startupDone__F)
                  007faa20    00000020     sysbios.ae674 : BIOS.obj (.text:ti_sysbios_family_c64p_Hwi_clearInterrupt__E)
                  007faa40    00000020                   : BIOS.obj (.text:ti_sysbios_family_c64p_Hwi_startup__E)
                  007faa60    00000020                   : BIOS.obj (.text:ti_sysbios_family_c64p_Hwi_switchFromBootStack__E)
                  007faa80    00000020                   : BIOS.obj (.text:ti_sysbios_gates_GateHwi_Instance_init__E)
                  007faaa0    00000020                   : BIOS.obj (.text:ti_sysbios_gates_GateHwi_enter__E)
                  007faac0    00000020                   : BIOS.obj (.text:ti_sysbios_gates_GateHwi_leave__E)
                  007faae0    00000020                   : BIOS.obj (.text:ti_sysbios_gates_GateHwi_query__E)
                  007fab00    00000020                   : BIOS.obj (.text:ti_sysbios_gates_GateMutex_Instance_finalize__E)
                  007fab20    00000020                   : BIOS.obj (.text:ti_sysbios_gates_GateMutex_query__E)
                  007fab40    00000020                   : BIOS.obj (.text:ti_sysbios_hal_Hwi_Module_startup__E)
                  007fab60    00000020     dss_pe674.oe674 (.text:ti_sysbios_heaps_HeapMem_Module_GateProxy_enter__E)
                  007fab80    00000020     dss_pe674.oe674 (.text:ti_sysbios_heaps_HeapMem_Module_GateProxy_leave__E)
                  007faba0    00000020     sysbios.ae674 : BIOS.obj (.text:ti_sysbios_heaps_HeapMem_isBlocking__E)
                  007fabc0    00000020     dss_pe674.oe674 (.text:ti_sysbios_knl_Clock_TimerProxy_getMaxTicks__E)
                  007fabe0    00000020     sysbios.ae674 : BIOS.obj (.text:ti_sysbios_knl_Idle_loop__E)
                  007fac00    00000020                   : BIOS.obj (.text:ti_sysbios_knl_Queue_Instance_init__E)
                  007fac20    00000020     dss_pe674.oe674 (.text:ti_sysbios_knl_Queue_Object__get__S)
                  007fac40    00000020     dss_pe674.oe674 (.text:ti_sysbios_knl_Queue_destruct)
                  007fac60    00000020     sysbios.ae674 : BIOS.obj (.text:ti_sysbios_knl_Queue_empty__E)
                  007fac80    00000020                   : BIOS.obj (.text:ti_sysbios_knl_Semaphore_Instance_finalize__E)
                  007faca0    00000020     dss_pe674.oe674 (.text:ti_sysbios_knl_Semaphore_Params__init__S)
                  007facc0    00000020     sysbios.ae674 : BIOS.obj (.text:ti_sysbios_knl_Swi_disable__E)
                  007face0    00000020     dss_pe674.oe674 (.text:ti_sysbios_knl_Task_Params__init__S)
                  007fad00    00000020     sysbios.ae674 : BIOS.obj (.text:ti_sysbios_knl_Task_disable__E)
                  007fad20    00000020                   : BIOS.obj (.text:ti_sysbios_knl_Task_startup__E)
                  007fad40    00000020     dss_pe674.oe674 (.text:ti_sysbios_timers_rti_Timer_Module__startupDone__F)
                  007fad60    00000020     sysbios.ae674 : BIOS.obj (.text:ti_sysbios_timers_rti_Timer_getMaxTicks__E)
                  007fad80    00000020     ti.targets.rts6000.ae674 : Error.oe674 (.text:xdc_runtime_Error_getSite__E)
                  007fada0    00000020                              : Error.oe674 (.text:xdc_runtime_Error_raiseX__E)
                  007fadc0    00000020                              : Gate.oe674 (.text:xdc_runtime_Gate_enterSystem__E)
                  007fade0    00000020                              : Gate.oe674 (.text:xdc_runtime_Gate_leaveSystem__E)
                  007fae00    00000020     dss_pe674.oe674 (.text:xdc_runtime_IHeap_alloc)
                  007fae20    00000020     dss_pe674.oe674 (.text:xdc_runtime_IHeap_free)
                  007fae40    00000020     ti.targets.rts6000.ae674 : Memory.oe674 (.text:xdc_runtime_Memory_calloc__E)
                  007fae60    00000020                              : Memory.oe674 (.text:xdc_runtime_Memory_free__E)
                  007fae80    00000020                              : Memory.oe674 (.text:xdc_runtime_Memory_getMaxDefaultTypeAlign__E)
                  007faea0    00000020     dss_pe674.oe674 (.text:xdc_runtime_Startup_exec__I)
                  007faec0    00000020     dss_pe674.oe674 (.text:xdc_runtime_Startup_reset__I)
                  007faee0    00000020     ti.targets.rts6000.ae674 : Startup.oe674 (.text:xdc_runtime_Startup_rtsDone__E)
                  007faf00    00000020                              : SysStd.oe674 (.text:xdc_runtime_SysStd_exit__E)
                  007faf20    00000020                              : SysStd.oe674 (.text:xdc_runtime_SysStd_putch__E)
                  007faf40    00000020                              : SysStd.oe674 (.text:xdc_runtime_SysStd_ready__E)
                  007faf60    00000020     dss_pe674.oe674 (.text:xdc_runtime_System_Module_GateProxy_enter__E)
                  007faf80    00000020     dss_pe674.oe674 (.text:xdc_runtime_System_Module_GateProxy_leave__E)
                  007fafa0    00000020     ti.targets.rts6000.ae674 : System.oe674 (.text:xdc_runtime_System_Module_startup__E)
                  007fafc0    00000020                              : System.oe674 (.text:xdc_runtime_System_vsnprintf__E)
                  007fafe0    00000020                              : Text.oe674 (.text:xdc_runtime_Text_ropeText__E)
                  007fb000    00000020     dss_pe674.oe674 (.text:xdc_runtime_Text_visitRope__I)

systemHeap 
*          0    00800000    00008000     UNINITIALIZED
                  00800000    00008000     dss_pe674.oe674 (systemHeap)

.const     0    00808000    00002f5e     
                  00808000    000019be     dss_pe674.oe674 (.const:xdc_runtime_Text_charTab__A)
                  008099be    00000002     dss_pe674.oe674 (.const:ti_sysbios_family_c64p_Cache_Module__id__C)
                  008099c0    000005e0     cfarprochwa_test_main.oe674 (.const:.string)
                  00809fa0    00000518     sysbios.ae674 : BIOS.obj (.const:.string)
                  0080a4b8    00000101     rts6740_elf.lib : ctype.c.obj (.const:.string:_ctypes_)
                  0080a5b9    00000001     --HOLE-- [fill = 0]
                  0080a5ba    00000002     dss_pe674.oe674 (.const:ti_sysbios_family_c64p_EventCombiner_Module__id__C)
                  0080a5bc    00000004     ti.targets.rts6000.ae674 : Assert.oe674 (.const:.string)
                  0080a5c0    000000c8     dss_pe674.oe674 (.const:xdc_runtime_Text_nodeTab__A)
                  0080a688    00000094     libtestlogger_xwr68xx.ae674 : logger.oe674 (.const:.string)
                  0080a71c    00000074     dss_pe674.oe674 (.const:.string)
                  0080a790    00000058     libedma_xwr68xx.ae674 : edma.oe674 (.const:.string)
                  0080a7e8    00000058     ti.targets.rts6000.ae674 : Error.oe674 (.const:.string)
                  0080a840    00000044     dss_pe674.oe674 (.const:ti_sysbios_knl_Task_Object__PARAMS__C)
                  0080a884    00000040     ti.targets.rts6000.ae674 : Text.oe674 (.const:.string)
                  0080a8c4    00000004     dss_pe674.oe674 (.const:ti_sysbios_family_c62_TaskSupport_stackAlignment__C)
                  0080a8c8    00000040     libhwa_xwr68xx.ae674 : hwa.oe674 (.const:gHwaTrigSignatures)
                  0080a908    0000003c     libsoc_xwr68xx.ae674 : soc_xwr68xx_dss.oe674 (.const:.string)
                  0080a944    00000004     dss_pe674.oe674 (.const:ti_sysbios_family_c64p_Cache_E_invalidL1CacheSize__C)
                  0080a948    00000038     libedma_xwr68xx.ae674 : edma_xwr1xxx.oe674 (.const:gEdmaHwAttrs)
                  0080a980    0000002c     ti.targets.rts6000.ae674 : Startup.oe674 (.const:.string)
                  0080a9ac    00000004     dss_pe674.oe674 (.const:ti_sysbios_family_c64p_Cache_E_invalidL2CacheSize__C)
                  0080a9b0    00000028     cfarprochwa_test_main.oe674 (.const:$P$T0$1)
                  0080a9d8    00000028     dss_pe674.oe674 (.const:ti_sysbios_heaps_HeapMem_Module__FXNS__C)
                  0080aa00    00000028     dss_pe674.oe674 (.const:xdc_runtime_Startup_sfxnTab__A)
                  0080aa28    00000024     rts6740_elf.lib : _printfi.c.obj (.const:.string)
                  0080aa4c    00000024     dss_pe674.oe674 (.const:ti_sysbios_gates_GateHwi_Module__FXNS__C)
                  0080aa70    00000024     dss_pe674.oe674 (.const:ti_sysbios_gates_GateMutex_Module__FXNS__C)
                  0080aa94    00000024     dss_pe674.oe674 (.const:ti_sysbios_heaps_HeapMem_Object__PARAMS__C)
                  0080aab8    00000024     dss_pe674.oe674 (.const:ti_sysbios_knl_Semaphore_Object__PARAMS__C)
                  0080aadc    00000020     libhwa_xwr68xx.ae674 : hwa.oe674 (.const:$P$T0$1)
                  0080aafc    00000020                          : hwa.oe674 (.const:.string)
                  0080ab1c    00000020     libosal_xwr68xx.ae674 : SemaphoreP_tirtos.oe674 (.const:.string)
                  0080ab3c    00000020     dss_pe674.oe674 (.const:ti_sysbios_gates_GateHwi_Object__DESC__C)
                  0080ab5c    00000020     dss_pe674.oe674 (.const:ti_sysbios_gates_GateMutex_Object__DESC__C)
                  0080ab7c    00000020     dss_pe674.oe674 (.const:ti_sysbios_heaps_HeapMem_Object__DESC__C)
                  0080ab9c    00000020     dss_pe674.oe674 (.const:ti_sysbios_knl_Queue_Object__DESC__C)
                  0080abbc    00000020     dss_pe674.oe674 (.const:ti_sysbios_knl_Semaphore_Object__DESC__C)
                  0080abdc    00000020     dss_pe674.oe674 (.const:ti_sysbios_knl_Task_Object__DESC__C)
                  0080abfc    00000004     dss_pe674.oe674 (.const:ti_sysbios_family_c64p_Cache_MAR0_31__C)
                  0080ac00    0000001c     cfarprochwa_test_main.oe674 (.const:$P$T1$2)
                  0080ac1c    0000001c     libosal_xwr68xx.ae674 : HwiP_tirtos.oe674 (.const:.string)
                  0080ac38    00000018     ti.targets.rts6000.ae674 : System.oe674 (.const:.string)
                  0080ac50    00000018     dss_pe674.oe674 (.const:ti_sysbios_gates_GateHwi_Object__PARAMS__C)
                  0080ac68    00000018     dss_pe674.oe674 (.const:ti_sysbios_gates_GateMutex_Object__PARAMS__C)
                  0080ac80    00000018     dss_pe674.oe674 (.const:ti_sysbios_knl_Queue_Object__PARAMS__C)
                  0080ac98    00000014     dss_pe674.oe674 (.const:xdc_runtime_Startup_sfxnRts__A)
                  0080acac    00000004     dss_pe674.oe674 (.const:ti_sysbios_family_c64p_Cache_MAR128_159__C)
                  0080acb0    00000010     libedma_xwr68xx.ae674 : edma.oe674 (.const:EDMA_config$1)
                  0080acc0    00000010     dss_pe674.oe674 (.const:ti_sysbios_family_c64p_EventCombiner_EVTMASK__C)
                  0080acd0    00000008     dss_pe674.oe674 (.const:ti_sysbios_knl_Idle_funcList__C)
                  0080acd8    00000008     dss_pe674.oe674 (.const:xdc_runtime_Startup_firstFxns__A)
                  0080ace0    00000008     dss_pe674.oe674 (.const:xdc_runtime_Startup_firstFxns__C)
                  0080ace8    00000008     dss_pe674.oe674 (.const:xdc_runtime_Startup_lastFxns__C)
                  0080acf0    00000007     cfarprochwa_test_main.oe674 (.const:.string:$P$T3$4)
                  0080acf7    00000001     --HOLE-- [fill = 0]
                  0080acf8    00000006     cfarprochwa_test_main.oe674 (.const:.string:$P$T2$3)
                  0080acfe    00000002     dss_pe674.oe674 (.const:ti_sysbios_family_c64p_Exception_Module__id__C)
                  0080ad00    00000004     dss_pe674.oe674 (.const:ti_sysbios_family_c64p_Cache_MAR160_191__C)
                  0080ad04    00000004     dss_pe674.oe674 (.const:ti_sysbios_family_c64p_Cache_MAR192_223__C)
                  0080ad08    00000004     dss_pe674.oe674 (.const:ti_sysbios_family_c64p_Cache_MAR224_255__C)
                  0080ad0c    00000004     dss_pe674.oe674 (.const:ti_sysbios_family_c64p_Cache_MAR32_63__C)
                  0080ad10    00000004     dss_pe674.oe674 (.const:ti_sysbios_family_c64p_Cache_MAR64_95__C)
                  0080ad14    00000004     dss_pe674.oe674 (.const:ti_sysbios_family_c64p_Cache_MAR96_127__C)
                  0080ad18    00000004     dss_pe674.oe674 (.const:ti_sysbios_family_c64p_EventCombiner_A_invalidEventId__C)
                  0080ad1c    00000004     dss_pe674.oe674 (.const:ti_sysbios_family_c64p_EventCombiner_EVTRegs__C)
                  0080ad20    00000004     dss_pe674.oe674 (.const:ti_sysbios_family_c64p_EventCombiner_E_unpluggedEvent__C)
                  0080ad24    00000004     dss_pe674.oe674 (.const:ti_sysbios_family_c64p_EventCombiner_Module__diagsEnabled__C)
                  0080ad28    00000004     dss_pe674.oe674 (.const:ti_sysbios_family_c64p_EventCombiner_Module__diagsIncluded__C)
                  0080ad2c    00000004     dss_pe674.oe674 (.const:ti_sysbios_family_c64p_EventCombiner_Module__diagsMask__C)
                  0080ad30    00000004     dss_pe674.oe674 (.const:ti_sysbios_family_c64p_Exception_E_exceptionMax__C)
                  0080ad34    00000004     dss_pe674.oe674 (.const:ti_sysbios_family_c64p_Exception_exceptionHook__C)
                  0080ad38    00000004     dss_pe674.oe674 (.const:ti_sysbios_family_c64p_Exception_externalHook__C)
                  0080ad3c    00000004     dss_pe674.oe674 (.const:ti_sysbios_family_c64p_Exception_internalHook__C)
                  0080ad40    00000004     dss_pe674.oe674 (.const:ti_sysbios_family_c64p_Exception_nmiHook__C)
                  0080ad44    00000004     dss_pe674.oe674 (.const:ti_sysbios_family_c64p_Hwi_INTRMUX1Address__C)
                  0080ad48    00000004     dss_pe674.oe674 (.const:ti_sysbios_family_c64p_Hwi_LD_end__C)
                  0080ad4c    00000004     dss_pe674.oe674 (.const:ti_sysbios_family_c64p_Hwi_LM_begin__C)
                  0080ad50    00000004     dss_pe674.oe674 (.const:ti_sysbios_family_c64p_Hwi_Module__diagsEnabled__C)
                  0080ad54    00000004     dss_pe674.oe674 (.const:ti_sysbios_family_c64p_Hwi_Module__diagsIncluded__C)
                  0080ad58    00000004     dss_pe674.oe674 (.const:ti_sysbios_family_c64p_Hwi_Module__diagsMask__C)
                  0080ad5c    00000004     dss_pe674.oe674 (.const:ti_sysbios_family_c64p_Hwi_Module__loggerFxn1__C)
                  0080ad60    00000004     dss_pe674.oe674 (.const:ti_sysbios_family_c64p_Hwi_Module__loggerFxn8__C)
                  0080ad64    00000004     dss_pe674.oe674 (.const:ti_sysbios_family_c64p_Hwi_Module__loggerObj__C)
                  0080ad68    00000004     dss_pe674.oe674 (.const:ti_sysbios_gates_GateMutex_A_badContext__C)
                  0080ad6c    00000004     dss_pe674.oe674 (.const:ti_sysbios_gates_GateMutex_Instance_State_sem__O)
                  0080ad70    00000004     dss_pe674.oe674 (.const:ti_sysbios_gates_GateMutex_Module__diagsEnabled__C)
                  0080ad74    00000004     dss_pe674.oe674 (.const:ti_sysbios_gates_GateMutex_Module__diagsIncluded__C)
                  0080ad78    00000004     dss_pe674.oe674 (.const:ti_sysbios_gates_GateMutex_Module__diagsMask__C)
                  0080ad7c    00000004     dss_pe674.oe674 (.const:ti_sysbios_hal_Hwi_E_stackOverflow__C)
                  0080ad80    00000004     dss_pe674.oe674 (.const:ti_sysbios_heaps_HeapMem_A_align__C)
                  0080ad84    00000004     dss_pe674.oe674 (.const:ti_sysbios_heaps_HeapMem_A_heapSize__C)
                  0080ad88    00000004     dss_pe674.oe674 (.const:ti_sysbios_heaps_HeapMem_A_invalidFree__C)
                  0080ad8c    00000004     dss_pe674.oe674 (.const:ti_sysbios_heaps_HeapMem_A_zeroBlock__C)
                  0080ad90    00000004     dss_pe674.oe674 (.const:ti_sysbios_heaps_HeapMem_E_memory__C)
                  0080ad94    00000004     dss_pe674.oe674 (.const:ti_sysbios_heaps_HeapMem_Module__diagsEnabled__C)
                  0080ad98    00000004     dss_pe674.oe674 (.const:ti_sysbios_heaps_HeapMem_Module__diagsIncluded__C)
                  0080ad9c    00000004     dss_pe674.oe674 (.const:ti_sysbios_heaps_HeapMem_Module__diagsMask__C)
                  0080ada0    00000004     dss_pe674.oe674 (.const:ti_sysbios_heaps_HeapMem_Module__gateObj__C)
                  0080ada4    00000004     dss_pe674.oe674 (.const:ti_sysbios_heaps_HeapMem_Object__count__C)
                  0080ada8    00000004     dss_pe674.oe674 (.const:ti_sysbios_heaps_HeapMem_reqAlign__C)
                  0080adac    00000004     dss_pe674.oe674 (.const:ti_sysbios_knl_Clock_LM_begin__C)
                  0080adb0    00000004     dss_pe674.oe674 (.const:ti_sysbios_knl_Clock_LM_tick__C)
                  0080adb4    00000004     dss_pe674.oe674 (.const:ti_sysbios_knl_Clock_LW_delayed__C)
                  0080adb8    00000004     dss_pe674.oe674 (.const:ti_sysbios_knl_Clock_Module_State_clockQ__O)
                  0080adbc    00000004     dss_pe674.oe674 (.const:ti_sysbios_knl_Clock_Module__diagsEnabled__C)
                  0080adc0    00000004     dss_pe674.oe674 (.const:ti_sysbios_knl_Clock_Module__diagsIncluded__C)
                  0080adc4    00000004     dss_pe674.oe674 (.const:ti_sysbios_knl_Clock_Module__diagsMask__C)
                  0080adc8    00000004     dss_pe674.oe674 (.const:ti_sysbios_knl_Clock_Module__loggerFxn1__C)
                  0080adcc    00000004     dss_pe674.oe674 (.const:ti_sysbios_knl_Clock_Module__loggerFxn2__C)
                  0080add0    00000004     dss_pe674.oe674 (.const:ti_sysbios_knl_Clock_Module__loggerObj__C)
                  0080add4    00000004     dss_pe674.oe674 (.const:ti_sysbios_knl_Semaphore_A_badContext__C)
                  0080add8    00000004     dss_pe674.oe674 (.const:ti_sysbios_knl_Idle_funcList__A)
                  0080addc    00000004     dss_pe674.oe674 (.const:ti_sysbios_knl_Semaphore_A_noEvents__C)
                  0080ade0    00000004     dss_pe674.oe674 (.const:ti_sysbios_knl_Semaphore_A_overflow__C)
                  0080ade4    00000004     dss_pe674.oe674 (.const:ti_sysbios_knl_Semaphore_A_pendTaskDisabled__C)
                  0080ade8    00000004     dss_pe674.oe674 (.const:ti_sysbios_knl_Semaphore_Instance_State_pendQ__O)
                  0080adec    00000004     dss_pe674.oe674 (.const:ti_sysbios_knl_Semaphore_LM_pend__C)
                  0080adf0    00000004     dss_pe674.oe674 (.const:ti_sysbios_knl_Semaphore_LM_post__C)
                  0080adf4    00000004     dss_pe674.oe674 (.const:ti_sysbios_knl_Semaphore_Module__diagsEnabled__C)
                  0080adf8    00000004     dss_pe674.oe674 (.const:ti_sysbios_knl_Semaphore_Module__diagsIncluded__C)
                  0080adfc    00000004     dss_pe674.oe674 (.const:ti_sysbios_knl_Semaphore_Module__diagsMask__C)
                  0080ae00    00000004     dss_pe674.oe674 (.const:ti_sysbios_knl_Semaphore_Module__loggerFxn2__C)
                  0080ae04    00000004     dss_pe674.oe674 (.const:ti_sysbios_knl_Semaphore_Module__loggerFxn4__C)
                  0080ae08    00000004     dss_pe674.oe674 (.const:ti_sysbios_knl_Semaphore_Module__loggerObj__C)
                  0080ae0c    00000004     dss_pe674.oe674 (.const:ti_sysbios_knl_Swi_LD_end__C)
                  0080ae10    00000004     dss_pe674.oe674 (.const:ti_sysbios_knl_Swi_LM_begin__C)
                  0080ae14    00000004     dss_pe674.oe674 (.const:ti_sysbios_knl_Swi_LM_post__C)
                  0080ae18    00000004     dss_pe674.oe674 (.const:ti_sysbios_knl_Swi_Module__diagsEnabled__C)
                  0080ae1c    00000004     dss_pe674.oe674 (.const:ti_sysbios_knl_Swi_Module__diagsIncluded__C)
                  0080ae20    00000004     dss_pe674.oe674 (.const:ti_sysbios_knl_Swi_Module__diagsMask__C)
                  0080ae24    00000004     dss_pe674.oe674 (.const:ti_sysbios_knl_Swi_Module__loggerFxn1__C)
                  0080ae28    00000004     dss_pe674.oe674 (.const:ti_sysbios_knl_Swi_Module__loggerFxn4__C)
                  0080ae2c    00000004     dss_pe674.oe674 (.const:ti_sysbios_knl_Swi_Module__loggerObj__C)
                  0080ae30    00000004     dss_pe674.oe674 (.const:ti_sysbios_knl_Swi_Object__count__C)
                  0080ae34    00000004     dss_pe674.oe674 (.const:ti_sysbios_knl_Task_A_badPriority__C)
                  0080ae38    00000004     dss_pe674.oe674 (.const:ti_sysbios_knl_Task_A_badTaskState__C)
                  0080ae3c    00000004     dss_pe674.oe674 (.const:ti_sysbios_knl_Task_A_badThreadType__C)
                  0080ae40    00000004     dss_pe674.oe674 (.const:ti_sysbios_knl_Task_A_noPendElem__C)
                  0080ae44    00000004     dss_pe674.oe674 (.const:ti_sysbios_knl_Task_E_spOutOfBounds__C)
                  0080ae48    00000004     dss_pe674.oe674 (.const:ti_sysbios_knl_Task_E_stackOverflow__C)
                  0080ae4c    00000004     dss_pe674.oe674 (.const:ti_sysbios_knl_Task_LD_block__C)
                  0080ae50    00000004     dss_pe674.oe674 (.const:ti_sysbios_knl_Task_LD_exit__C)
                  0080ae54    00000004     dss_pe674.oe674 (.const:ti_sysbios_knl_Task_LD_ready__C)
                  0080ae58    00000004     dss_pe674.oe674 (.const:ti_sysbios_knl_Task_LM_switch__C)
                  0080ae5c    00000004     dss_pe674.oe674 (.const:ti_sysbios_knl_Task_Module_State_inactiveQ__O)
                  0080ae60    00000004     dss_pe674.oe674 (.const:ti_sysbios_knl_Task_Module__diagsEnabled__C)
                  0080ae64    00000004     dss_pe674.oe674 (.const:ti_sysbios_knl_Task_Module__diagsIncluded__C)
                  0080ae68    00000004     dss_pe674.oe674 (.const:ti_sysbios_knl_Task_Module__diagsMask__C)
                  0080ae6c    00000004     dss_pe674.oe674 (.const:ti_sysbios_knl_Task_Module__loggerFxn2__C)
                  0080ae70    00000004     dss_pe674.oe674 (.const:ti_sysbios_knl_Task_Module__loggerFxn4__C)
                  0080ae74    00000004     dss_pe674.oe674 (.const:ti_sysbios_knl_Task_Module__loggerObj__C)
                  0080ae78    00000004     dss_pe674.oe674 (.const:ti_sysbios_knl_Task_Object__count__C)
                  0080ae7c    00000004     dss_pe674.oe674 (.const:ti_sysbios_knl_Task_allBlockedFunc__C)
                  0080ae80    00000004     dss_pe674.oe674 (.const:ti_sysbios_knl_Task_defaultStackHeap__C)
                  0080ae84    00000004     dss_pe674.oe674 (.const:ti_sysbios_knl_Task_defaultStackSize__C)
                  0080ae88    00000004     dss_pe674.oe674 (.const:ti_sysbios_knl_Task_numConstructedTasks__C)
                  0080ae8c    00000004     dss_pe674.oe674 (.const:ti_sysbios_timers_rti_Timer_E_cannotSupport__C)
                  0080ae90    00000004     dss_pe674.oe674 (.const:ti_sysbios_timers_rti_Timer_Module__diagsEnabled__C)
                  0080ae94    00000004     dss_pe674.oe674 (.const:ti_sysbios_timers_rti_Timer_Module__diagsIncluded__C)
                  0080ae98    00000004     dss_pe674.oe674 (.const:ti_sysbios_timers_rti_Timer_Module__diagsMask__C)
                  0080ae9c    00000004     dss_pe674.oe674 (.const:ti_sysbios_timers_rti_Timer_numTimerDevices__C)
                  0080aea0    00000004     dss_pe674.oe674 (.const:ti_sysbios_timers_rti_Timer_startupNeeded__C)
                  0080aea4    00000004     dss_pe674.oe674 (.const:xdc_runtime_Assert_E_assertFailed__C)
                  0080aea8    00000004     dss_pe674.oe674 (.const:xdc_runtime_Core_A_initializedParams__C)
                  0080aeac    00000004     dss_pe674.oe674 (.const:xdc_runtime_Core_Module__diagsEnabled__C)
                  0080aeb0    00000004     dss_pe674.oe674 (.const:xdc_runtime_Core_Module__diagsIncluded__C)
                  0080aeb4    00000004     dss_pe674.oe674 (.const:xdc_runtime_Core_Module__diagsMask__C)
                  0080aeb8    00000004     dss_pe674.oe674 (.const:xdc_runtime_Error_E_memory__C)
                  0080aebc    00000004     dss_pe674.oe674 (.const:xdc_runtime_Error_Module__diagsEnabled__C)
                  0080aec0    00000004     dss_pe674.oe674 (.const:xdc_runtime_Error_Module__diagsIncluded__C)
                  0080aec4    00000004     dss_pe674.oe674 (.const:xdc_runtime_Error_Module__diagsMask__C)
                  0080aec8    00000004     dss_pe674.oe674 (.const:xdc_runtime_Error_Module__loggerFxn8__C)
                  0080aecc    00000004     dss_pe674.oe674 (.const:xdc_runtime_Error_Module__loggerObj__C)
                  0080aed0    00000004     dss_pe674.oe674 (.const:xdc_runtime_Error_policyFxn__C)
                  0080aed4    00000004     dss_pe674.oe674 (.const:xdc_runtime_Error_policy__C)
                  0080aed8    00000004     dss_pe674.oe674 (.const:xdc_runtime_Error_raiseHook__C)
                  0080aedc    00000004     dss_pe674.oe674 (.const:xdc_runtime_IGateProvider_Interface__BASE__C)
                  0080aee0    00000004     dss_pe674.oe674 (.const:xdc_runtime_IHeap_Interface__BASE__C)
                  0080aee4    00000004     dss_pe674.oe674 (.const:xdc_runtime_IModule_Interface__BASE__C)
                  0080aee8    00000004     dss_pe674.oe674 (.const:xdc_runtime_Log_L_error__C)
                  0080aeec    00000004     dss_pe674.oe674 (.const:xdc_runtime_Memory_defaultHeapInstance__C)
                  0080aef0    00000004     dss_pe674.oe674 (.const:xdc_runtime_Startup_execImpl__C)
                  0080aef4    00000004     dss_pe674.oe674 (.const:xdc_runtime_Startup_maxPasses__C)
                  0080aef8    00000004     dss_pe674.oe674 (.const:xdc_runtime_Startup_sfxnRts__C)
                  0080aefc    00000004     dss_pe674.oe674 (.const:xdc_runtime_Startup_sfxnTab__C)
                  0080af00    00000004     dss_pe674.oe674 (.const:xdc_runtime_System_Module__gateObj__C)
                  0080af04    00000004     dss_pe674.oe674 (.const:xdc_runtime_System_abortFxn__C)
                  0080af08    00000004     dss_pe674.oe674 (.const:xdc_runtime_System_exitFxn__C)
                  0080af0c    00000004     dss_pe674.oe674 (.const:xdc_runtime_System_extendFxn__C)
                  0080af10    00000004     dss_pe674.oe674 (.const:xdc_runtime_System_maxAtexitHandlers__C)
                  0080af14    00000004     dss_pe674.oe674 (.const:xdc_runtime_Text_charTab__C)
                  0080af18    00000004     dss_pe674.oe674 (.const:xdc_runtime_Text_nameEmpty__C)
                  0080af1c    00000004     dss_pe674.oe674 (.const:xdc_runtime_Text_nameStatic__C)
                  0080af20    00000004     dss_pe674.oe674 (.const:xdc_runtime_Text_nameUnknown__C)
                  0080af24    00000004     dss_pe674.oe674 (.const:xdc_runtime_Text_nodeTab__C)
                  0080af28    00000004     dss_pe674.oe674 (.const:xdc_runtime_Text_visitRopeFxn__C)
                  0080af2c    00000002     dss_pe674.oe674 (.const:ti_sysbios_family_c64p_Exception_useInternalBuffer__C)
                  0080af2e    00000002     dss_pe674.oe674 (.const:ti_sysbios_family_c64p_Hwi_Module__id__C)
                  0080af30    00000002     dss_pe674.oe674 (.const:ti_sysbios_family_c64p_Hwi_Module__loggerDefined__C)
                  0080af32    00000002     dss_pe674.oe674 (.const:ti_sysbios_gates_GateMutex_Module__id__C)
                  0080af34    00000002     dss_pe674.oe674 (.const:ti_sysbios_hal_Hwi_Module__id__C)
                  0080af36    00000002     dss_pe674.oe674 (.const:ti_sysbios_heaps_HeapMem_Module__id__C)
                  0080af38    00000002     dss_pe674.oe674 (.const:ti_sysbios_knl_Clock_Module__id__C)
                  0080af3a    00000002     dss_pe674.oe674 (.const:ti_sysbios_knl_Clock_Module__loggerDefined__C)
                  0080af3c    00000002     dss_pe674.oe674 (.const:ti_sysbios_knl_Semaphore_Module__id__C)
                  0080af3e    00000002     dss_pe674.oe674 (.const:ti_sysbios_knl_Semaphore_Module__loggerDefined__C)
                  0080af40    00000002     dss_pe674.oe674 (.const:ti_sysbios_knl_Swi_Module__id__C)
                  0080af42    00000002     dss_pe674.oe674 (.const:ti_sysbios_knl_Swi_Module__loggerDefined__C)
                  0080af44    00000002     dss_pe674.oe674 (.const:ti_sysbios_knl_Task_Module__id__C)
                  0080af46    00000002     dss_pe674.oe674 (.const:ti_sysbios_knl_Task_Module__loggerDefined__C)
                  0080af48    00000002     dss_pe674.oe674 (.const:ti_sysbios_timers_rti_Timer_Module__id__C)
                  0080af4a    00000002     dss_pe674.oe674 (.const:ti_sysbios_timers_rti_Timer_continueOnSuspend__C)
                  0080af4c    00000002     dss_pe674.oe674 (.const:xdc_runtime_Core_Module__id__C)
                  0080af4e    00000002     dss_pe674.oe674 (.const:xdc_runtime_Error_Module__loggerDefined__C)
                  0080af50    00000002     dss_pe674.oe674 (.const:xdc_runtime_Error_maxDepth__C)
                  0080af52    00000002     dss_pe674.oe674 (.const:xdc_runtime_Main_Module__id__C)
                  0080af54    00000002     dss_pe674.oe674 (.const:xdc_runtime_Memory_Module__id__C)
                  0080af56    00000002     dss_pe674.oe674 (.const:xdc_runtime_Text_charCnt__C)
                  0080af58    00000002     dss_pe674.oe674 (.const:xdc_runtime_Text_isLoaded__C)
                  0080af5a    00000002     dss_pe674.oe674 (.const:xdc_runtime_Text_registryModsLastId__C)
                  0080af5c    00000002     dss_pe674.oe674 (.const:xdc_runtime_Text_unnamedModsLastId__C)

.stack     0    0080af60    00001000     UNINITIALIZED
                  0080af60    00000008     boot.ae674 : boot.oe674 (.stack)
                  0080af68    00000ff8     --HOLE--

.cinit     0    00800000    00000000     UNINITIALIZED

.far       0    0080bf60    00000ef0     UNINITIALIZED
                  0080bf60    00000800     dss_pe674.oe674 (.far:taskStackSection)
                  0080c760    000004d8     libedma_xwr68xx.ae674 : edma.oe674 (.far:EDMA_object)
                  0080cc38    00000140     (.common:__TI_tmpnams)
                  0080cd78    00000068     (.common:cfarDpuCfg)
                  0080cde0    00000010     (.common:cfarDpuOut)
                  0080cdf0    00000010     (.common:cfarTestCfg)
                  0080ce00    00000010     (.common:edmaDbg)
                  0080ce10    00000010     (.common:hwaMemBankAddr)
                  0080ce20    0000000a     (.common:cfarDopplerCfg)
                  0080ce2a    0000000a     (.common:cfarRangeCfg)
                  0080ce34    00000008     (.common:fovDopplerCfg)
                  0080ce3c    00000008     (.common:fovRangeCfg)
                  0080ce44    00000004     --HOLE--
                  0080ce48    00000008     (.common:parmbuf)

.l2data    0    0080dad0    00000800     UNINITIALIZED
                  0080dad0    00000800     cfarprochwa_test_main.oe674 (.l2data)

.MCPILogBuffer 
*          0    0080e2d0    00000200     UNINITIALIZED
                  0080e2d0    00000200     cfarprochwa_test_main.oe674 (.MCPILogBuffer)

.cio       0    0080e4d0    00000120     UNINITIALIZED
                  0080e4d0    00000120     rts6740_elf.lib : trgmsg.c.obj (.cio)

.rodata    0    0080e690    00000000     UNINITIALIZED

.bss       0    0080e690    00000021     UNINITIALIZED
                  0080e690    00000004     (.common:cfarDpuHandle)
                  0080e694    00000004     (.common:edmaHandle)
                  0080e698    00000004     (.common:hwaHandle)
                  0080e69c    00000004     (.common:hwaMemBankSize)
                  0080e6a0    00000004     (.common:numCheckPeaksRef)
                  0080e6a4    00000004     (.common:numDetPeaksRef)
                  0080e6a8    00000004     (.common:socHandle)
                  0080e6ac    00000004     (.common:testCount)
                  0080e6b0    00000001     (.common:finalResults)

.neardata 
*          0    0080e6b8    0000001c     
                  0080e6b8    0000000c     libtestlogger_xwr68xx.ae674 : logger.oe674 (.neardata)
                  0080e6c4    00000004     cfarprochwa_test_main.oe674 (.neardata)
                  0080e6c8    00000008     gen_rand_data.oe674 (.neardata)
                  0080e6d0    00000004     libedma_xwr68xx.ae674 : edma_low_level.oe674 (.neardata)

.l3ram     0    20000000    0000dbec     UNINITIALIZED
                  20000000    0000dbec     cfarprochwa_test_main.oe674 (.l3ram)

.fardata   0    0080ce50    00000c7c     
                  0080ce50    00000400     dss_pe674.oe674 (.fardata:ti_sysbios_family_c64p_EventCombiner_Module__state__V)
                  0080d250    000001e0     rts6740_elf.lib : defs.c.obj (.fardata:_ftable)
                  0080d430    000000a0                     : write.c.obj (.fardata:_stream)
                  0080d4d0    00000080     dss_pe674.oe674 (.fardata:ti_sysbios_knl_Swi_Module_State_0_readyQ__A)
                  0080d550    00000080     dss_pe674.oe674 (.fardata:ti_sysbios_knl_Task_Module_State_0_readyQ__A)
                  0080d5d0    00000078     rts6740_elf.lib : write.c.obj (.fardata:_device)
                  0080d648    00000078     dss_pe674.oe674 (.fardata:ti_sysbios_family_c64p_Hwi_Object__table__V)
                  0080d6c0    0000006c     dss_pe674.oe674 (.fardata:ti_sysbios_family_c64p_Hwi_Module__state__V)
                  0080d72c    00000004     rts6740_elf.lib : _lock.c.obj (.fardata:_lock)
                  0080d730    0000005c     dss_pe674.oe674 (.fardata:ti_sysbios_knl_Task_Object__table__V)
                  0080d78c    00000048     dss_pe674.oe674 (.fardata:ti_sysbios_knl_Task_Module__state__V)
                  0080d7d4    00000004     rts6740_elf.lib : _lock.c.obj (.fardata:_unlock)
                  0080d7d8    00000040     libsoc_xwr68xx.ae674 : soc_xwr68xx.oe674 (.fardata:SOC_TranslateAddr_LUT)
                  0080d818    00000040     dss_pe674.oe674 (.fardata:ti_sysbios_gates_GateMutex_Object__table__V)
                  0080d858    0000003c     dss_pe674.oe674 (.fardata:ti_sysbios_timers_rti_Timer_Object__table__V)
                  0080d894    00000004     rts6740_elf.lib : defs.c.obj (.fardata)
                  0080d898    00000030     libhwa_xwr68xx.ae674 : hwa_xwr68xx.oe674 (.fardata:gHWAHwCfg)
                  0080d8c8    00000030     dss_pe674.oe674 (.fardata:ti_sysbios_family_c64p_Exception_Module__state__V)
                  0080d8f8    00000030     dss_pe674.oe674 (.fardata:ti_sysbios_knl_Swi_Object__table__V)
                  0080d928    0000002c     dss_pe674.oe674 (.fardata:ti_sysbios_knl_Clock_Module__state__V)
                  0080d954    00000024     dss_pe674.oe674 (.fardata:ti_sysbios_BIOS_Module__state__V)
                  0080d978    00000020     libsoc_xwr68xx.ae674 : soc_xwr68xx_dss.oe674 (.fardata:gSOCHwAttrib)
                  0080d998    00000020     dss_pe674.oe674 (.fardata:xdc_runtime_Error_IgnoreBlock)
                  0080d9b8    00000020     dss_pe674.oe674 (.fardata:xdc_runtime_System_Module_State_0_atexitHandlers__A)
                  0080d9d8    0000001c     dss_pe674.oe674 (.fardata:ti_sysbios_knl_Swi_Module__state__V)
                  0080d9f4    00000004     rts6740_elf.lib : errno.c.obj (.fardata)
                  0080d9f8    00000018     dss_pe674.oe674 (.fardata:ti_sysbios_heaps_HeapMem_Object__table__V)
                  0080da10    00000018     dss_pe674.oe674 (.fardata:ti_sysbios_timers_rti_Timer_Module_State_0_device__A)
                  0080da28    00000010     dss_pe674.oe674 (.fardata:ti_sysbios_timers_rti_Timer_Module_State_0_intFreqs__A)
                  0080da38    00000010     dss_pe674.oe674 (.fardata:ti_sysbios_timers_rti_Timer_Module__state__V)
                  0080da48    0000000c     rts6740_elf.lib : exit.c.obj (.fardata)
                  0080da54    00000008     dss_pe674.oe674 (.fardata:ti_sysbios_gates_GateHwi_Module__root__V)
                  0080da5c    00000008     dss_pe674.oe674 (.fardata:ti_sysbios_gates_GateMutex_Module__root__V)
                  0080da64    00000004     rts6740_elf.lib : fopen.c.obj (.fardata)
                  0080da68    00000008     dss_pe674.oe674 (.fardata:ti_sysbios_hal_Hwi_Object__table__V)
                  0080da70    00000008     dss_pe674.oe674 (.fardata:ti_sysbios_heaps_HeapMem_Module__root__V)
                  0080da78    00000008     dss_pe674.oe674 (.fardata:ti_sysbios_knl_Queue_Module__root__V)
                  0080da80    00000008     dss_pe674.oe674 (.fardata:ti_sysbios_knl_Semaphore_Module__root__V)
                  0080da88    00000008     dss_pe674.oe674 (.fardata:ti_sysbios_knl_Task_Module__root__V)
                  0080da90    00000008     dss_pe674.oe674 (.fardata:ti_sysbios_timers_rti_Timer_Module_State_0_handles__A)
                  0080da98    00000008     dss_pe674.oe674 (.fardata:xdc_runtime_Registry_Module__state__V)
                  0080daa0    00000008     dss_pe674.oe674 (.fardata:xdc_runtime_Startup_Module__state__V)
                  0080daa8    00000008     dss_pe674.oe674 (.fardata:xdc_runtime_System_Module__state__V)
                  0080dab0    00000004     libhwa_xwr68xx.ae674 : hwa_xwr68xx.oe674 (.fardata:gHWADriverPtr)
                  0080dab4    00000004     rts6740_elf.lib : open.c.obj (.fardata)
                  0080dab8    00000004     dss_pe674.oe674 (.fardata:ti_sysbios_family_c64p_Cache_Module__state__V)
[...]
0080ac50  ti_sysbios_gates_GateHwi_Object__PARAMS__C                   
0080ac68  ti_sysbios_gates_GateMutex_Object__PARAMS__C                 
0080ac80  ti_sysbios_knl_Queue_Object__PARAMS__C                       
0080ac98  xdc_runtime_Startup_sfxnRts__A                               
0080acac  ti_sysbios_family_c64p_Cache_MAR128_159__C                   
0080acc0  ti_sysbios_family_c64p_EventCombiner_EVTMASK__C              
0080acd0  ti_sysbios_knl_Idle_funcList__C                              
0080acd8  xdc_runtime_Startup_firstFxns__A                             
0080ace0  xdc_runtime_Startup_firstFxns__C                             
0080ace8  xdc_runtime_Startup_lastFxns__C                              
0080acfe  ti_sysbios_family_c64p_Exception_Module__id__C               
0080ad00  ti_sysbios_family_c64p_Cache_MAR160_191__C                   
0080ad04  ti_sysbios_family_c64p_Cache_MAR192_223__C                   
0080ad08  ti_sysbios_family_c64p_Cache_MAR224_255__C                   
0080ad0c  ti_sysbios_family_c64p_Cache_MAR32_63__C                     
0080ad10  ti_sysbios_family_c64p_Cache_MAR64_95__C                     
0080ad14  ti_sysbios_family_c64p_Cache_MAR96_127__C                    
0080ad18  ti_sysbios_family_c64p_EventCombiner_A_invalidEventId__C     
0080ad1c  ti_sysbios_family_c64p_EventCombiner_EVTRegs__C              
0080ad20  ti_sysbios_family_c64p_EventCombiner_E_unpluggedEvent__C     
0080ad24  ti_sysbios_family_c64p_EventCombiner_Module__diagsEnabled__C 
0080ad28  ti_sysbios_family_c64p_EventCombiner_Module__diagsIncluded__C
0080ad2c  ti_sysbios_family_c64p_EventCombiner_Module__diagsMask__C    
0080ad30  ti_sysbios_family_c64p_Exception_E_exceptionMax__C           
0080ad34  ti_sysbios_family_c64p_Exception_exceptionHook__C            
0080ad38  ti_sysbios_family_c64p_Exception_externalHook__C             
0080ad3c  ti_sysbios_family_c64p_Exception_internalHook__C             
0080ad40  ti_sysbios_family_c64p_Exception_nmiHook__C                  
0080ad44  ti_sysbios_family_c64p_Hwi_INTRMUX1Address__C                
0080ad48  ti_sysbios_family_c64p_Hwi_LD_end__C                         
0080ad4c  ti_sysbios_family_c64p_Hwi_LM_begin__C                       
0080ad50  ti_sysbios_family_c64p_Hwi_Module__diagsEnabled__C           
0080ad54  ti_sysbios_family_c64p_Hwi_Module__diagsIncluded__C          
0080ad58  ti_sysbios_family_c64p_Hwi_Module__diagsMask__C              
0080ad5c  ti_sysbios_family_c64p_Hwi_Module__loggerFxn1__C             
0080ad60  ti_sysbios_family_c64p_Hwi_Module__loggerFxn8__C             
0080ad64  ti_sysbios_family_c64p_Hwi_Module__loggerObj__C              
0080ad68  ti_sysbios_gates_GateMutex_A_badContext__C                   
0080ad6c  ti_sysbios_gates_GateMutex_Instance_State_sem__O             
0080ad70  ti_sysbios_gates_GateMutex_Module__diagsEnabled__C           
0080ad74  ti_sysbios_gates_GateMutex_Module__diagsIncluded__C          
0080ad78  ti_sysbios_gates_GateMutex_Module__diagsMask__C              
0080ad7c  ti_sysbios_hal_Hwi_E_stackOverflow__C                        
0080ad80  ti_sysbios_heaps_HeapMem_A_align__C                          
0080ad84  ti_sysbios_heaps_HeapMem_A_heapSize__C                       
0080ad88  ti_sysbios_heaps_HeapMem_A_invalidFree__C                    
0080ad8c  ti_sysbios_heaps_HeapMem_A_zeroBlock__C                      
0080ad90  ti_sysbios_heaps_HeapMem_E_memory__C                         
0080ad94  ti_sysbios_heaps_HeapMem_Module__diagsEnabled__C             
0080ad98  ti_sysbios_heaps_HeapMem_Module__diagsIncluded__C            
0080ad9c  ti_sysbios_heaps_HeapMem_Module__diagsMask__C                
0080ada0  ti_sysbios_heaps_HeapMem_Module__gateObj__C                  
0080ada4  ti_sysbios_heaps_HeapMem_Object__count__C                    
0080ada8  ti_sysbios_heaps_HeapMem_reqAlign__C                         
0080adac  ti_sysbios_knl_Clock_LM_begin__C                             
0080adb0  ti_sysbios_knl_Clock_LM_tick__C                              
0080adb4  ti_sysbios_knl_Clock_LW_delayed__C                           
0080adb8  ti_sysbios_knl_Clock_Module_State_clockQ__O                  
0080adbc  ti_sysbios_knl_Clock_Module__diagsEnabled__C                 
0080adc0  ti_sysbios_knl_Clock_Module__diagsIncluded__C                
0080adc4  ti_sysbios_knl_Clock_Module__diagsMask__C                    
0080adc8  ti_sysbios_knl_Clock_Module__loggerFxn1__C                   
0080adcc  ti_sysbios_knl_Clock_Module__loggerFxn2__C                   
0080add0  ti_sysbios_knl_Clock_Module__loggerObj__C                    
0080add4  ti_sysbios_knl_Semaphore_A_badContext__C                     
0080add8  ti_sysbios_knl_Idle_funcList__A                              
0080addc  ti_sysbios_knl_Semaphore_A_noEvents__C                       
0080ade0  ti_sysbios_knl_Semaphore_A_overflow__C                       
0080ade4  ti_sysbios_knl_Semaphore_A_pendTaskDisabled__C               
0080ade8  ti_sysbios_knl_Semaphore_Instance_State_pendQ__O             
0080adec  ti_sysbios_knl_Semaphore_LM_pend__C                          
0080adf0  ti_sysbios_knl_Semaphore_LM_post__C                          
0080adf4  ti_sysbios_knl_Semaphore_Module__diagsEnabled__C             
0080adf8  ti_sysbios_knl_Semaphore_Module__diagsIncluded__C            
0080adfc  ti_sysbios_knl_Semaphore_Module__diagsMask__C                
0080ae00  ti_sysbios_knl_Semaphore_Module__loggerFxn2__C               
0080ae04  ti_sysbios_knl_Semaphore_Module__loggerFxn4__C               
0080ae08  ti_sysbios_knl_Semaphore_Module__loggerObj__C                
0080ae0c  ti_sysbios_knl_Swi_LD_end__C                                 
0080ae10  ti_sysbios_knl_Swi_LM_begin__C                               
0080ae14  ti_sysbios_knl_Swi_LM_post__C                                
0080ae18  ti_sysbios_knl_Swi_Module__diagsEnabled__C                   
0080ae1c  ti_sysbios_knl_Swi_Module__diagsIncluded__C                  
0080ae20  ti_sysbios_knl_Swi_Module__diagsMask__C                      
0080ae24  ti_sysbios_knl_Swi_Module__loggerFxn1__C                     
0080ae28  ti_sysbios_knl_Swi_Module__loggerFxn4__C                     
0080ae2c  ti_sysbios_knl_Swi_Module__loggerObj__C                      
0080ae30  ti_sysbios_knl_Swi_Object__count__C                          
0080ae34  ti_sysbios_knl_Task_A_badPriority__C                         
0080ae38  ti_sysbios_knl_Task_A_badTaskState__C                        
0080ae3c  ti_sysbios_knl_Task_A_badThreadType__C                       
0080ae40  ti_sysbios_knl_Task_A_noPendElem__C                          
0080ae44  ti_sysbios_knl_Task_E_spOutOfBounds__C                       
0080ae48  ti_sysbios_knl_Task_E_stackOverflow__C                       
0080ae4c  ti_sysbios_knl_Task_LD_block__C                              
0080ae50  ti_sysbios_knl_Task_LD_exit__C                               
0080ae54  ti_sysbios_knl_Task_LD_ready__C                              
0080ae58  ti_sysbios_knl_Task_LM_switch__C                             
0080ae5c  ti_sysbios_knl_Task_Module_State_inactiveQ__O                
0080ae60  ti_sysbios_knl_Task_Module__diagsEnabled__C                  
0080ae64  ti_sysbios_knl_Task_Module__diagsIncluded__C                 
0080ae68  ti_sysbios_knl_Task_Module__diagsMask__C                     
0080ae6c  ti_sysbios_knl_Task_Module__loggerFxn2__C                    
0080ae70  ti_sysbios_knl_Task_Module__loggerFxn4__C                    
0080ae74  ti_sysbios_knl_Task_Module__loggerObj__C                     
0080ae78  ti_sysbios_knl_Task_Object__count__C                         
0080ae7c  ti_sysbios_knl_Task_allBlockedFunc__C                        
0080ae80  ti_sysbios_knl_Task_defaultStackHeap__C                      
0080ae84  ti_sysbios_knl_Task_defaultStackSize__C                      
0080ae88  ti_sysbios_knl_Task_numConstructedTasks__C                   
0080ae8c  ti_sysbios_timers_rti_Timer_E_cannotSupport__C               
0080ae90  ti_sysbios_timers_rti_Timer_Module__diagsEnabled__C          
0080ae94  ti_sysbios_timers_rti_Timer_Module__diagsIncluded__C         
0080ae98  ti_sysbios_timers_rti_Timer_Module__diagsMask__C             
0080ae9c  ti_sysbios_timers_rti_Timer_numTimerDevices__C               
0080aea0  ti_sysbios_timers_rti_Timer_startupNeeded__C                 
0080aea4  xdc_runtime_Assert_E_assertFailed__C                         
0080aea8  xdc_runtime_Core_A_initializedParams__C                      
0080aeac  xdc_runtime_Core_Module__diagsEnabled__C                     
0080aeb0  xdc_runtime_Core_Module__diagsIncluded__C                    
0080aeb4  xdc_runtime_Core_Module__diagsMask__C                        
0080aeb8  xdc_runtime_Error_E_memory__C                                
0080aebc  xdc_runtime_Error_Module__diagsEnabled__C                    
0080aec0  xdc_runtime_Error_Module__diagsIncluded__C                   
0080aec4  xdc_runtime_Error_Module__diagsMask__C                       
0080aec8  xdc_runtime_Error_Module__loggerFxn8__C                      
0080aecc  xdc_runtime_Error_Module__loggerObj__C                       
0080aed0  xdc_runtime_Error_policyFxn__C                               
0080aed4  xdc_runtime_Error_policy__C                                  
0080aed8  xdc_runtime_Error_raiseHook__C                               
0080aedc  xdc_runtime_IGateProvider_Interface__BASE__C                 
0080aee0  xdc_runtime_IHeap_Interface__BASE__C                         
0080aee4  xdc_runtime_IModule_Interface__BASE__C                       
0080aee8  xdc_runtime_Log_L_error__C                                   
0080aeec  xdc_runtime_Memory_defaultHeapInstance__C                    
0080aef0  xdc_runtime_Startup_execImpl__C                              
0080aef4  xdc_runtime_Startup_maxPasses__C                             
0080aef8  xdc_runtime_Startup_sfxnRts__C                               
0080aefc  xdc_runtime_Startup_sfxnTab__C                               
0080af00  xdc_runtime_System_Module__gateObj__C                        
0080af04  xdc_runtime_System_abortFxn__C                               
0080af08  xdc_runtime_System_exitFxn__C                                
0080af0c  xdc_runtime_System_extendFxn__C                              
0080af10  xdc_runtime_System_maxAtexitHandlers__C                      
0080af14  xdc_runtime_Text_charTab__C                                  
0080af18  xdc_runtime_Text_nameEmpty__C                                
0080af1c  xdc_runtime_Text_nameStatic__C                               
0080af20  xdc_runtime_Text_nameUnknown__C                              
0080af24  xdc_runtime_Text_nodeTab__C                                  
0080af28  xdc_runtime_Text_visitRopeFxn__C                             
0080af2c  ti_sysbios_family_c64p_Exception_useInternalBuffer__C        
0080af2e  ti_sysbios_family_c64p_Hwi_Module__id__C                     
0080af30  ti_sysbios_family_c64p_Hwi_Module__loggerDefined__C          
0080af32  ti_sysbios_gates_GateMutex_Module__id__C                     
0080af34  ti_sysbios_hal_Hwi_Module__id__C                             
0080af36  ti_sysbios_heaps_HeapMem_Module__id__C                       
0080af38  ti_sysbios_knl_Clock_Module__id__C                           
0080af3a  ti_sysbios_knl_Clock_Module__loggerDefined__C                
0080af3c  ti_sysbios_knl_Semaphore_Module__id__C                       
0080af3e  ti_sysbios_knl_Semaphore_Module__loggerDefined__C            
0080af40  ti_sysbios_knl_Swi_Module__id__C                             
0080af42  ti_sysbios_knl_Swi_Module__loggerDefined__C                  
0080af44  ti_sysbios_knl_Task_Module__id__C                            
0080af46  ti_sysbios_knl_Task_Module__loggerDefined__C                 
0080af48  ti_sysbios_timers_rti_Timer_Module__id__C                    
0080af4a  ti_sysbios_timers_rti_Timer_continueOnSuspend__C             
0080af4c  xdc_runtime_Core_Module__id__C                               
0080af4e  xdc_runtime_Error_Module__loggerDefined__C                   
0080af50  xdc_runtime_Error_maxDepth__C                                
0080af52  xdc_runtime_Main_Module__id__C                               
0080af54  xdc_runtime_Memory_Module__id__C                             
0080af56  xdc_runtime_Text_charCnt__C                                  
0080af58  xdc_runtime_Text_isLoaded__C                                 
0080af5a  xdc_runtime_Text_registryModsLastId__C                       
0080af5c  xdc_runtime_Text_unnamedModsLastId__C                        
0080af60  _stack                                                       
0080bf60  __TI_STACK_END                                               
0080bf60  ti_sysbios_knl_Task_Instance_State_0_stack__A                
0080cc38  __TI_tmpnams                                                 
0080cd78  cfarDpuCfg                                                   
0080cde0  cfarDpuOut                                                   
0080cdf0  cfarTestCfg                                                  
0080ce00  edmaDbg                                                      
0080ce10  hwaMemBankAddr                                               
0080ce20  cfarDopplerCfg                                               
0080ce2a  cfarRangeCfg                                                 
0080ce34  fovDopplerCfg                                                
0080ce3c  fovRangeCfg                                                  
0080ce48  parmbuf                                                      
0080ce50  ti_sysbios_family_c64p_EventCombiner_Module__state__V        
0080d250  _ftable                                                      
0080d430  _stream                                                      
0080d4d0  ti_sysbios_knl_Swi_Module_State_0_readyQ__A                  
0080d550  ti_sysbios_knl_Task_Module_State_0_readyQ__A                 
0080d5d0  _device                                                      
0080d648  ti_sysbios_family_c64p_Hwi_Object__table__V                  
0080d6c0  ti_sysbios_family_c64p_Hwi_Module__state__V                  
0080d72c  _lock                                                        
0080d730  ti_sysbios_knl_Task_Object__table__V                         
0080d78c  ti_sysbios_knl_Task_Module__state__V                         
0080d7d4  _unlock                                                      
0080d7d8  SOC_TranslateAddr_LUT                                        
0080d818  ti_sysbios_gates_GateMutex_Object__table__V                  
0080d858  ti_sysbios_timers_rti_Timer_Object__table__V                 
0080d894  __TI_ft_end                                                  
0080d898  gHWAHwCfg                                                    
0080d8c8  ti_sysbios_family_c64p_Exception_Module__state__V            
0080d8f8  ti_sysbios_knl_Swi_Object__table__V                          
0080d928  ti_sysbios_knl_Clock_Module__state__V                        
0080d954  ti_sysbios_BIOS_Module__state__V                             
0080d978  gSOCHwAttrib                                                 
0080d998  xdc_runtime_Error_IgnoreBlock                                
0080d9b8  xdc_runtime_System_Module_State_0_atexitHandlers__A          
0080d9d8  ti_sysbios_knl_Swi_Module__state__V                          
0080d9f4  __errno                                                      
0080d9f4  errno                                                        
0080d9f8  ti_sysbios_heaps_HeapMem_Object__table__V                    
0080da10  ti_sysbios_timers_rti_Timer_Module_State_0_device__A         
0080da28  ti_sysbios_timers_rti_Timer_Module_State_0_intFreqs__A       
0080da38  ti_sysbios_timers_rti_Timer_Module__state__V                 
0080da48  __TI_cleanup_ptr                                             
0080da4c  __TI_dtors_ptr                                               
0080da50  __TI_enable_exit_profile_output                              
0080da54  ti_sysbios_gates_GateHwi_Module__root__V                     
0080da5c  ti_sysbios_gates_GateMutex_Module__root__V                   
0080da68  ti_sysbios_hal_Hwi_Object__table__V                          
0080da70  ti_sysbios_heaps_HeapMem_Module__root__V                     
0080da78  ti_sysbios_knl_Queue_Module__root__V                         
0080da80  ti_sysbios_knl_Semaphore_Module__root__V                     
0080da88  ti_sysbios_knl_Task_Module__root__V                          
0080da90  ti_sysbios_timers_rti_Timer_Module_State_0_handles__A        
0080da98  xdc_runtime_Registry_Module__state__V                        
0080daa0  xdc_runtime_Startup_Module__state__V                         
0080daa8  xdc_runtime_System_Module__state__V                          
0080dab0  gHWADriverPtr                                                
0080dab8  ti_sysbios_family_c64p_Cache_Module__state__V                
0080dabc  xdc_runtime_Memory_Module__state__V                          
0080dac0  ti_sysbios_gates_GateHwi_Object__table__V                    
0080dac4  xdc_runtime_Error_Module__state__V                           
0080dac8  ti_sysbios_knl_Task_Module_State_0_idleTask__A               
0080dad0  cfarInputDataTemp                                            
0080e2d0  MCPI_logMessage                                              
0080e4d0  __CIOBUF_                                                    
0080e690  __TI_STATIC_BASE                                             
0080e690  cfarDpuHandle                                                
0080e694  edmaHandle                                                   
0080e698  hwaHandle                                                    
0080e69c  hwaMemBankSize                                               
0080e6a0  numCheckPeaksRef                                             
0080e6a4  numDetPeaksRef                                               
0080e6a8  socHandle                                                    
0080e6ac  testCount                                                    
0080e6b0  finalResults                                                 
0080e6b8  MCPI_Result                                                  
0080e6bc  MCPI_FailSignature                                           
0080e6c4  gMCPILogMessageSize                                          
0080e6d0  regionId                                                     
20000000  testDetMatrix                                                
20008000  cfarDetObjList                                               
20008960  cfarDopplerDetOutBitMask                                     
20009160  cfarDopplerDetOutRef                                         
2000d160  cfarDetObjRef                                                
2000dac0  cfarDetObjCheck                                              
ffffffff  __TI_pprof_out_hndl                                          
ffffffff  __TI_prof_data_size                                          
ffffffff  __TI_prof_data_start                                         
ffffffff  __binit__                                                    
ffffffff  __c_args__                                                   
ffffffff  binit                                                        
UNDEFED   __TI_CINIT_Base                                              
UNDEFED   __TI_CINIT_Limit                                             
UNDEFED   __TI_Handler_Table_Base                                      
UNDEFED   __TI_Handler_Table_Limit                                     
UNDEFED   __TI_INITARRAY_Base                                          
UNDEFED   __TI_INITARRAY_Limit                                         
UNDEFED   __TI_TLS_INIT_Base                                           
UNDEFED   __TI_TLS_INIT_Limit                                          

[767 symbols]
